****                   ADMIXTURE Version 1.3.0                  ****
****                    Copyright 2008-2015                     ****
****           David Alexander, Suyash Shringarpure,            ****
****                John  Novembre, Ken Lange                   ****
****                                                            ****
****                 Please cite our paper!                     ****
****   Information at www.genetics.ucla.edu/software/admixture  ****

Cross-validation will be performed.  Folds=10.
Parallel execution requested.  Will use 8 threads.
Random seed: 20260929
Point estimation method: Block relaxation algorithm
Convergence acceleration algorithm: QuasiNewton, 3 secant conditions
Point estimation will terminate when objective function delta < 1e-05
Estimation of standard errors disabled; will compute point estimates only.
Size of G: 380x17027
Performing five EM steps to prime main algorithm
1 (EM) 	Elapsed: 4.425	Loglikelihood: -2.09951e+06	(delta): 6.36446e+06
2 (EM) 	Elapsed: 4.391	Loglikelihood: -1.91751e+06	(delta): 181998
3 (EM) 	Elapsed: 4.385	Loglikelihood: -1.89346e+06	(delta): 24048.8
4 (EM) 	Elapsed: 4.4	Loglikelihood: -1.88037e+06	(delta): 13089
5 (EM) 	Elapsed: 4.378	Loglikelihood: -1.86984e+06	(delta): 10533.7
Initial loglikelihood: -1.86984e+06
Starting main algorithm
1 (QN/Block) 	Elapsed: 2.148	Loglikelihood: -1.44371e+06	(delta): 426129
2 (QN/Block) 	Elapsed: 2.22	Loglikelihood: -1.23879e+06	(delta): 204920
3 (QN/Block) 	Elapsed: 3.049	Loglikelihood: -1.16444e+06	(delta): 74350.7
4 (QN/Block) 	Elapsed: 4.089	Loglikelihood: -1.12695e+06	(delta): 37484.4
5 (QN/Block) 	Elapsed: 4.055	Loglikelihood: -1.11303e+06	(delta): 13919.1
6 (QN/Block) 	Elapsed: 2.98	Loglikelihood: -1.10749e+06	(delta): 5537.89
7 (QN/Block) 	Elapsed: 2.97	Loglikelihood: -1.10567e+06	(delta): 1827.67
8 (QN/Block) 	Elapsed: 2.969	Loglikelihood: -1.10506e+06	(delta): 607.633
9 (QN/Block) 	Elapsed: 4.036	Loglikelihood: -1.10489e+06	(delta): 165.345
10 (QN/Block) 	Elapsed: 4.055	Loglikelihood: -1.10483e+06	(delta): 68.8105
11 (QN/Block) 	Elapsed: 4.081	Loglikelihood: -1.10482e+06	(delta): 6.44442
12 (QN/Block) 	Elapsed: 2.98	Loglikelihood: -1.10482e+06	(delta): 0.584118
13 (QN/Block) 	Elapsed: 2.998	Loglikelihood: -1.10482e+06	(delta): 0.0798538
14 (QN/Block) 	Elapsed: 2.988	Loglikelihood: -1.10482e+06	(delta): 0.0522741
15 (QN/Block) 	Elapsed: 2.987	Loglikelihood: -1.10482e+06	(delta): 0.000955635
16 (QN/Block) 	Elapsed: 2.993	Loglikelihood: -1.10482e+06	(delta): 0.000116277
17 (QN/Block) 	Elapsed: 3.021	Loglikelihood: -1.10482e+06	(delta): 7.05547e-06
Summary: 
Converged in 17 iterations (85.292 sec)
Loglikelihood: -1104818.178463
Fst divergences between estimated populations: 
	Pop0	Pop1	Pop2	Pop3	Pop4	Pop5	Pop6	Pop7	Pop8	Pop9	
Pop0	
Pop1	0.478	
Pop2	0.286	0.475	
Pop3	0.749	0.790	0.765	
Pop4	0.483	0.551	0.486	0.803	
Pop5	0.335	0.500	0.181	0.787	0.511	
Pop6	0.309	0.336	0.311	0.663	0.365	0.322	
Pop7	0.479	0.370	0.475	0.791	0.554	0.500	0.345	
Pop8	0.364	0.265	0.349	0.677	0.429	0.373	0.211	0.260	
Pop9	0.257	0.486	0.272	0.768	0.487	0.338	0.316	0.486	0.355	
Pop10	0.398	0.247	0.392	0.709	0.466	0.416	0.259	0.320	0.153	0.398	
CV error (K=11): 0.14648
Writing output files.
