****                   ADMIXTURE Version 1.3.0                  ****
****                    Copyright 2008-2015                     ****
****           David Alexander, Suyash Shringarpure,            ****
****                John  Novembre, Ken Lange                   ****
****                                                            ****
****                 Please cite our paper!                     ****
****   Information at www.genetics.ucla.edu/software/admixture  ****

Cross-validation will be performed.  Folds=10.
Parallel execution requested.  Will use 8 threads.
Random seed: 20260929
Point estimation method: Block relaxation algorithm
Convergence acceleration algorithm: QuasiNewton, 3 secant conditions
Point estimation will terminate when objective function delta < 1e-05
Estimation of standard errors disabled; will compute point estimates only.
Size of G: 380x17027
Performing five EM steps to prime main algorithm
1 (EM) 	Elapsed: 5.168	Loglikelihood: -2.09938e+06	(delta): 6.33533e+06
2 (EM) 	Elapsed: 5.052	Loglikelihood: -1.91603e+06	(delta): 183356
3 (EM) 	Elapsed: 5.039	Loglikelihood: -1.89157e+06	(delta): 24451
4 (EM) 	Elapsed: 5.042	Loglikelihood: -1.87765e+06	(delta): 13926
5 (EM) 	Elapsed: 5.045	Loglikelihood: -1.86603e+06	(delta): 11616.9
Initial loglikelihood: -1.86603e+06
Starting main algorithm
1 (QN/Block) 	Elapsed: 2.308	Loglikelihood: -1.41429e+06	(delta): 451741
2 (QN/Block) 	Elapsed: 2.521	Loglikelihood: -1.2145e+06	(delta): 199794
3 (QN/Block) 	Elapsed: 3.249	Loglikelihood: -1.13796e+06	(delta): 76532.4
4 (QN/Block) 	Elapsed: 3.61	Loglikelihood: -1.10249e+06	(delta): 35468.8
5 (QN/Block) 	Elapsed: 4.389	Loglikelihood: -1.08554e+06	(delta): 16958.1
6 (QN/Block) 	Elapsed: 4.343	Loglikelihood: -1.07814e+06	(delta): 7396.91
7 (QN/Block) 	Elapsed: 4.373	Loglikelihood: -1.07587e+06	(delta): 2270.53
8 (QN/Block) 	Elapsed: 3.579	Loglikelihood: -1.07455e+06	(delta): 1318.56
9 (QN/Block) 	Elapsed: 3.986	Loglikelihood: -1.07341e+06	(delta): 1139.29
10 (QN/Block) 	Elapsed: 4.347	Loglikelihood: -1.07317e+06	(delta): 239.314
11 (QN/Block) 	Elapsed: 3.213	Loglikelihood: -1.07302e+06	(delta): 155.889
12 (QN/Block) 	Elapsed: 3.195	Loglikelihood: -1.07291e+06	(delta): 104.589
13 (QN/Block) 	Elapsed: 3.571	Loglikelihood: -1.07283e+06	(delta): 82.9826
14 (QN/Block) 	Elapsed: 3.614	Loglikelihood: -1.07272e+06	(delta): 105.514
15 (QN/Block) 	Elapsed: 3.961	Loglikelihood: -1.07266e+06	(delta): 66.7471
16 (QN/Block) 	Elapsed: 3.214	Loglikelihood: -1.07263e+06	(delta): 24.7151
17 (QN/Block) 	Elapsed: 3.578	Loglikelihood: -1.07262e+06	(delta): 13.6454
18 (QN/Block) 	Elapsed: 3.207	Loglikelihood: -1.07261e+06	(delta): 7.42254
19 (QN/Block) 	Elapsed: 4.36	Loglikelihood: -1.07261e+06	(delta): 1.05172
20 (QN/Block) 	Elapsed: 3.208	Loglikelihood: -1.07261e+06	(delta): 0.0450456
21 (QN/Block) 	Elapsed: 3.199	Loglikelihood: -1.07261e+06	(delta): 0.00143201
22 (QN/Block) 	Elapsed: 3.197	Loglikelihood: -1.07261e+06	(delta): 0.00023236
23 (QN/Block) 	Elapsed: 3.2	Loglikelihood: -1.07261e+06	(delta): 2.89828e-06
Summary: 
Converged in 23 iterations (118.594 sec)
Loglikelihood: -1072609.311459
Fst divergences between estimated populations: 
	Pop0	Pop1	Pop2	Pop3	Pop4	Pop5	Pop6	Pop7	Pop8	Pop9	Pop10	
Pop0	
Pop1	0.498	
Pop2	0.458	0.271	
Pop3	0.576	0.539	0.492	
Pop4	0.393	0.349	0.318	0.443	
Pop5	0.261	0.372	0.339	0.460	0.262	
Pop6	0.499	0.342	0.230	0.528	0.358	0.368	
Pop7	0.370	0.498	0.457	0.575	0.384	0.266	0.499	
Pop8	0.787	0.780	0.735	0.806	0.692	0.672	0.772	0.787	
Pop9	0.323	0.416	0.378	0.496	0.308	0.156	0.412	0.250	0.707	
Pop10	0.570	0.522	0.473	0.429	0.411	0.438	0.512	0.567	0.823	0.480	
Pop11	0.358	0.364	0.327	0.416	0.182	0.221	0.364	0.351	0.678	0.271	0.385	
CV error (K=12): 0.14231
Writing output files.
