****                   ADMIXTURE Version 1.3.0                  ****
****                    Copyright 2008-2015                     ****
****           David Alexander, Suyash Shringarpure,            ****
****                John  Novembre, Ken Lange                   ****
****                                                            ****
****                 Please cite our paper!                     ****
****   Information at www.genetics.ucla.edu/software/admixture  ****

Cross-validation will be performed.  Folds=10.
Parallel execution requested.  Will use 8 threads.
Random seed: 20260929
Point estimation method: Block relaxation algorithm
Convergence acceleration algorithm: QuasiNewton, 3 secant conditions
Point estimation will terminate when objective function delta < 1e-05
Estimation of standard errors disabled; will compute point estimates only.
Size of G: 380x17027
Performing five EM steps to prime main algorithm
1 (EM) 	Elapsed: 5.856	Loglikelihood: -2.09825e+06	(delta): 6.31524e+06
2 (EM) 	Elapsed: 5.775	Loglikelihood: -1.91248e+06	(delta): 185773
3 (EM) 	Elapsed: 5.786	Loglikelihood: -1.88671e+06	(delta): 25772.4
4 (EM) 	Elapsed: 5.747	Loglikelihood: -1.87107e+06	(delta): 15633.8
5 (EM) 	Elapsed: 5.772	Loglikelihood: -1.85681e+06	(delta): 14266.2
Initial loglikelihood: -1.85681e+06
Starting main algorithm
1 (QN/Block) 	Elapsed: 2.47	Loglikelihood: -1.35501e+06	(delta): 501797
2 (QN/Block) 	Elapsed: 2.499	Loglikelihood: -1.17802e+06	(delta): 176989
3 (QN/Block) 	Elapsed: 3.461	Loglikelihood: -1.12351e+06	(delta): 54509.5
4 (QN/Block) 	Elapsed: 3.452	Loglikelihood: -1.08968e+06	(delta): 33830.3
5 (QN/Block) 	Elapsed: 3.421	Loglikelihood: -1.07137e+06	(delta): 18307.6
6 (QN/Block) 	Elapsed: 4.702	Loglikelihood: -1.06505e+06	(delta): 6324.59
7 (QN/Block) 	Elapsed: 3.421	Loglikelihood: -1.06287e+06	(delta): 2179.99
8 (QN/Block) 	Elapsed: 3.456	Loglikelihood: -1.06242e+06	(delta): 443.59
9 (QN/Block) 	Elapsed: 3.432	Loglikelihood: -1.06231e+06	(delta): 116.512
10 (QN/Block) 	Elapsed: 3.425	Loglikelihood: -1.06227e+06	(delta): 35.3341
11 (QN/Block) 	Elapsed: 3.427	Loglikelihood: -1.06226e+06	(delta): 14.327
12 (QN/Block) 	Elapsed: 3.444	Loglikelihood: -1.06226e+06	(delta): 2.5566
13 (QN/Block) 	Elapsed: 3.851	Loglikelihood: -1.06225e+06	(delta): 0.603246
14 (QN/Block) 	Elapsed: 3.463	Loglikelihood: -1.06225e+06	(delta): 0.112631
15 (QN/Block) 	Elapsed: 3.434	Loglikelihood: -1.06225e+06	(delta): 0.064412
16 (QN/Block) 	Elapsed: 3.427	Loglikelihood: -1.06225e+06	(delta): 0.00676809
17 (QN/Block) 	Elapsed: 3.425	Loglikelihood: -1.06225e+06	(delta): 0.00129951
18 (QN/Block) 	Elapsed: 3.432	Loglikelihood: -1.06225e+06	(delta): 8.59986e-05
19 (QN/Block) 	Elapsed: 3.44	Loglikelihood: -1.06225e+06	(delta): 2.69464e-05
20 (QN/Block) 	Elapsed: 3.443	Loglikelihood: -1.06225e+06	(delta): 9.49716e-07
Summary: 
Converged in 20 iterations (108.738 sec)
Loglikelihood: -1062254.224402
Fst divergences between estimated populations: 
	Pop0	Pop1	Pop2	Pop3	Pop4	Pop5	Pop6	Pop7	Pop8	Pop9	Pop10	Pop11	
Pop0	
Pop1	0.257	
Pop2	0.682	0.709	
Pop3	0.242	0.345	0.740	
Pop4	0.214	0.133	0.669	0.301	
Pop5	0.378	0.419	0.790	0.411	0.380	
Pop6	0.352	0.385	0.758	0.392	0.351	0.188	
Pop7	0.180	0.290	0.690	0.151	0.246	0.354	0.338	
Pop8	0.325	0.365	0.731	0.367	0.327	0.302	0.231	0.308	
Pop9	0.284	0.211	0.718	0.367	0.162	0.436	0.404	0.313	0.383	
Pop10	0.331	0.414	0.735	0.408	0.380	0.462	0.430	0.351	0.401	0.429	
Pop11	0.366	0.289	0.790	0.447	0.288	0.512	0.479	0.393	0.458	0.314	0.501	
Pop12	0.256	0.111	0.685	0.337	0.109	0.401	0.371	0.284	0.350	0.183	0.398	0.291	
CV error (K=13): 0.14506
Writing output files.
