****                   ADMIXTURE Version 1.3.0                  ****
****                    Copyright 2008-2015                     ****
****           David Alexander, Suyash Shringarpure,            ****
****                John  Novembre, Ken Lange                   ****
****                                                            ****
****                 Please cite our paper!                     ****
****   Information at www.genetics.ucla.edu/software/admixture  ****

Cross-validation will be performed.  Folds=10.
Parallel execution requested.  Will use 8 threads.
Random seed: 20260929
Point estimation method: Block relaxation algorithm
Convergence acceleration algorithm: QuasiNewton, 3 secant conditions
Point estimation will terminate when objective function delta < 1e-05
Estimation of standard errors disabled; will compute point estimates only.
Size of G: 380x17027
Performing five EM steps to prime main algorithm
1 (EM) 	Elapsed: 7.519	Loglikelihood: -2.09477e+06	(delta): 6.27985e+06
2 (EM) 	Elapsed: 7.443	Loglikelihood: -1.9065e+06	(delta): 188276
3 (EM) 	Elapsed: 7.418	Loglikelihood: -1.87972e+06	(delta): 26782.8
4 (EM) 	Elapsed: 7.424	Loglikelihood: -1.86275e+06	(delta): 16967.3
5 (EM) 	Elapsed: 7.415	Loglikelihood: -1.84718e+06	(delta): 15564.6
Initial loglikelihood: -1.84718e+06
Starting main algorithm
1 (QN/Block) 	Elapsed: 2.801	Loglikelihood: -1.33284e+06	(delta): 514346
2 (QN/Block) 	Elapsed: 2.899	Loglikelihood: -1.17149e+06	(delta): 161344
3 (QN/Block) 	Elapsed: 4.478	Loglikelihood: -1.10359e+06	(delta): 67905.2
4 (QN/Block) 	Elapsed: 3.962	Loglikelihood: -1.06157e+06	(delta): 42016.7
5 (QN/Block) 	Elapsed: 3.886	Loglikelihood: -1.04374e+06	(delta): 17835.4
6 (QN/Block) 	Elapsed: 3.883	Loglikelihood: -1.03513e+06	(delta): 8610.89
7 (QN/Block) 	Elapsed: 5.305	Loglikelihood: -1.03302e+06	(delta): 2106.07
8 (QN/Block) 	Elapsed: 3.886	Loglikelihood: -1.0322e+06	(delta): 823.716
9 (QN/Block) 	Elapsed: 5.268	Loglikelihood: -1.0308e+06	(delta): 1391.23
10 (QN/Block) 	Elapsed: 4.37	Loglikelihood: -1.02884e+06	(delta): 1960.33
11 (QN/Block) 	Elapsed: 5.361	Loglikelihood: -1.02803e+06	(delta): 817.647
12 (QN/Block) 	Elapsed: 5.307	Loglikelihood: -1.02783e+06	(delta): 193.278
13 (QN/Block) 	Elapsed: 5.587	Loglikelihood: -1.02778e+06	(delta): 54.9709
14 (QN/Block) 	Elapsed: 5.408	Loglikelihood: -1.02776e+06	(delta): 20.2449
15 (QN/Block) 	Elapsed: 3.891	Loglikelihood: -1.02775e+06	(delta): 5.64294
16 (QN/Block) 	Elapsed: 3.9	Loglikelihood: -1.02775e+06	(delta): 1.38127
17 (QN/Block) 	Elapsed: 3.9	Loglikelihood: -1.02775e+06	(delta): 0.0859917
18 (QN/Block) 	Elapsed: 3.905	Loglikelihood: -1.02775e+06	(delta): 0.0152385
19 (QN/Block) 	Elapsed: 3.946	Loglikelihood: -1.02775e+06	(delta): 0.828398
20 (QN/Block) 	Elapsed: 4.842	Loglikelihood: -1.02775e+06	(delta): 0.0155926
21 (QN/Block) 	Elapsed: 4.402	Loglikelihood: -1.02775e+06	(delta): 0.000327243
22 (QN/Block) 	Elapsed: 3.91	Loglikelihood: -1.02775e+06	(delta): 3.29526e-05
23 (QN/Block) 	Elapsed: 3.905	Loglikelihood: -1.02775e+06	(delta): 6.17153e-06
Summary: 
Converged in 23 iterations (150.556 sec)
Loglikelihood: -1027750.261965
Fst divergences between estimated populations: 
	Pop0	Pop1	Pop2	Pop3	Pop4	Pop5	Pop6	Pop7	Pop8	Pop9	Pop10	Pop11	Pop12	Pop13	
Pop0	
Pop1	0.786	
Pop2	0.510	0.796	
Pop3	0.535	0.816	0.276	
Pop4	0.419	0.711	0.275	0.319	
Pop5	0.185	0.758	0.477	0.505	0.389	
Pop6	0.298	0.731	0.455	0.483	0.369	0.231	
Pop7	0.507	0.787	0.404	0.397	0.302	0.476	0.456	
Pop8	0.441	0.726	0.356	0.370	0.217	0.413	0.388	0.267	
Pop9	0.518	0.798	0.558	0.584	0.471	0.489	0.458	0.553	0.488	
Pop10	0.409	0.695	0.292	0.328	0.123	0.381	0.361	0.300	0.206	0.458	
Pop11	0.381	0.672	0.291	0.316	0.141	0.354	0.331	0.271	0.176	0.432	0.130	
Pop12	0.373	0.681	0.362	0.388	0.259	0.350	0.324	0.355	0.292	0.387	0.265	0.213	
Pop13	0.743	0.987	0.768	0.789	0.673	0.712	0.676	0.757	0.687	0.718	0.652	0.630	0.605	
Pop14	0.353	0.692	0.392	0.420	0.298	0.340	0.313	0.385	0.326	0.413	0.299	0.254	0.185	0.623	
CV error (K=15): 0.13974
Writing output files.
