****                   ADMIXTURE Version 1.3.0                  ****
****                    Copyright 2008-2015                     ****
****           David Alexander, Suyash Shringarpure,            ****
****                John  Novembre, Ken Lange                   ****
****                                                            ****
****                 Please cite our paper!                     ****
****   Information at www.genetics.ucla.edu/software/admixture  ****

Cross-validation will be performed.  Folds=10.
Parallel execution requested.  Will use 8 threads.
Random seed: 20260929
Point estimation method: Block relaxation algorithm
Convergence acceleration algorithm: QuasiNewton, 3 secant conditions
Point estimation will terminate when objective function delta < 1e-05
Estimation of standard errors disabled; will compute point estimates only.
Size of G: 380x17027
Performing five EM steps to prime main algorithm
1 (EM) 	Elapsed: 8.479	Loglikelihood: -2.09661e+06	(delta): 6.26063e+06
2 (EM) 	Elapsed: 8.745	Loglikelihood: -1.90757e+06	(delta): 189038
3 (EM) 	Elapsed: 423.315	Loglikelihood: -1.88126e+06	(delta): 26308.6
4 (EM) 	Elapsed: 19.171	Loglikelihood: -1.86424e+06	(delta): 17017.2
5 (EM) 	Elapsed: 17.751	Loglikelihood: -1.84826e+06	(delta): 15979.8
Initial loglikelihood: -1.84826e+06
Starting main algorithm
1 (QN/Block) 	Elapsed: 4.825	Loglikelihood: -1.3678e+06	(delta): 480467
2 (QN/Block) 	Elapsed: 6.369	Loglikelihood: -1.15358e+06	(delta): 214222
3 (QN/Block) 	Elapsed: 9.09	Loglikelihood: -1.06876e+06	(delta): 84817.9
4 (QN/Block) 	Elapsed: 12.587	Loglikelihood: -1.03315e+06	(delta): 35611.3
5 (QN/Block) 	Elapsed: 585.328	Loglikelihood: -1.02082e+06	(delta): 12326.9
6 (QN/Block) 	Elapsed: 11.252	Loglikelihood: -1.01542e+06	(delta): 5401.54
7 (QN/Block) 	Elapsed: 8.986	Loglikelihood: -1.01332e+06	(delta): 2101.95
8 (QN/Block) 	Elapsed: 9.356	Loglikelihood: -1.01256e+06	(delta): 757.832
9 (QN/Block) 	Elapsed: 8.779	Loglikelihood: -1.01233e+06	(delta): 228.787
10 (QN/Block) 	Elapsed: 213.071	Loglikelihood: -1.01228e+06	(delta): 53.6286
11 (QN/Block) 	Elapsed: 9.923	Loglikelihood: -1.01224e+06	(delta): 39.3415
12 (QN/Block) 	Elapsed: 12.587	Loglikelihood: -1.01222e+06	(delta): 12.1474
13 (QN/Block) 	Elapsed: 12.373	Loglikelihood: -1.01222e+06	(delta): 0.72557
14 (QN/Block) 	Elapsed: 242.454	Loglikelihood: -1.01222e+06	(delta): 0.36553
15 (QN/Block) 	Elapsed: 12.253	Loglikelihood: -1.01222e+06	(delta): -0.0247418
16 (QN/Block) 	Elapsed: 9.015	Loglikelihood: -1.01222e+06	(delta): 0.0285716
17 (QN/Block) 	Elapsed: 10.475	Loglikelihood: -1.01222e+06	(delta): 0.0209973
18 (QN/Block) 	Elapsed: 218.213	Loglikelihood: -1.01222e+06	(delta): 0.00385336
19 (QN/Block) 	Elapsed: 9.128	Loglikelihood: -1.01222e+06	(delta): 0.00364126
20 (QN/Block) 	Elapsed: 12.469	Loglikelihood: -1.01222e+06	(delta): 0.00385777
21 (QN/Block) 	Elapsed: 12.698	Loglikelihood: -1.01222e+06	(delta): 0.000264644
22 (QN/Block) 	Elapsed: 337.583	Loglikelihood: -1.01222e+06	(delta): 0.0187923
23 (QN/Block) 	Elapsed: 10.471	Loglikelihood: -1.01222e+06	(delta): 0.00466565
24 (QN/Block) 	Elapsed: 12.382	Loglikelihood: -1.01222e+06	(delta): 4.46989e-05
25 (QN/Block) 	Elapsed: 12.507	Loglikelihood: -1.01222e+06	(delta): 2.50917e-05
26 (QN/Block) 	Elapsed: 7.136	Loglikelihood: -1.01222e+06	(delta): 6.46764e-05
27 (QN/Block) 	Elapsed: 5.933	Loglikelihood: -1.01222e+06	(delta): -0.102404
28 (QN/Block) 	Elapsed: 9.082	Loglikelihood: -1.01222e+06	(delta): 7.76141e-07
Summary: 
Converged in 28 iterations (7292.41 sec)
Loglikelihood: -1012223.091836
Fst divergences between estimated populations: 
	Pop0	Pop1	Pop2	Pop3	Pop4	Pop5	Pop6	Pop7	Pop8	Pop9	Pop10	Pop11	Pop12	Pop13	Pop14	
Pop0	
Pop1	0.382	
Pop2	0.478	0.340	
Pop3	0.258	0.289	0.378	
Pop4	0.788	0.690	0.760	0.690	
Pop5	0.499	0.345	0.433	0.403	0.743	
Pop6	0.356	0.180	0.353	0.260	0.682	0.326	
Pop7	0.374	0.393	0.480	0.296	0.789	0.503	0.365	
Pop8	0.287	0.278	0.371	0.103	0.692	0.400	0.246	0.276	
Pop9	0.438	0.152	0.394	0.344	0.741	0.403	0.242	0.447	0.333	
Pop10	0.494	0.349	0.284	0.388	0.766	0.437	0.363	0.495	0.383	0.408	
Pop11	0.511	0.355	0.190	0.407	0.790	0.465	0.378	0.512	0.403	0.412	0.355	
Pop12	0.514	0.360	0.305	0.412	0.790	0.460	0.378	0.516	0.410	0.422	0.283	0.363	
Pop13	0.268	0.248	0.354	0.122	0.672	0.382	0.214	0.289	0.111	0.304	0.362	0.383	0.388	
Pop14	0.272	0.321	0.414	0.133	0.724	0.435	0.292	0.346	0.200	0.376	0.424	0.444	0.446	0.175	
Pop15	0.728	0.586	0.678	0.613	0.972	0.536	0.568	0.732	0.614	0.653	0.683	0.712	0.712	0.592	0.653	
CV error (K=16): 0.13872
Writing output files.
