****                   ADMIXTURE Version 1.3.0                  ****
****                    Copyright 2008-2015                     ****
****           David Alexander, Suyash Shringarpure,            ****
****                John  Novembre, Ken Lange                   ****
****                                                            ****
****                 Please cite our paper!                     ****
****   Information at www.genetics.ucla.edu/software/admixture  ****

Cross-validation will be performed.  Folds=10.
Parallel execution requested.  Will use 8 threads.
Random seed: 20260929
Point estimation method: Block relaxation algorithm
Convergence acceleration algorithm: QuasiNewton, 3 secant conditions
Point estimation will terminate when objective function delta < 1e-05
Estimation of standard errors disabled; will compute point estimates only.
Size of G: 380x17027
Performing five EM steps to prime main algorithm
1 (EM) 	Elapsed: 9.42	Loglikelihood: -2.09564e+06	(delta): 6.24438e+06
2 (EM) 	Elapsed: 9.256	Loglikelihood: -1.90676e+06	(delta): 188879
3 (EM) 	Elapsed: 9.234	Loglikelihood: -1.88104e+06	(delta): 25716.8
4 (EM) 	Elapsed: 9.56	Loglikelihood: -1.8647e+06	(delta): 16336.1
5 (EM) 	Elapsed: 9.341	Loglikelihood: -1.84903e+06	(delta): 15670.2
Initial loglikelihood: -1.84903e+06
Starting main algorithm
1 (QN/Block) 	Elapsed: 3.089	Loglikelihood: -1.31585e+06	(delta): 533183
2 (QN/Block) 	Elapsed: 3.419	Loglikelihood: -1.13807e+06	(delta): 177779
3 (QN/Block) 	Elapsed: 4.986	Loglikelihood: -1.07157e+06	(delta): 66498.6
4 (QN/Block) 	Elapsed: 5.992	Loglikelihood: -1.03502e+06	(delta): 36557.1
5 (QN/Block) 	Elapsed: 4.344	Loglikelihood: -1.0186e+06	(delta): 16416.9
6 (QN/Block) 	Elapsed: 4.267	Loglikelihood: -1.01219e+06	(delta): 6414.96
7 (QN/Block) 	Elapsed: 5.878	Loglikelihood: -1.01009e+06	(delta): 2092.96
8 (QN/Block) 	Elapsed: 4.323	Loglikelihood: -1.00945e+06	(delta): 642.328
9 (QN/Block) 	Elapsed: 4.341	Loglikelihood: -1.00926e+06	(delta): 187.72
10 (QN/Block) 	Elapsed: 4.354	Loglikelihood: -1.00922e+06	(delta): 44.745
11 (QN/Block) 	Elapsed: 4.318	Loglikelihood: -1.00921e+06	(delta): 9.02635
12 (QN/Block) 	Elapsed: 4.344	Loglikelihood: -1.00921e+06	(delta): 1.16632
13 (QN/Block) 	Elapsed: 4.335	Loglikelihood: -1.00921e+06	(delta): 0.457673
14 (QN/Block) 	Elapsed: 4.856	Loglikelihood: -1.00921e+06	(delta): 0.124449
15 (QN/Block) 	Elapsed: 4.338	Loglikelihood: -1.00921e+06	(delta): 0.0492691
16 (QN/Block) 	Elapsed: 4.33	Loglikelihood: -1.00921e+06	(delta): 0.0123269
17 (QN/Block) 	Elapsed: 4.333	Loglikelihood: -1.00921e+06	(delta): 0.00582625
18 (QN/Block) 	Elapsed: 4.339	Loglikelihood: -1.00921e+06	(delta): 0.00207554
19 (QN/Block) 	Elapsed: 4.335	Loglikelihood: -1.00921e+06	(delta): 0.000648046
20 (QN/Block) 	Elapsed: 4.864	Loglikelihood: -1.00921e+06	(delta): 0.000248018
21 (QN/Block) 	Elapsed: 4.87	Loglikelihood: -1.00921e+06	(delta): 0.000171653
22 (QN/Block) 	Elapsed: 4.871	Loglikelihood: -1.00921e+06	(delta): 3.55528e-05
23 (QN/Block) 	Elapsed: 4.335	Loglikelihood: -1.00921e+06	(delta): 1.37736e-05
24 (QN/Block) 	Elapsed: 4.332	Loglikelihood: -1.00921e+06	(delta): 3.69584e-06
Summary: 
Converged in 24 iterations (171.08 sec)
Loglikelihood: -1009206.571722
Fst divergences between estimated populations: 
	Pop0	Pop1	Pop2	Pop3	Pop4	Pop5	Pop6	Pop7	Pop8	Pop9	Pop10	Pop11	Pop12	Pop13	Pop14	Pop15	
Pop0	
Pop1	0.577	
Pop2	0.554	0.566	
Pop3	0.561	0.570	0.377	
Pop4	0.488	0.271	0.475	0.480	
Pop5	0.433	0.431	0.271	0.295	0.353	
Pop6	0.458	0.460	0.300	0.303	0.380	0.130	
Pop7	0.488	0.495	0.268	0.348	0.412	0.176	0.206	
Pop8	0.389	0.427	0.357	0.368	0.351	0.215	0.267	0.293	
Pop9	0.799	0.843	0.788	0.792	0.756	0.672	0.695	0.725	0.682	
Pop10	0.472	0.473	0.304	0.294	0.388	0.142	0.124	0.219	0.261	0.714	
Pop11	0.469	0.469	0.439	0.450	0.393	0.306	0.349	0.378	0.243	0.742	0.351	
Pop12	0.408	0.408	0.382	0.395	0.339	0.249	0.295	0.321	0.178	0.689	0.293	0.151	
Pop13	0.461	0.247	0.449	0.455	0.219	0.322	0.356	0.385	0.301	0.734	0.363	0.316	0.249	
Pop14	0.715	0.810	0.756	0.761	0.707	0.628	0.650	0.685	0.603	0.988	0.673	0.680	0.616	0.677	
Pop15	0.459	0.363	0.457	0.460	0.229	0.331	0.361	0.389	0.326	0.732	0.370	0.370	0.310	0.276	0.674	
Pop16	0.512	0.196	0.498	0.502	0.165	0.375	0.402	0.434	0.368	0.778	0.412	0.401	0.344	0.155	0.732	0.287	
CV error (K=17): 0.14012
Writing output files.
