****                   ADMIXTURE Version 1.3.0                  ****
****                    Copyright 2008-2015                     ****
****           David Alexander, Suyash Shringarpure,            ****
****                John  Novembre, Ken Lange                   ****
****                                                            ****
****                 Please cite our paper!                     ****
****   Information at www.genetics.ucla.edu/software/admixture  ****

Cross-validation will be performed.  Folds=10.
Parallel execution requested.  Will use 8 threads.
Random seed: 20260929
Point estimation method: Block relaxation algorithm
Convergence acceleration algorithm: QuasiNewton, 3 secant conditions
Point estimation will terminate when objective function delta < 1e-05
Estimation of standard errors disabled; will compute point estimates only.
Size of G: 380x17027
Performing five EM steps to prime main algorithm
1 (EM) 	Elapsed: 10.287	Loglikelihood: -2.09394e+06	(delta): 6.23358e+06
2 (EM) 	Elapsed: 10.164	Loglikelihood: -1.90449e+06	(delta): 189450
3 (EM) 	Elapsed: 10.247	Loglikelihood: -1.87836e+06	(delta): 26131.6
4 (EM) 	Elapsed: 10.217	Loglikelihood: -1.86195e+06	(delta): 16413.6
5 (EM) 	Elapsed: 10.197	Loglikelihood: -1.84721e+06	(delta): 14731.8
Initial loglikelihood: -1.84721e+06
Starting main algorithm
1 (QN/Block) 	Elapsed: 3.278	Loglikelihood: -1.32754e+06	(delta): 519672
2 (QN/Block) 	Elapsed: 3.464	Loglikelihood: -1.13522e+06	(delta): 192326
3 (QN/Block) 	Elapsed: 5.886	Loglikelihood: -1.0687e+06	(delta): 66517.1
4 (QN/Block) 	Elapsed: 4.662	Loglikelihood: -1.03403e+06	(delta): 34671.8
5 (QN/Block) 	Elapsed: 4.657	Loglikelihood: -1.01539e+06	(delta): 18637.4
6 (QN/Block) 	Elapsed: 4.658	Loglikelihood: -1.00712e+06	(delta): 8273.89
7 (QN/Block) 	Elapsed: 6.251	Loglikelihood: -1.0043e+06	(delta): 2812.47
8 (QN/Block) 	Elapsed: 5.181	Loglikelihood: -1.00187e+06	(delta): 2435.52
9 (QN/Block) 	Elapsed: 6.443	Loglikelihood: -998464	(delta): 3403.82
10 (QN/Block) 	Elapsed: 6.289	Loglikelihood: -995607	(delta): 2857.78
11 (QN/Block) 	Elapsed: 6.407	Loglikelihood: -994873	(delta): 733.704
12 (QN/Block) 	Elapsed: 6.309	Loglikelihood: -994628	(delta): 245.106
13 (QN/Block) 	Elapsed: 6.292	Loglikelihood: -994510	(delta): 117.794
14 (QN/Block) 	Elapsed: 6.237	Loglikelihood: -994466	(delta): 44.0149
15 (QN/Block) 	Elapsed: 4.625	Loglikelihood: -994452	(delta): 14.051
16 (QN/Block) 	Elapsed: 6.305	Loglikelihood: -994447	(delta): 5.25945
17 (QN/Block) 	Elapsed: 4.588	Loglikelihood: -994445	(delta): 2.0711
18 (QN/Block) 	Elapsed: 4.834	Loglikelihood: -994444	(delta): 0.865199
19 (QN/Block) 	Elapsed: 5.025	Loglikelihood: -994443	(delta): 0.319397
20 (QN/Block) 	Elapsed: 4.892	Loglikelihood: -994443	(delta): 0.0528011
21 (QN/Block) 	Elapsed: 4.928	Loglikelihood: -994443	(delta): 0.0371592
22 (QN/Block) 	Elapsed: 4.635	Loglikelihood: -994443	(delta): 0.00288648
23 (QN/Block) 	Elapsed: 4.668	Loglikelihood: -994443	(delta): 0.00180507
24 (QN/Block) 	Elapsed: 4.599	Loglikelihood: -994443	(delta): 0.000124646
25 (QN/Block) 	Elapsed: 4.624	Loglikelihood: -994443	(delta): 3.56206e-05
26 (QN/Block) 	Elapsed: 4.619	Loglikelihood: -994443	(delta): 7.09901e-07
Summary: 
Converged in 26 iterations (204.163 sec)
Loglikelihood: -994443.269862
Fst divergences between estimated populations: 
	Pop0	Pop1	Pop2	Pop3	Pop4	Pop5	Pop6	Pop7	Pop8	Pop9	Pop10	Pop11	Pop12	Pop13	Pop14	Pop15	Pop16	
Pop0	
Pop1	0.215	
Pop2	0.601	0.630	
Pop3	0.341	0.356	0.706	
Pop4	0.389	0.321	0.788	0.505	
Pop5	0.272	0.142	0.658	0.389	0.337	
Pop6	0.362	0.295	0.767	0.480	0.277	0.299	
Pop7	0.261	0.149	0.674	0.394	0.322	0.134	0.278	
Pop8	0.355	0.277	0.756	0.477	0.398	0.312	0.404	0.306	
Pop9	0.387	0.435	0.715	0.489	0.584	0.465	0.558	0.473	0.554	
Pop10	0.425	0.433	0.810	0.199	0.597	0.467	0.569	0.475	0.566	0.577	
Pop11	0.289	0.175	0.683	0.410	0.363	0.207	0.349	0.208	0.262	0.485	0.492	
Pop12	0.681	0.675	0.987	0.757	0.816	0.703	0.796	0.715	0.788	0.799	0.844	0.724	
Pop13	0.313	0.220	0.704	0.437	0.405	0.253	0.387	0.253	0.320	0.509	0.519	0.153	0.743	
Pop14	0.378	0.393	0.745	0.337	0.545	0.429	0.518	0.434	0.516	0.521	0.431	0.445	0.792	0.473	
Pop15	0.187	0.258	0.623	0.317	0.423	0.308	0.395	0.302	0.387	0.416	0.412	0.325	0.695	0.349	0.369	
Pop16	0.358	0.362	0.711	0.323	0.517	0.396	0.489	0.402	0.491	0.491	0.410	0.417	0.763	0.445	0.277	0.352	
Pop17	0.351	0.357	0.710	0.171	0.506	0.389	0.478	0.392	0.478	0.490	0.264	0.411	0.759	0.438	0.307	0.344	0.278	
CV error (K=18): 0.13814
Writing output files.
