****                   ADMIXTURE Version 1.3.0                  ****
****                    Copyright 2008-2015                     ****
****           David Alexander, Suyash Shringarpure,            ****
****                John  Novembre, Ken Lange                   ****
****                                                            ****
****                 Please cite our paper!                     ****
****   Information at www.genetics.ucla.edu/software/admixture  ****

Cross-validation will be performed.  Folds=10.
Parallel execution requested.  Will use 8 threads.
Random seed: 20260929
Point estimation method: Block relaxation algorithm
Convergence acceleration algorithm: QuasiNewton, 3 secant conditions
Point estimation will terminate when objective function delta < 1e-05
Estimation of standard errors disabled; will compute point estimates only.
Size of G: 380x17027
Performing five EM steps to prime main algorithm
1 (EM) 	Elapsed: 11.358	Loglikelihood: -2.09604e+06	(delta): 6.21768e+06
2 (EM) 	Elapsed: 11.281	Loglikelihood: -1.90568e+06	(delta): 190360
3 (EM) 	Elapsed: 11.247	Loglikelihood: -1.88098e+06	(delta): 24695.2
4 (EM) 	Elapsed: 11.337	Loglikelihood: -1.86599e+06	(delta): 14994.3
5 (EM) 	Elapsed: 11.287	Loglikelihood: -1.85236e+06	(delta): 13627.3
Initial loglikelihood: -1.85236e+06
Starting main algorithm
1 (QN/Block) 	Elapsed: 3.454	Loglikelihood: -1.3299e+06	(delta): 522464
2 (QN/Block) 	Elapsed: 3.533	Loglikelihood: -1.13411e+06	(delta): 195791
3 (QN/Block) 	Elapsed: 5.557	Loglikelihood: -1.05964e+06	(delta): 74470.7
4 (QN/Block) 	Elapsed: 6.878	Loglikelihood: -1.02519e+06	(delta): 34448.4
5 (QN/Block) 	Elapsed: 4.821	Loglikelihood: -1.00853e+06	(delta): 16661.6
6 (QN/Block) 	Elapsed: 6.494	Loglikelihood: -1.00059e+06	(delta): 7931.67
7 (QN/Block) 	Elapsed: 6.532	Loglikelihood: -997255	(delta): 3338.55
8 (QN/Block) 	Elapsed: 4.794	Loglikelihood: -995240	(delta): 2015.13
9 (QN/Block) 	Elapsed: 4.76	Loglikelihood: -994316	(delta): 924.218
10 (QN/Block) 	Elapsed: 4.779	Loglikelihood: -994051	(delta): 264.892
11 (QN/Block) 	Elapsed: 4.812	Loglikelihood: -993974	(delta): 77.7228
12 (QN/Block) 	Elapsed: 5.088	Loglikelihood: -993945	(delta): 28.9319
13 (QN/Block) 	Elapsed: 4.871	Loglikelihood: -993935	(delta): 9.25956
14 (QN/Block) 	Elapsed: 4.806	Loglikelihood: -993933	(delta): 2.53039
15 (QN/Block) 	Elapsed: 5.364	Loglikelihood: -993932	(delta): 1.08636
16 (QN/Block) 	Elapsed: 4.936	Loglikelihood: -993931	(delta): 0.498668
17 (QN/Block) 	Elapsed: 4.794	Loglikelihood: -993931	(delta): 0.327245
18 (QN/Block) 	Elapsed: 5.41	Loglikelihood: -993931	(delta): 0.114878
19 (QN/Block) 	Elapsed: 4.827	Loglikelihood: -993931	(delta): 0.0577345
20 (QN/Block) 	Elapsed: 4.888	Loglikelihood: -993931	(delta): 0.00895517
21 (QN/Block) 	Elapsed: 4.819	Loglikelihood: -993931	(delta): 0.0036146
22 (QN/Block) 	Elapsed: 4.805	Loglikelihood: -993931	(delta): 0.00334693
23 (QN/Block) 	Elapsed: 4.832	Loglikelihood: -993931	(delta): 0.000418543
24 (QN/Block) 	Elapsed: 4.842	Loglikelihood: -993931	(delta): 0.000100269
25 (QN/Block) 	Elapsed: 4.849	Loglikelihood: -993931	(delta): 6.98633e-05
26 (QN/Block) 	Elapsed: 5.079	Loglikelihood: -993931	(delta): 1.42041e-05
27 (QN/Block) 	Elapsed: 4.792	Loglikelihood: -993931	(delta): 4.68583e-06
Summary: 
Converged in 27 iterations (212.027 sec)
Loglikelihood: -993930.713513
Fst divergences between estimated populations: 
	Pop0	Pop1	Pop2	Pop3	Pop4	Pop5	Pop6	Pop7	Pop8	Pop9	Pop10	Pop11	Pop12	Pop13	Pop14	Pop15	Pop16	Pop17	
Pop0	
Pop1	0.388	
Pop2	0.411	0.214	
Pop3	0.505	0.348	0.364	
Pop4	0.262	0.468	0.493	0.597	
Pop5	0.392	0.200	0.211	0.342	0.471	
Pop6	0.477	0.307	0.263	0.398	0.566	0.317	
Pop7	0.354	0.251	0.300	0.397	0.429	0.284	0.365	
Pop8	0.391	0.167	0.208	0.322	0.474	0.136	0.306	0.271	
Pop9	0.231	0.366	0.386	0.483	0.361	0.371	0.456	0.329	0.371	
Pop10	0.437	0.256	0.155	0.405	0.519	0.258	0.320	0.321	0.253	0.414	
Pop11	0.344	0.286	0.327	0.423	0.413	0.312	0.388	0.196	0.303	0.316	0.349	
Pop12	0.367	0.217	0.249	0.378	0.444	0.256	0.331	0.129	0.242	0.340	0.280	0.214	
Pop13	0.432	0.415	0.435	0.527	0.517	0.417	0.499	0.328	0.421	0.402	0.456	0.353	0.357	
Pop14	0.758	0.707	0.724	0.816	0.844	0.707	0.788	0.685	0.714	0.732	0.743	0.696	0.691	0.744	
Pop15	0.477	0.322	0.349	0.278	0.570	0.303	0.405	0.371	0.278	0.456	0.388	0.396	0.354	0.502	0.796	
Pop16	0.172	0.385	0.410	0.504	0.205	0.392	0.476	0.343	0.392	0.276	0.435	0.316	0.358	0.429	0.756	0.479	
Pop17	0.371	0.140	0.190	0.340	0.449	0.149	0.296	0.248	0.173	0.347	0.233	0.279	0.214	0.400	0.688	0.315	0.370	
Pop18	0.676	0.631	0.654	0.763	0.778	0.632	0.729	0.570	0.641	0.640	0.676	0.595	0.590	0.536	0.972	0.739	0.671	0.612	
CV error (K=19): 0.14277
Writing output files.
