****                   ADMIXTURE Version 1.3.0                  ****
****                    Copyright 2008-2015                     ****
****           David Alexander, Suyash Shringarpure,            ****
****                John  Novembre, Ken Lange                   ****
****                                                            ****
****                 Please cite our paper!                     ****
****   Information at www.genetics.ucla.edu/software/admixture  ****

Cross-validation will be performed.  Folds=10.
Parallel execution requested.  Will use 8 threads.
Random seed: 20260929
Point estimation method: Block relaxation algorithm
Convergence acceleration algorithm: QuasiNewton, 3 secant conditions
Point estimation will terminate when objective function delta < 1e-05
Estimation of standard errors disabled; will compute point estimates only.
Size of G: 380x17027
Performing five EM steps to prime main algorithm
1 (EM) 	Elapsed: 12.434	Loglikelihood: -2.09438e+06	(delta): 6.20998e+06
2 (EM) 	Elapsed: 12.326	Loglikelihood: -1.9043e+06	(delta): 190083
3 (EM) 	Elapsed: 12.349	Loglikelihood: -1.87894e+06	(delta): 25362.4
4 (EM) 	Elapsed: 12.346	Loglikelihood: -1.86356e+06	(delta): 15376.9
5 (EM) 	Elapsed: 12.342	Loglikelihood: -1.84997e+06	(delta): 13597
Initial loglikelihood: -1.84997e+06
Starting main algorithm
1 (QN/Block) 	Elapsed: 3.687	Loglikelihood: -1.32791e+06	(delta): 522054
2 (QN/Block) 	Elapsed: 3.882	Loglikelihood: -1.1296e+06	(delta): 198308
3 (QN/Block) 	Elapsed: 7.166	Loglikelihood: -1.04578e+06	(delta): 83824.3
4 (QN/Block) 	Elapsed: 7.039	Loglikelihood: -1.00784e+06	(delta): 37938.8
5 (QN/Block) 	Elapsed: 6.958	Loglikelihood: -990612	(delta): 17228.4
6 (QN/Block) 	Elapsed: 6.911	Loglikelihood: -982854	(delta): 7758.84
7 (QN/Block) 	Elapsed: 5.034	Loglikelihood: -979333	(delta): 3520.63
8 (QN/Block) 	Elapsed: 5.017	Loglikelihood: -977870	(delta): 1463.37
9 (QN/Block) 	Elapsed: 5.019	Loglikelihood: -977286	(delta): 583.825
10 (QN/Block) 	Elapsed: 5.013	Loglikelihood: -976957	(delta): 328.566
11 (QN/Block) 	Elapsed: 5.019	Loglikelihood: -976691	(delta): 265.734
12 (QN/Block) 	Elapsed: 6.886	Loglikelihood: -976425	(delta): 266.45
13 (QN/Block) 	Elapsed: 5.644	Loglikelihood: -976259	(delta): 165.734
14 (QN/Block) 	Elapsed: 6.869	Loglikelihood: -976168	(delta): 91.5301
15 (QN/Block) 	Elapsed: 6.278	Loglikelihood: -976148	(delta): 19.2874
16 (QN/Block) 	Elapsed: 5.055	Loglikelihood: -976146	(delta): 2.73612
17 (QN/Block) 	Elapsed: 6.897	Loglikelihood: -976145	(delta): 0.567849
18 (QN/Block) 	Elapsed: 5.047	Loglikelihood: -976145	(delta): 0.109859
19 (QN/Block) 	Elapsed: 6.846	Loglikelihood: -976145	(delta): 0.0507618
20 (QN/Block) 	Elapsed: 6.969	Loglikelihood: -976145	(delta): 0.00835127
21 (QN/Block) 	Elapsed: 6.893	Loglikelihood: -976145	(delta): 0.015406
22 (QN/Block) 	Elapsed: 6.269	Loglikelihood: -976145	(delta): 0.0163076
23 (QN/Block) 	Elapsed: 6.952	Loglikelihood: -976145	(delta): 0.0120828
24 (QN/Block) 	Elapsed: 6.904	Loglikelihood: -976145	(delta): 0.00363812
25 (QN/Block) 	Elapsed: 5.061	Loglikelihood: -976145	(delta): 0.00108697
26 (QN/Block) 	Elapsed: 5.038	Loglikelihood: -976145	(delta): 0.00019716
27 (QN/Block) 	Elapsed: 5.043	Loglikelihood: -976145	(delta): 4.15415e-05
28 (QN/Block) 	Elapsed: 5.035	Loglikelihood: -976145	(delta): 1.35188e-05
29 (QN/Block) 	Elapsed: 5.034	Loglikelihood: -976145	(delta): 1.32481e-07
Summary: 
Converged in 29 iterations (253.479 sec)
Loglikelihood: -976144.893982
Fst divergences between estimated populations: 
	Pop0	Pop1	Pop2	Pop3	Pop4	Pop5	Pop6	Pop7	Pop8	Pop9	Pop10	Pop11	Pop12	Pop13	Pop14	Pop15	Pop16	Pop17	Pop18	
Pop0	
Pop1	0.272	
Pop2	0.361	0.351	
Pop3	0.371	0.337	0.172	
Pop4	0.438	0.418	0.265	0.194	
Pop5	0.149	0.309	0.390	0.402	0.472	
Pop6	0.324	0.433	0.506	0.516	0.596	0.319	
Pop7	0.629	0.625	0.703	0.713	0.805	0.665	0.783	
Pop8	0.366	0.356	0.278	0.332	0.411	0.400	0.517	0.705	
Pop9	0.238	0.208	0.359	0.362	0.433	0.274	0.401	0.601	0.367	
Pop10	0.680	0.703	0.758	0.769	0.843	0.712	0.816	0.987	0.763	0.689	
Pop11	0.135	0.310	0.383	0.393	0.460	0.124	0.329	0.644	0.390	0.279	0.696	
Pop12	0.313	0.163	0.394	0.385	0.468	0.350	0.474	0.672	0.405	0.254	0.741	0.349	
Pop13	0.280	0.398	0.477	0.489	0.566	0.303	0.398	0.751	0.491	0.369	0.788	0.301	0.438	
Pop14	0.179	0.216	0.355	0.360	0.430	0.218	0.359	0.602	0.359	0.130	0.676	0.227	0.260	0.313	
Pop15	0.184	0.337	0.414	0.425	0.495	0.218	0.370	0.680	0.421	0.306	0.726	0.207	0.379	0.268	0.234	
Pop16	0.441	0.423	0.491	0.501	0.577	0.472	0.585	0.711	0.492	0.395	0.799	0.460	0.469	0.555	0.405	0.489	
Pop17	0.254	0.164	0.364	0.362	0.437	0.288	0.418	0.624	0.371	0.150	0.702	0.294	0.209	0.383	0.171	0.323	0.417	
Pop18	0.299	0.405	0.477	0.491	0.569	0.276	0.277	0.761	0.489	0.375	0.796	0.292	0.446	0.404	0.335	0.356	0.559	0.389	
Pop19	0.398	0.373	0.307	0.346	0.432	0.432	0.545	0.739	0.277	0.386	0.792	0.422	0.424	0.516	0.386	0.449	0.522	0.391	0.518	
CV error (K=20): 0.14018
Writing output files.
