****                   ADMIXTURE Version 1.3.0                  ****
****                    Copyright 2008-2015                     ****
****           David Alexander, Suyash Shringarpure,            ****
****                John  Novembre, Ken Lange                   ****
****                                                            ****
****                 Please cite our paper!                     ****
****   Information at www.genetics.ucla.edu/software/admixture  ****

Cross-validation will be performed.  Folds=10.
Parallel execution requested.  Will use 8 threads.
Random seed: 20260929
Point estimation method: Block relaxation algorithm
Convergence acceleration algorithm: QuasiNewton, 3 secant conditions
Point estimation will terminate when objective function delta < 1e-05
Estimation of standard errors disabled; will compute point estimates only.
Size of G: 380x17027
Performing five EM steps to prime main algorithm
1 (EM) 	Elapsed: 14.725	Loglikelihood: -2.09459e+06	(delta): 6.19281e+06
2 (EM) 	Elapsed: 14.712	Loglikelihood: -1.90322e+06	(delta): 191370
3 (EM) 	Elapsed: 14.737	Loglikelihood: -1.87837e+06	(delta): 24848.7
4 (EM) 	Elapsed: 14.717	Loglikelihood: -1.86302e+06	(delta): 15355.9
5 (EM) 	Elapsed: 14.701	Loglikelihood: -1.84891e+06	(delta): 14111.7
Initial loglikelihood: -1.84891e+06
Starting main algorithm
1 (QN/Block) 	Elapsed: 3.953	Loglikelihood: -1.31602e+06	(delta): 532881
2 (QN/Block) 	Elapsed: 4.213	Loglikelihood: -1.12328e+06	(delta): 192740
3 (QN/Block) 	Elapsed: 7.455	Loglikelihood: -1.05384e+06	(delta): 69447.3
4 (QN/Block) 	Elapsed: 5.687	Loglikelihood: -1.00968e+06	(delta): 44159.6
5 (QN/Block) 	Elapsed: 7.607	Loglikelihood: -985400	(delta): 24277.7
6 (QN/Block) 	Elapsed: 6.203	Loglikelihood: -975618	(delta): 9781.98
7 (QN/Block) 	Elapsed: 7.597	Loglikelihood: -971042	(delta): 4575.72
8 (QN/Block) 	Elapsed: 5.538	Loglikelihood: -968820	(delta): 2222.03
9 (QN/Block) 	Elapsed: 5.535	Loglikelihood: -967960	(delta): 860.262
10 (QN/Block) 	Elapsed: 5.541	Loglikelihood: -967473	(delta): 487.245
11 (QN/Block) 	Elapsed: 5.534	Loglikelihood: -966979	(delta): 493.511
12 (QN/Block) 	Elapsed: 5.554	Loglikelihood: -966660	(delta): 319.132
13 (QN/Block) 	Elapsed: 5.555	Loglikelihood: -966411	(delta): 249.381
14 (QN/Block) 	Elapsed: 5.579	Loglikelihood: -966227	(delta): 183.545
15 (QN/Block) 	Elapsed: 5.549	Loglikelihood: -966076	(delta): 150.828
16 (QN/Block) 	Elapsed: 5.561	Loglikelihood: -965921	(delta): 155.121
17 (QN/Block) 	Elapsed: 6.234	Loglikelihood: -965812	(delta): 109.125
18 (QN/Block) 	Elapsed: 5.57	Loglikelihood: -965749	(delta): 63.0011
19 (QN/Block) 	Elapsed: 5.559	Loglikelihood: -965713	(delta): 35.8876
20 (QN/Block) 	Elapsed: 7.598	Loglikelihood: -965672	(delta): 41.2033
21 (QN/Block) 	Elapsed: 7.596	Loglikelihood: -965582	(delta): 89.5442
22 (QN/Block) 	Elapsed: 7.595	Loglikelihood: -965376	(delta): 206.301
23 (QN/Block) 	Elapsed: 6.304	Loglikelihood: -965264	(delta): 111.765
24 (QN/Block) 	Elapsed: 6.954	Loglikelihood: -965256	(delta): 8.42728
25 (QN/Block) 	Elapsed: 5.617	Loglikelihood: -965254	(delta): 2.05895
26 (QN/Block) 	Elapsed: 5.558	Loglikelihood: -965253	(delta): 0.741011
27 (QN/Block) 	Elapsed: 6.245	Loglikelihood: -965253	(delta): 0.195271
28 (QN/Block) 	Elapsed: 5.624	Loglikelihood: -965253	(delta): 0.107306
29 (QN/Block) 	Elapsed: 7.619	Loglikelihood: -965253	(delta): 0.112293
30 (QN/Block) 	Elapsed: 7.618	Loglikelihood: -965253	(delta): 0.11264
31 (QN/Block) 	Elapsed: 5.612	Loglikelihood: -965253	(delta): 0.0313672
32 (QN/Block) 	Elapsed: 5.579	Loglikelihood: -965253	(delta): 0.0118182
33 (QN/Block) 	Elapsed: 5.574	Loglikelihood: -965253	(delta): 0.00723495
34 (QN/Block) 	Elapsed: 5.551	Loglikelihood: -965253	(delta): 0.0017139
35 (QN/Block) 	Elapsed: 5.573	Loglikelihood: -965253	(delta): 0.000378515
36 (QN/Block) 	Elapsed: 5.591	Loglikelihood: -965253	(delta): 8.29124e-05
37 (QN/Block) 	Elapsed: 5.567	Loglikelihood: -965253	(delta): 2.77951e-05
38 (QN/Block) 	Elapsed: 5.57	Loglikelihood: -965253	(delta): 9.19378e-06
Summary: 
Converged in 38 iterations (332.943 sec)
Loglikelihood: -965252.519502
Fst divergences between estimated populations: 
	Pop0	Pop1	Pop2	Pop3	Pop4	Pop5	Pop6	Pop7	Pop8	Pop9	Pop10	Pop11	Pop12	Pop13	Pop14	Pop15	Pop16	Pop17	Pop18	Pop19	Pop20	
Pop0	
Pop1	0.352	
Pop2	0.432	0.400	
Pop3	0.341	0.412	0.452	
Pop4	0.335	0.254	0.326	0.373	
Pop5	0.432	0.400	0.219	0.448	0.327	
Pop6	0.472	0.440	0.313	0.497	0.369	0.308	
Pop7	0.482	0.469	0.512	0.497	0.393	0.506	0.554	
Pop8	0.381	0.356	0.175	0.401	0.283	0.172	0.268	0.462	
Pop9	0.501	0.475	0.404	0.524	0.401	0.400	0.399	0.584	0.333	
Pop10	0.216	0.396	0.439	0.287	0.360	0.438	0.478	0.490	0.388	0.506	
Pop11	0.388	0.355	0.250	0.409	0.277	0.261	0.306	0.475	0.150	0.323	0.393	
Pop12	0.239	0.470	0.523	0.420	0.434	0.519	0.567	0.577	0.467	0.598	0.270	0.477	
Pop13	0.354	0.316	0.216	0.374	0.237	0.221	0.283	0.442	0.150	0.327	0.363	0.152	0.442	
Pop14	0.289	0.155	0.347	0.354	0.191	0.344	0.385	0.410	0.302	0.421	0.343	0.299	0.411	0.261	
Pop15	0.387	0.358	0.252	0.404	0.286	0.260	0.318	0.468	0.142	0.343	0.393	0.143	0.472	0.142	0.306	
Pop16	0.145	0.396	0.456	0.341	0.371	0.454	0.495	0.508	0.404	0.523	0.164	0.412	0.200	0.380	0.341	0.410	
Pop17	0.701	0.678	0.711	0.717	0.608	0.697	0.755	0.715	0.654	0.787	0.710	0.675	0.810	0.639	0.618	0.663	0.728	
Pop18	0.344	0.423	0.471	0.286	0.384	0.466	0.513	0.518	0.421	0.543	0.303	0.432	0.429	0.397	0.363	0.430	0.344	0.742	
Pop19	0.475	0.447	0.386	0.496	0.375	0.388	0.404	0.558	0.308	0.277	0.478	0.280	0.571	0.301	0.393	0.305	0.498	0.765	0.516	
Pop20	0.343	0.265	0.278	0.373	0.130	0.274	0.329	0.411	0.234	0.374	0.364	0.235	0.441	0.194	0.204	0.250	0.378	0.619	0.392	0.348	
Pop21	0.754	0.742	0.750	0.768	0.689	0.736	0.789	0.799	0.700	0.816	0.758	0.717	0.844	0.684	0.692	0.708	0.775	0.987	0.790	0.796	0.687	
CV error (K=22): 0.14003
Writing output files.
