****                   ADMIXTURE Version 1.3.0                  ****
****                    Copyright 2008-2015                     ****
****           David Alexander, Suyash Shringarpure,            ****
****                John  Novembre, Ken Lange                   ****
****                                                            ****
****                 Please cite our paper!                     ****
****   Information at www.genetics.ucla.edu/software/admixture  ****

Cross-validation will be performed.  Folds=10.
Parallel execution requested.  Will use 8 threads.
Random seed: 20260929
Point estimation method: Block relaxation algorithm
Convergence acceleration algorithm: QuasiNewton, 3 secant conditions
Point estimation will terminate when objective function delta < 1e-05
Estimation of standard errors disabled; will compute point estimates only.
Size of G: 380x17027
Performing five EM steps to prime main algorithm
1 (EM) 	Elapsed: 16.018	Loglikelihood: -2.09329e+06	(delta): 6.18707e+06
2 (EM) 	Elapsed: 15.98	Loglikelihood: -1.90033e+06	(delta): 192955
3 (EM) 	Elapsed: 15.987	Loglikelihood: -1.87413e+06	(delta): 26206.8
4 (EM) 	Elapsed: 15.972	Loglikelihood: -1.85717e+06	(delta): 16953
5 (EM) 	Elapsed: 15.892	Loglikelihood: -1.84139e+06	(delta): 15782
Initial loglikelihood: -1.84139e+06
Starting main algorithm
1 (QN/Block) 	Elapsed: 4.28	Loglikelihood: -1.29802e+06	(delta): 543368
2 (QN/Block) 	Elapsed: 4.33	Loglikelihood: -1.10612e+06	(delta): 191904
3 (QN/Block) 	Elapsed: 6.68	Loglikelihood: -1.03634e+06	(delta): 69776.2
4 (QN/Block) 	Elapsed: 6.566	Loglikelihood: -1.00009e+06	(delta): 36254.5
5 (QN/Block) 	Elapsed: 5.852	Loglikelihood: -980944	(delta): 19145.4
6 (QN/Block) 	Elapsed: 7.919	Loglikelihood: -971073	(delta): 9871.66
7 (QN/Block) 	Elapsed: 6.254	Loglikelihood: -966774	(delta): 4298.31
8 (QN/Block) 	Elapsed: 7.814	Loglikelihood: -965097	(delta): 1677.66
9 (QN/Block) 	Elapsed: 5.732	Loglikelihood: -964208	(delta): 888.938
10 (QN/Block) 	Elapsed: 5.722	Loglikelihood: -963950	(delta): 258.113
11 (QN/Block) 	Elapsed: 5.735	Loglikelihood: -963823	(delta): 126.531
12 (QN/Block) 	Elapsed: 5.761	Loglikelihood: -963765	(delta): 58.5062
13 (QN/Block) 	Elapsed: 5.747	Loglikelihood: -963752	(delta): 12.7929
14 (QN/Block) 	Elapsed: 5.768	Loglikelihood: -963733	(delta): 18.9336
15 (QN/Block) 	Elapsed: 7.852	Loglikelihood: -963718	(delta): 15.183
16 (QN/Block) 	Elapsed: 7.873	Loglikelihood: -963705	(delta): 12.3208
17 (QN/Block) 	Elapsed: 6.47	Loglikelihood: -963680	(delta): 25.6798
18 (QN/Block) 	Elapsed: 7.184	Loglikelihood: -963649	(delta): 31.2421
19 (QN/Block) 	Elapsed: 6.479	Loglikelihood: -963626	(delta): 22.2231
20 (QN/Block) 	Elapsed: 5.774	Loglikelihood: -963595	(delta): 30.799
21 (QN/Block) 	Elapsed: 6.488	Loglikelihood: -963538	(delta): 57.0548
22 (QN/Block) 	Elapsed: 6.513	Loglikelihood: -963513	(delta): 25.1558
23 (QN/Block) 	Elapsed: 7.212	Loglikelihood: -963491	(delta): 22.4623
24 (QN/Block) 	Elapsed: 7.882	Loglikelihood: -963482	(delta): 8.32152
25 (QN/Block) 	Elapsed: 7.204	Loglikelihood: -963479	(delta): 3.65846
26 (QN/Block) 	Elapsed: 7.924	Loglikelihood: -963478	(delta): 0.485638
27 (QN/Block) 	Elapsed: 7.155	Loglikelihood: -963478	(delta): 0.128574
28 (QN/Block) 	Elapsed: 7.173	Loglikelihood: -963478	(delta): 0.0758573
29 (QN/Block) 	Elapsed: 7.173	Loglikelihood: -963478	(delta): 0.0541362
30 (QN/Block) 	Elapsed: 5.949	Loglikelihood: -963478	(delta): 0.0288351
31 (QN/Block) 	Elapsed: 5.846	Loglikelihood: -963478	(delta): 0.0774833
32 (QN/Block) 	Elapsed: 5.837	Loglikelihood: -963478	(delta): 0.0330237
33 (QN/Block) 	Elapsed: 5.827	Loglikelihood: -963478	(delta): 0.0234637
34 (QN/Block) 	Elapsed: 5.836	Loglikelihood: -963478	(delta): 0.029163
35 (QN/Block) 	Elapsed: 5.762	Loglikelihood: -963478	(delta): 0.0521201
36 (QN/Block) 	Elapsed: 5.761	Loglikelihood: -963478	(delta): 0.0168588
37 (QN/Block) 	Elapsed: 7.934	Loglikelihood: -963478	(delta): 0.00389729
38 (QN/Block) 	Elapsed: 5.798	Loglikelihood: -963478	(delta): 0.00247702
39 (QN/Block) 	Elapsed: 5.813	Loglikelihood: -963478	(delta): 0.000435749
40 (QN/Block) 	Elapsed: 5.824	Loglikelihood: -963478	(delta): 7.09627e-05
41 (QN/Block) 	Elapsed: 5.817	Loglikelihood: -963478	(delta): 4.68758e-06
Summary: 
Converged in 41 iterations (376.4 sec)
Loglikelihood: -963477.820966
Fst divergences between estimated populations: 
	Pop0	Pop1	Pop2	Pop3	Pop4	Pop5	Pop6	Pop7	Pop8	Pop9	Pop10	Pop11	Pop12	Pop13	Pop14	Pop15	Pop16	Pop17	Pop18	Pop19	Pop20	Pop21	
Pop0	
Pop1	0.633	
Pop2	0.137	0.650	
Pop3	0.401	0.739	0.422	
Pop4	0.160	0.673	0.150	0.438	
Pop5	0.180	0.675	0.125	0.451	0.161	
Pop6	0.286	0.751	0.282	0.516	0.311	0.337	
Pop7	0.683	0.990	0.700	0.793	0.720	0.724	0.789	
Pop8	0.329	0.784	0.330	0.545	0.327	0.360	0.398	0.817	
Pop9	0.364	0.704	0.385	0.307	0.396	0.411	0.478	0.760	0.506	
Pop10	0.684	0.988	0.701	0.792	0.721	0.724	0.789	0.581	0.816	0.760	
Pop11	0.187	0.605	0.219	0.388	0.230	0.266	0.318	0.680	0.364	0.358	0.680	
Pop12	0.370	0.706	0.392	0.277	0.406	0.417	0.491	0.764	0.518	0.278	0.764	0.362	
Pop13	0.303	0.762	0.301	0.518	0.282	0.322	0.404	0.797	0.277	0.478	0.797	0.339	0.490	
Pop14	0.396	0.742	0.415	0.367	0.431	0.445	0.513	0.793	0.541	0.191	0.793	0.387	0.352	0.515	
Pop15	0.316	0.673	0.348	0.424	0.357	0.379	0.438	0.742	0.474	0.394	0.742	0.261	0.405	0.446	0.413	
Pop16	0.444	0.710	0.463	0.522	0.479	0.486	0.555	0.801	0.585	0.491	0.800	0.407	0.492	0.560	0.525	0.469	
Pop17	0.276	0.624	0.306	0.371	0.316	0.339	0.398	0.703	0.433	0.349	0.704	0.220	0.355	0.405	0.365	0.166	0.423	
Pop18	0.240	0.601	0.276	0.386	0.280	0.309	0.369	0.689	0.401	0.359	0.689	0.130	0.367	0.375	0.386	0.254	0.395	0.211	
Pop19	0.230	0.699	0.209	0.473	0.259	0.278	0.320	0.744	0.405	0.438	0.745	0.270	0.446	0.387	0.470	0.399	0.511	0.359	0.327	
Pop20	0.190	0.684	0.151	0.450	0.220	0.238	0.268	0.731	0.371	0.417	0.731	0.240	0.423	0.356	0.449	0.382	0.492	0.339	0.308	0.156	
Pop21	0.119	0.652	0.128	0.424	0.168	0.166	0.306	0.702	0.345	0.387	0.702	0.223	0.394	0.315	0.418	0.345	0.465	0.305	0.273	0.240	0.202	
Pop22	0.256	0.623	0.292	0.390	0.294	0.323	0.382	0.702	0.417	0.363	0.702	0.171	0.370	0.389	0.386	0.206	0.415	0.162	0.149	0.343	0.324	0.288	
CV error (K=23): 0.14602
Writing output files.
