****                   ADMIXTURE Version 1.3.0                  ****
****                    Copyright 2008-2015                     ****
****           David Alexander, Suyash Shringarpure,            ****
****                John  Novembre, Ken Lange                   ****
****                                                            ****
****                 Please cite our paper!                     ****
****   Information at www.genetics.ucla.edu/software/admixture  ****

Cross-validation will be performed.  Folds=10.
Parallel execution requested.  Will use 8 threads.
Random seed: 20260929
Point estimation method: Block relaxation algorithm
Convergence acceleration algorithm: QuasiNewton, 3 secant conditions
Point estimation will terminate when objective function delta < 1e-05
Estimation of standard errors disabled; will compute point estimates only.
Size of G: 380x17027
Performing five EM steps to prime main algorithm
1 (EM) 	Elapsed: 18.611	Loglikelihood: -2.09256e+06	(delta): 6.1729e+06
2 (EM) 	Elapsed: 18.585	Loglikelihood: -1.89887e+06	(delta): 193698
3 (EM) 	Elapsed: 18.599	Loglikelihood: -1.873e+06	(delta): 25870.5
4 (EM) 	Elapsed: 18.621	Loglikelihood: -1.8562e+06	(delta): 16799.8
5 (EM) 	Elapsed: 18.613	Loglikelihood: -1.84029e+06	(delta): 15902.4
Initial loglikelihood: -1.84029e+06
Starting main algorithm
1 (QN/Block) 	Elapsed: 4.526	Loglikelihood: -1.28874e+06	(delta): 551554
2 (QN/Block) 	Elapsed: 4.858	Loglikelihood: -1.09173e+06	(delta): 197014
3 (QN/Block) 	Elapsed: 6.735	Loglikelihood: -1.02121e+06	(delta): 70519.7
4 (QN/Block) 	Elapsed: 6.396	Loglikelihood: -980542	(delta): 40664.6
5 (QN/Block) 	Elapsed: 6.324	Loglikelihood: -956620	(delta): 23922
6 (QN/Block) 	Elapsed: 6.227	Loglikelihood: -945878	(delta): 10741.4
7 (QN/Block) 	Elapsed: 8.487	Loglikelihood: -942063	(delta): 3815.38
8 (QN/Block) 	Elapsed: 6.277	Loglikelihood: -940584	(delta): 1478.69
9 (QN/Block) 	Elapsed: 6.287	Loglikelihood: -940062	(delta): 522.317
10 (QN/Block) 	Elapsed: 8.727	Loglikelihood: -939815	(delta): 246.758
11 (QN/Block) 	Elapsed: 6.31	Loglikelihood: -939662	(delta): 152.727
12 (QN/Block) 	Elapsed: 6.314	Loglikelihood: -939550	(delta): 112.104
13 (QN/Block) 	Elapsed: 6.337	Loglikelihood: -939478	(delta): 72.5048
14 (QN/Block) 	Elapsed: 7.044	Loglikelihood: -939394	(delta): 84.2924
15 (QN/Block) 	Elapsed: 7.023	Loglikelihood: -939320	(delta): 73.6871
16 (QN/Block) 	Elapsed: 7.077	Loglikelihood: -939298	(delta): 21.8959
17 (QN/Block) 	Elapsed: 6.304	Loglikelihood: -939288	(delta): 10.4254
18 (QN/Block) 	Elapsed: 6.28	Loglikelihood: -939280	(delta): 7.11131
19 (QN/Block) 	Elapsed: 7.048	Loglikelihood: -939271	(delta): 9.29102
20 (QN/Block) 	Elapsed: 7.787	Loglikelihood: -939255	(delta): 16.5289
21 (QN/Block) 	Elapsed: 7.8	Loglikelihood: -939245	(delta): 9.7159
22 (QN/Block) 	Elapsed: 7.033	Loglikelihood: -939234	(delta): 10.4813
23 (QN/Block) 	Elapsed: 6.284	Loglikelihood: -939225	(delta): 8.91265
24 (QN/Block) 	Elapsed: 7.027	Loglikelihood: -939214	(delta): 11.3842
25 (QN/Block) 	Elapsed: 7.052	Loglikelihood: -939197	(delta): 17.2693
26 (QN/Block) 	Elapsed: 6.319	Loglikelihood: -939166	(delta): 31.1655
27 (QN/Block) 	Elapsed: 6.591	Loglikelihood: -939095	(delta): 70.6723
28 (QN/Block) 	Elapsed: 6.275	Loglikelihood: -938928	(delta): 167.057
29 (QN/Block) 	Elapsed: 8.556	Loglikelihood: -938722	(delta): 206.068
30 (QN/Block) 	Elapsed: 7.037	Loglikelihood: -938462	(delta): 259.743
31 (QN/Block) 	Elapsed: 6.314	Loglikelihood: -938205	(delta): 256.631
32 (QN/Block) 	Elapsed: 6.337	Loglikelihood: -938042	(delta): 163.12
33 (QN/Block) 	Elapsed: 6.288	Loglikelihood: -937959	(delta): 83.1593
34 (QN/Block) 	Elapsed: 6.298	Loglikelihood: -937934	(delta): 24.8174
35 (QN/Block) 	Elapsed: 6.317	Loglikelihood: -937929	(delta): 5.70203
36 (QN/Block) 	Elapsed: 8.544	Loglikelihood: -937928	(delta): 0.298561
37 (QN/Block) 	Elapsed: 6.305	Loglikelihood: -937928	(delta): 0.0817599
38 (QN/Block) 	Elapsed: 6.274	Loglikelihood: -937928	(delta): 0.00169191
39 (QN/Block) 	Elapsed: 6.285	Loglikelihood: -937928	(delta): 0.000144431
40 (QN/Block) 	Elapsed: 6.287	Loglikelihood: -937928	(delta): 2.04596e-05
41 (QN/Block) 	Elapsed: 6.293	Loglikelihood: -937928	(delta): 1.63738e-06
Summary: 
Converged in 41 iterations (402.964 sec)
Loglikelihood: -937928.297711
Fst divergences between estimated populations: 
	Pop0	Pop1	Pop2	Pop3	Pop4	Pop5	Pop6	Pop7	Pop8	Pop9	Pop10	Pop11	Pop12	Pop13	Pop14	Pop15	Pop16	Pop17	Pop18	Pop19	Pop20	Pop21	Pop22	Pop23	
Pop0	
Pop1	0.513	
Pop2	0.449	0.338	
Pop3	0.789	0.792	0.734	
Pop4	0.483	0.287	0.215	0.763	
Pop5	0.287	0.394	0.333	0.684	0.370	
Pop6	0.277	0.424	0.366	0.704	0.398	0.166	
Pop7	0.496	0.344	0.150	0.776	0.157	0.383	0.410	
Pop8	0.398	0.541	0.478	0.816	0.511	0.331	0.340	0.523	
Pop9	0.567	0.430	0.246	0.845	0.268	0.443	0.473	0.196	0.598	
Pop10	0.405	0.515	0.452	0.796	0.482	0.304	0.315	0.498	0.277	0.571	
Pop11	0.315	0.424	0.364	0.707	0.396	0.144	0.140	0.408	0.341	0.470	0.302	
Pop12	0.522	0.293	0.353	0.795	0.331	0.399	0.429	0.372	0.550	0.453	0.521	0.425	
Pop13	0.321	0.469	0.409	0.745	0.444	0.231	0.198	0.456	0.406	0.521	0.388	0.257	0.476	
Pop14	0.755	0.743	0.675	0.988	0.714	0.639	0.657	0.728	0.786	0.810	0.765	0.661	0.747	0.704	
Pop15	0.567	0.533	0.466	0.824	0.503	0.449	0.474	0.517	0.598	0.593	0.571	0.473	0.533	0.519	0.743	
Pop16	0.439	0.435	0.316	0.743	0.399	0.318	0.362	0.398	0.475	0.470	0.446	0.357	0.436	0.400	0.678	0.470	
Pop17	0.790	0.793	0.735	0.506	0.764	0.685	0.705	0.777	0.817	0.846	0.798	0.708	0.796	0.746	0.989	0.825	0.744	
Pop18	0.516	0.285	0.334	0.791	0.316	0.402	0.430	0.349	0.545	0.433	0.518	0.432	0.325	0.474	0.743	0.531	0.425	0.792	
Pop19	0.382	0.374	0.250	0.689	0.345	0.261	0.305	0.341	0.417	0.409	0.389	0.302	0.375	0.344	0.614	0.404	0.151	0.690	0.363	
Pop20	0.369	0.392	0.308	0.689	0.364	0.240	0.288	0.372	0.401	0.434	0.375	0.284	0.396	0.326	0.607	0.394	0.254	0.690	0.386	0.188	
Pop21	0.259	0.437	0.378	0.721	0.412	0.179	0.118	0.425	0.359	0.489	0.346	0.208	0.443	0.150	0.678	0.490	0.372	0.722	0.441	0.312	0.298	
Pop22	0.316	0.387	0.309	0.678	0.361	0.187	0.230	0.371	0.362	0.432	0.338	0.238	0.388	0.268	0.610	0.409	0.261	0.679	0.388	0.196	0.128	0.227	
Pop23	0.726	0.711	0.639	0.973	0.679	0.602	0.625	0.693	0.761	0.777	0.736	0.629	0.715	0.674	0.959	0.622	0.653	0.974	0.709	0.583	0.572	0.645	0.573	
Pop24	0.307	0.428	0.365	0.717	0.398	0.159	0.159	0.413	0.323	0.477	0.280	0.140	0.433	0.256	0.674	0.483	0.355	0.718	0.435	0.296	0.276	0.207	0.225	0.640	
CV error (K=25): 0.13957
Writing output files.
