****                   ADMIXTURE Version 1.3.0                  ****
****                    Copyright 2008-2015                     ****
****           David Alexander, Suyash Shringarpure,            ****
****                John  Novembre, Ken Lange                   ****
****                                                            ****
****                 Please cite our paper!                     ****
****   Information at www.genetics.ucla.edu/software/admixture  ****

Cross-validation will be performed.  Folds=10.
Parallel execution requested.  Will use 8 threads.
Random seed: 20260926
Point estimation method: Block relaxation algorithm
Convergence acceleration algorithm: QuasiNewton, 3 secant conditions
Point estimation will terminate when objective function delta < 1e-05
Estimation of standard errors disabled; will compute point estimates only.
Size of G: 380x17027
Performing five EM steps to prime main algorithm
1 (EM) 	Elapsed: 3.885	Loglikelihood: -2.0964e+06	(delta): 6.42463e+06
2 (EM) 	Elapsed: 3.9	Loglikelihood: -1.91661e+06	(delta): 179789
3 (EM) 	Elapsed: 3.82	Loglikelihood: -1.89033e+06	(delta): 26284.5
4 (EM) 	Elapsed: 3.872	Loglikelihood: -1.87485e+06	(delta): 15478.6
5 (EM) 	Elapsed: 3.803	Loglikelihood: -1.86174e+06	(delta): 13108.8
Initial loglikelihood: -1.86174e+06
Starting main algorithm
1 (QN/Block) 	Elapsed: 2	Loglikelihood: -1.39143e+06	(delta): 470308
2 (QN/Block) 	Elapsed: 2.036	Loglikelihood: -1.20338e+06	(delta): 188051
3 (QN/Block) 	Elapsed: 3.284	Loglikelihood: -1.15562e+06	(delta): 47759.9
4 (QN/Block) 	Elapsed: 3.855	Loglikelihood: -1.12674e+06	(delta): 28878.3
5 (QN/Block) 	Elapsed: 2.854	Loglikelihood: -1.1103e+06	(delta): 16444.6
6 (QN/Block) 	Elapsed: 4.043	Loglikelihood: -1.10445e+06	(delta): 5851.84
7 (QN/Block) 	Elapsed: 2.78	Loglikelihood: -1.10284e+06	(delta): 1610.37
8 (QN/Block) 	Elapsed: 2.793	Loglikelihood: -1.10246e+06	(delta): 374.635
9 (QN/Block) 	Elapsed: 2.799	Loglikelihood: -1.10239e+06	(delta): 70.9779
10 (QN/Block) 	Elapsed: 3.163	Loglikelihood: -1.10238e+06	(delta): 7.90121
11 (QN/Block) 	Elapsed: 2.826	Loglikelihood: -1.10238e+06	(delta): 1.99408
12 (QN/Block) 	Elapsed: 2.835	Loglikelihood: -1.10238e+06	(delta): 0.518875
13 (QN/Block) 	Elapsed: 3.478	Loglikelihood: -1.10238e+06	(delta): 0.089002
14 (QN/Block) 	Elapsed: 3.762	Loglikelihood: -1.10238e+06	(delta): 0.0538968
15 (QN/Block) 	Elapsed: 3.51	Loglikelihood: -1.10238e+06	(delta): 0.0234486
16 (QN/Block) 	Elapsed: 3.949	Loglikelihood: -1.10238e+06	(delta): 0.0214627
17 (QN/Block) 	Elapsed: 3.496	Loglikelihood: -1.10238e+06	(delta): 0.00886946
18 (QN/Block) 	Elapsed: 3.318	Loglikelihood: -1.10238e+06	(delta): 0.0114976
19 (QN/Block) 	Elapsed: 3.84	Loglikelihood: -1.10238e+06	(delta): 0.00458635
20 (QN/Block) 	Elapsed: 2.848	Loglikelihood: -1.10238e+06	(delta): 0.000842002
21 (QN/Block) 	Elapsed: 2.876	Loglikelihood: -1.10238e+06	(delta): 0.000270186
22 (QN/Block) 	Elapsed: 2.743	Loglikelihood: -1.10238e+06	(delta): 6.37425e-05
23 (QN/Block) 	Elapsed: 3.084	Loglikelihood: -1.10238e+06	(delta): 2.21115e-05
24 (QN/Block) 	Elapsed: 3.204	Loglikelihood: -1.10238e+06	(delta): 1.62539e-06
Summary: 
Converged in 24 iterations (105.208 sec)
Loglikelihood: -1102381.461723
Fst divergences between estimated populations: 
	Pop0	Pop1	Pop2	Pop3	Pop4	Pop5	Pop6	Pop7	Pop8	
Pop0	
Pop1	0.793	
Pop2	0.690	0.351	
Pop3	0.699	0.236	0.250	
Pop4	0.702	0.383	0.182	0.287	
Pop5	0.737	0.448	0.316	0.347	0.307	
Pop6	0.796	0.371	0.359	0.306	0.393	0.450	
Pop7	0.745	0.494	0.328	0.401	0.356	0.395	0.499	
Pop8	0.774	0.481	0.351	0.382	0.335	0.253	0.483	0.437	
Pop9	0.696	0.278	0.235	0.152	0.275	0.338	0.271	0.393	0.370	
CV error (K=10): 0.14598
Writing output files.
