****                   ADMIXTURE Version 1.3.0                  ****
****                    Copyright 2008-2015                     ****
****           David Alexander, Suyash Shringarpure,            ****
****                John  Novembre, Ken Lange                   ****
****                                                            ****
****                 Please cite our paper!                     ****
****   Information at www.genetics.ucla.edu/software/admixture  ****

Cross-validation will be performed.  Folds=10.
Parallel execution requested.  Will use 8 threads.
Random seed: 20260926
Point estimation method: Block relaxation algorithm
Convergence acceleration algorithm: QuasiNewton, 3 secant conditions
Point estimation will terminate when objective function delta < 1e-05
Estimation of standard errors disabled; will compute point estimates only.
Size of G: 380x17027
Performing five EM steps to prime main algorithm
1 (EM) 	Elapsed: 4.386	Loglikelihood: -2.09701e+06	(delta): 6.38162e+06
2 (EM) 	Elapsed: 4.346	Loglikelihood: -1.91636e+06	(delta): 180650
3 (EM) 	Elapsed: 4.347	Loglikelihood: -1.89106e+06	(delta): 25303.2
4 (EM) 	Elapsed: 4.355	Loglikelihood: -1.87685e+06	(delta): 14211.4
5 (EM) 	Elapsed: 4.32	Loglikelihood: -1.86533e+06	(delta): 11515.5
Initial loglikelihood: -1.86533e+06
Starting main algorithm
1 (QN/Block) 	Elapsed: 2.113	Loglikelihood: -1.41253e+06	(delta): 452800
2 (QN/Block) 	Elapsed: 2.174	Loglikelihood: -1.245e+06	(delta): 167538
3 (QN/Block) 	Elapsed: 3.396	Loglikelihood: -1.17387e+06	(delta): 71121.1
4 (QN/Block) 	Elapsed: 2.994	Loglikelihood: -1.12891e+06	(delta): 44963.2
5 (QN/Block) 	Elapsed: 3.323	Loglikelihood: -1.11015e+06	(delta): 18765.5
6 (QN/Block) 	Elapsed: 2.977	Loglikelihood: -1.10164e+06	(delta): 8508.02
7 (QN/Block) 	Elapsed: 3.04	Loglikelihood: -1.09774e+06	(delta): 3898.66
8 (QN/Block) 	Elapsed: 4.204	Loglikelihood: -1.09249e+06	(delta): 5249.21
9 (QN/Block) 	Elapsed: 3.402	Loglikelihood: -1.08487e+06	(delta): 7616.73
10 (QN/Block) 	Elapsed: 2.985	Loglikelihood: -1.08287e+06	(delta): 1999.66
11 (QN/Block) 	Elapsed: 4.054	Loglikelihood: -1.08218e+06	(delta): 690.036
12 (QN/Block) 	Elapsed: 3.073	Loglikelihood: -1.08202e+06	(delta): 164.787
13 (QN/Block) 	Elapsed: 2.995	Loglikelihood: -1.082e+06	(delta): 19.9379
14 (QN/Block) 	Elapsed: 3.389	Loglikelihood: -1.082e+06	(delta): 2.33531
15 (QN/Block) 	Elapsed: 2.999	Loglikelihood: -1.082e+06	(delta): 0.20101
16 (QN/Block) 	Elapsed: 3.02	Loglikelihood: -1.082e+06	(delta): 0.0329376
17 (QN/Block) 	Elapsed: 3.084	Loglikelihood: -1.082e+06	(delta): 0.00526435
18 (QN/Block) 	Elapsed: 3.402	Loglikelihood: -1.082e+06	(delta): 0.000594587
19 (QN/Block) 	Elapsed: 2.981	Loglikelihood: -1.082e+06	(delta): 2.19424e-05
20 (QN/Block) 	Elapsed: 2.995	Loglikelihood: -1.082e+06	(delta): 1.3283e-06
Summary: 
Converged in 20 iterations (94.142 sec)
Loglikelihood: -1081995.589582
Fst divergences between estimated populations: 
	Pop0	Pop1	Pop2	Pop3	Pop4	Pop5	Pop6	Pop7	Pop8	Pop9	
Pop0	
Pop1	0.787	
Pop2	0.672	0.269	
Pop3	0.719	0.262	0.169	
Pop4	0.735	0.495	0.382	0.430	
Pop5	0.692	0.384	0.253	0.321	0.356	
Pop6	0.788	0.372	0.288	0.339	0.499	0.394	
Pop7	0.687	0.282	0.109	0.187	0.396	0.281	0.273	
Pop8	0.681	0.354	0.212	0.287	0.329	0.184	0.362	0.245	
Pop9	0.764	0.482	0.359	0.414	0.437	0.335	0.483	0.374	0.353	
Pop10	0.726	0.449	0.324	0.378	0.395	0.307	0.450	0.342	0.318	0.253	
CV error (K=11): 0.14466
Writing output files.
