****                   ADMIXTURE Version 1.3.0                  ****
****                    Copyright 2008-2015                     ****
****           David Alexander, Suyash Shringarpure,            ****
****                John  Novembre, Ken Lange                   ****
****                                                            ****
****                 Please cite our paper!                     ****
****   Information at www.genetics.ucla.edu/software/admixture  ****

Cross-validation will be performed.  Folds=10.
Parallel execution requested.  Will use 8 threads.
Random seed: 20260926
Point estimation method: Block relaxation algorithm
Convergence acceleration algorithm: QuasiNewton, 3 secant conditions
Point estimation will terminate when objective function delta < 1e-05
Estimation of standard errors disabled; will compute point estimates only.
Size of G: 380x17027
Performing five EM steps to prime main algorithm
1 (EM) 	Elapsed: 5.088	Loglikelihood: -2.09534e+06	(delta): 6.34597e+06
2 (EM) 	Elapsed: 5.054	Loglikelihood: -1.91253e+06	(delta): 182811
3 (EM) 	Elapsed: 5.022	Loglikelihood: -1.88641e+06	(delta): 26121
4 (EM) 	Elapsed: 5.031	Loglikelihood: -1.87108e+06	(delta): 15329.3
5 (EM) 	Elapsed: 5.038	Loglikelihood: -1.8582e+06	(delta): 12888
Initial loglikelihood: -1.8582e+06
Starting main algorithm
1 (QN/Block) 	Elapsed: 2.277	Loglikelihood: -1.40431e+06	(delta): 453882
2 (QN/Block) 	Elapsed: 2.33	Loglikelihood: -1.21829e+06	(delta): 186019
3 (QN/Block) 	Elapsed: 3.614	Loglikelihood: -1.14182e+06	(delta): 76479.1
4 (QN/Block) 	Elapsed: 4.497	Loglikelihood: -1.10175e+06	(delta): 40061.1
5 (QN/Block) 	Elapsed: 3.263	Loglikelihood: -1.08502e+06	(delta): 16735.8
6 (QN/Block) 	Elapsed: 3.287	Loglikelihood: -1.07828e+06	(delta): 6742.78
7 (QN/Block) 	Elapsed: 4.24	Loglikelihood: -1.07433e+06	(delta): 3940.74
8 (QN/Block) 	Elapsed: 3.73	Loglikelihood: -1.07206e+06	(delta): 2271.45
9 (QN/Block) 	Elapsed: 3.293	Loglikelihood: -1.07117e+06	(delta): 894.083
10 (QN/Block) 	Elapsed: 3.314	Loglikelihood: -1.07098e+06	(delta): 190.536
11 (QN/Block) 	Elapsed: 4.55	Loglikelihood: -1.07094e+06	(delta): 43.3084
12 (QN/Block) 	Elapsed: 3.432	Loglikelihood: -1.07092e+06	(delta): 15.7044
13 (QN/Block) 	Elapsed: 4.484	Loglikelihood: -1.07092e+06	(delta): 2.25888
14 (QN/Block) 	Elapsed: 3.97	Loglikelihood: -1.07092e+06	(delta): 0.502102
15 (QN/Block) 	Elapsed: 4.333	Loglikelihood: -1.07092e+06	(delta): 0.0106504
16 (QN/Block) 	Elapsed: 3.57	Loglikelihood: -1.07092e+06	(delta): 0.00296634
17 (QN/Block) 	Elapsed: 3.249	Loglikelihood: -1.07092e+06	(delta): 0.00214552
18 (QN/Block) 	Elapsed: 3.27	Loglikelihood: -1.07092e+06	(delta): 0.000208162
19 (QN/Block) 	Elapsed: 3.291	Loglikelihood: -1.07092e+06	(delta): 4.01146e-05
20 (QN/Block) 	Elapsed: 3.276	Loglikelihood: -1.07092e+06	(delta): 3.44007e-05
21 (QN/Block) 	Elapsed: 3.24	Loglikelihood: -1.07092e+06	(delta): 4.29922e-06
Summary: 
Converged in 21 iterations (110.802 sec)
Loglikelihood: -1070916.761946
Fst divergences between estimated populations: 
	Pop0	Pop1	Pop2	Pop3	Pop4	Pop5	Pop6	Pop7	Pop8	Pop9	Pop10	
Pop0	
Pop1	0.442	
Pop2	0.354	0.481	
Pop3	0.343	0.450	0.378	
Pop4	0.146	0.405	0.316	0.302	
Pop5	0.371	0.495	0.416	0.254	0.334	
Pop6	0.415	0.551	0.262	0.449	0.381	0.484	
Pop7	0.424	0.556	0.338	0.450	0.391	0.485	0.372	
Pop8	0.227	0.385	0.288	0.320	0.179	0.357	0.356	0.364	
Pop9	0.710	0.796	0.720	0.726	0.688	0.765	0.787	0.788	0.682	
Pop10	0.315	0.446	0.187	0.342	0.276	0.376	0.282	0.273	0.246	0.687	
Pop11	0.290	0.431	0.169	0.324	0.248	0.361	0.269	0.288	0.214	0.672	0.109	
CV error (K=12): 0.14430
Writing output files.
