****                   ADMIXTURE Version 1.3.0                  ****
****                    Copyright 2008-2015                     ****
****           David Alexander, Suyash Shringarpure,            ****
****                John  Novembre, Ken Lange                   ****
****                                                            ****
****                 Please cite our paper!                     ****
****   Information at www.genetics.ucla.edu/software/admixture  ****

Cross-validation will be performed.  Folds=10.
Parallel execution requested.  Will use 8 threads.
Random seed: 20260926
Point estimation method: Block relaxation algorithm
Convergence acceleration algorithm: QuasiNewton, 3 secant conditions
Point estimation will terminate when objective function delta < 1e-05
Estimation of standard errors disabled; will compute point estimates only.
Size of G: 380x17027
Performing five EM steps to prime main algorithm
1 (EM) 	Elapsed: 5.889	Loglikelihood: -2.09718e+06	(delta): 6.32177e+06
2 (EM) 	Elapsed: 5.841	Loglikelihood: -1.9125e+06	(delta): 184686
3 (EM) 	Elapsed: 5.826	Loglikelihood: -1.88603e+06	(delta): 26468
4 (EM) 	Elapsed: 5.934	Loglikelihood: -1.8699e+06	(delta): 16127.2
5 (EM) 	Elapsed: 5.986	Loglikelihood: -1.8557e+06	(delta): 14205
Initial loglikelihood: -1.8557e+06
Starting main algorithm
1 (QN/Block) 	Elapsed: 2.497	Loglikelihood: -1.37404e+06	(delta): 481655
2 (QN/Block) 	Elapsed: 2.515	Loglikelihood: -1.18499e+06	(delta): 189050
3 (QN/Block) 	Elapsed: 3.479	Loglikelihood: -1.12334e+06	(delta): 61648.1
4 (QN/Block) 	Elapsed: 4.274	Loglikelihood: -1.09031e+06	(delta): 33032.2
5 (QN/Block) 	Elapsed: 3.449	Loglikelihood: -1.0762e+06	(delta): 14111.4
6 (QN/Block) 	Elapsed: 3.403	Loglikelihood: -1.06848e+06	(delta): 7723.41
7 (QN/Block) 	Elapsed: 3.409	Loglikelihood: -1.06493e+06	(delta): 3544.7
8 (QN/Block) 	Elapsed: 3.393	Loglikelihood: -1.06346e+06	(delta): 1473.71
9 (QN/Block) 	Elapsed: 3.398	Loglikelihood: -1.06251e+06	(delta): 944.212
10 (QN/Block) 	Elapsed: 4.618	Loglikelihood: -1.06128e+06	(delta): 1237.64
11 (QN/Block) 	Elapsed: 4.244	Loglikelihood: -1.05976e+06	(delta): 1521.25
12 (QN/Block) 	Elapsed: 4.24	Loglikelihood: -1.05856e+06	(delta): 1193.07
13 (QN/Block) 	Elapsed: 4.652	Loglikelihood: -1.05777e+06	(delta): 791.423
14 (QN/Block) 	Elapsed: 3.418	Loglikelihood: -1.05766e+06	(delta): 111.793
15 (QN/Block) 	Elapsed: 3.398	Loglikelihood: -1.05765e+06	(delta): 9.9696
16 (QN/Block) 	Elapsed: 3.413	Loglikelihood: -1.05765e+06	(delta): 3.7112
17 (QN/Block) 	Elapsed: 3.83	Loglikelihood: -1.05765e+06	(delta): 0.264665
18 (QN/Block) 	Elapsed: 3.442	Loglikelihood: -1.05765e+06	(delta): 0.0427564
19 (QN/Block) 	Elapsed: 3.434	Loglikelihood: -1.05765e+06	(delta): 0.0115725
20 (QN/Block) 	Elapsed: 3.833	Loglikelihood: -1.05765e+06	(delta): 0.00212142
21 (QN/Block) 	Elapsed: 3.441	Loglikelihood: -1.05765e+06	(delta): 0.00157305
22 (QN/Block) 	Elapsed: 3.413	Loglikelihood: -1.05765e+06	(delta): 0.000713329
23 (QN/Block) 	Elapsed: 3.407	Loglikelihood: -1.05765e+06	(delta): 0.000293578
24 (QN/Block) 	Elapsed: 3.417	Loglikelihood: -1.05765e+06	(delta): 5.02467e-05
25 (QN/Block) 	Elapsed: 3.415	Loglikelihood: -1.05765e+06	(delta): 7.07293e-06
Summary: 
Converged in 25 iterations (132.523 sec)
Loglikelihood: -1057645.779359
Fst divergences between estimated populations: 
	Pop0	Pop1	Pop2	Pop3	Pop4	Pop5	Pop6	Pop7	Pop8	Pop9	Pop10	Pop11	
Pop0	
Pop1	0.292	
Pop2	0.265	0.206	
Pop3	0.366	0.348	0.303	
Pop4	0.213	0.176	0.130	0.294	
Pop5	0.259	0.219	0.124	0.294	0.142	
Pop6	0.354	0.267	0.300	0.376	0.270	0.303	
Pop7	0.332	0.397	0.372	0.467	0.341	0.379	0.462	
Pop8	0.380	0.484	0.455	0.557	0.429	0.468	0.549	0.465	
Pop9	0.681	0.725	0.695	0.791	0.672	0.714	0.787	0.742	0.795	
Pop10	0.184	0.325	0.299	0.397	0.254	0.298	0.384	0.322	0.408	0.692	
Pop11	0.359	0.426	0.394	0.494	0.366	0.404	0.489	0.269	0.499	0.771	0.342	
Pop12	0.351	0.415	0.383	0.485	0.357	0.395	0.481	0.226	0.479	0.744	0.344	0.328	
CV error (K=13): 0.14401
Writing output files.
