****                   ADMIXTURE Version 1.3.0                  ****
****                    Copyright 2008-2015                     ****
****           David Alexander, Suyash Shringarpure,            ****
****                John  Novembre, Ken Lange                   ****
****                                                            ****
****                 Please cite our paper!                     ****
****   Information at www.genetics.ucla.edu/software/admixture  ****

Cross-validation will be performed.  Folds=10.
Parallel execution requested.  Will use 8 threads.
Random seed: 20260926
Point estimation method: Block relaxation algorithm
Convergence acceleration algorithm: QuasiNewton, 3 secant conditions
Point estimation will terminate when objective function delta < 1e-05
Estimation of standard errors disabled; will compute point estimates only.
Size of G: 380x17027
Performing five EM steps to prime main algorithm
1 (EM) 	Elapsed: 9.354	Loglikelihood: -2.09484e+06	(delta): 6.26033e+06
2 (EM) 	Elapsed: 9.347	Loglikelihood: -1.90486e+06	(delta): 189986
3 (EM) 	Elapsed: 10.088	Loglikelihood: -1.87773e+06	(delta): 27129.9
4 (EM) 	Elapsed: 9.259	Loglikelihood: -1.85928e+06	(delta): 18446.5
5 (EM) 	Elapsed: 9.228	Loglikelihood: -1.8416e+06	(delta): 17676.5
Initial loglikelihood: -1.8416e+06
Starting main algorithm
1 (QN/Block) 	Elapsed: 3.167	Loglikelihood: -1.32788e+06	(delta): 513722
2 (QN/Block) 	Elapsed: 3.208	Loglikelihood: -1.14831e+06	(delta): 179570
3 (QN/Block) 	Elapsed: 5.008	Loglikelihood: -1.08613e+06	(delta): 62177.7
4 (QN/Block) 	Elapsed: 4.41	Loglikelihood: -1.04354e+06	(delta): 42597.8
5 (QN/Block) 	Elapsed: 4.373	Loglikelihood: -1.01973e+06	(delta): 23810.6
6 (QN/Block) 	Elapsed: 5.378	Loglikelihood: -1.0071e+06	(delta): 12625.5
7 (QN/Block) 	Elapsed: 5.921	Loglikelihood: -1.00355e+06	(delta): 3550.42
8 (QN/Block) 	Elapsed: 4.32	Loglikelihood: -1.00236e+06	(delta): 1193.71
9 (QN/Block) 	Elapsed: 4.337	Loglikelihood: -1.00196e+06	(delta): 398.582
10 (QN/Block) 	Elapsed: 4.313	Loglikelihood: -1.00185e+06	(delta): 105.74
11 (QN/Block) 	Elapsed: 5.397	Loglikelihood: -1.00182e+06	(delta): 32.2589
12 (QN/Block) 	Elapsed: 4.866	Loglikelihood: -1.0018e+06	(delta): 18.0834
13 (QN/Block) 	Elapsed: 4.864	Loglikelihood: -1.0018e+06	(delta): 2.81245
14 (QN/Block) 	Elapsed: 4.365	Loglikelihood: -1.0018e+06	(delta): 0.360927
15 (QN/Block) 	Elapsed: 4.333	Loglikelihood: -1.0018e+06	(delta): 0.0297312
16 (QN/Block) 	Elapsed: 4.361	Loglikelihood: -1.0018e+06	(delta): 0.00071608
17 (QN/Block) 	Elapsed: 4.356	Loglikelihood: -1.0018e+06	(delta): 0.000130838
18 (QN/Block) 	Elapsed: 4.364	Loglikelihood: -1.0018e+06	(delta): 3.42156e-06
Summary: 
Converged in 18 iterations (141.946 sec)
Loglikelihood: -1001798.006770
Fst divergences between estimated populations: 
	Pop0	Pop1	Pop2	Pop3	Pop4	Pop5	Pop6	Pop7	Pop8	Pop9	Pop10	Pop11	Pop12	Pop13	Pop14	Pop15	
Pop0	
Pop1	0.746	
Pop2	0.787	0.540	
Pop3	0.602	0.379	0.390	
Pop4	0.705	0.468	0.404	0.314	
Pop5	0.767	0.515	0.278	0.364	0.387	
Pop6	0.715	0.523	0.584	0.389	0.510	0.559	
Pop7	0.711	0.191	0.507	0.353	0.438	0.479	0.491	
Pop8	0.756	0.512	0.398	0.357	0.320	0.405	0.555	0.479	
Pop9	0.715	0.356	0.521	0.363	0.449	0.494	0.495	0.286	0.495	
Pop10	0.629	0.385	0.317	0.215	0.214	0.292	0.433	0.356	0.272	0.364	
Pop11	0.668	0.430	0.348	0.279	0.148	0.333	0.474	0.400	0.252	0.409	0.156	
Pop12	0.743	0.363	0.542	0.378	0.470	0.516	0.519	0.305	0.513	0.283	0.389	0.430	
Pop13	0.679	0.412	0.473	0.243	0.398	0.446	0.468	0.394	0.438	0.409	0.305	0.364	0.422	
Pop14	0.617	0.355	0.418	0.180	0.344	0.391	0.409	0.341	0.383	0.349	0.250	0.307	0.360	0.153	
Pop15	0.645	0.403	0.307	0.249	0.232	0.268	0.451	0.372	0.288	0.383	0.115	0.168	0.410	0.335	0.280	
Pop16	0.987	0.794	0.818	0.686	0.747	0.799	0.802	0.764	0.791	0.770	0.678	0.715	0.793	0.744	0.694	0.695	
CV error (K=17): 0.13752
Writing output files.
