****                   ADMIXTURE Version 1.3.0                  ****
****                    Copyright 2008-2015                     ****
****           David Alexander, Suyash Shringarpure,            ****
****                John  Novembre, Ken Lange                   ****
****                                                            ****
****                 Please cite our paper!                     ****
****   Information at www.genetics.ucla.edu/software/admixture  ****

Cross-validation will be performed.  Folds=10.
Parallel execution requested.  Will use 8 threads.
Random seed: 20260926
Point estimation method: Block relaxation algorithm
Convergence acceleration algorithm: QuasiNewton, 3 secant conditions
Point estimation will terminate when objective function delta < 1e-05
Estimation of standard errors disabled; will compute point estimates only.
Size of G: 380x17027
Performing five EM steps to prime main algorithm
1 (EM) 	Elapsed: 12.391	Loglikelihood: -2.09407e+06	(delta): 6.22277e+06
2 (EM) 	Elapsed: 12.61	Loglikelihood: -1.90296e+06	(delta): 191113
3 (EM) 	Elapsed: 13.167	Loglikelihood: -1.87673e+06	(delta): 26230.1
4 (EM) 	Elapsed: 12.623	Loglikelihood: -1.85995e+06	(delta): 16783.3
5 (EM) 	Elapsed: 12.552	Loglikelihood: -1.84398e+06	(delta): 15969.3
Initial loglikelihood: -1.84398e+06
Starting main algorithm
1 (QN/Block) 	Elapsed: 4.203	Loglikelihood: -1.2928e+06	(delta): 551173
2 (QN/Block) 	Elapsed: 3.995	Loglikelihood: -1.10479e+06	(delta): 188017
3 (QN/Block) 	Elapsed: 5.254	Loglikelihood: -1.03656e+06	(delta): 68227.6
4 (QN/Block) 	Elapsed: 6.967	Loglikelihood: -1.0027e+06	(delta): 33861.2
5 (QN/Block) 	Elapsed: 6.964	Loglikelihood: -989966	(delta): 12731.7
6 (QN/Block) 	Elapsed: 5.049	Loglikelihood: -983985	(delta): 5980.69
7 (QN/Block) 	Elapsed: 4.986	Loglikelihood: -981901	(delta): 2084.34
8 (QN/Block) 	Elapsed: 5.969	Loglikelihood: -979209	(delta): 2691.9
9 (QN/Block) 	Elapsed: 5.125	Loglikelihood: -977891	(delta): 1317.96
10 (QN/Block) 	Elapsed: 5.127	Loglikelihood: -977495	(delta): 395.796
11 (QN/Block) 	Elapsed: 5.082	Loglikelihood: -977369	(delta): 126.336
12 (QN/Block) 	Elapsed: 5.121	Loglikelihood: -977331	(delta): 38.1461
13 (QN/Block) 	Elapsed: 5.239	Loglikelihood: -977317	(delta): 13.2472
14 (QN/Block) 	Elapsed: 5.427	Loglikelihood: -977314	(delta): 3.24341
15 (QN/Block) 	Elapsed: 5.439	Loglikelihood: -977313	(delta): 1.5447
16 (QN/Block) 	Elapsed: 5.777	Loglikelihood: -977312	(delta): 0.851391
17 (QN/Block) 	Elapsed: 6.395	Loglikelihood: -977311	(delta): 0.595911
18 (QN/Block) 	Elapsed: 5.202	Loglikelihood: -977311	(delta): 0.0628081
19 (QN/Block) 	Elapsed: 5.112	Loglikelihood: -977311	(delta): 0.0276475
20 (QN/Block) 	Elapsed: 5.177	Loglikelihood: -977311	(delta): 0.0170286
21 (QN/Block) 	Elapsed: 5.121	Loglikelihood: -977311	(delta): 0.00305817
22 (QN/Block) 	Elapsed: 5.167	Loglikelihood: -977311	(delta): 0.00133539
23 (QN/Block) 	Elapsed: 5.123	Loglikelihood: -977311	(delta): 0.000248931
24 (QN/Block) 	Elapsed: 5.148	Loglikelihood: -977311	(delta): 0.000140032
25 (QN/Block) 	Elapsed: 5.155	Loglikelihood: -977311	(delta): 2.76952e-06
Summary: 
Converged in 25 iterations (216.871 sec)
Loglikelihood: -977311.074115
Fst divergences between estimated populations: 
	Pop0	Pop1	Pop2	Pop3	Pop4	Pop5	Pop6	Pop7	Pop8	Pop9	Pop10	Pop11	Pop12	Pop13	Pop14	Pop15	Pop16	Pop17	Pop18	
Pop0	
Pop1	0.521	
Pop2	0.469	0.400	
Pop3	0.809	0.704	0.676	
Pop4	0.196	0.450	0.385	0.718	
Pop5	0.566	0.321	0.438	0.754	0.489	
Pop6	0.426	0.317	0.244	0.597	0.355	0.357	
Pop7	0.433	0.476	0.425	0.743	0.349	0.517	0.381	
Pop8	0.571	0.384	0.450	0.759	0.493	0.377	0.368	0.521	
Pop9	0.439	0.346	0.211	0.628	0.363	0.384	0.139	0.393	0.397	
Pop10	0.844	0.745	0.742	0.987	0.769	0.788	0.681	0.792	0.792	0.703	
Pop11	0.493	0.154	0.376	0.680	0.422	0.262	0.291	0.446	0.342	0.320	0.724	
Pop12	0.400	0.510	0.471	0.787	0.300	0.550	0.422	0.413	0.555	0.439	0.822	0.482	
Pop13	0.263	0.441	0.395	0.714	0.173	0.480	0.353	0.304	0.485	0.366	0.765	0.413	0.226	
Pop14	0.578	0.512	0.469	0.713	0.502	0.555	0.389	0.523	0.562	0.418	0.799	0.487	0.563	0.494	
Pop15	0.468	0.255	0.356	0.656	0.400	0.312	0.274	0.430	0.312	0.301	0.703	0.208	0.458	0.391	0.466	
Pop16	0.476	0.257	0.353	0.673	0.406	0.307	0.264	0.436	0.297	0.292	0.717	0.210	0.463	0.395	0.475	0.135	
Pop17	0.414	0.449	0.407	0.710	0.337	0.493	0.360	0.280	0.496	0.374	0.764	0.419	0.376	0.281	0.494	0.397	0.404	
Pop18	0.419	0.360	0.163	0.628	0.337	0.398	0.198	0.373	0.411	0.164	0.703	0.332	0.426	0.350	0.423	0.316	0.311	0.358	
Pop19	0.434	0.221	0.308	0.628	0.368	0.277	0.218	0.395	0.299	0.249	0.675	0.176	0.426	0.359	0.436	0.142	0.150	0.364	0.267	
CV error (K=20): 0.14020
Writing output files.
