****                   ADMIXTURE Version 1.3.0                  ****
****                    Copyright 2008-2015                     ****
****           David Alexander, Suyash Shringarpure,            ****
****                John  Novembre, Ken Lange                   ****
****                                                            ****
****                 Please cite our paper!                     ****
****   Information at www.genetics.ucla.edu/software/admixture  ****

Cross-validation will be performed.  Folds=10.
Parallel execution requested.  Will use 8 threads.
Random seed: 20260926
Point estimation method: Block relaxation algorithm
Convergence acceleration algorithm: QuasiNewton, 3 secant conditions
Point estimation will terminate when objective function delta < 1e-05
Estimation of standard errors disabled; will compute point estimates only.
Size of G: 380x17027
Performing five EM steps to prime main algorithm
1 (EM) 	Elapsed: 17.538	Loglikelihood: -2.09411e+06	(delta): 6.19715e+06
2 (EM) 	Elapsed: 17.539	Loglikelihood: -1.9013e+06	(delta): 192811
3 (EM) 	Elapsed: 17.434	Loglikelihood: -1.8758e+06	(delta): 25496.8
4 (EM) 	Elapsed: 17.413	Loglikelihood: -1.85959e+06	(delta): 16215.5
5 (EM) 	Elapsed: 17.417	Loglikelihood: -1.84437e+06	(delta): 15222.7
Initial loglikelihood: -1.84437e+06
Starting main algorithm
1 (QN/Block) 	Elapsed: 4.539	Loglikelihood: -1.29124e+06	(delta): 553121
2 (QN/Block) 	Elapsed: 5.182	Loglikelihood: -1.0983e+06	(delta): 192949
3 (QN/Block) 	Elapsed: 6.405	Loglikelihood: -1.02306e+06	(delta): 75238.4
4 (QN/Block) 	Elapsed: 8.444	Loglikelihood: -980890	(delta): 42166.5
5 (QN/Block) 	Elapsed: 6.153	Loglikelihood: -963715	(delta): 17175.5
6 (QN/Block) 	Elapsed: 8.251	Loglikelihood: -955465	(delta): 8250.04
7 (QN/Block) 	Elapsed: 6.11	Loglikelihood: -950250	(delta): 5214.86
8 (QN/Block) 	Elapsed: 6.038	Loglikelihood: -948025	(delta): 2224.43
9 (QN/Block) 	Elapsed: 6.108	Loglikelihood: -947391	(delta): 634.815
10 (QN/Block) 	Elapsed: 6.077	Loglikelihood: -946955	(delta): 435.845
11 (QN/Block) 	Elapsed: 6.767	Loglikelihood: -946519	(delta): 435.698
12 (QN/Block) 	Elapsed: 7.539	Loglikelihood: -945277	(delta): 1242.47
13 (QN/Block) 	Elapsed: 8.285	Loglikelihood: -944753	(delta): 523.901
14 (QN/Block) 	Elapsed: 6.093	Loglikelihood: -944608	(delta): 144.164
15 (QN/Block) 	Elapsed: 6.126	Loglikelihood: -944571	(delta): 37.1069
16 (QN/Block) 	Elapsed: 8.288	Loglikelihood: -944559	(delta): 12.5051
17 (QN/Block) 	Elapsed: 6.484	Loglikelihood: -944554	(delta): 4.9485
18 (QN/Block) 	Elapsed: 6.282	Loglikelihood: -944552	(delta): 1.94094
19 (QN/Block) 	Elapsed: 6.988	Loglikelihood: -944551	(delta): 0.698979
20 (QN/Block) 	Elapsed: 6.148	Loglikelihood: -944551	(delta): 0.0992022
21 (QN/Block) 	Elapsed: 6.069	Loglikelihood: -944551	(delta): 0.0325943
22 (QN/Block) 	Elapsed: 6.788	Loglikelihood: -944551	(delta): 0.0042781
23 (QN/Block) 	Elapsed: 7.547	Loglikelihood: -944551	(delta): 0.00338368
24 (QN/Block) 	Elapsed: 6.086	Loglikelihood: -944551	(delta): 0.00471635
25 (QN/Block) 	Elapsed: 6.052	Loglikelihood: -944551	(delta): 0.00147551
26 (QN/Block) 	Elapsed: 6.067	Loglikelihood: -944551	(delta): 0.000947931
27 (QN/Block) 	Elapsed: 6.071	Loglikelihood: -944551	(delta): 0.00146028
28 (QN/Block) 	Elapsed: 6.045	Loglikelihood: -944551	(delta): 0.000588504
29 (QN/Block) 	Elapsed: 6.065	Loglikelihood: -944551	(delta): 6.53064e-05
30 (QN/Block) 	Elapsed: 6.107	Loglikelihood: -944551	(delta): 2.17336e-05
31 (QN/Block) 	Elapsed: 6.072	Loglikelihood: -944551	(delta): 2.44169e-06
Summary: 
Converged in 31 iterations (316.487 sec)
Loglikelihood: -944551.136631
Fst divergences between estimated populations: 
	Pop0	Pop1	Pop2	Pop3	Pop4	Pop5	Pop6	Pop7	Pop8	Pop9	Pop10	Pop11	Pop12	Pop13	Pop14	Pop15	Pop16	Pop17	Pop18	Pop19	Pop20	Pop21	Pop22	
Pop0	
Pop1	0.389	
Pop2	0.489	0.449	
Pop3	0.376	0.329	0.367	
Pop4	0.278	0.255	0.401	0.277	
Pop5	0.553	0.510	0.230	0.430	0.462	
Pop6	0.761	0.701	0.719	0.602	0.667	0.784	
Pop7	0.404	0.321	0.488	0.370	0.306	0.550	0.751	
Pop8	0.315	0.235	0.380	0.253	0.173	0.441	0.639	0.296	
Pop9	0.446	0.400	0.402	0.255	0.353	0.471	0.673	0.439	0.327	
Pop10	0.516	0.471	0.289	0.394	0.428	0.386	0.740	0.515	0.402	0.436	
Pop11	0.349	0.155	0.421	0.304	0.208	0.482	0.678	0.263	0.190	0.377	0.443	
Pop12	0.492	0.450	0.174	0.362	0.405	0.302	0.714	0.489	0.383	0.385	0.350	0.423	
Pop13	0.354	0.283	0.376	0.134	0.242	0.437	0.618	0.332	0.214	0.269	0.400	0.249	0.373	
Pop14	0.321	0.256	0.397	0.255	0.167	0.457	0.658	0.307	0.139	0.336	0.421	0.213	0.397	0.217	
Pop15	0.570	0.521	0.263	0.434	0.475	0.400	0.805	0.566	0.449	0.468	0.432	0.493	0.197	0.444	0.468	
Pop16	0.391	0.346	0.373	0.151	0.292	0.438	0.626	0.384	0.271	0.211	0.401	0.322	0.363	0.177	0.274	0.439	
Pop17	0.277	0.406	0.517	0.402	0.322	0.580	0.783	0.398	0.340	0.474	0.542	0.364	0.517	0.379	0.348	0.597	0.419	
Pop18	0.560	0.512	0.502	0.395	0.474	0.563	0.711	0.555	0.450	0.469	0.523	0.487	0.502	0.416	0.466	0.578	0.418	0.585	
Pop19	0.405	0.360	0.357	0.209	0.311	0.425	0.625	0.398	0.287	0.163	0.387	0.333	0.337	0.224	0.293	0.419	0.164	0.433	0.423	
Pop20	0.521	0.477	0.337	0.396	0.431	0.416	0.743	0.522	0.406	0.436	0.293	0.448	0.372	0.399	0.423	0.452	0.402	0.550	0.523	0.386	
Pop21	0.519	0.475	0.317	0.387	0.434	0.413	0.738	0.516	0.408	0.425	0.288	0.446	0.350	0.399	0.427	0.433	0.393	0.546	0.522	0.373	0.325	
Pop22	0.796	0.745	0.772	0.689	0.714	0.822	0.987	0.788	0.688	0.742	0.792	0.725	0.769	0.692	0.706	0.844	0.704	0.816	0.799	0.704	0.794	0.791	
Pop23	0.303	0.260	0.402	0.289	0.136	0.462	0.656	0.317	0.149	0.359	0.427	0.211	0.404	0.256	0.199	0.471	0.304	0.341	0.469	0.319	0.427	0.433	0.707	
CV error (K=24): 0.14247
Writing output files.
