****                   ADMIXTURE Version 1.3.0                  ****
****                    Copyright 2008-2015                     ****
****           David Alexander, Suyash Shringarpure,            ****
****                John  Novembre, Ken Lange                   ****
****                                                            ****
****                 Please cite our paper!                     ****
****   Information at www.genetics.ucla.edu/software/admixture  ****

Cross-validation will be performed.  Folds=10.
Parallel execution requested.  Will use 8 threads.
Random seed: 20260926
Point estimation method: Block relaxation algorithm
Convergence acceleration algorithm: QuasiNewton, 3 secant conditions
Point estimation will terminate when objective function delta < 1e-05
Estimation of standard errors disabled; will compute point estimates only.
Size of G: 380x17027
Performing five EM steps to prime main algorithm
1 (EM) 	Elapsed: 18.698	Loglikelihood: -2.09372e+06	(delta): 6.18787e+06
2 (EM) 	Elapsed: 18.771	Loglikelihood: -1.89935e+06	(delta): 194366
3 (EM) 	Elapsed: 18.807	Loglikelihood: -1.87358e+06	(delta): 25768.3
4 (EM) 	Elapsed: 19.247	Loglikelihood: -1.85662e+06	(delta): 16964.7
5 (EM) 	Elapsed: 19.143	Loglikelihood: -1.8396e+06	(delta): 17012.2
Initial loglikelihood: -1.8396e+06
Starting main algorithm
1 (QN/Block) 	Elapsed: 4.877	Loglikelihood: -1.29172e+06	(delta): 547885
2 (QN/Block) 	Elapsed: 4.872	Loglikelihood: -1.07781e+06	(delta): 213908
3 (QN/Block) 	Elapsed: 7.404	Loglikelihood: -1.00088e+06	(delta): 76930.4
4 (QN/Block) 	Elapsed: 8.764	Loglikelihood: -963024	(delta): 37857.2
5 (QN/Block) 	Elapsed: 6.35	Loglikelihood: -945841	(delta): 17182.7
6 (QN/Block) 	Elapsed: 8.498	Loglikelihood: -938667	(delta): 7174.35
7 (QN/Block) 	Elapsed: 6.68	Loglikelihood: -935842	(delta): 2825.09
8 (QN/Block) 	Elapsed: 9.402	Loglikelihood: -934927	(delta): 914.591
9 (QN/Block) 	Elapsed: 6.324	Loglikelihood: -934466	(delta): 461.293
10 (QN/Block) 	Elapsed: 6.307	Loglikelihood: -934050	(delta): 415.627
11 (QN/Block) 	Elapsed: 8.508	Loglikelihood: -933611	(delta): 439.092
12 (QN/Block) 	Elapsed: 6.311	Loglikelihood: -933448	(delta): 163.369
13 (QN/Block) 	Elapsed: 6.69	Loglikelihood: -933417	(delta): 30.894
14 (QN/Block) 	Elapsed: 8.589	Loglikelihood: -933407	(delta): 9.50734
15 (QN/Block) 	Elapsed: 6.333	Loglikelihood: -933402	(delta): 4.90784
16 (QN/Block) 	Elapsed: 7.074	Loglikelihood: -933401	(delta): 1.39335
17 (QN/Block) 	Elapsed: 7.071	Loglikelihood: -933401	(delta): 0.268279
18 (QN/Block) 	Elapsed: 7.08	Loglikelihood: -933401	(delta): 0.103666
19 (QN/Block) 	Elapsed: 6.325	Loglikelihood: -933401	(delta): 0.0169073
20 (QN/Block) 	Elapsed: 6.332	Loglikelihood: -933401	(delta): 0.00600682
21 (QN/Block) 	Elapsed: 6.328	Loglikelihood: -933400	(delta): 0.002246
22 (QN/Block) 	Elapsed: 6.319	Loglikelihood: -933400	(delta): 0.000244347
23 (QN/Block) 	Elapsed: 6.318	Loglikelihood: -933400	(delta): 6.92004e-05
24 (QN/Block) 	Elapsed: 6.3	Loglikelihood: -933400	(delta): 6.03055e-06
Summary: 
Converged in 24 iterations (283.597 sec)
Loglikelihood: -933400.498220
Fst divergences between estimated populations: 
	Pop0	Pop1	Pop2	Pop3	Pop4	Pop5	Pop6	Pop7	Pop8	Pop9	Pop10	Pop11	Pop12	Pop13	Pop14	Pop15	Pop16	Pop17	Pop18	Pop19	Pop20	Pop21	Pop22	Pop23	
Pop0	
Pop1	0.263	
Pop2	0.450	0.405	
Pop3	0.233	0.344	0.519	
Pop4	0.334	0.417	0.598	0.406	
Pop5	0.404	0.363	0.531	0.474	0.545	
Pop6	0.167	0.298	0.483	0.255	0.324	0.435	
Pop7	0.444	0.409	0.593	0.521	0.597	0.433	0.476	
Pop8	0.185	0.315	0.494	0.152	0.362	0.444	0.215	0.492	
Pop9	0.195	0.322	0.512	0.289	0.362	0.466	0.111	0.509	0.240	
Pop10	0.685	0.689	0.823	0.744	0.816	0.791	0.715	0.844	0.723	0.745	
Pop11	0.242	0.188	0.394	0.326	0.401	0.386	0.276	0.434	0.300	0.305	0.689	
Pop12	0.335	0.250	0.466	0.409	0.478	0.334	0.365	0.246	0.381	0.394	0.734	0.308	
Pop13	0.371	0.345	0.503	0.444	0.511	0.316	0.397	0.268	0.415	0.428	0.763	0.364	0.215	
Pop14	0.604	0.583	0.623	0.675	0.761	0.709	0.640	0.777	0.649	0.674	0.972	0.572	0.639	0.679	
Pop15	0.308	0.389	0.571	0.388	0.277	0.518	0.280	0.570	0.349	0.320	0.796	0.375	0.452	0.482	0.737	
Pop16	0.385	0.341	0.517	0.456	0.523	0.349	0.412	0.196	0.428	0.442	0.776	0.372	0.150	0.157	0.693	0.498	
Pop17	0.401	0.375	0.533	0.476	0.550	0.325	0.433	0.453	0.446	0.462	0.794	0.396	0.353	0.331	0.715	0.521	0.372	
Pop18	0.320	0.151	0.470	0.400	0.474	0.425	0.356	0.470	0.374	0.382	0.743	0.254	0.316	0.399	0.653	0.446	0.398	0.436	
Pop19	0.290	0.382	0.567	0.321	0.398	0.516	0.307	0.567	0.262	0.344	0.788	0.369	0.449	0.483	0.726	0.404	0.496	0.522	0.439	
Pop20	0.189	0.197	0.409	0.269	0.363	0.388	0.228	0.432	0.230	0.255	0.678	0.127	0.309	0.362	0.573	0.338	0.372	0.388	0.261	0.317	
Pop21	0.396	0.374	0.533	0.469	0.541	0.285	0.428	0.430	0.440	0.457	0.791	0.392	0.338	0.287	0.711	0.514	0.344	0.293	0.435	0.513	0.387	
Pop22	0.640	0.614	0.743	0.704	0.786	0.743	0.673	0.810	0.681	0.707	0.987	0.607	0.675	0.714	0.959	0.765	0.728	0.747	0.678	0.755	0.610	0.743	
Pop23	0.149	0.304	0.475	0.260	0.343	0.434	0.150	0.473	0.214	0.166	0.709	0.287	0.366	0.398	0.631	0.304	0.411	0.427	0.359	0.318	0.241	0.426	0.664	
Pop24	0.169	0.306	0.475	0.198	0.340	0.430	0.163	0.473	0.120	0.189	0.703	0.288	0.366	0.398	0.625	0.315	0.411	0.429	0.362	0.277	0.231	0.425	0.658	0.143	
CV error (K=25): 0.14080
Writing output files.
