****                   ADMIXTURE Version 1.3.0                  ****
****                    Copyright 2008-2015                     ****
****           David Alexander, Suyash Shringarpure,            ****
****                John  Novembre, Ken Lange                   ****
****                                                            ****
****                 Please cite our paper!                     ****
****   Information at www.genetics.ucla.edu/software/admixture  ****

Cross-validation will be performed.  Folds=10.
Parallel execution requested.  Will use 8 threads.
Random seed: 20260930
Point estimation method: Block relaxation algorithm
Convergence acceleration algorithm: QuasiNewton, 3 secant conditions
Point estimation will terminate when objective function delta < 1e-05
Estimation of standard errors disabled; will compute point estimates only.
Size of G: 380x17027
Performing five EM steps to prime main algorithm
1 (EM) 	Elapsed: 3.766	Loglikelihood: -2.09621e+06	(delta): 6.41291e+06
2 (EM) 	Elapsed: 3.714	Loglikelihood: -1.91465e+06	(delta): 181566
3 (EM) 	Elapsed: 3.729	Loglikelihood: -1.88894e+06	(delta): 25705.1
4 (EM) 	Elapsed: 3.719	Loglikelihood: -1.87405e+06	(delta): 14888.6
5 (EM) 	Elapsed: 3.721	Loglikelihood: -1.86169e+06	(delta): 12362.2
Initial loglikelihood: -1.86169e+06
Starting main algorithm
1 (QN/Block) 	Elapsed: 1.981	Loglikelihood: -1.39702e+06	(delta): 464674
2 (QN/Block) 	Elapsed: 2.011	Loglikelihood: -1.23858e+06	(delta): 158435
3 (QN/Block) 	Elapsed: 3.084	Loglikelihood: -1.17333e+06	(delta): 65248.3
4 (QN/Block) 	Elapsed: 3.081	Loglikelihood: -1.13353e+06	(delta): 39801.5
5 (QN/Block) 	Elapsed: 3.735	Loglikelihood: -1.1149e+06	(delta): 18628.9
6 (QN/Block) 	Elapsed: 2.743	Loglikelihood: -1.10737e+06	(delta): 7535.33
7 (QN/Block) 	Elapsed: 3.689	Loglikelihood: -1.10523e+06	(delta): 2141.29
8 (QN/Block) 	Elapsed: 2.732	Loglikelihood: -1.10435e+06	(delta): 876.773
9 (QN/Block) 	Elapsed: 2.738	Loglikelihood: -1.10382e+06	(delta): 527.821
10 (QN/Block) 	Elapsed: 3.057	Loglikelihood: -1.1032e+06	(delta): 617.364
11 (QN/Block) 	Elapsed: 2.732	Loglikelihood: -1.10267e+06	(delta): 531.01
12 (QN/Block) 	Elapsed: 2.746	Loglikelihood: -1.10251e+06	(delta): 165.866
13 (QN/Block) 	Elapsed: 2.731	Loglikelihood: -1.10243e+06	(delta): 72.4934
14 (QN/Block) 	Elapsed: 2.731	Loglikelihood: -1.1024e+06	(delta): 35.1624
15 (QN/Block) 	Elapsed: 2.727	Loglikelihood: -1.10239e+06	(delta): 11.7536
16 (QN/Block) 	Elapsed: 3.699	Loglikelihood: -1.10239e+06	(delta): 2.3615
17 (QN/Block) 	Elapsed: 3.051	Loglikelihood: -1.10239e+06	(delta): 0.258124
18 (QN/Block) 	Elapsed: 3.051	Loglikelihood: -1.10239e+06	(delta): 0.0875491
19 (QN/Block) 	Elapsed: 3.368	Loglikelihood: -1.10239e+06	(delta): 0.0450207
20 (QN/Block) 	Elapsed: 3.691	Loglikelihood: -1.10239e+06	(delta): 0.0161242
21 (QN/Block) 	Elapsed: 2.738	Loglikelihood: -1.10239e+06	(delta): 0.00906601
22 (QN/Block) 	Elapsed: 3.058	Loglikelihood: -1.10239e+06	(delta): 0.00562557
23 (QN/Block) 	Elapsed: 2.742	Loglikelihood: -1.10239e+06	(delta): 0.00526798
24 (QN/Block) 	Elapsed: 2.73	Loglikelihood: -1.10239e+06	(delta): 0.00180911
25 (QN/Block) 	Elapsed: 2.725	Loglikelihood: -1.10239e+06	(delta): 0.000222435
26 (QN/Block) 	Elapsed: 2.729	Loglikelihood: -1.10239e+06	(delta): 9.63232e-05
27 (QN/Block) 	Elapsed: 2.729	Loglikelihood: -1.10239e+06	(delta): 2.88894e-05
28 (QN/Block) 	Elapsed: 2.741	Loglikelihood: -1.10239e+06	(delta): 1.84029e-06
Summary: 
Converged in 28 iterations (111.628 sec)
Loglikelihood: -1102385.278356
Fst divergences between estimated populations: 
	Pop0	Pop1	Pop2	Pop3	Pop4	Pop5	Pop6	Pop7	Pop8	
Pop0	
Pop1	0.328	
Pop2	0.679	0.735	
Pop3	0.359	0.499	0.788	
Pop4	0.182	0.356	0.691	0.393	
Pop5	0.351	0.494	0.786	0.371	0.383	
Pop6	0.235	0.393	0.685	0.271	0.275	0.278	
Pop7	0.351	0.437	0.763	0.483	0.335	0.481	0.370	
Pop8	0.316	0.395	0.726	0.450	0.307	0.448	0.338	0.253	
Pop9	0.250	0.401	0.688	0.306	0.287	0.236	0.152	0.382	0.347	
CV error (K=10): 0.14587
Writing output files.
