****                   ADMIXTURE Version 1.3.0                  ****
****                    Copyright 2008-2015                     ****
****           David Alexander, Suyash Shringarpure,            ****
****                John  Novembre, Ken Lange                   ****
****                                                            ****
****                 Please cite our paper!                     ****
****   Information at www.genetics.ucla.edu/software/admixture  ****

Cross-validation will be performed.  Folds=10.
Parallel execution requested.  Will use 8 threads.
Random seed: 20260930
Point estimation method: Block relaxation algorithm
Convergence acceleration algorithm: QuasiNewton, 3 secant conditions
Point estimation will terminate when objective function delta < 1e-05
Estimation of standard errors disabled; will compute point estimates only.
Size of G: 380x17027
Performing five EM steps to prime main algorithm
1 (EM) 	Elapsed: 4.373	Loglikelihood: -2.09592e+06	(delta): 6.38482e+06
2 (EM) 	Elapsed: 4.359	Loglikelihood: -1.9106e+06	(delta): 185322
3 (EM) 	Elapsed: 4.351	Loglikelihood: -1.88238e+06	(delta): 28221.2
4 (EM) 	Elapsed: 4.347	Loglikelihood: -1.86476e+06	(delta): 17618
5 (EM) 	Elapsed: 4.354	Loglikelihood: -1.8493e+06	(delta): 15459.3
Initial loglikelihood: -1.8493e+06
Starting main algorithm
1 (QN/Block) 	Elapsed: 2.114	Loglikelihood: -1.37627e+06	(delta): 473036
2 (QN/Block) 	Elapsed: 2.14	Loglikelihood: -1.205e+06	(delta): 171263
3 (QN/Block) 	Elapsed: 2.966	Loglikelihood: -1.14499e+06	(delta): 60014.2
4 (QN/Block) 	Elapsed: 4.007	Loglikelihood: -1.10776e+06	(delta): 37227.4
5 (QN/Block) 	Elapsed: 2.947	Loglikelihood: -1.0915e+06	(delta): 16258.9
6 (QN/Block) 	Elapsed: 3.962	Loglikelihood: -1.08473e+06	(delta): 6770.22
7 (QN/Block) 	Elapsed: 3.285	Loglikelihood: -1.08273e+06	(delta): 2003.49
8 (QN/Block) 	Elapsed: 2.935	Loglikelihood: -1.08218e+06	(delta): 548.601
9 (QN/Block) 	Elapsed: 3.998	Loglikelihood: -1.08206e+06	(delta): 116.984
10 (QN/Block) 	Elapsed: 2.942	Loglikelihood: -1.08205e+06	(delta): 9.23236
11 (QN/Block) 	Elapsed: 3.988	Loglikelihood: -1.08205e+06	(delta): 1.1573
12 (QN/Block) 	Elapsed: 3.991	Loglikelihood: -1.08205e+06	(delta): 0.0489913
13 (QN/Block) 	Elapsed: 2.936	Loglikelihood: -1.08205e+06	(delta): 0.00530032
14 (QN/Block) 	Elapsed: 3.293	Loglikelihood: -1.08205e+06	(delta): 0.000111279
15 (QN/Block) 	Elapsed: 2.944	Loglikelihood: -1.08205e+06	(delta): 2.9763e-05
16 (QN/Block) 	Elapsed: 2.944	Loglikelihood: -1.08205e+06	(delta): 3.6601e-06
Summary: 
Converged in 16 iterations (81.371 sec)
Loglikelihood: -1082052.132680
Fst divergences between estimated populations: 
	Pop0	Pop1	Pop2	Pop3	Pop4	Pop5	Pop6	Pop7	Pop8	Pop9	
Pop0	
Pop1	0.318	
Pop2	0.378	0.287	
Pop3	0.450	0.363	0.339	
Pop4	0.342	0.245	0.187	0.273	
Pop5	0.324	0.213	0.170	0.288	0.110	
Pop6	0.395	0.329	0.430	0.499	0.396	0.383	
Pop7	0.307	0.185	0.321	0.394	0.281	0.253	0.357	
Pop8	0.449	0.354	0.262	0.372	0.282	0.269	0.495	0.384	
Pop9	0.253	0.353	0.414	0.483	0.374	0.359	0.437	0.335	0.482	
Pop10	0.726	0.680	0.719	0.788	0.687	0.672	0.735	0.692	0.787	0.764	
CV error (K=11): 0.14407
Writing output files.
