****                   ADMIXTURE Version 1.3.0                  ****
****                    Copyright 2008-2015                     ****
****           David Alexander, Suyash Shringarpure,            ****
****                John  Novembre, Ken Lange                   ****
****                                                            ****
****                 Please cite our paper!                     ****
****   Information at www.genetics.ucla.edu/software/admixture  ****

Cross-validation will be performed.  Folds=10.
Parallel execution requested.  Will use 8 threads.
Random seed: 20260930
Point estimation method: Block relaxation algorithm
Convergence acceleration algorithm: QuasiNewton, 3 secant conditions
Point estimation will terminate when objective function delta < 1e-05
Estimation of standard errors disabled; will compute point estimates only.
Size of G: 380x17027
Performing five EM steps to prime main algorithm
1 (EM) 	Elapsed: 5.061	Loglikelihood: -2.09767e+06	(delta): 6.35503e+06
2 (EM) 	Elapsed: 5.012	Loglikelihood: -1.91366e+06	(delta): 184008
3 (EM) 	Elapsed: 5.02	Loglikelihood: -1.88824e+06	(delta): 25413
4 (EM) 	Elapsed: 5.025	Loglikelihood: -1.87317e+06	(delta): 15075.8
5 (EM) 	Elapsed: 5.025	Loglikelihood: -1.86026e+06	(delta): 12909.8
Initial loglikelihood: -1.86026e+06
Starting main algorithm
1 (QN/Block) 	Elapsed: 2.244	Loglikelihood: -1.39118e+06	(delta): 469080
2 (QN/Block) 	Elapsed: 2.316	Loglikelihood: -1.19047e+06	(delta): 200704
3 (QN/Block) 	Elapsed: 3.182	Loglikelihood: -1.12688e+06	(delta): 63589.2
4 (QN/Block) 	Elapsed: 3.155	Loglikelihood: -1.08966e+06	(delta): 37224.1
5 (QN/Block) 	Elapsed: 4.28	Loglikelihood: -1.07614e+06	(delta): 13518.8
6 (QN/Block) 	Elapsed: 3.134	Loglikelihood: -1.06993e+06	(delta): 6214.03
7 (QN/Block) 	Elapsed: 3.113	Loglikelihood: -1.06673e+06	(delta): 3193.36
8 (QN/Block) 	Elapsed: 3.112	Loglikelihood: -1.06586e+06	(delta): 872.957
9 (QN/Block) 	Elapsed: 4.264	Loglikelihood: -1.06559e+06	(delta): 266.126
10 (QN/Block) 	Elapsed: 4.294	Loglikelihood: -1.06553e+06	(delta): 60.1817
11 (QN/Block) 	Elapsed: 4.271	Loglikelihood: -1.0655e+06	(delta): 31.2637
12 (QN/Block) 	Elapsed: 3.141	Loglikelihood: -1.06549e+06	(delta): 15.3832
13 (QN/Block) 	Elapsed: 3.159	Loglikelihood: -1.06548e+06	(delta): 5.28731
14 (QN/Block) 	Elapsed: 3.519	Loglikelihood: -1.06548e+06	(delta): 0.474133
15 (QN/Block) 	Elapsed: 3.14	Loglikelihood: -1.06548e+06	(delta): 0.035958
16 (QN/Block) 	Elapsed: 4.295	Loglikelihood: -1.06548e+06	(delta): 0.013568
17 (QN/Block) 	Elapsed: 3.145	Loglikelihood: -1.06548e+06	(delta): 0.00838524
18 (QN/Block) 	Elapsed: 3.138	Loglikelihood: -1.06548e+06	(delta): 0.000282755
19 (QN/Block) 	Elapsed: 3.168	Loglikelihood: -1.06548e+06	(delta): 7.24148e-05
20 (QN/Block) 	Elapsed: 3.143	Loglikelihood: -1.06548e+06	(delta): 8.05734e-06
Summary: 
Converged in 20 iterations (102.698 sec)
Loglikelihood: -1065482.246328
Fst divergences between estimated populations: 
	Pop0	Pop1	Pop2	Pop3	Pop4	Pop5	Pop6	Pop7	Pop8	Pop9	Pop10	
Pop0	
Pop1	0.342	
Pop2	0.374	0.253	
Pop3	0.245	0.318	0.353	
Pop4	0.687	0.726	0.764	0.681	
Pop5	0.187	0.378	0.414	0.287	0.720	
Pop6	0.273	0.450	0.483	0.363	0.788	0.339	
Pop7	0.448	0.452	0.495	0.387	0.799	0.483	0.558	
Pop8	0.641	0.667	0.715	0.601	0.987	0.678	0.757	0.715	
Pop9	0.282	0.449	0.482	0.355	0.787	0.262	0.372	0.553	0.754	
Pop10	0.281	0.307	0.335	0.185	0.691	0.321	0.394	0.413	0.619	0.384	
Pop11	0.109	0.324	0.359	0.213	0.672	0.169	0.288	0.432	0.627	0.269	0.253	
CV error (K=12): 0.14159
Writing output files.
