****                   ADMIXTURE Version 1.3.0                  ****
****                    Copyright 2008-2015                     ****
****           David Alexander, Suyash Shringarpure,            ****
****                John  Novembre, Ken Lange                   ****
****                                                            ****
****                 Please cite our paper!                     ****
****   Information at www.genetics.ucla.edu/software/admixture  ****

Cross-validation will be performed.  Folds=10.
Parallel execution requested.  Will use 8 threads.
Random seed: 20260930
Point estimation method: Block relaxation algorithm
Convergence acceleration algorithm: QuasiNewton, 3 secant conditions
Point estimation will terminate when objective function delta < 1e-05
Estimation of standard errors disabled; will compute point estimates only.
Size of G: 380x17027
Performing five EM steps to prime main algorithm
1 (EM) 	Elapsed: 7.453	Loglikelihood: -2.09872e+06	(delta): 6.28671e+06
2 (EM) 	Elapsed: 7.386	Loglikelihood: -1.91065e+06	(delta): 188074
3 (EM) 	Elapsed: 7.393	Loglikelihood: -1.88602e+06	(delta): 24624.9
4 (EM) 	Elapsed: 7.395	Loglikelihood: -1.87126e+06	(delta): 14764.9
5 (EM) 	Elapsed: 7.402	Loglikelihood: -1.85799e+06	(delta): 13264.6
Initial loglikelihood: -1.85799e+06
Starting main algorithm
1 (QN/Block) 	Elapsed: 2.767	Loglikelihood: -1.38033e+06	(delta): 477667
2 (QN/Block) 	Elapsed: 2.801	Loglikelihood: -1.1755e+06	(delta): 204829
3 (QN/Block) 	Elapsed: 3.943	Loglikelihood: -1.09683e+06	(delta): 78666
4 (QN/Block) 	Elapsed: 3.881	Loglikelihood: -1.05566e+06	(delta): 41172
5 (QN/Block) 	Elapsed: 3.826	Loglikelihood: -1.03786e+06	(delta): 17805.3
6 (QN/Block) 	Elapsed: 5.194	Loglikelihood: -1.03206e+06	(delta): 5791.16
7 (QN/Block) 	Elapsed: 3.806	Loglikelihood: -1.03049e+06	(delta): 1573.54
8 (QN/Block) 	Elapsed: 3.821	Loglikelihood: -1.03004e+06	(delta): 446.473
9 (QN/Block) 	Elapsed: 3.818	Loglikelihood: -1.02991e+06	(delta): 134.724
10 (QN/Block) 	Elapsed: 4.29	Loglikelihood: -1.02989e+06	(delta): 18.7865
11 (QN/Block) 	Elapsed: 4.298	Loglikelihood: -1.02989e+06	(delta): 2.79746
12 (QN/Block) 	Elapsed: 3.84	Loglikelihood: -1.02989e+06	(delta): 0.213365
13 (QN/Block) 	Elapsed: 5.25	Loglikelihood: -1.02989e+06	(delta): 0.0315278
14 (QN/Block) 	Elapsed: 3.848	Loglikelihood: -1.02989e+06	(delta): 0.0136805
15 (QN/Block) 	Elapsed: 5.232	Loglikelihood: -1.02989e+06	(delta): 0.00371836
16 (QN/Block) 	Elapsed: 3.833	Loglikelihood: -1.02989e+06	(delta): 0.00327
17 (QN/Block) 	Elapsed: 5.263	Loglikelihood: -1.02989e+06	(delta): 0.779499
18 (QN/Block) 	Elapsed: 5.253	Loglikelihood: -1.02989e+06	(delta): 0.0662336
19 (QN/Block) 	Elapsed: 3.831	Loglikelihood: -1.02989e+06	(delta): 0.000344753
20 (QN/Block) 	Elapsed: 3.843	Loglikelihood: -1.02989e+06	(delta): 1.04145e-05
21 (QN/Block) 	Elapsed: 3.841	Loglikelihood: -1.02989e+06	(delta): 7.55303e-07
Summary: 
Converged in 21 iterations (136.961 sec)
Loglikelihood: -1029886.597773
Fst divergences between estimated populations: 
	Pop0	Pop1	Pop2	Pop3	Pop4	Pop5	Pop6	Pop7	Pop8	Pop9	Pop10	Pop11	Pop12	Pop13	
Pop0	
Pop1	0.275	
Pop2	0.356	0.217	
Pop3	0.392	0.298	0.326	
Pop4	0.509	0.419	0.441	0.353	
Pop5	0.404	0.302	0.267	0.385	0.507	
Pop6	0.796	0.712	0.726	0.692	0.786	0.787	
Pop7	0.478	0.389	0.414	0.341	0.186	0.477	0.759	
Pop8	0.362	0.259	0.292	0.185	0.373	0.355	0.681	0.351	
Pop9	0.498	0.418	0.434	0.357	0.458	0.496	0.735	0.431	0.329	
Pop10	0.489	0.399	0.421	0.349	0.347	0.490	0.763	0.278	0.358	0.432	
Pop11	0.518	0.431	0.448	0.366	0.362	0.515	0.791	0.307	0.378	0.459	0.277	
Pop12	0.291	0.141	0.176	0.254	0.381	0.271	0.672	0.355	0.213	0.383	0.360	0.390	
Pop13	0.276	0.319	0.370	0.420	0.535	0.397	0.815	0.506	0.388	0.523	0.518	0.545	0.316	
Pop14	0.292	0.123	0.206	0.299	0.409	0.300	0.695	0.382	0.265	0.407	0.389	0.421	0.130	0.328	
CV error (K=15): 0.14151
Writing output files.
