****                   ADMIXTURE Version 1.3.0                  ****
****                    Copyright 2008-2015                     ****
****           David Alexander, Suyash Shringarpure,            ****
****                John  Novembre, Ken Lange                   ****
****                                                            ****
****                 Please cite our paper!                     ****
****   Information at www.genetics.ucla.edu/software/admixture  ****

Cross-validation will be performed.  Folds=10.
Parallel execution requested.  Will use 8 threads.
Random seed: 20260930
Point estimation method: Block relaxation algorithm
Convergence acceleration algorithm: QuasiNewton, 3 secant conditions
Point estimation will terminate when objective function delta < 1e-05
Estimation of standard errors disabled; will compute point estimates only.
Size of G: 380x17027
Performing five EM steps to prime main algorithm
1 (EM) 	Elapsed: 8.385	Loglikelihood: -2.09635e+06	(delta): 6.28149e+06
2 (EM) 	Elapsed: 8.339	Loglikelihood: -1.90894e+06	(delta): 187418
3 (EM) 	Elapsed: 8.33	Loglikelihood: -1.88388e+06	(delta): 25052.3
4 (EM) 	Elapsed: 8.244	Loglikelihood: -1.86917e+06	(delta): 14710
5 (EM) 	Elapsed: 8.348	Loglikelihood: -1.85662e+06	(delta): 12551.8
Initial loglikelihood: -1.85662e+06
Starting main algorithm
1 (QN/Block) 	Elapsed: 2.894	Loglikelihood: -1.35312e+06	(delta): 503504
2 (QN/Block) 	Elapsed: 2.995	Loglikelihood: -1.15691e+06	(delta): 196204
3 (QN/Block) 	Elapsed: 4.711	Loglikelihood: -1.08122e+06	(delta): 75695.7
4 (QN/Block) 	Elapsed: 5.693	Loglikelihood: -1.04646e+06	(delta): 34757.8
5 (QN/Block) 	Elapsed: 4.11	Loglikelihood: -1.03168e+06	(delta): 14777.4
6 (QN/Block) 	Elapsed: 4.558	Loglikelihood: -1.02065e+06	(delta): 11036.5
7 (QN/Block) 	Elapsed: 5.564	Loglikelihood: -1.01719e+06	(delta): 3459.95
8 (QN/Block) 	Elapsed: 5.575	Loglikelihood: -1.01607e+06	(delta): 1111.53
9 (QN/Block) 	Elapsed: 5.575	Loglikelihood: -1.01562e+06	(delta): 451.838
10 (QN/Block) 	Elapsed: 4.073	Loglikelihood: -1.01543e+06	(delta): 189.069
11 (QN/Block) 	Elapsed: 5.599	Loglikelihood: -1.01535e+06	(delta): 82.9972
12 (QN/Block) 	Elapsed: 4.424	Loglikelihood: -1.01532e+06	(delta): 26.5433
13 (QN/Block) 	Elapsed: 4.091	Loglikelihood: -1.01532e+06	(delta): 4.15484
14 (QN/Block) 	Elapsed: 4.09	Loglikelihood: -1.01532e+06	(delta): 0.678208
15 (QN/Block) 	Elapsed: 4.091	Loglikelihood: -1.01532e+06	(delta): 0.171462
16 (QN/Block) 	Elapsed: 5.658	Loglikelihood: -1.01532e+06	(delta): 0.0868577
17 (QN/Block) 	Elapsed: 5.669	Loglikelihood: -1.01532e+06	(delta): 0.0391792
18 (QN/Block) 	Elapsed: 4.084	Loglikelihood: -1.01532e+06	(delta): 0.0310209
19 (QN/Block) 	Elapsed: 4.097	Loglikelihood: -1.01532e+06	(delta): 0.0142426
20 (QN/Block) 	Elapsed: 5.616	Loglikelihood: -1.01532e+06	(delta): 0.00170972
21 (QN/Block) 	Elapsed: 5.603	Loglikelihood: -1.01532e+06	(delta): 0.00151414
22 (QN/Block) 	Elapsed: 5.614	Loglikelihood: -1.01532e+06	(delta): 0.00210758
23 (QN/Block) 	Elapsed: 5.59	Loglikelihood: -1.01532e+06	(delta): 0.00154425
24 (QN/Block) 	Elapsed: 4.1	Loglikelihood: -1.01532e+06	(delta): 0.00113933
25 (QN/Block) 	Elapsed: 4.122	Loglikelihood: -1.01532e+06	(delta): 0.000471322
26 (QN/Block) 	Elapsed: 4.088	Loglikelihood: -1.01532e+06	(delta): 0.000150918
27 (QN/Block) 	Elapsed: 4.584	Loglikelihood: -1.01532e+06	(delta): 4.28467e-05
28 (QN/Block) 	Elapsed: 4.193	Loglikelihood: -1.01532e+06	(delta): 1.37184e-06
Summary: 
Converged in 28 iterations (190.392 sec)
Loglikelihood: -1015318.620819
Fst divergences between estimated populations: 
	Pop0	Pop1	Pop2	Pop3	Pop4	Pop5	Pop6	Pop7	Pop8	Pop9	Pop10	Pop11	Pop12	Pop13	Pop14	
Pop0	
Pop1	0.508	
Pop2	0.780	0.788	
Pop3	0.365	0.385	0.692	
Pop4	0.419	0.307	0.717	0.301	
Pop5	0.434	0.263	0.723	0.323	0.211	
Pop6	0.411	0.312	0.703	0.306	0.135	0.208	
Pop7	0.374	0.355	0.681	0.186	0.262	0.290	0.272	
Pop8	0.520	0.568	0.823	0.412	0.484	0.496	0.472	0.387	
Pop9	0.511	0.377	0.791	0.398	0.297	0.342	0.312	0.367	0.575	
Pop10	0.242	0.466	0.745	0.325	0.386	0.398	0.382	0.336	0.481	0.471	
Pop11	0.459	0.318	0.741	0.345	0.253	0.152	0.252	0.312	0.517	0.381	0.424	
Pop12	0.342	0.491	0.772	0.343	0.407	0.424	0.402	0.361	0.513	0.495	0.276	0.448	
Pop13	0.378	0.277	0.675	0.257	0.149	0.176	0.142	0.215	0.441	0.299	0.347	0.218	0.369	
Pop14	0.697	0.726	0.972	0.589	0.641	0.650	0.625	0.563	0.624	0.733	0.652	0.671	0.688	0.592	
Pop15	0.731	0.756	0.987	0.620	0.677	0.683	0.658	0.601	0.744	0.761	0.690	0.702	0.725	0.631	0.959	
CV error (K=16): 0.13881
Writing output files.
