****                   ADMIXTURE Version 1.3.0                  ****
****                    Copyright 2008-2015                     ****
****           David Alexander, Suyash Shringarpure,            ****
****                John  Novembre, Ken Lange                   ****
****                                                            ****
****                 Please cite our paper!                     ****
****   Information at www.genetics.ucla.edu/software/admixture  ****

Cross-validation will be performed.  Folds=10.
Parallel execution requested.  Will use 8 threads.
Random seed: 20260930
Point estimation method: Block relaxation algorithm
Convergence acceleration algorithm: QuasiNewton, 3 secant conditions
Point estimation will terminate when objective function delta < 1e-05
Estimation of standard errors disabled; will compute point estimates only.
Size of G: 380x17027
Performing five EM steps to prime main algorithm
1 (EM) 	Elapsed: 12.395	Loglikelihood: -2.0961e+06	(delta): 6.22019e+06
2 (EM) 	Elapsed: 12.684	Loglikelihood: -1.90495e+06	(delta): 191149
3 (EM) 	Elapsed: 12.378	Loglikelihood: -1.88009e+06	(delta): 24865.2
4 (EM) 	Elapsed: 12.37	Loglikelihood: -1.8652e+06	(delta): 14886
5 (EM) 	Elapsed: 12.389	Loglikelihood: -1.85201e+06	(delta): 13197.9
Initial loglikelihood: -1.85201e+06
Starting main algorithm
1 (QN/Block) 	Elapsed: 3.631	Loglikelihood: -1.31528e+06	(delta): 536727
2 (QN/Block) 	Elapsed: 3.734	Loglikelihood: -1.11105e+06	(delta): 204226
3 (QN/Block) 	Elapsed: 5.197	Loglikelihood: -1.03027e+06	(delta): 80779.3
4 (QN/Block) 	Elapsed: 7.002	Loglikelihood: -994189	(delta): 36084.7
5 (QN/Block) 	Elapsed: 6.927	Loglikelihood: -982504	(delta): 11684.1
6 (QN/Block) 	Elapsed: 5.031	Loglikelihood: -977856	(delta): 4648.82
7 (QN/Block) 	Elapsed: 5.01	Loglikelihood: -976191	(delta): 1664.84
8 (QN/Block) 	Elapsed: 4.993	Loglikelihood: -975647	(delta): 543.339
9 (QN/Block) 	Elapsed: 5.037	Loglikelihood: -975509	(delta): 138.707
10 (QN/Block) 	Elapsed: 5.643	Loglikelihood: -975486	(delta): 23.0177
11 (QN/Block) 	Elapsed: 5.652	Loglikelihood: -975476	(delta): 9.41939
12 (QN/Block) 	Elapsed: 5.677	Loglikelihood: -975474	(delta): 2.0737
13 (QN/Block) 	Elapsed: 6.272	Loglikelihood: -975472	(delta): 2.68753
14 (QN/Block) 	Elapsed: 5.16	Loglikelihood: -975471	(delta): 0.704075
15 (QN/Block) 	Elapsed: 5.151	Loglikelihood: -975471	(delta): 0.0678525
16 (QN/Block) 	Elapsed: 5.113	Loglikelihood: -975471	(delta): 0.00567694
17 (QN/Block) 	Elapsed: 5.106	Loglikelihood: -975471	(delta): 0.000106833
18 (QN/Block) 	Elapsed: 5.082	Loglikelihood: -975471	(delta): 7.25396e-06
Summary: 
Converged in 18 iterations (173.2 sec)
Loglikelihood: -975470.726869
Fst divergences between estimated populations: 
	Pop0	Pop1	Pop2	Pop3	Pop4	Pop5	Pop6	Pop7	Pop8	Pop9	Pop10	Pop11	Pop12	Pop13	Pop14	Pop15	Pop16	Pop17	Pop18	
Pop0	
Pop1	0.515	
Pop2	0.475	0.324	
Pop3	0.380	0.358	0.319	
Pop4	0.460	0.499	0.459	0.328	
Pop5	0.715	0.730	0.680	0.570	0.540	
Pop6	0.434	0.308	0.259	0.266	0.423	0.645	
Pop7	0.307	0.479	0.442	0.355	0.434	0.680	0.395	
Pop8	0.395	0.283	0.231	0.221	0.389	0.600	0.155	0.361	
Pop9	0.795	0.791	0.750	0.686	0.745	0.971	0.721	0.764	0.683	
Pop10	0.430	0.278	0.201	0.281	0.419	0.632	0.162	0.396	0.166	0.709	
Pop11	0.362	0.384	0.347	0.181	0.345	0.590	0.298	0.343	0.256	0.694	0.308	
Pop12	0.424	0.439	0.401	0.244	0.404	0.656	0.355	0.396	0.311	0.744	0.363	0.152	
Pop13	0.431	0.567	0.523	0.428	0.517	0.781	0.477	0.267	0.438	0.847	0.474	0.409	0.469	
Pop14	0.440	0.260	0.155	0.288	0.431	0.652	0.211	0.410	0.176	0.726	0.122	0.314	0.371	0.490	
Pop15	0.343	0.486	0.448	0.354	0.439	0.685	0.404	0.175	0.368	0.770	0.402	0.324	0.381	0.199	0.416	
Pop16	0.430	0.316	0.260	0.275	0.416	0.633	0.142	0.392	0.143	0.711	0.148	0.303	0.357	0.470	0.210	0.399	
Pop17	0.518	0.406	0.391	0.365	0.502	0.741	0.281	0.480	0.300	0.799	0.318	0.392	0.447	0.571	0.349	0.489	0.303	
Pop18	0.545	0.399	0.409	0.392	0.528	0.765	0.325	0.508	0.326	0.818	0.343	0.420	0.475	0.598	0.362	0.514	0.342	0.279	
Pop19	0.282	0.494	0.451	0.363	0.436	0.684	0.407	0.284	0.368	0.770	0.405	0.350	0.409	0.415	0.417	0.334	0.401	0.493	0.521	
CV error (K=20): 0.13904
Writing output files.
