****                   ADMIXTURE Version 1.3.0                  ****
****                    Copyright 2008-2015                     ****
****           David Alexander, Suyash Shringarpure,            ****
****                John  Novembre, Ken Lange                   ****
****                                                            ****
****                 Please cite our paper!                     ****
****   Information at www.genetics.ucla.edu/software/admixture  ****

Cross-validation will be performed.  Folds=10.
Parallel execution requested.  Will use 8 threads.
Random seed: 20260930
Point estimation method: Block relaxation algorithm
Convergence acceleration algorithm: QuasiNewton, 3 secant conditions
Point estimation will terminate when objective function delta < 1e-05
Estimation of standard errors disabled; will compute point estimates only.
Size of G: 380x17027
Performing five EM steps to prime main algorithm
1 (EM) 	Elapsed: 13.538	Loglikelihood: -2.09418e+06	(delta): 6.2123e+06
2 (EM) 	Elapsed: 13.564	Loglikelihood: -1.90293e+06	(delta): 191251
3 (EM) 	Elapsed: 13.52	Loglikelihood: -1.87759e+06	(delta): 25343.8
4 (EM) 	Elapsed: 13.603	Loglikelihood: -1.86192e+06	(delta): 15665.1
5 (EM) 	Elapsed: 13.586	Loglikelihood: -1.84769e+06	(delta): 14227.2
Initial loglikelihood: -1.84769e+06
Starting main algorithm
1 (QN/Block) 	Elapsed: 3.895	Loglikelihood: -1.3054e+06	(delta): 542290
2 (QN/Block) 	Elapsed: 4.004	Loglikelihood: -1.09954e+06	(delta): 205863
3 (QN/Block) 	Elapsed: 6.137	Loglikelihood: -1.03384e+06	(delta): 65702.6
4 (QN/Block) 	Elapsed: 6.7	Loglikelihood: -997063	(delta): 36774.1
5 (QN/Block) 	Elapsed: 5.368	Loglikelihood: -982599	(delta): 14463.8
6 (QN/Block) 	Elapsed: 7.18	Loglikelihood: -976619	(delta): 5980.92
7 (QN/Block) 	Elapsed: 5.936	Loglikelihood: -973145	(delta): 3473.61
8 (QN/Block) 	Elapsed: 7.201	Loglikelihood: -971768	(delta): 1376.89
9 (QN/Block) 	Elapsed: 7.214	Loglikelihood: -970493	(delta): 1274.83
10 (QN/Block) 	Elapsed: 5.388	Loglikelihood: -967500	(delta): 2993.63
11 (QN/Block) 	Elapsed: 6.011	Loglikelihood: -966759	(delta): 740.334
12 (QN/Block) 	Elapsed: 5.493	Loglikelihood: -966625	(delta): 134.108
13 (QN/Block) 	Elapsed: 5.714	Loglikelihood: -966597	(delta): 28.4878
14 (QN/Block) 	Elapsed: 5.495	Loglikelihood: -966583	(delta): 13.4649
15 (QN/Block) 	Elapsed: 6.146	Loglikelihood: -966580	(delta): 3.1603
16 (QN/Block) 	Elapsed: 6.84	Loglikelihood: -966578	(delta): 1.7968
17 (QN/Block) 	Elapsed: 7.342	Loglikelihood: -966578	(delta): 0.557147
18 (QN/Block) 	Elapsed: 7.298	Loglikelihood: -966576	(delta): 1.52017
19 (QN/Block) 	Elapsed: 7.282	Loglikelihood: -966576	(delta): 0.566779
20 (QN/Block) 	Elapsed: 5.348	Loglikelihood: -966575	(delta): 0.115691
21 (QN/Block) 	Elapsed: 5.355	Loglikelihood: -966575	(delta): 0.0288583
22 (QN/Block) 	Elapsed: 5.388	Loglikelihood: -966575	(delta): 0.0127266
23 (QN/Block) 	Elapsed: 5.352	Loglikelihood: -966575	(delta): 0.00339633
24 (QN/Block) 	Elapsed: 5.36	Loglikelihood: -966575	(delta): 0.000898035
25 (QN/Block) 	Elapsed: 5.347	Loglikelihood: -966575	(delta): 0.000308129
26 (QN/Block) 	Elapsed: 5.342	Loglikelihood: -966575	(delta): 4.13411e-05
27 (QN/Block) 	Elapsed: 5.303	Loglikelihood: -966575	(delta): 5.12128e-05
28 (QN/Block) 	Elapsed: 5.288	Loglikelihood: -966575	(delta): 3.05884e-05
29 (QN/Block) 	Elapsed: 5.281	Loglikelihood: -966575	(delta): 1.01274e-05
30 (QN/Block) 	Elapsed: 5.287	Loglikelihood: -966575	(delta): 3.51714e-06
Summary: 
Converged in 30 iterations (267.188 sec)
Loglikelihood: -966575.394231
Fst divergences between estimated populations: 
	Pop0	Pop1	Pop2	Pop3	Pop4	Pop5	Pop6	Pop7	Pop8	Pop9	Pop10	Pop11	Pop12	Pop13	Pop14	Pop15	Pop16	Pop17	Pop18	Pop19	
Pop0	
Pop1	0.398	
Pop2	0.385	0.130	
Pop3	0.367	0.396	0.383	
Pop4	0.434	0.242	0.273	0.425	
Pop5	0.433	0.256	0.286	0.423	0.136	
Pop6	0.325	0.399	0.394	0.389	0.431	0.426	
Pop7	0.472	0.280	0.323	0.467	0.252	0.257	0.474	
Pop8	0.791	0.692	0.687	0.790	0.714	0.707	0.794	0.742	
Pop9	0.317	0.373	0.362	0.187	0.397	0.398	0.332	0.442	0.764	
Pop10	0.516	0.332	0.367	0.511	0.306	0.316	0.522	0.319	0.788	0.483	
Pop11	0.424	0.268	0.251	0.411	0.352	0.359	0.435	0.397	0.741	0.398	0.438	
Pop12	0.284	0.398	0.390	0.363	0.426	0.425	0.293	0.466	0.790	0.287	0.513	0.433	
Pop13	0.710	0.587	0.569	0.710	0.637	0.629	0.715	0.672	0.972	0.681	0.726	0.651	0.710	
Pop14	0.427	0.217	0.252	0.418	0.167	0.199	0.423	0.254	0.706	0.393	0.307	0.335	0.419	0.627	
Pop15	0.461	0.356	0.329	0.464	0.421	0.416	0.461	0.455	0.743	0.438	0.498	0.403	0.460	0.533	0.413	
Pop16	0.408	0.214	0.250	0.402	0.173	0.149	0.406	0.233	0.689	0.377	0.296	0.326	0.400	0.608	0.139	0.400	
Pop17	0.518	0.354	0.373	0.514	0.278	0.303	0.521	0.386	0.796	0.483	0.404	0.445	0.514	0.736	0.321	0.501	0.315	
Pop18	0.545	0.379	0.399	0.539	0.322	0.341	0.550	0.404	0.815	0.512	0.398	0.474	0.540	0.760	0.348	0.526	0.340	0.277	
Pop19	0.446	0.249	0.302	0.443	0.208	0.211	0.448	0.154	0.725	0.417	0.264	0.377	0.441	0.651	0.213	0.434	0.190	0.349	0.364	
Pop20	0.363	0.207	0.190	0.356	0.297	0.307	0.376	0.344	0.692	0.346	0.384	0.154	0.375	0.586	0.279	0.345	0.274	0.392	0.419	0.321	
CV error (K=21): 0.14164
Writing output files.
