****                   ADMIXTURE Version 1.3.0                  ****
****                    Copyright 2008-2015                     ****
****           David Alexander, Suyash Shringarpure,            ****
****                John  Novembre, Ken Lange                   ****
****                                                            ****
****                 Please cite our paper!                     ****
****   Information at www.genetics.ucla.edu/software/admixture  ****

Cross-validation will be performed.  Folds=10.
Parallel execution requested.  Will use 8 threads.
Random seed: 20260930
Point estimation method: Block relaxation algorithm
Convergence acceleration algorithm: QuasiNewton, 3 secant conditions
Point estimation will terminate when objective function delta < 1e-05
Estimation of standard errors disabled; will compute point estimates only.
Size of G: 380x17027
Performing five EM steps to prime main algorithm
1 (EM) 	Elapsed: 16.111	Loglikelihood: -2.09319e+06	(delta): 6.18778e+06
2 (EM) 	Elapsed: 16.062	Loglikelihood: -1.90118e+06	(delta): 192009
3 (EM) 	Elapsed: 16.062	Loglikelihood: -1.87599e+06	(delta): 25190.8
4 (EM) 	Elapsed: 15.969	Loglikelihood: -1.85974e+06	(delta): 16248.5
5 (EM) 	Elapsed: 16.069	Loglikelihood: -1.84425e+06	(delta): 15491.3
Initial loglikelihood: -1.84425e+06
Starting main algorithm
1 (QN/Block) 	Elapsed: 4.19	Loglikelihood: -1.29188e+06	(delta): 552369
2 (QN/Block) 	Elapsed: 4.338	Loglikelihood: -1.09453e+06	(delta): 197352
3 (QN/Block) 	Elapsed: 6.801	Loglikelihood: -1.02409e+06	(delta): 70445.5
4 (QN/Block) 	Elapsed: 5.959	Loglikelihood: -981411	(delta): 42675.9
5 (QN/Block) 	Elapsed: 5.843	Loglikelihood: -961125	(delta): 20286.1
6 (QN/Block) 	Elapsed: 5.753	Loglikelihood: -953489	(delta): 7635.98
7 (QN/Block) 	Elapsed: 5.779	Loglikelihood: -950547	(delta): 2941.71
8 (QN/Block) 	Elapsed: 5.789	Loglikelihood: -949409	(delta): 1137.7
9 (QN/Block) 	Elapsed: 7.872	Loglikelihood: -948829	(delta): 579.875
10 (QN/Block) 	Elapsed: 5.835	Loglikelihood: -948457	(delta): 371.942
11 (QN/Block) 	Elapsed: 5.789	Loglikelihood: -948203	(delta): 254.456
12 (QN/Block) 	Elapsed: 6.493	Loglikelihood: -947963	(delta): 240.298
13 (QN/Block) 	Elapsed: 5.833	Loglikelihood: -947886	(delta): 76.3872
14 (QN/Block) 	Elapsed: 7.921	Loglikelihood: -947850	(delta): 36.4251
15 (QN/Block) 	Elapsed: 5.877	Loglikelihood: -947845	(delta): 5.34591
16 (QN/Block) 	Elapsed: 7.91	Loglikelihood: -947843	(delta): 1.44947
17 (QN/Block) 	Elapsed: 7.979	Loglikelihood: -947843	(delta): 0.0887732
18 (QN/Block) 	Elapsed: 5.866	Loglikelihood: -947843	(delta): 0.0304665
19 (QN/Block) 	Elapsed: 17.409	Loglikelihood: -947843	(delta): 0.00178382
20 (QN/Block) 	Elapsed: 9.709	Loglikelihood: -947843	(delta): 0.000144001
21 (QN/Block) 	Elapsed: 6.738	Loglikelihood: -947843	(delta): 1.03024e-05
22 (QN/Block) 	Elapsed: 5.871	Loglikelihood: -947843	(delta): 8.54488e-07
Summary: 
Converged in 22 iterations (254.648 sec)
Loglikelihood: -947842.932317
Fst divergences between estimated populations: 
	Pop0	Pop1	Pop2	Pop3	Pop4	Pop5	Pop6	Pop7	Pop8	Pop9	Pop10	Pop11	Pop12	Pop13	Pop14	Pop15	Pop16	Pop17	Pop18	Pop19	Pop20	Pop21	
Pop0	
Pop1	0.302	
Pop2	0.238	0.338	
Pop3	0.144	0.304	0.187	
Pop4	0.315	0.404	0.317	0.287	
Pop5	0.495	0.601	0.458	0.470	0.596	
Pop6	0.304	0.392	0.200	0.263	0.384	0.450	
Pop7	0.432	0.518	0.388	0.402	0.516	0.420	0.363	
Pop8	0.140	0.280	0.225	0.159	0.307	0.506	0.298	0.435	
Pop9	0.662	0.765	0.611	0.640	0.755	0.833	0.617	0.744	0.675	
Pop10	0.473	0.571	0.409	0.449	0.567	0.614	0.407	0.531	0.483	0.744	
Pop11	0.208	0.346	0.227	0.179	0.259	0.517	0.315	0.441	0.207	0.678	0.491	
Pop12	0.341	0.277	0.362	0.330	0.398	0.627	0.419	0.546	0.323	0.787	0.598	0.359	
Pop13	0.256	0.386	0.267	0.229	0.320	0.545	0.344	0.472	0.254	0.703	0.517	0.149	0.404	
Pop14	0.356	0.445	0.260	0.317	0.438	0.511	0.154	0.424	0.354	0.677	0.468	0.371	0.474	0.397	
Pop15	0.629	0.736	0.573	0.602	0.726	0.804	0.586	0.710	0.640	0.960	0.622	0.646	0.760	0.672	0.652	
Pop16	0.442	0.539	0.404	0.415	0.540	0.343	0.393	0.353	0.449	0.772	0.554	0.459	0.569	0.491	0.453	0.738	
Pop17	0.706	0.796	0.678	0.684	0.788	0.865	0.692	0.791	0.716	0.987	0.823	0.720	0.816	0.742	0.741	0.972	0.814	
Pop18	0.283	0.373	0.126	0.238	0.367	0.463	0.190	0.385	0.274	0.606	0.392	0.296	0.399	0.323	0.251	0.570	0.411	0.687	
Pop19	0.396	0.483	0.362	0.370	0.483	0.430	0.346	0.317	0.399	0.717	0.505	0.413	0.512	0.442	0.398	0.681	0.353	0.764	0.362	
Pop20	0.421	0.514	0.384	0.395	0.511	0.480	0.356	0.367	0.426	0.746	0.533	0.438	0.540	0.467	0.411	0.710	0.412	0.790	0.383	0.187	
Pop21	0.426	0.516	0.388	0.396	0.514	0.413	0.377	0.287	0.429	0.745	0.534	0.438	0.542	0.468	0.435	0.712	0.320	0.793	0.392	0.289	0.365	
Pop22	0.140	0.315	0.230	0.165	0.277	0.498	0.307	0.430	0.159	0.658	0.474	0.118	0.340	0.197	0.361	0.625	0.445	0.703	0.286	0.399	0.424	0.425	
CV error (K=23): 0.13993
Writing output files.
