****                   ADMIXTURE Version 1.3.0                  ****
****                    Copyright 2008-2015                     ****
****           David Alexander, Suyash Shringarpure,            ****
****                John  Novembre, Ken Lange                   ****
****                                                            ****
****                 Please cite our paper!                     ****
****   Information at www.genetics.ucla.edu/software/admixture  ****

Cross-validation will be performed.  Folds=10.
Parallel execution requested.  Will use 8 threads.
Random seed: 20260930
Point estimation method: Block relaxation algorithm
Convergence acceleration algorithm: QuasiNewton, 3 secant conditions
Point estimation will terminate when objective function delta < 1e-05
Estimation of standard errors disabled; will compute point estimates only.
Size of G: 380x17027
Performing five EM steps to prime main algorithm
1 (EM) 	Elapsed: 17.376	Loglikelihood: -2.0928e+06	(delta): 6.19104e+06
2 (EM) 	Elapsed: 17.249	Loglikelihood: -1.90047e+06	(delta): 192330
3 (EM) 	Elapsed: 17.291	Loglikelihood: -1.87556e+06	(delta): 24906.8
4 (EM) 	Elapsed: 17.293	Loglikelihood: -1.86007e+06	(delta): 15485.9
5 (EM) 	Elapsed: 17.372	Loglikelihood: -1.84595e+06	(delta): 14117.8
Initial loglikelihood: -1.84595e+06
Starting main algorithm
1 (QN/Block) 	Elapsed: 4.472	Loglikelihood: -1.29873e+06	(delta): 547225
2 (QN/Block) 	Elapsed: 4.605	Loglikelihood: -1.10654e+06	(delta): 192191
3 (QN/Block) 	Elapsed: 8.579	Loglikelihood: -1.03137e+06	(delta): 75171.6
4 (QN/Block) 	Elapsed: 6.18	Loglikelihood: -990300	(delta): 41066.9
5 (QN/Block) 	Elapsed: 6.08	Loglikelihood: -965607	(delta): 24692.7
6 (QN/Block) 	Elapsed: 8.195	Loglikelihood: -955493	(delta): 10114.7
7 (QN/Block) 	Elapsed: 6.04	Loglikelihood: -951832	(delta): 3661.23
8 (QN/Block) 	Elapsed: 6.739	Loglikelihood: -950661	(delta): 1170.89
9 (QN/Block) 	Elapsed: 6.041	Loglikelihood: -950203	(delta): 457.708
10 (QN/Block) 	Elapsed: 6.007	Loglikelihood: -950011	(delta): 191.879
11 (QN/Block) 	Elapsed: 6.053	Loglikelihood: -949923	(delta): 87.7672
12 (QN/Block) 	Elapsed: 6.053	Loglikelihood: -949870	(delta): 53.1969
13 (QN/Block) 	Elapsed: 6.063	Loglikelihood: -949856	(delta): 14.3778
14 (QN/Block) 	Elapsed: 6.805	Loglikelihood: -949849	(delta): 7.16244
15 (QN/Block) 	Elapsed: 6.071	Loglikelihood: -949843	(delta): 5.56451
16 (QN/Block) 	Elapsed: 6.039	Loglikelihood: -949839	(delta): 4.17884
17 (QN/Block) 	Elapsed: 6.049	Loglikelihood: -949828	(delta): 10.3617
18 (QN/Block) 	Elapsed: 8.225	Loglikelihood: -949821	(delta): 7.30596
19 (QN/Block) 	Elapsed: 8.299	Loglikelihood: -949818	(delta): 3.03882
20 (QN/Block) 	Elapsed: 8.27	Loglikelihood: -949817	(delta): 1.23085
21 (QN/Block) 	Elapsed: 8.264	Loglikelihood: -949816	(delta): 1.02568
22 (QN/Block) 	Elapsed: 7.881	Loglikelihood: -949814	(delta): 1.895
23 (QN/Block) 	Elapsed: 8.275	Loglikelihood: -949812	(delta): 1.46043
24 (QN/Block) 	Elapsed: 8.287	Loglikelihood: -949812	(delta): 0.762282
25 (QN/Block) 	Elapsed: 6.821	Loglikelihood: -949811	(delta): 0.299111
26 (QN/Block) 	Elapsed: 6.067	Loglikelihood: -949811	(delta): 0.109278
27 (QN/Block) 	Elapsed: 6.066	Loglikelihood: -949811	(delta): 0.0792709
28 (QN/Block) 	Elapsed: 6.065	Loglikelihood: -949811	(delta): 0.260059
29 (QN/Block) 	Elapsed: 8.246	Loglikelihood: -949811	(delta): 0.204044
30 (QN/Block) 	Elapsed: 7.509	Loglikelihood: -949811	(delta): 0.0093558
31 (QN/Block) 	Elapsed: 6.797	Loglikelihood: -949811	(delta): 0.00246987
32 (QN/Block) 	Elapsed: 6.828	Loglikelihood: -949811	(delta): 0.000784625
33 (QN/Block) 	Elapsed: 6.074	Loglikelihood: -949811	(delta): 0.000320975
34 (QN/Block) 	Elapsed: 6.094	Loglikelihood: -949811	(delta): 8.41699e-05
35 (QN/Block) 	Elapsed: 6.062	Loglikelihood: -949811	(delta): 3.12118e-05
36 (QN/Block) 	Elapsed: 6.078	Loglikelihood: -949811	(delta): 9.11532e-06
Summary: 
Converged in 36 iterations (360.188 sec)
Loglikelihood: -949810.758442
Fst divergences between estimated populations: 
	Pop0	Pop1	Pop2	Pop3	Pop4	Pop5	Pop6	Pop7	Pop8	Pop9	Pop10	Pop11	Pop12	Pop13	Pop14	Pop15	Pop16	Pop17	Pop18	Pop19	Pop20	Pop21	Pop22	
Pop0	
Pop1	0.363	
Pop2	0.450	0.272	
Pop3	0.501	0.407	0.512	
Pop4	0.490	0.340	0.389	0.559	
Pop5	0.376	0.188	0.233	0.445	0.304	
Pop6	0.337	0.218	0.360	0.423	0.405	0.276	
Pop7	0.419	0.230	0.152	0.484	0.348	0.182	0.329	
Pop8	0.385	0.261	0.400	0.469	0.445	0.317	0.163	0.372	
Pop9	0.195	0.433	0.521	0.578	0.569	0.443	0.419	0.490	0.469	
Pop10	0.404	0.232	0.198	0.468	0.317	0.167	0.320	0.119	0.363	0.473	
Pop11	0.504	0.349	0.387	0.572	0.263	0.314	0.420	0.340	0.460	0.582	0.323	
Pop12	0.489	0.318	0.322	0.555	0.405	0.288	0.398	0.261	0.439	0.566	0.277	0.376	
Pop13	0.411	0.251	0.270	0.477	0.313	0.158	0.326	0.220	0.366	0.480	0.154	0.333	0.328	
Pop14	0.769	0.679	0.745	0.799	0.796	0.685	0.703	0.721	0.742	0.844	0.704	0.802	0.788	0.715	
Pop15	0.346	0.388	0.475	0.522	0.518	0.402	0.372	0.442	0.424	0.432	0.431	0.532	0.516	0.441	0.792	
Pop16	0.332	0.362	0.448	0.492	0.489	0.371	0.356	0.415	0.405	0.411	0.401	0.504	0.491	0.406	0.764	0.277	
Pop17	0.172	0.358	0.440	0.491	0.477	0.365	0.351	0.409	0.394	0.265	0.394	0.492	0.478	0.400	0.759	0.307	0.278	
Pop18	0.407	0.228	0.258	0.477	0.282	0.159	0.314	0.210	0.356	0.478	0.162	0.309	0.309	0.151	0.718	0.436	0.405	0.394	
Pop19	0.363	0.172	0.346	0.418	0.390	0.259	0.164	0.316	0.210	0.439	0.308	0.406	0.384	0.310	0.703	0.392	0.373	0.365	0.294	
Pop20	0.381	0.203	0.197	0.451	0.294	0.111	0.290	0.135	0.333	0.449	0.113	0.300	0.270	0.117	0.688	0.408	0.379	0.371	0.144	0.278	
Pop21	0.713	0.605	0.701	0.711	0.761	0.635	0.625	0.675	0.673	0.806	0.654	0.768	0.751	0.667	0.987	0.739	0.706	0.703	0.671	0.626	0.636	
Pop22	0.580	0.430	0.483	0.648	0.374	0.401	0.495	0.439	0.538	0.668	0.416	0.221	0.484	0.428	0.881	0.611	0.581	0.570	0.402	0.482	0.393	0.860	
Pop23	0.362	0.130	0.329	0.395	0.375	0.240	0.208	0.299	0.255	0.434	0.290	0.388	0.369	0.295	0.689	0.386	0.367	0.359	0.279	0.150	0.260	0.602	0.463	
CV error (K=24): 0.14435
Writing output files.
