****                   ADMIXTURE Version 1.3.0                  ****
****                    Copyright 2008-2015                     ****
****           David Alexander, Suyash Shringarpure,            ****
****                John  Novembre, Ken Lange                   ****
****                                                            ****
****                 Please cite our paper!                     ****
****   Information at www.genetics.ucla.edu/software/admixture  ****

Cross-validation will be performed.  Folds=10.
Parallel execution requested.  Will use 8 threads.
Random seed: 20260930
Point estimation method: Block relaxation algorithm
Convergence acceleration algorithm: QuasiNewton, 3 secant conditions
Point estimation will terminate when objective function delta < 1e-05
Estimation of standard errors disabled; will compute point estimates only.
Size of G: 380x17027
Performing five EM steps to prime main algorithm
1 (EM) 	Elapsed: 18.681	Loglikelihood: -2.09347e+06	(delta): 6.18225e+06
2 (EM) 	Elapsed: 18.598	Loglikelihood: -1.90073e+06	(delta): 192743
3 (EM) 	Elapsed: 18.643	Loglikelihood: -1.87631e+06	(delta): 24421.3
4 (EM) 	Elapsed: 18.593	Loglikelihood: -1.86121e+06	(delta): 15100.4
5 (EM) 	Elapsed: 18.605	Loglikelihood: -1.84745e+06	(delta): 13753.8
Initial loglikelihood: -1.84745e+06
Starting main algorithm
1 (QN/Block) 	Elapsed: 4.56	Loglikelihood: -1.30473e+06	(delta): 542728
2 (QN/Block) 	Elapsed: 4.863	Loglikelihood: -1.07933e+06	(delta): 225399
3 (QN/Block) 	Elapsed: 7.302	Loglikelihood: -1.0062e+06	(delta): 73121.2
4 (QN/Block) 	Elapsed: 6.471	Loglikelihood: -968251	(delta): 37953.5
5 (QN/Block) 	Elapsed: 8.584	Loglikelihood: -949271	(delta): 18979.9
6 (QN/Block) 	Elapsed: 6.32	Loglikelihood: -939870	(delta): 9401.6
7 (QN/Block) 	Elapsed: 6.271	Loglikelihood: -935819	(delta): 4050.82
8 (QN/Block) 	Elapsed: 6.262	Loglikelihood: -934629	(delta): 1189.4
9 (QN/Block) 	Elapsed: 6.29	Loglikelihood: -934111	(delta): 518.865
10 (QN/Block) 	Elapsed: 6.251	Loglikelihood: -933949	(delta): 161.242
11 (QN/Block) 	Elapsed: 6.284	Loglikelihood: -933902	(delta): 47.2345
12 (QN/Block) 	Elapsed: 6.291	Loglikelihood: -933892	(delta): 10.4286
13 (QN/Block) 	Elapsed: 6.291	Loglikelihood: -933887	(delta): 4.65158
14 (QN/Block) 	Elapsed: 6.294	Loglikelihood: -933885	(delta): 1.73158
15 (QN/Block) 	Elapsed: 6.292	Loglikelihood: -933883	(delta): 2.30565
16 (QN/Block) 	Elapsed: 6.279	Loglikelihood: -933880	(delta): 2.65156
17 (QN/Block) 	Elapsed: 6.276	Loglikelihood: -933878	(delta): 2.06125
18 (QN/Block) 	Elapsed: 6.29	Loglikelihood: -933874	(delta): 4.20757
19 (QN/Block) 	Elapsed: 7.06	Loglikelihood: -933869	(delta): 5.51335
20 (QN/Block) 	Elapsed: 6.316	Loglikelihood: -933860	(delta): 8.65603
21 (QN/Block) 	Elapsed: 6.281	Loglikelihood: -933838	(delta): 21.6656
22 (QN/Block) 	Elapsed: 6.37	Loglikelihood: -933813	(delta): 25.4405
23 (QN/Block) 	Elapsed: 7.791	Loglikelihood: -933754	(delta): 58.8844
24 (QN/Block) 	Elapsed: 7.828	Loglikelihood: -933682	(delta): 71.7209
25 (QN/Block) 	Elapsed: 6.335	Loglikelihood: -933582	(delta): 100.687
26 (QN/Block) 	Elapsed: 6.346	Loglikelihood: -933530	(delta): 51.4248
27 (QN/Block) 	Elapsed: 6.321	Loglikelihood: -933507	(delta): 22.7208
28 (QN/Block) 	Elapsed: 6.337	Loglikelihood: -933496	(delta): 11.1452
29 (QN/Block) 	Elapsed: 6.648	Loglikelihood: -933494	(delta): 2.71644
30 (QN/Block) 	Elapsed: 6.336	Loglikelihood: -933491	(delta): 2.94685
31 (QN/Block) 	Elapsed: 6.349	Loglikelihood: -933489	(delta): 1.63305
32 (QN/Block) 	Elapsed: 6.306	Loglikelihood: -933488	(delta): 0.830514
33 (QN/Block) 	Elapsed: 6.314	Loglikelihood: -933488	(delta): 0.180975
34 (QN/Block) 	Elapsed: 8.569	Loglikelihood: -933488	(delta): 0.0638138
35 (QN/Block) 	Elapsed: 8.622	Loglikelihood: -933488	(delta): 0.0874156
36 (QN/Block) 	Elapsed: 8.627	Loglikelihood: -933488	(delta): 0.148737
37 (QN/Block) 	Elapsed: 8.597	Loglikelihood: -933487	(delta): 0.274276
38 (QN/Block) 	Elapsed: 8.588	Loglikelihood: -933487	(delta): 0.246863
39 (QN/Block) 	Elapsed: 8.562	Loglikelihood: -933487	(delta): 0.26319
40 (QN/Block) 	Elapsed: 7.083	Loglikelihood: -933486	(delta): 0.353719
41 (QN/Block) 	Elapsed: 8.615	Loglikelihood: -933486	(delta): 0.203397
42 (QN/Block) 	Elapsed: 6.334	Loglikelihood: -933486	(delta): 0.00396018
43 (QN/Block) 	Elapsed: 6.336	Loglikelihood: -933486	(delta): 0.000477768
44 (QN/Block) 	Elapsed: 6.339	Loglikelihood: -933486	(delta): 0.000105277
45 (QN/Block) 	Elapsed: 6.3	Loglikelihood: -933486	(delta): 2.91469e-06
Summary: 
Converged in 45 iterations (437.226 sec)
Loglikelihood: -933486.263603
Fst divergences between estimated populations: 
	Pop0	Pop1	Pop2	Pop3	Pop4	Pop5	Pop6	Pop7	Pop8	Pop9	Pop10	Pop11	Pop12	Pop13	Pop14	Pop15	Pop16	Pop17	Pop18	Pop19	Pop20	Pop21	Pop22	Pop23	
Pop0	
Pop1	0.428	
Pop2	0.401	0.579	
Pop3	0.365	0.229	0.515	
Pop4	0.387	0.412	0.547	0.312	
Pop5	0.270	0.447	0.332	0.386	0.420	
Pop6	0.608	0.786	0.787	0.721	0.744	0.648	
Pop7	0.254	0.470	0.475	0.400	0.426	0.343	0.678	
Pop8	0.308	0.321	0.478	0.219	0.336	0.351	0.675	0.315	
Pop9	0.128	0.424	0.364	0.364	0.389	0.223	0.612	0.262	0.310	
Pop10	0.394	0.573	0.599	0.506	0.532	0.462	0.743	0.470	0.465	0.410	
Pop11	0.397	0.416	0.551	0.331	0.326	0.415	0.748	0.437	0.354	0.390	0.533	
Pop12	0.310	0.488	0.373	0.425	0.453	0.200	0.691	0.384	0.389	0.242	0.502	0.455	
Pop13	0.395	0.386	0.544	0.283	0.290	0.415	0.745	0.438	0.342	0.391	0.535	0.294	0.451	
Pop14	0.372	0.286	0.524	0.159	0.351	0.397	0.729	0.398	0.156	0.373	0.517	0.373	0.436	0.349	
Pop15	0.239	0.432	0.330	0.370	0.403	0.123	0.639	0.317	0.332	0.187	0.448	0.399	0.192	0.396	0.383	
Pop16	0.277	0.463	0.325	0.401	0.437	0.139	0.675	0.356	0.366	0.228	0.483	0.434	0.220	0.431	0.414	0.158	
Pop17	0.690	0.821	0.816	0.769	0.791	0.694	0.987	0.743	0.734	0.680	0.823	0.795	0.733	0.793	0.776	0.684	0.717	
Pop18	0.369	0.548	0.399	0.485	0.517	0.300	0.755	0.439	0.449	0.319	0.567	0.522	0.269	0.516	0.496	0.287	0.309	0.788	
Pop19	0.302	0.471	0.353	0.411	0.445	0.103	0.672	0.374	0.379	0.258	0.485	0.439	0.228	0.440	0.424	0.174	0.154	0.716	0.327	
Pop20	0.326	0.507	0.406	0.445	0.475	0.239	0.704	0.399	0.409	0.270	0.519	0.476	0.157	0.471	0.456	0.230	0.257	0.744	0.320	0.268	
Pop21	0.375	0.552	0.278	0.486	0.520	0.297	0.765	0.447	0.453	0.340	0.572	0.522	0.359	0.518	0.499	0.304	0.281	0.796	0.405	0.316	0.388	
Pop22	0.189	0.413	0.418	0.345	0.364	0.288	0.614	0.152	0.248	0.197	0.405	0.376	0.324	0.377	0.342	0.260	0.297	0.690	0.382	0.319	0.344	0.390	
Pop23	0.434	0.396	0.598	0.269	0.435	0.457	0.810	0.470	0.251	0.434	0.592	0.454	0.501	0.434	0.195	0.442	0.478	0.844	0.567	0.486	0.521	0.571	0.409	
Pop24	0.572	0.754	0.761	0.685	0.710	0.616	0.959	0.653	0.639	0.575	0.623	0.715	0.660	0.713	0.694	0.602	0.641	0.972	0.726	0.640	0.674	0.737	0.584	0.777	
CV error (K=25): 0.13948
Writing output files.
