****                   ADMIXTURE Version 1.3.0                  ****
****                    Copyright 2008-2015                     ****
****           David Alexander, Suyash Shringarpure,            ****
****                John  Novembre, Ken Lange                   ****
****                                                            ****
****                 Please cite our paper!                     ****
****   Information at www.genetics.ucla.edu/software/admixture  ****

Cross-validation will be performed.  Folds=10.
Parallel execution requested.  Will use 8 threads.
Random seed: 20260931
Point estimation method: Block relaxation algorithm
Convergence acceleration algorithm: QuasiNewton, 3 secant conditions
Point estimation will terminate when objective function delta < 1e-05
Estimation of standard errors disabled; will compute point estimates only.
Size of G: 380x17027
Performing five EM steps to prime main algorithm
1 (EM) 	Elapsed: 5.061	Loglikelihood: -2.09502e+06	(delta): 6.33237e+06
2 (EM) 	Elapsed: 5.028	Loglikelihood: -1.91388e+06	(delta): 181142
3 (EM) 	Elapsed: 5.014	Loglikelihood: -1.88874e+06	(delta): 25142.8
4 (EM) 	Elapsed: 5.026	Loglikelihood: -1.87419e+06	(delta): 14544.2
5 (EM) 	Elapsed: 5.03	Loglikelihood: -1.86198e+06	(delta): 12216.4
Initial loglikelihood: -1.86198e+06
Starting main algorithm
1 (QN/Block) 	Elapsed: 2.253	Loglikelihood: -1.4011e+06	(delta): 460878
2 (QN/Block) 	Elapsed: 2.287	Loglikelihood: -1.19302e+06	(delta): 208079
3 (QN/Block) 	Elapsed: 3.182	Loglikelihood: -1.12588e+06	(delta): 67143.2
4 (QN/Block) 	Elapsed: 4.34	Loglikelihood: -1.09267e+06	(delta): 33208.4
5 (QN/Block) 	Elapsed: 4.296	Loglikelihood: -1.0801e+06	(delta): 12570.2
6 (QN/Block) 	Elapsed: 3.17	Loglikelihood: -1.07528e+06	(delta): 4819.61
7 (QN/Block) 	Elapsed: 4.275	Loglikelihood: -1.07364e+06	(delta): 1640.96
8 (QN/Block) 	Elapsed: 3.142	Loglikelihood: -1.07315e+06	(delta): 484.917
9 (QN/Block) 	Elapsed: 3.524	Loglikelihood: -1.07308e+06	(delta): 67.4076
10 (QN/Block) 	Elapsed: 3.903	Loglikelihood: -1.07307e+06	(delta): 11.0906
11 (QN/Block) 	Elapsed: 3.147	Loglikelihood: -1.07307e+06	(delta): 0.0955767
12 (QN/Block) 	Elapsed: 3.146	Loglikelihood: -1.07307e+06	(delta): 0.0152349
13 (QN/Block) 	Elapsed: 3.145	Loglikelihood: -1.07307e+06	(delta): 0.00230662
14 (QN/Block) 	Elapsed: 3.155	Loglikelihood: -1.07307e+06	(delta): 0.000197857
15 (QN/Block) 	Elapsed: 3.145	Loglikelihood: -1.07307e+06	(delta): 4.94469e-05
16 (QN/Block) 	Elapsed: 3.151	Loglikelihood: -1.07307e+06	(delta): 1.29244e-06
Summary: 
Converged in 16 iterations (87.309 sec)
Loglikelihood: -1073072.583611
Fst divergences between estimated populations: 
	Pop0	Pop1	Pop2	Pop3	Pop4	Pop5	Pop6	Pop7	Pop8	Pop9	Pop10	
Pop0	
Pop1	0.391	
Pop2	0.691	0.787	
Pop3	0.382	0.370	0.787	
Pop4	0.351	0.506	0.786	0.506	
Pop5	0.410	0.555	0.796	0.551	0.516	
Pop6	0.259	0.261	0.672	0.266	0.379	0.431	
Pop7	0.340	0.477	0.759	0.477	0.186	0.488	0.352	
Pop8	0.174	0.349	0.661	0.343	0.358	0.368	0.217	0.337	
Pop9	0.348	0.489	0.763	0.490	0.347	0.489	0.359	0.278	0.343	
Pop10	0.306	0.322	0.707	0.250	0.423	0.469	0.155	0.396	0.265	0.403	
Pop11	0.364	0.515	0.792	0.515	0.362	0.518	0.391	0.307	0.363	0.277	0.430	
CV error (K=12): 0.14251
Writing output files.
