****                   ADMIXTURE Version 1.3.0                  ****
****                    Copyright 2008-2015                     ****
****           David Alexander, Suyash Shringarpure,            ****
****                John  Novembre, Ken Lange                   ****
****                                                            ****
****                 Please cite our paper!                     ****
****   Information at www.genetics.ucla.edu/software/admixture  ****

Cross-validation will be performed.  Folds=10.
Parallel execution requested.  Will use 8 threads.
Random seed: 20260931
Point estimation method: Block relaxation algorithm
Convergence acceleration algorithm: QuasiNewton, 3 secant conditions
Point estimation will terminate when objective function delta < 1e-05
Estimation of standard errors disabled; will compute point estimates only.
Size of G: 380x17027
Performing five EM steps to prime main algorithm
1 (EM) 	Elapsed: 6.599	Loglikelihood: -2.09364e+06	(delta): 6.28914e+06
2 (EM) 	Elapsed: 6.556	Loglikelihood: -1.9106e+06	(delta): 183038
3 (EM) 	Elapsed: 6.56	Loglikelihood: -1.88553e+06	(delta): 25072.2
4 (EM) 	Elapsed: 6.548	Loglikelihood: -1.8707e+06	(delta): 14827.1
5 (EM) 	Elapsed: 6.563	Loglikelihood: -1.85825e+06	(delta): 12447.3
Initial loglikelihood: -1.85825e+06
Starting main algorithm
1 (QN/Block) 	Elapsed: 2.552	Loglikelihood: -1.38125e+06	(delta): 477006
2 (QN/Block) 	Elapsed: 2.634	Loglikelihood: -1.17092e+06	(delta): 210324
3 (QN/Block) 	Elapsed: 4.13	Loglikelihood: -1.0998e+06	(delta): 71117.7
4 (QN/Block) 	Elapsed: 5.025	Loglikelihood: -1.0682e+06	(delta): 31600.3
5 (QN/Block) 	Elapsed: 3.612	Loglikelihood: -1.05386e+06	(delta): 14344.4
6 (QN/Block) 	Elapsed: 3.566	Loglikelihood: -1.04694e+06	(delta): 6922.89
7 (QN/Block) 	Elapsed: 3.571	Loglikelihood: -1.04478e+06	(delta): 2158.49
8 (QN/Block) 	Elapsed: 3.566	Loglikelihood: -1.04424e+06	(delta): 537.599
9 (QN/Block) 	Elapsed: 3.571	Loglikelihood: -1.04411e+06	(delta): 130.084
10 (QN/Block) 	Elapsed: 3.577	Loglikelihood: -1.04408e+06	(delta): 26.773
11 (QN/Block) 	Elapsed: 4.004	Loglikelihood: -1.04407e+06	(delta): 9.16372
12 (QN/Block) 	Elapsed: 3.591	Loglikelihood: -1.04407e+06	(delta): 3.31867
13 (QN/Block) 	Elapsed: 3.596	Loglikelihood: -1.04407e+06	(delta): 0.56507
14 (QN/Block) 	Elapsed: 3.595	Loglikelihood: -1.04407e+06	(delta): 0.0644827
15 (QN/Block) 	Elapsed: 3.594	Loglikelihood: -1.04407e+06	(delta): 0.0101583
16 (QN/Block) 	Elapsed: 3.588	Loglikelihood: -1.04407e+06	(delta): 0.00512604
17 (QN/Block) 	Elapsed: 3.594	Loglikelihood: -1.04407e+06	(delta): 0.00249187
18 (QN/Block) 	Elapsed: 3.587	Loglikelihood: -1.04407e+06	(delta): 7.4749e-05
19 (QN/Block) 	Elapsed: 3.6	Loglikelihood: -1.04407e+06	(delta): 1.13505e-05
20 (QN/Block) 	Elapsed: 3.595	Loglikelihood: -1.04407e+06	(delta): 7.34581e-08
Summary: 
Converged in 20 iterations (116.895 sec)
Loglikelihood: -1044070.954708
Fst divergences between estimated populations: 
	Pop0	Pop1	Pop2	Pop3	Pop4	Pop5	Pop6	Pop7	Pop8	Pop9	Pop10	Pop11	Pop12	
Pop0	
Pop1	0.387	
Pop2	0.233	0.377	
Pop3	0.135	0.410	0.275	
Pop4	0.263	0.354	0.193	0.300	
Pop5	0.279	0.507	0.364	0.301	0.385	
Pop6	0.360	0.185	0.354	0.382	0.341	0.476	
Pop7	0.680	0.786	0.685	0.696	0.693	0.787	0.758	
Pop8	0.302	0.511	0.374	0.304	0.398	0.376	0.481	0.791	
Pop9	0.179	0.379	0.124	0.227	0.204	0.313	0.354	0.676	0.338	
Pop10	0.390	0.458	0.332	0.408	0.357	0.495	0.430	0.735	0.502	0.349	
Pop11	0.337	0.298	0.328	0.362	0.313	0.455	0.231	0.731	0.460	0.328	0.401	
Pop12	0.150	0.420	0.269	0.125	0.299	0.304	0.390	0.715	0.295	0.218	0.419	0.370	
Pop13	0.184	0.441	0.301	0.206	0.326	0.267	0.413	0.725	0.348	0.234	0.434	0.388	0.219	
CV error (K=14): 0.14421
Writing output files.
