****                   ADMIXTURE Version 1.3.0                  ****
****                    Copyright 2008-2015                     ****
****           David Alexander, Suyash Shringarpure,            ****
****                John  Novembre, Ken Lange                   ****
****                                                            ****
****                 Please cite our paper!                     ****
****   Information at www.genetics.ucla.edu/software/admixture  ****

Cross-validation will be performed.  Folds=10.
Parallel execution requested.  Will use 8 threads.
Random seed: 20260931
Point estimation method: Block relaxation algorithm
Convergence acceleration algorithm: QuasiNewton, 3 secant conditions
Point estimation will terminate when objective function delta < 1e-05
Estimation of standard errors disabled; will compute point estimates only.
Size of G: 380x17027
Performing five EM steps to prime main algorithm
1 (EM) 	Elapsed: 7.448	Loglikelihood: -2.09552e+06	(delta): 6.27273e+06
2 (EM) 	Elapsed: 7.4	Loglikelihood: -1.91001e+06	(delta): 185507
3 (EM) 	Elapsed: 7.404	Loglikelihood: -1.88585e+06	(delta): 24162.4
4 (EM) 	Elapsed: 7.408	Loglikelihood: -1.87191e+06	(delta): 13934
5 (EM) 	Elapsed: 7.399	Loglikelihood: -1.86034e+06	(delta): 11575.8
Initial loglikelihood: -1.86034e+06
Starting main algorithm
1 (QN/Block) 	Elapsed: 2.718	Loglikelihood: -1.39332e+06	(delta): 467015
2 (QN/Block) 	Elapsed: 2.817	Loglikelihood: -1.1945e+06	(delta): 198819
3 (QN/Block) 	Elapsed: 4.897	Loglikelihood: -1.11299e+06	(delta): 81515.3
4 (QN/Block) 	Elapsed: 3.887	Loglikelihood: -1.06349e+06	(delta): 49494.9
5 (QN/Block) 	Elapsed: 5.214	Loglikelihood: -1.04366e+06	(delta): 19834.4
6 (QN/Block) 	Elapsed: 5.284	Loglikelihood: -1.03631e+06	(delta): 7350.86
7 (QN/Block) 	Elapsed: 3.838	Loglikelihood: -1.03252e+06	(delta): 3793.91
8 (QN/Block) 	Elapsed: 4.277	Loglikelihood: -1.03088e+06	(delta): 1638.14
9 (QN/Block) 	Elapsed: 3.849	Loglikelihood: -1.03024e+06	(delta): 632.716
10 (QN/Block) 	Elapsed: 4.755	Loglikelihood: -1.0301e+06	(delta): 149.344
11 (QN/Block) 	Elapsed: 3.826	Loglikelihood: -1.03006e+06	(delta): 36.1969
12 (QN/Block) 	Elapsed: 5.333	Loglikelihood: -1.03005e+06	(delta): 7.87162
13 (QN/Block) 	Elapsed: 4.306	Loglikelihood: -1.03005e+06	(delta): 1.75015
14 (QN/Block) 	Elapsed: 5.243	Loglikelihood: -1.03005e+06	(delta): 0.0145842
15 (QN/Block) 	Elapsed: 3.865	Loglikelihood: -1.03005e+06	(delta): 0.000667509
16 (QN/Block) 	Elapsed: 3.868	Loglikelihood: -1.03005e+06	(delta): 2.56381e-05
17 (QN/Block) 	Elapsed: 3.841	Loglikelihood: -1.03005e+06	(delta): 4.39864e-06
Summary: 
Converged in 17 iterations (120.275 sec)
Loglikelihood: -1030049.384964
Fst divergences between estimated populations: 
	Pop0	Pop1	Pop2	Pop3	Pop4	Pop5	Pop6	Pop7	Pop8	Pop9	Pop10	Pop11	Pop12	Pop13	
Pop0	
Pop1	0.399	
Pop2	0.431	0.432	
Pop3	0.157	0.390	0.415	
Pop4	0.270	0.350	0.325	0.272	
Pop5	0.430	0.187	0.461	0.417	0.373	
Pop6	0.229	0.414	0.437	0.209	0.293	0.442	
Pop7	0.317	0.490	0.513	0.322	0.375	0.520	0.355	
Pop8	0.310	0.342	0.352	0.307	0.186	0.354	0.327	0.408	
Pop9	0.380	0.232	0.402	0.369	0.324	0.299	0.389	0.469	0.314	
Pop10	0.318	0.479	0.501	0.312	0.356	0.509	0.265	0.388	0.387	0.458	
Pop11	0.655	0.677	0.537	0.631	0.567	0.708	0.658	0.745	0.594	0.641	0.733	
Pop12	0.730	0.762	0.747	0.709	0.684	0.790	0.731	0.802	0.697	0.735	0.794	0.972	
Pop13	0.273	0.433	0.454	0.258	0.309	0.459	0.170	0.395	0.343	0.411	0.327	0.673	0.743	
Pop14	0.167	0.358	0.387	0.143	0.217	0.385	0.180	0.311	0.259	0.335	0.279	0.598	0.680	0.226	
CV error (K=15): 0.13929
Writing output files.
