****                   ADMIXTURE Version 1.3.0                  ****
****                    Copyright 2008-2015                     ****
****           David Alexander, Suyash Shringarpure,            ****
****                John  Novembre, Ken Lange                   ****
****                                                            ****
****                 Please cite our paper!                     ****
****   Information at www.genetics.ucla.edu/software/admixture  ****

Cross-validation will be performed.  Folds=10.
Parallel execution requested.  Will use 8 threads.
Random seed: 20260931
Point estimation method: Block relaxation algorithm
Convergence acceleration algorithm: QuasiNewton, 3 secant conditions
Point estimation will terminate when objective function delta < 1e-05
Estimation of standard errors disabled; will compute point estimates only.
Size of G: 380x17027
Performing five EM steps to prime main algorithm
1 (EM) 	Elapsed: 8.404	Loglikelihood: -2.09321e+06	(delta): 6.25327e+06
2 (EM) 	Elapsed: 8.343	Loglikelihood: -1.90769e+06	(delta): 185520
3 (EM) 	Elapsed: 8.338	Loglikelihood: -1.88205e+06	(delta): 25644.1
4 (EM) 	Elapsed: 8.337	Loglikelihood: -1.86602e+06	(delta): 16025
5 (EM) 	Elapsed: 8.426	Loglikelihood: -1.85165e+06	(delta): 14369.3
Initial loglikelihood: -1.85165e+06
Starting main algorithm
1 (QN/Block) 	Elapsed: 2.899	Loglikelihood: -1.36161e+06	(delta): 490039
2 (QN/Block) 	Elapsed: 3.036	Loglikelihood: -1.15318e+06	(delta): 208429
3 (QN/Block) 	Elapsed: 4.699	Loglikelihood: -1.08206e+06	(delta): 71127.2
4 (QN/Block) 	Elapsed: 5.678	Loglikelihood: -1.04629e+06	(delta): 35767.1
5 (QN/Block) 	Elapsed: 4.089	Loglikelihood: -1.03062e+06	(delta): 15674.5
6 (QN/Block) 	Elapsed: 4.048	Loglikelihood: -1.02436e+06	(delta): 6251.32
7 (QN/Block) 	Elapsed: 4.038	Loglikelihood: -1.02154e+06	(delta): 2826.53
8 (QN/Block) 	Elapsed: 4.056	Loglikelihood: -1.02076e+06	(delta): 782.068
9 (QN/Block) 	Elapsed: 4.063	Loglikelihood: -1.02052e+06	(delta): 239.066
10 (QN/Block) 	Elapsed: 4.072	Loglikelihood: -1.02044e+06	(delta): 76.6196
11 (QN/Block) 	Elapsed: 4.053	Loglikelihood: -1.02041e+06	(delta): 31.7087
12 (QN/Block) 	Elapsed: 4.063	Loglikelihood: -1.0204e+06	(delta): 5.5207
13 (QN/Block) 	Elapsed: 4.07	Loglikelihood: -1.0204e+06	(delta): 1.71797
14 (QN/Block) 	Elapsed: 4.1	Loglikelihood: -1.0204e+06	(delta): 0.372355
15 (QN/Block) 	Elapsed: 4.814	Loglikelihood: -1.0204e+06	(delta): 0.117124
16 (QN/Block) 	Elapsed: 5.646	Loglikelihood: -1.0204e+06	(delta): 0.0877043
17 (QN/Block) 	Elapsed: 4.326	Loglikelihood: -1.0204e+06	(delta): 0.00566478
18 (QN/Block) 	Elapsed: 4.101	Loglikelihood: -1.0204e+06	(delta): 0.000745537
19 (QN/Block) 	Elapsed: 4.196	Loglikelihood: -1.0204e+06	(delta): 0.000182823
20 (QN/Block) 	Elapsed: 4.518	Loglikelihood: -1.0204e+06	(delta): 8.65781e-07
Summary: 
Converged in 20 iterations (140.258 sec)
Loglikelihood: -1020400.004669
Fst divergences between estimated populations: 
	Pop0	Pop1	Pop2	Pop3	Pop4	Pop5	Pop6	Pop7	Pop8	Pop9	Pop10	Pop11	Pop12	Pop13	Pop14	
Pop0	
Pop1	0.373	
Pop2	0.276	0.397	
Pop3	0.456	0.252	0.477	
Pop4	0.673	0.667	0.706	0.756	
Pop5	0.458	0.473	0.489	0.554	0.715	
Pop6	0.414	0.148	0.437	0.320	0.705	0.510	
Pop7	0.231	0.397	0.170	0.477	0.709	0.489	0.437	
Pop8	0.361	0.478	0.199	0.566	0.810	0.577	0.519	0.262	
Pop9	0.324	0.277	0.341	0.355	0.601	0.387	0.313	0.350	0.425	
Pop10	0.731	0.710	0.757	0.788	0.987	0.799	0.744	0.758	0.844	0.681	
Pop11	0.315	0.313	0.317	0.387	0.623	0.416	0.349	0.343	0.412	0.187	0.694	
Pop12	0.483	0.347	0.505	0.398	0.787	0.584	0.405	0.505	0.596	0.388	0.816	0.423	
Pop13	0.331	0.156	0.354	0.273	0.628	0.433	0.215	0.354	0.431	0.213	0.673	0.256	0.317	
Pop14	0.456	0.332	0.480	0.404	0.767	0.558	0.387	0.477	0.570	0.362	0.796	0.395	0.277	0.291	
Pop15	0.351	0.167	0.372	0.288	0.644	0.450	0.232	0.370	0.450	0.247	0.690	0.286	0.307	0.115	0.267	
CV error (K=16): 0.13956
Writing output files.
