****                   ADMIXTURE Version 1.3.0                  ****
****                    Copyright 2008-2015                     ****
****           David Alexander, Suyash Shringarpure,            ****
****                John  Novembre, Ken Lange                   ****
****                                                            ****
****                 Please cite our paper!                     ****
****   Information at www.genetics.ucla.edu/software/admixture  ****

Cross-validation will be performed.  Folds=10.
Parallel execution requested.  Will use 8 threads.
Random seed: 20260931
Point estimation method: Block relaxation algorithm
Convergence acceleration algorithm: QuasiNewton, 3 secant conditions
Point estimation will terminate when objective function delta < 1e-05
Estimation of standard errors disabled; will compute point estimates only.
Size of G: 380x17027
Performing five EM steps to prime main algorithm
1 (EM) 	Elapsed: 10.273	Loglikelihood: -2.09192e+06	(delta): 6.22921e+06
2 (EM) 	Elapsed: 10.248	Loglikelihood: -1.90292e+06	(delta): 189001
3 (EM) 	Elapsed: 10.202	Loglikelihood: -1.87649e+06	(delta): 26433.5
4 (EM) 	Elapsed: 10.215	Loglikelihood: -1.85938e+06	(delta): 17111.1
5 (EM) 	Elapsed: 10.234	Loglikelihood: -1.84328e+06	(delta): 16096.1
Initial loglikelihood: -1.84328e+06
Starting main algorithm
1 (QN/Block) 	Elapsed: 3.281	Loglikelihood: -1.30461e+06	(delta): 538666
2 (QN/Block) 	Elapsed: 3.327	Loglikelihood: -1.1278e+06	(delta): 176818
3 (QN/Block) 	Elapsed: 5.774	Loglikelihood: -1.06382e+06	(delta): 63974.9
4 (QN/Block) 	Elapsed: 5.149	Loglikelihood: -1.03456e+06	(delta): 29257.4
5 (QN/Block) 	Elapsed: 4.567	Loglikelihood: -1.01949e+06	(delta): 15078.8
6 (QN/Block) 	Elapsed: 6.131	Loglikelihood: -1.01072e+06	(delta): 8763.96
7 (QN/Block) 	Elapsed: 4.528	Loglikelihood: -1.00425e+06	(delta): 6471.87
8 (QN/Block) 	Elapsed: 5.113	Loglikelihood: -998399	(delta): 5851.1
9 (QN/Block) 	Elapsed: 4.53	Loglikelihood: -996442	(delta): 1956.53
10 (QN/Block) 	Elapsed: 6.181	Loglikelihood: -995800	(delta): 642.476
11 (QN/Block) 	Elapsed: 4.521	Loglikelihood: -995580	(delta): 219.399
12 (QN/Block) 	Elapsed: 4.525	Loglikelihood: -995547	(delta): 33.3706
13 (QN/Block) 	Elapsed: 4.521	Loglikelihood: -995538	(delta): 8.34415
14 (QN/Block) 	Elapsed: 4.536	Loglikelihood: -995536	(delta): 2.13749
15 (QN/Block) 	Elapsed: 4.532	Loglikelihood: -995536	(delta): 0.471297
16 (QN/Block) 	Elapsed: 4.526	Loglikelihood: -995536	(delta): 0.128518
17 (QN/Block) 	Elapsed: 4.532	Loglikelihood: -995536	(delta): 0.0269906
18 (QN/Block) 	Elapsed: 4.545	Loglikelihood: -995536	(delta): 0.0053473
19 (QN/Block) 	Elapsed: 4.851	Loglikelihood: -995536	(delta): 0.00227049
20 (QN/Block) 	Elapsed: 4.53	Loglikelihood: -995536	(delta): 0.000145564
21 (QN/Block) 	Elapsed: 4.529	Loglikelihood: -995536	(delta): 5.86077e-05
22 (QN/Block) 	Elapsed: 4.526	Loglikelihood: -995536	(delta): 7.03789e-06
Summary: 
Converged in 22 iterations (170.594 sec)
Loglikelihood: -995535.691866
Fst divergences between estimated populations: 
	Pop0	Pop1	Pop2	Pop3	Pop4	Pop5	Pop6	Pop7	Pop8	Pop9	Pop10	Pop11	Pop12	Pop13	Pop14	Pop15	Pop16	
Pop0	
Pop1	0.415	
Pop2	0.265	0.468	
Pop3	0.235	0.479	0.350	
Pop4	0.352	0.574	0.449	0.294	
Pop5	0.211	0.455	0.326	0.169	0.317	
Pop6	0.249	0.499	0.380	0.221	0.351	0.196	
Pop7	0.210	0.468	0.334	0.161	0.321	0.136	0.215	
Pop8	0.128	0.392	0.250	0.272	0.377	0.251	0.305	0.251	
Pop9	0.441	0.428	0.496	0.498	0.580	0.478	0.516	0.490	0.423	
Pop10	0.687	0.823	0.741	0.714	0.791	0.689	0.728	0.704	0.687	0.806	
Pop11	0.368	0.501	0.405	0.400	0.494	0.377	0.423	0.392	0.366	0.519	0.763	
Pop12	0.395	0.531	0.424	0.432	0.520	0.407	0.450	0.423	0.384	0.547	0.792	0.277	
Pop13	0.327	0.566	0.437	0.303	0.376	0.294	0.270	0.300	0.366	0.576	0.787	0.490	0.515	
Pop14	0.244	0.466	0.352	0.126	0.306	0.142	0.211	0.185	0.280	0.488	0.698	0.392	0.424	0.303	
Pop15	0.392	0.533	0.412	0.423	0.515	0.402	0.447	0.415	0.383	0.549	0.790	0.350	0.366	0.510	0.416	
Pop16	0.364	0.499	0.393	0.390	0.482	0.372	0.416	0.385	0.357	0.518	0.759	0.278	0.307	0.477	0.386	0.189	
Pop17	0.204	0.406	0.153	0.295	0.396	0.274	0.325	0.277	0.190	0.439	0.691	0.346	0.362	0.383	0.300	0.355	0.340	
CV error (K=18): 0.14276
Writing output files.
