****                   ADMIXTURE Version 1.3.0                  ****
****                    Copyright 2008-2015                     ****
****           David Alexander, Suyash Shringarpure,            ****
****                John  Novembre, Ken Lange                   ****
****                                                            ****
****                 Please cite our paper!                     ****
****   Information at www.genetics.ucla.edu/software/admixture  ****

Cross-validation will be performed.  Folds=10.
Parallel execution requested.  Will use 8 threads.
Random seed: 20260931
Point estimation method: Block relaxation algorithm
Convergence acceleration algorithm: QuasiNewton, 3 secant conditions
Point estimation will terminate when objective function delta < 1e-05
Estimation of standard errors disabled; will compute point estimates only.
Size of G: 380x17027
Performing five EM steps to prime main algorithm
1 (EM) 	Elapsed: 14.861	Loglikelihood: -2.09278e+06	(delta): 6.18074e+06
2 (EM) 	Elapsed: 14.819	Loglikelihood: -1.90252e+06	(delta): 190261
3 (EM) 	Elapsed: 14.81	Loglikelihood: -1.87748e+06	(delta): 25033.6
4 (EM) 	Elapsed: 14.803	Loglikelihood: -1.86173e+06	(delta): 15754.8
5 (EM) 	Elapsed: 14.797	Loglikelihood: -1.847e+06	(delta): 14732.5
Initial loglikelihood: -1.847e+06
Starting main algorithm
1 (QN/Block) 	Elapsed: 4.031	Loglikelihood: -1.32441e+06	(delta): 522588
2 (QN/Block) 	Elapsed: 4.267	Loglikelihood: -1.11405e+06	(delta): 210356
3 (QN/Block) 	Elapsed: 6.523	Loglikelihood: -1.02986e+06	(delta): 84193.7
4 (QN/Block) 	Elapsed: 6.42	Loglikelihood: -992287	(delta): 37572.2
5 (QN/Block) 	Elapsed: 5.661	Loglikelihood: -975449	(delta): 16838
6 (QN/Block) 	Elapsed: 5.594	Loglikelihood: -966957	(delta): 8491.48
7 (QN/Block) 	Elapsed: 6.236	Loglikelihood: -961957	(delta): 4999.94
8 (QN/Block) 	Elapsed: 7.698	Loglikelihood: -958245	(delta): 3712.5
9 (QN/Block) 	Elapsed: 5.583	Loglikelihood: -957047	(delta): 1198.16
10 (QN/Block) 	Elapsed: 5.564	Loglikelihood: -956287	(delta): 759.535
11 (QN/Block) 	Elapsed: 5.584	Loglikelihood: -956070	(delta): 217.452
12 (QN/Block) 	Elapsed: 7.604	Loglikelihood: -956025	(delta): 45.1116
13 (QN/Block) 	Elapsed: 5.623	Loglikelihood: -956005	(delta): 19.2496
14 (QN/Block) 	Elapsed: 6.247	Loglikelihood: -956000	(delta): 5.38212
15 (QN/Block) 	Elapsed: 5.605	Loglikelihood: -955999	(delta): 0.731556
16 (QN/Block) 	Elapsed: 5.597	Loglikelihood: -955999	(delta): 0.337187
17 (QN/Block) 	Elapsed: 5.601	Loglikelihood: -955998	(delta): 0.5092
18 (QN/Block) 	Elapsed: 7.621	Loglikelihood: -955998	(delta): 0.00781898
19 (QN/Block) 	Elapsed: 7.652	Loglikelihood: -955998	(delta): 0.180966
20 (QN/Block) 	Elapsed: 7.651	Loglikelihood: -955998	(delta): 0.05247
21 (QN/Block) 	Elapsed: 6.289	Loglikelihood: -955998	(delta): 0.0642984
22 (QN/Block) 	Elapsed: 6.969	Loglikelihood: -955998	(delta): 0.0624856
23 (QN/Block) 	Elapsed: 7.636	Loglikelihood: -955998	(delta): 0.0453137
24 (QN/Block) 	Elapsed: 5.623	Loglikelihood: -955998	(delta): 0.039481
25 (QN/Block) 	Elapsed: 7.639	Loglikelihood: -955998	(delta): 0.0130985
26 (QN/Block) 	Elapsed: 7.649	Loglikelihood: -955998	(delta): 0.0109072
27 (QN/Block) 	Elapsed: 6.306	Loglikelihood: -955998	(delta): 0.0161157
28 (QN/Block) 	Elapsed: 5.65	Loglikelihood: -955998	(delta): 0.01725
29 (QN/Block) 	Elapsed: 5.594	Loglikelihood: -955998	(delta): 0.00606962
30 (QN/Block) 	Elapsed: 5.609	Loglikelihood: -955998	(delta): 0.00122887
31 (QN/Block) 	Elapsed: 5.623	Loglikelihood: -955998	(delta): 0.00143658
32 (QN/Block) 	Elapsed: 5.607	Loglikelihood: -955998	(delta): 0.00032026
33 (QN/Block) 	Elapsed: 5.603	Loglikelihood: -955998	(delta): 2.92965e-05
34 (QN/Block) 	Elapsed: 5.613	Loglikelihood: -955998	(delta): 1.14905e-05
35 (QN/Block) 	Elapsed: 5.618	Loglikelihood: -955998	(delta): 1.00944e-06
Summary: 
Converged in 35 iterations (317.977 sec)
Loglikelihood: -955997.909175
Fst divergences between estimated populations: 
	Pop0	Pop1	Pop2	Pop3	Pop4	Pop5	Pop6	Pop7	Pop8	Pop9	Pop10	Pop11	Pop12	Pop13	Pop14	Pop15	Pop16	Pop17	Pop18	Pop19	Pop20	
Pop0	
Pop1	0.366	
Pop2	0.377	0.109	
Pop3	0.481	0.286	0.289	
Pop4	0.305	0.402	0.413	0.517	
Pop5	0.411	0.178	0.126	0.334	0.449	
Pop6	0.395	0.316	0.335	0.438	0.426	0.376	
Pop7	0.344	0.263	0.283	0.385	0.367	0.326	0.157	
Pop8	0.486	0.308	0.303	0.378	0.522	0.333	0.451	0.399	
Pop9	0.359	0.238	0.261	0.367	0.386	0.304	0.251	0.191	0.378	
Pop10	0.440	0.230	0.224	0.320	0.474	0.276	0.398	0.347	0.384	0.324	
Pop11	0.226	0.434	0.444	0.550	0.414	0.478	0.471	0.418	0.555	0.428	0.508	
Pop12	0.680	0.602	0.611	0.726	0.711	0.645	0.652	0.587	0.733	0.571	0.674	0.756	
Pop13	0.419	0.191	0.182	0.268	0.452	0.235	0.382	0.327	0.349	0.307	0.157	0.488	0.657	
Pop14	0.359	0.186	0.211	0.317	0.388	0.261	0.260	0.201	0.342	0.126	0.268	0.425	0.574	0.239	
Pop15	0.765	0.683	0.691	0.788	0.792	0.720	0.742	0.692	0.792	0.688	0.744	0.822	0.972	0.731	0.678	
Pop16	0.502	0.448	0.458	0.567	0.532	0.489	0.469	0.408	0.574	0.392	0.518	0.576	0.622	0.501	0.409	0.823	
Pop17	0.281	0.371	0.384	0.492	0.280	0.416	0.407	0.350	0.496	0.367	0.447	0.375	0.678	0.425	0.362	0.764	0.502	
Pop18	0.174	0.372	0.382	0.486	0.347	0.418	0.381	0.326	0.490	0.358	0.446	0.299	0.680	0.425	0.360	0.766	0.505	0.334	
Pop19	0.397	0.159	0.143	0.310	0.438	0.158	0.355	0.301	0.300	0.276	0.258	0.466	0.644	0.220	0.227	0.720	0.485	0.406	0.405	
Pop20	0.262	0.442	0.452	0.566	0.434	0.489	0.468	0.411	0.571	0.432	0.520	0.399	0.776	0.499	0.432	0.844	0.592	0.413	0.199	0.479	
Pop21	0.716	0.639	0.644	0.755	0.745	0.677	0.678	0.618	0.760	0.606	0.704	0.789	0.960	0.690	0.611	0.987	0.744	0.712	0.716	0.679	0.810	
CV error (K=22): 0.13935
Writing output files.
