****                   ADMIXTURE Version 1.3.0                  ****
****                    Copyright 2008-2015                     ****
****           David Alexander, Suyash Shringarpure,            ****
****                John  Novembre, Ken Lange                   ****
****                                                            ****
****                 Please cite our paper!                     ****
****   Information at www.genetics.ucla.edu/software/admixture  ****

Cross-validation will be performed.  Folds=10.
Parallel execution requested.  Will use 8 threads.
Random seed: 20260931
Point estimation method: Block relaxation algorithm
Convergence acceleration algorithm: QuasiNewton, 3 secant conditions
Point estimation will terminate when objective function delta < 1e-05
Estimation of standard errors disabled; will compute point estimates only.
Size of G: 380x17027
Performing five EM steps to prime main algorithm
1 (EM) 	Elapsed: 16.963	Loglikelihood: -2.09287e+06	(delta): 6.1768e+06
2 (EM) 	Elapsed: 15.992	Loglikelihood: -1.90187e+06	(delta): 191001
3 (EM) 	Elapsed: 16.041	Loglikelihood: -1.87693e+06	(delta): 24937.3
4 (EM) 	Elapsed: 16.048	Loglikelihood: -1.86158e+06	(delta): 15353.2
5 (EM) 	Elapsed: 15.999	Loglikelihood: -1.84772e+06	(delta): 13857.7
Initial loglikelihood: -1.84772e+06
Starting main algorithm
1 (QN/Block) 	Elapsed: 4.194	Loglikelihood: -1.31288e+06	(delta): 534838
2 (QN/Block) 	Elapsed: 4.404	Loglikelihood: -1.12669e+06	(delta): 186190
3 (QN/Block) 	Elapsed: 6.906	Loglikelihood: -1.05676e+06	(delta): 69929
4 (QN/Block) 	Elapsed: 5.983	Loglikelihood: -1.00934e+06	(delta): 47420.7
5 (QN/Block) 	Elapsed: 7.318	Loglikelihood: -980361	(delta): 28979.4
6 (QN/Block) 	Elapsed: 7.325	Loglikelihood: -968563	(delta): 11797.5
7 (QN/Block) 	Elapsed: 5.837	Loglikelihood: -963093	(delta): 5470.36
8 (QN/Block) 	Elapsed: 5.782	Loglikelihood: -961220	(delta): 1872.98
9 (QN/Block) 	Elapsed: 7.913	Loglikelihood: -960755	(delta): 465.462
10 (QN/Block) 	Elapsed: 5.843	Loglikelihood: -960607	(delta): 147.316
11 (QN/Block) 	Elapsed: 5.834	Loglikelihood: -960571	(delta): 36.3101
12 (QN/Block) 	Elapsed: 5.859	Loglikelihood: -960560	(delta): 11.3317
13 (QN/Block) 	Elapsed: 5.843	Loglikelihood: -960556	(delta): 4.09888
14 (QN/Block) 	Elapsed: 5.849	Loglikelihood: -960555	(delta): 0.964993
15 (QN/Block) 	Elapsed: 5.866	Loglikelihood: -960554	(delta): 0.288978
16 (QN/Block) 	Elapsed: 5.861	Loglikelihood: -960554	(delta): 0.0587207
17 (QN/Block) 	Elapsed: 6.578	Loglikelihood: -960554	(delta): 0.00691935
18 (QN/Block) 	Elapsed: 5.87	Loglikelihood: -960554	(delta): 0.000783472
19 (QN/Block) 	Elapsed: 5.869	Loglikelihood: -960554	(delta): 1.61122e-05
20 (QN/Block) 	Elapsed: 5.879	Loglikelihood: -960554	(delta): 7.50273e-06
Summary: 
Converged in 20 iterations (221.416 sec)
Loglikelihood: -960554.202593
Fst divergences between estimated populations: 
	Pop0	Pop1	Pop2	Pop3	Pop4	Pop5	Pop6	Pop7	Pop8	Pop9	Pop10	Pop11	Pop12	Pop13	Pop14	Pop15	Pop16	Pop17	Pop18	Pop19	Pop20	Pop21	
Pop0	
Pop1	0.385	
Pop2	0.256	0.458	
Pop3	0.241	0.314	0.320	
Pop4	0.188	0.402	0.157	0.262	
Pop5	0.305	0.356	0.380	0.190	0.322	
Pop6	0.378	0.512	0.406	0.388	0.353	0.438	
Pop7	0.283	0.313	0.362	0.172	0.302	0.234	0.424	
Pop8	0.690	0.797	0.744	0.683	0.690	0.725	0.784	0.724	
Pop9	0.247	0.346	0.290	0.207	0.239	0.180	0.344	0.242	0.686	
Pop10	0.369	0.501	0.408	0.371	0.350	0.422	0.341	0.410	0.764	0.359	
Pop11	0.274	0.448	0.258	0.315	0.187	0.372	0.285	0.354	0.724	0.281	0.347	
Pop12	0.291	0.328	0.364	0.151	0.308	0.228	0.420	0.165	0.713	0.244	0.404	0.355	
Pop13	0.359	0.487	0.397	0.364	0.345	0.414	0.172	0.398	0.758	0.336	0.277	0.305	0.397	
Pop14	0.387	0.527	0.427	0.401	0.367	0.449	0.356	0.441	0.792	0.384	0.279	0.362	0.438	0.306	
Pop15	0.283	0.318	0.357	0.152	0.300	0.131	0.410	0.168	0.699	0.200	0.395	0.347	0.149	0.387	0.424	
Pop16	0.438	0.581	0.476	0.445	0.417	0.500	0.199	0.487	0.848	0.397	0.416	0.360	0.480	0.274	0.436	0.470	
Pop17	0.574	0.739	0.655	0.603	0.585	0.652	0.702	0.649	0.973	0.601	0.677	0.627	0.637	0.673	0.711	0.621	0.781	
Pop18	0.395	0.580	0.472	0.449	0.406	0.497	0.524	0.490	0.824	0.443	0.502	0.450	0.479	0.498	0.532	0.470	0.597	0.623	
Pop19	0.608	0.765	0.680	0.638	0.615	0.683	0.737	0.683	0.988	0.631	0.712	0.660	0.669	0.709	0.744	0.653	0.814	0.959	0.744	
Pop20	0.371	0.385	0.443	0.285	0.385	0.275	0.505	0.316	0.791	0.262	0.493	0.434	0.323	0.479	0.518	0.266	0.573	0.729	0.570	0.757	
Pop21	0.128	0.343	0.262	0.181	0.195	0.234	0.374	0.228	0.675	0.204	0.359	0.276	0.240	0.354	0.385	0.216	0.433	0.572	0.407	0.608	0.315	
Pop22	0.690	0.798	0.745	0.684	0.690	0.726	0.785	0.725	0.577	0.687	0.765	0.725	0.714	0.759	0.793	0.700	0.850	0.975	0.825	0.990	0.792	0.676	
CV error (K=23): 0.14029
Writing output files.
