****                   ADMIXTURE Version 1.3.0                  ****
****                    Copyright 2008-2015                     ****
****           David Alexander, Suyash Shringarpure,            ****
****                John  Novembre, Ken Lange                   ****
****                                                            ****
****                 Please cite our paper!                     ****
****   Information at www.genetics.ucla.edu/software/admixture  ****

Cross-validation will be performed.  Folds=10.
Parallel execution requested.  Will use 8 threads.
Random seed: 20260931
Point estimation method: Block relaxation algorithm
Convergence acceleration algorithm: QuasiNewton, 3 secant conditions
Point estimation will terminate when objective function delta < 1e-05
Estimation of standard errors disabled; will compute point estimates only.
Size of G: 380x17027
Performing five EM steps to prime main algorithm
1 (EM) 	Elapsed: 18.814	Loglikelihood: -2.08994e+06	(delta): 6.1626e+06
2 (EM) 	Elapsed: 18.729	Loglikelihood: -1.89832e+06	(delta): 191619
3 (EM) 	Elapsed: 18.605	Loglikelihood: -1.87254e+06	(delta): 25780.5
4 (EM) 	Elapsed: 18.702	Loglikelihood: -1.8557e+06	(delta): 16844.6
5 (EM) 	Elapsed: 18.722	Loglikelihood: -1.8394e+06	(delta): 16295.5
Initial loglikelihood: -1.8394e+06
Starting main algorithm
1 (QN/Block) 	Elapsed: 4.702	Loglikelihood: -1.28171e+06	(delta): 557694
2 (QN/Block) 	Elapsed: 4.889	Loglikelihood: -1.08306e+06	(delta): 198651
3 (QN/Block) 	Elapsed: 7.382	Loglikelihood: -999690	(delta): 83368
4 (QN/Block) 	Elapsed: 8.775	Loglikelihood: -958630	(delta): 41060
5 (QN/Block) 	Elapsed: 6.436	Loglikelihood: -942388	(delta): 16242.3
6 (QN/Block) 	Elapsed: 8.556	Loglikelihood: -935212	(delta): 7175.6
7 (QN/Block) 	Elapsed: 6.365	Loglikelihood: -932309	(delta): 2903.53
8 (QN/Block) 	Elapsed: 6.293	Loglikelihood: -931434	(delta): 875.378
9 (QN/Block) 	Elapsed: 6.377	Loglikelihood: -931128	(delta): 305.086
10 (QN/Block) 	Elapsed: 6.338	Loglikelihood: -931040	(delta): 88.6732
11 (QN/Block) 	Elapsed: 6.368	Loglikelihood: -930985	(delta): 55.0521
12 (QN/Block) 	Elapsed: 7.121	Loglikelihood: -930905	(delta): 79.8692
13 (QN/Block) 	Elapsed: 6.357	Loglikelihood: -930870	(delta): 34.9842
14 (QN/Block) 	Elapsed: 6.366	Loglikelihood: -930864	(delta): 5.85305
15 (QN/Block) 	Elapsed: 8.647	Loglikelihood: -930862	(delta): 2.16599
16 (QN/Block) 	Elapsed: 7.925	Loglikelihood: -930861	(delta): 1.2553
17 (QN/Block) 	Elapsed: 8.668	Loglikelihood: -930860	(delta): 0.602311
18 (QN/Block) 	Elapsed: 8.654	Loglikelihood: -930859	(delta): 0.935525
19 (QN/Block) 	Elapsed: 7.901	Loglikelihood: -930858	(delta): 0.576274
20 (QN/Block) 	Elapsed: 7.145	Loglikelihood: -930858	(delta): 0.227585
21 (QN/Block) 	Elapsed: 6.391	Loglikelihood: -930858	(delta): 0.0924059
22 (QN/Block) 	Elapsed: 6.402	Loglikelihood: -930858	(delta): 0.0404466
23 (QN/Block) 	Elapsed: 6.353	Loglikelihood: -930858	(delta): 0.00218862
24 (QN/Block) 	Elapsed: 6.372	Loglikelihood: -930858	(delta): 0.000362086
25 (QN/Block) 	Elapsed: 6.4	Loglikelihood: -930858	(delta): 3.2381e-05
26 (QN/Block) 	Elapsed: 6.375	Loglikelihood: -930858	(delta): 2.30258e-06
Summary: 
Converged in 26 iterations (298.621 sec)
Loglikelihood: -930858.131718
Fst divergences between estimated populations: 
	Pop0	Pop1	Pop2	Pop3	Pop4	Pop5	Pop6	Pop7	Pop8	Pop9	Pop10	Pop11	Pop12	Pop13	Pop14	Pop15	Pop16	Pop17	Pop18	Pop19	Pop20	Pop21	Pop22	Pop23	
Pop0	
Pop1	0.436	
Pop2	0.337	0.402	
Pop3	0.399	0.317	0.374	
Pop4	0.522	0.439	0.488	0.287	
Pop5	0.715	0.652	0.689	0.603	0.726	
Pop6	0.533	0.469	0.510	0.449	0.567	0.622	
Pop7	0.325	0.425	0.317	0.403	0.516	0.710	0.531	
Pop8	0.794	0.742	0.772	0.684	0.788	0.972	0.823	0.791	
Pop9	0.550	0.474	0.517	0.331	0.398	0.761	0.598	0.546	0.816	
Pop10	0.372	0.385	0.174	0.376	0.489	0.684	0.509	0.350	0.769	0.517	
Pop11	0.743	0.673	0.719	0.634	0.751	0.959	0.739	0.738	0.987	0.783	0.714	
Pop12	0.403	0.211	0.374	0.260	0.385	0.595	0.415	0.393	0.702	0.419	0.364	0.625	
Pop13	0.396	0.255	0.367	0.241	0.369	0.572	0.393	0.387	0.689	0.401	0.362	0.602	0.151	
Pop14	0.293	0.436	0.289	0.396	0.515	0.712	0.534	0.288	0.792	0.542	0.350	0.740	0.401	0.394	
Pop15	0.452	0.468	0.263	0.442	0.566	0.776	0.592	0.433	0.844	0.597	0.197	0.805	0.439	0.433	0.432	
Pop16	0.416	0.471	0.230	0.434	0.550	0.756	0.575	0.413	0.822	0.580	0.302	0.784	0.439	0.429	0.386	0.400	
Pop17	0.388	0.261	0.365	0.187	0.317	0.573	0.409	0.388	0.678	0.362	0.362	0.604	0.173	0.130	0.388	0.432	0.425	
Pop18	0.477	0.400	0.449	0.232	0.322	0.676	0.520	0.476	0.746	0.407	0.450	0.701	0.347	0.329	0.472	0.521	0.510	0.270	
Pop19	0.433	0.354	0.403	0.159	0.307	0.640	0.483	0.436	0.716	0.323	0.406	0.669	0.294	0.278	0.429	0.476	0.464	0.225	0.257	
Pop20	0.429	0.362	0.402	0.165	0.277	0.625	0.474	0.430	0.703	0.340	0.404	0.653	0.308	0.289	0.426	0.472	0.462	0.230	0.199	0.159	
Pop21	0.443	0.371	0.417	0.179	0.259	0.646	0.490	0.441	0.720	0.359	0.418	0.673	0.316	0.298	0.439	0.488	0.478	0.227	0.151	0.207	0.118	
Pop22	0.521	0.446	0.489	0.304	0.405	0.737	0.571	0.519	0.796	0.277	0.492	0.761	0.391	0.375	0.516	0.570	0.553	0.338	0.389	0.280	0.315	0.346	
Pop23	0.386	0.163	0.357	0.276	0.398	0.600	0.419	0.373	0.703	0.433	0.336	0.625	0.165	0.208	0.386	0.419	0.425	0.217	0.360	0.312	0.319	0.327	0.405	
Pop24	0.425	0.356	0.400	0.144	0.315	0.629	0.473	0.432	0.706	0.341	0.402	0.657	0.302	0.285	0.425	0.470	0.460	0.238	0.258	0.140	0.140	0.208	0.302	0.316	
CV error (K=25): 0.13990
Writing output files.
