****                   ADMIXTURE Version 1.3.0                  ****
****                    Copyright 2008-2015                     ****
****           David Alexander, Suyash Shringarpure,            ****
****                John  Novembre, Ken Lange                   ****
****                                                            ****
****                 Please cite our paper!                     ****
****   Information at www.genetics.ucla.edu/software/admixture  ****

Cross-validation will be performed.  Folds=10.
Parallel execution requested.  Will use 8 threads.
Random seed: 20260934
Point estimation method: Block relaxation algorithm
Convergence acceleration algorithm: QuasiNewton, 3 secant conditions
Point estimation will terminate when objective function delta < 1e-05
Estimation of standard errors disabled; will compute point estimates only.
Size of G: 380x17027
Performing five EM steps to prime main algorithm
1 (EM) 	Elapsed: 4.387	Loglikelihood: -2.09778e+06	(delta): 6.39288e+06
2 (EM) 	Elapsed: 4.344	Loglikelihood: -1.91544e+06	(delta): 182342
3 (EM) 	Elapsed: 4.349	Loglikelihood: -1.8915e+06	(delta): 23944.3
4 (EM) 	Elapsed: 4.354	Loglikelihood: -1.87786e+06	(delta): 13631.4
5 (EM) 	Elapsed: 4.359	Loglikelihood: -1.86654e+06	(delta): 11324.1
Initial loglikelihood: -1.86654e+06
Starting main algorithm
1 (QN/Block) 	Elapsed: 2.098	Loglikelihood: -1.42973e+06	(delta): 436807
2 (QN/Block) 	Elapsed: 2.153	Loglikelihood: -1.24733e+06	(delta): 182408
3 (QN/Block) 	Elapsed: 3.352	Loglikelihood: -1.16366e+06	(delta): 83667
4 (QN/Block) 	Elapsed: 4.028	Loglikelihood: -1.11282e+06	(delta): 50842.5
5 (QN/Block) 	Elapsed: 4.029	Loglikelihood: -1.09362e+06	(delta): 19200.5
6 (QN/Block) 	Elapsed: 4.03	Loglikelihood: -1.08739e+06	(delta): 6229.9
7 (QN/Block) 	Elapsed: 2.934	Loglikelihood: -1.08551e+06	(delta): 1879.61
8 (QN/Block) 	Elapsed: 2.922	Loglikelihood: -1.08502e+06	(delta): 486.594
9 (QN/Block) 	Elapsed: 2.944	Loglikelihood: -1.08497e+06	(delta): 47.6415
10 (QN/Block) 	Elapsed: 3.292	Loglikelihood: -1.08497e+06	(delta): 6.44463
11 (QN/Block) 	Elapsed: 2.948	Loglikelihood: -1.08496e+06	(delta): 0.500191
12 (QN/Block) 	Elapsed: 3.283	Loglikelihood: -1.08496e+06	(delta): 0.0722532
13 (QN/Block) 	Elapsed: 2.936	Loglikelihood: -1.08496e+06	(delta): 0.016836
14 (QN/Block) 	Elapsed: 2.937	Loglikelihood: -1.08496e+06	(delta): 0.000700191
15 (QN/Block) 	Elapsed: 2.959	Loglikelihood: -1.08496e+06	(delta): 7.55414e-05
16 (QN/Block) 	Elapsed: 2.957	Loglikelihood: -1.08496e+06	(delta): 8.3975e-06
Summary: 
Converged in 16 iterations (79.809 sec)
Loglikelihood: -1084964.486391
Fst divergences between estimated populations: 
	Pop0	Pop1	Pop2	Pop3	Pop4	Pop5	Pop6	Pop7	Pop8	Pop9	
Pop0	
Pop1	0.401	
Pop2	0.382	0.331	
Pop3	0.495	0.455	0.266	
Pop4	0.327	0.321	0.221	0.351	
Pop5	0.430	0.231	0.351	0.476	0.347	
Pop6	0.418	0.372	0.156	0.250	0.271	0.396	
Pop7	0.741	0.738	0.678	0.790	0.684	0.765	0.713	
Pop8	0.357	0.312	0.262	0.384	0.182	0.340	0.309	0.698	
Pop9	0.458	0.298	0.379	0.506	0.370	0.185	0.423	0.792	0.353	
Pop10	0.498	0.455	0.261	0.370	0.358	0.476	0.323	0.791	0.393	0.506	
CV error (K=11): 0.14369
Writing output files.
