****                   ADMIXTURE Version 1.3.0                  ****
****                    Copyright 2008-2015                     ****
****           David Alexander, Suyash Shringarpure,            ****
****                John  Novembre, Ken Lange                   ****
****                                                            ****
****                 Please cite our paper!                     ****
****   Information at www.genetics.ucla.edu/software/admixture  ****

Cross-validation will be performed.  Folds=10.
Parallel execution requested.  Will use 8 threads.
Random seed: 20260934
Point estimation method: Block relaxation algorithm
Convergence acceleration algorithm: QuasiNewton, 3 secant conditions
Point estimation will terminate when objective function delta < 1e-05
Estimation of standard errors disabled; will compute point estimates only.
Size of G: 380x17027
Performing five EM steps to prime main algorithm
1 (EM) 	Elapsed: 7.463	Loglikelihood: -2.09706e+06	(delta): 6.3049e+06
2 (EM) 	Elapsed: 7.422	Loglikelihood: -1.90861e+06	(delta): 188446
3 (EM) 	Elapsed: 7.433	Loglikelihood: -1.8827e+06	(delta): 25911.1
4 (EM) 	Elapsed: 7.409	Loglikelihood: -1.86661e+06	(delta): 16091.1
5 (EM) 	Elapsed: 7.391	Loglikelihood: -1.85227e+06	(delta): 14339.3
Initial loglikelihood: -1.85227e+06
Starting main algorithm
1 (QN/Block) 	Elapsed: 2.749	Loglikelihood: -1.37721e+06	(delta): 475062
2 (QN/Block) 	Elapsed: 2.826	Loglikelihood: -1.15638e+06	(delta): 220826
3 (QN/Block) 	Elapsed: 4.399	Loglikelihood: -1.08975e+06	(delta): 66629.3
4 (QN/Block) 	Elapsed: 4.396	Loglikelihood: -1.05426e+06	(delta): 35498.3
5 (QN/Block) 	Elapsed: 5.304	Loglikelihood: -1.03991e+06	(delta): 14346.4
6 (QN/Block) 	Elapsed: 3.875	Loglikelihood: -1.03457e+06	(delta): 5340.19
7 (QN/Block) 	Elapsed: 3.824	Loglikelihood: -1.03278e+06	(delta): 1786.59
8 (QN/Block) 	Elapsed: 3.811	Loglikelihood: -1.03252e+06	(delta): 263.783
9 (QN/Block) 	Elapsed: 5.239	Loglikelihood: -1.03248e+06	(delta): 35.9266
10 (QN/Block) 	Elapsed: 3.834	Loglikelihood: -1.03248e+06	(delta): 6.45152
11 (QN/Block) 	Elapsed: 4.336	Loglikelihood: -1.03248e+06	(delta): 1.97712
12 (QN/Block) 	Elapsed: 4.302	Loglikelihood: -1.03247e+06	(delta): 1.46348
13 (QN/Block) 	Elapsed: 5.237	Loglikelihood: -1.03247e+06	(delta): 0.422611
14 (QN/Block) 	Elapsed: 5.247	Loglikelihood: -1.03247e+06	(delta): 0.0619531
15 (QN/Block) 	Elapsed: 5.233	Loglikelihood: -1.03247e+06	(delta): 0.0196158
16 (QN/Block) 	Elapsed: 4.789	Loglikelihood: -1.03247e+06	(delta): 0.00557988
17 (QN/Block) 	Elapsed: 3.848	Loglikelihood: -1.03247e+06	(delta): 0.00183475
18 (QN/Block) 	Elapsed: 3.863	Loglikelihood: -1.03247e+06	(delta): 0.00102915
19 (QN/Block) 	Elapsed: 3.833	Loglikelihood: -1.03247e+06	(delta): 9.20231e-05
20 (QN/Block) 	Elapsed: 3.848	Loglikelihood: -1.03247e+06	(delta): 7.97134e-05
21 (QN/Block) 	Elapsed: 3.856	Loglikelihood: -1.03247e+06	(delta): 9.8478e-06
Summary: 
Converged in 21 iterations (139.017 sec)
Loglikelihood: -1032473.099505
Fst divergences between estimated populations: 
	Pop0	Pop1	Pop2	Pop3	Pop4	Pop5	Pop6	Pop7	Pop8	Pop9	Pop10	Pop11	Pop12	Pop13	
Pop0	
Pop1	0.343	
Pop2	0.454	0.351	
Pop3	0.397	0.152	0.409	
Pop4	0.742	0.690	0.735	0.741	
Pop5	0.214	0.250	0.384	0.305	0.673	
Pop6	0.147	0.306	0.421	0.363	0.710	0.156	
Pop7	0.413	0.308	0.401	0.367	0.731	0.331	0.373	
Pop8	0.467	0.355	0.462	0.411	0.790	0.385	0.429	0.302	
Pop9	0.313	0.180	0.331	0.242	0.682	0.215	0.279	0.325	0.378	
Pop10	0.319	0.383	0.496	0.438	0.788	0.273	0.252	0.456	0.511	0.356	
Pop11	0.231	0.280	0.399	0.334	0.690	0.115	0.167	0.350	0.402	0.249	0.288	
Pop12	0.386	0.391	0.499	0.445	0.796	0.292	0.332	0.455	0.514	0.363	0.404	0.267	
Pop13	0.436	0.339	0.430	0.392	0.758	0.355	0.398	0.231	0.188	0.351	0.477	0.370	0.477	
Pop14	0.404	0.418	0.523	0.473	0.815	0.317	0.347	0.483	0.539	0.389	0.398	0.307	0.277	0.505	
CV error (K=15): 0.14228
Writing output files.
