****                   ADMIXTURE Version 1.3.0                  ****
****                    Copyright 2008-2015                     ****
****           David Alexander, Suyash Shringarpure,            ****
****                John  Novembre, Ken Lange                   ****
****                                                            ****
****                 Please cite our paper!                     ****
****   Information at www.genetics.ucla.edu/software/admixture  ****

Cross-validation will be performed.  Folds=10.
Parallel execution requested.  Will use 8 threads.
Random seed: 20260934
Point estimation method: Block relaxation algorithm
Convergence acceleration algorithm: QuasiNewton, 3 secant conditions
Point estimation will terminate when objective function delta < 1e-05
Estimation of standard errors disabled; will compute point estimates only.
Size of G: 380x17027
Performing five EM steps to prime main algorithm
1 (EM) 	Elapsed: 8.381	Loglikelihood: -2.09628e+06	(delta): 6.28968e+06
2 (EM) 	Elapsed: 8.352	Loglikelihood: -1.90943e+06	(delta): 186847
3 (EM) 	Elapsed: 8.341	Loglikelihood: -1.88546e+06	(delta): 23972.8
4 (EM) 	Elapsed: 8.347	Loglikelihood: -1.87179e+06	(delta): 13664.7
5 (EM) 	Elapsed: 8.345	Loglikelihood: -1.86019e+06	(delta): 11603.1
Initial loglikelihood: -1.86019e+06
Starting main algorithm
1 (QN/Block) 	Elapsed: 2.937	Loglikelihood: -1.39104e+06	(delta): 469144
2 (QN/Block) 	Elapsed: 2.989	Loglikelihood: -1.15486e+06	(delta): 236181
3 (QN/Block) 	Elapsed: 4.232	Loglikelihood: -1.08231e+06	(delta): 72554
4 (QN/Block) 	Elapsed: 5.634	Loglikelihood: -1.04578e+06	(delta): 36525.6
5 (QN/Block) 	Elapsed: 4.099	Loglikelihood: -1.0311e+06	(delta): 14686
6 (QN/Block) 	Elapsed: 5.532	Loglikelihood: -1.02232e+06	(delta): 8773.83
7 (QN/Block) 	Elapsed: 4.096	Loglikelihood: -1.01814e+06	(delta): 4179.31
8 (QN/Block) 	Elapsed: 5.562	Loglikelihood: -1.01707e+06	(delta): 1074.93
9 (QN/Block) 	Elapsed: 4.066	Loglikelihood: -1.01676e+06	(delta): 312.849
10 (QN/Block) 	Elapsed: 5.558	Loglikelihood: -1.0167e+06	(delta): 59.5557
11 (QN/Block) 	Elapsed: 4.069	Loglikelihood: -1.01669e+06	(delta): 6.61221
12 (QN/Block) 	Elapsed: 4.078	Loglikelihood: -1.01669e+06	(delta): 1.30289
13 (QN/Block) 	Elapsed: 4.11	Loglikelihood: -1.01669e+06	(delta): 0.670499
14 (QN/Block) 	Elapsed: 4.088	Loglikelihood: -1.01669e+06	(delta): 0.430976
15 (QN/Block) 	Elapsed: 4.075	Loglikelihood: -1.01669e+06	(delta): 0.480502
16 (QN/Block) 	Elapsed: 5.075	Loglikelihood: -1.01669e+06	(delta): 0.155033
17 (QN/Block) 	Elapsed: 5.561	Loglikelihood: -1.01669e+06	(delta): 0.037562
18 (QN/Block) 	Elapsed: 5.582	Loglikelihood: -1.01669e+06	(delta): 0.0142622
19 (QN/Block) 	Elapsed: 5.588	Loglikelihood: -1.01669e+06	(delta): 0.823416
20 (QN/Block) 	Elapsed: 5.577	Loglikelihood: -1.01669e+06	(delta): 0.0146931
21 (QN/Block) 	Elapsed: 4.087	Loglikelihood: -1.01669e+06	(delta): 0.00164102
22 (QN/Block) 	Elapsed: 5.087	Loglikelihood: -1.01669e+06	(delta): 0.000304618
23 (QN/Block) 	Elapsed: 4.115	Loglikelihood: -1.01669e+06	(delta): 7.33546e-05
24 (QN/Block) 	Elapsed: 4.092	Loglikelihood: -1.01669e+06	(delta): 1.32163e-05
25 (QN/Block) 	Elapsed: 4.113	Loglikelihood: -1.01669e+06	(delta): 1.79827e-06
Summary: 
Converged in 25 iterations (171.942 sec)
Loglikelihood: -1016686.334756
Fst divergences between estimated populations: 
	Pop0	Pop1	Pop2	Pop3	Pop4	Pop5	Pop6	Pop7	Pop8	Pop9	Pop10	Pop11	Pop12	Pop13	Pop14	
Pop0	
Pop1	0.351	
Pop2	0.382	0.496	
Pop3	0.390	0.499	0.404	
Pop4	0.295	0.407	0.300	0.292	
Pop5	0.249	0.383	0.271	0.291	0.130	
Pop6	0.152	0.409	0.437	0.445	0.348	0.304	
Pop7	0.417	0.523	0.397	0.276	0.328	0.316	0.473	
Pop8	0.293	0.418	0.302	0.276	0.123	0.141	0.350	0.319	
Pop9	0.361	0.460	0.515	0.518	0.421	0.391	0.424	0.545	0.431	
Pop10	0.345	0.432	0.490	0.489	0.389	0.360	0.404	0.517	0.399	0.277	
Pop11	0.690	0.735	0.787	0.796	0.696	0.673	0.741	0.815	0.712	0.792	0.763	
Pop12	0.321	0.434	0.267	0.356	0.206	0.176	0.377	0.370	0.217	0.448	0.420	0.726	
Pop13	0.354	0.462	0.510	0.513	0.412	0.384	0.411	0.539	0.422	0.366	0.350	0.790	0.444	
Pop14	0.339	0.431	0.477	0.478	0.382	0.355	0.393	0.506	0.389	0.308	0.278	0.759	0.414	0.189	
Pop15	0.180	0.331	0.356	0.363	0.267	0.215	0.242	0.390	0.260	0.380	0.359	0.682	0.293	0.378	0.352	
CV error (K=16): 0.14104
Writing output files.
