****                   ADMIXTURE Version 1.3.0                  ****
****                    Copyright 2008-2015                     ****
****           David Alexander, Suyash Shringarpure,            ****
****                John  Novembre, Ken Lange                   ****
****                                                            ****
****                 Please cite our paper!                     ****
****   Information at www.genetics.ucla.edu/software/admixture  ****

Cross-validation will be performed.  Folds=10.
Parallel execution requested.  Will use 8 threads.
Random seed: 20260934
Point estimation method: Block relaxation algorithm
Convergence acceleration algorithm: QuasiNewton, 3 secant conditions
Point estimation will terminate when objective function delta < 1e-05
Estimation of standard errors disabled; will compute point estimates only.
Size of G: 380x17027
Performing five EM steps to prime main algorithm
1 (EM) 	Elapsed: 9.264	Loglikelihood: -2.09701e+06	(delta): 6.26726e+06
2 (EM) 	Elapsed: 9.21	Loglikelihood: -1.90753e+06	(delta): 189484
3 (EM) 	Elapsed: 9.203	Loglikelihood: -1.8828e+06	(delta): 24732.4
4 (EM) 	Elapsed: 9.214	Loglikelihood: -1.86765e+06	(delta): 15146.2
5 (EM) 	Elapsed: 9.195	Loglikelihood: -1.85361e+06	(delta): 14045.2
Initial loglikelihood: -1.85361e+06
Starting main algorithm
1 (QN/Block) 	Elapsed: 3.081	Loglikelihood: -1.35346e+06	(delta): 500146
2 (QN/Block) 	Elapsed: 3.216	Loglikelihood: -1.15509e+06	(delta): 198371
3 (QN/Block) 	Elapsed: 4.954	Loglikelihood: -1.07592e+06	(delta): 79169.2
4 (QN/Block) 	Elapsed: 5.987	Loglikelihood: -1.03479e+06	(delta): 41131.9
5 (QN/Block) 	Elapsed: 4.333	Loglikelihood: -1.01785e+06	(delta): 16939.1
6 (QN/Block) 	Elapsed: 4.311	Loglikelihood: -1.0107e+06	(delta): 7150.01
7 (QN/Block) 	Elapsed: 4.273	Loglikelihood: -1.00802e+06	(delta): 2680.66
8 (QN/Block) 	Elapsed: 4.328	Loglikelihood: -1.00721e+06	(delta): 812.786
9 (QN/Block) 	Elapsed: 4.303	Loglikelihood: -1.00697e+06	(delta): 231.795
10 (QN/Block) 	Elapsed: 4.291	Loglikelihood: -1.00695e+06	(delta): 24.1109
11 (QN/Block) 	Elapsed: 5.382	Loglikelihood: -1.00694e+06	(delta): 6.43885
12 (QN/Block) 	Elapsed: 4.312	Loglikelihood: -1.00694e+06	(delta): 2.3434
13 (QN/Block) 	Elapsed: 4.319	Loglikelihood: -1.00694e+06	(delta): 0.192858
14 (QN/Block) 	Elapsed: 4.318	Loglikelihood: -1.00694e+06	(delta): 0.0145767
15 (QN/Block) 	Elapsed: 4.304	Loglikelihood: -1.00694e+06	(delta): 0.00237042
16 (QN/Block) 	Elapsed: 4.315	Loglikelihood: -1.00694e+06	(delta): 0.000373088
17 (QN/Block) 	Elapsed: 4.446	Loglikelihood: -1.00694e+06	(delta): 4.12948e-06
Summary: 
Converged in 17 iterations (133.331 sec)
Loglikelihood: -1006941.590967
Fst divergences between estimated populations: 
	Pop0	Pop1	Pop2	Pop3	Pop4	Pop5	Pop6	Pop7	Pop8	Pop9	Pop10	Pop11	Pop12	Pop13	Pop14	Pop15	
Pop0	
Pop1	0.490	
Pop2	0.312	0.397	
Pop3	0.792	0.766	0.703	
Pop4	0.377	0.486	0.312	0.788	
Pop5	0.368	0.352	0.273	0.682	0.357	
Pop6	0.342	0.418	0.208	0.724	0.262	0.291	
Pop7	0.482	0.172	0.389	0.759	0.478	0.352	0.411	
Pop8	0.502	0.439	0.414	0.735	0.496	0.331	0.432	0.431	
Pop9	0.521	0.344	0.429	0.792	0.516	0.380	0.445	0.307	0.459	
Pop10	0.297	0.402	0.135	0.717	0.307	0.263	0.210	0.392	0.421	0.435	
Pop11	0.494	0.330	0.396	0.763	0.491	0.359	0.418	0.278	0.432	0.277	0.403	
Pop12	0.450	0.381	0.355	0.742	0.438	0.242	0.376	0.394	0.409	0.424	0.353	0.405	
Pop13	0.383	0.445	0.254	0.744	0.320	0.315	0.154	0.438	0.456	0.474	0.255	0.446	0.398	
Pop14	0.570	0.196	0.468	0.844	0.566	0.427	0.493	0.265	0.512	0.432	0.476	0.411	0.468	0.520	
Pop15	0.299	0.365	0.142	0.675	0.277	0.217	0.176	0.357	0.386	0.393	0.149	0.363	0.307	0.220	0.434	
Pop16	0.396	0.324	0.302	0.691	0.383	0.179	0.318	0.341	0.352	0.363	0.296	0.347	0.151	0.345	0.408	0.252	
CV error (K=17): 0.14108
Writing output files.
