****                   ADMIXTURE Version 1.3.0                  ****
****                    Copyright 2008-2015                     ****
****           David Alexander, Suyash Shringarpure,            ****
****                John  Novembre, Ken Lange                   ****
****                                                            ****
****                 Please cite our paper!                     ****
****   Information at www.genetics.ucla.edu/software/admixture  ****

Cross-validation will be performed.  Folds=10.
Parallel execution requested.  Will use 8 threads.
Random seed: 20260934
Point estimation method: Block relaxation algorithm
Convergence acceleration algorithm: QuasiNewton, 3 secant conditions
Point estimation will terminate when objective function delta < 1e-05
Estimation of standard errors disabled; will compute point estimates only.
Size of G: 380x17027
Performing five EM steps to prime main algorithm
1 (EM) 	Elapsed: 11.324	Loglikelihood: -2.0946e+06	(delta): 6.24485e+06
2 (EM) 	Elapsed: 11.234	Loglikelihood: -1.90479e+06	(delta): 189803
3 (EM) 	Elapsed: 11.256	Loglikelihood: -1.87997e+06	(delta): 24828.6
4 (EM) 	Elapsed: 11.28	Loglikelihood: -1.86517e+06	(delta): 14795.5
5 (EM) 	Elapsed: 11.227	Loglikelihood: -1.85212e+06	(delta): 13052.7
Initial loglikelihood: -1.85212e+06
Starting main algorithm
1 (QN/Block) 	Elapsed: 3.469	Loglikelihood: -1.34689e+06	(delta): 505228
2 (QN/Block) 	Elapsed: 3.527	Loglikelihood: -1.14773e+06	(delta): 199163
3 (QN/Block) 	Elapsed: 5.545	Loglikelihood: -1.05792e+06	(delta): 89805.3
4 (QN/Block) 	Elapsed: 6.667	Loglikelihood: -1.01109e+06	(delta): 46834.5
5 (QN/Block) 	Elapsed: 6.609	Loglikelihood: -992948	(delta): 18139.7
6 (QN/Block) 	Elapsed: 4.795	Loglikelihood: -984266	(delta): 8681.85
7 (QN/Block) 	Elapsed: 4.768	Loglikelihood: -980722	(delta): 3544.11
8 (QN/Block) 	Elapsed: 6.554	Loglikelihood: -978877	(delta): 1844.77
9 (QN/Block) 	Elapsed: 4.811	Loglikelihood: -977702	(delta): 1175.2
10 (QN/Block) 	Elapsed: 4.786	Loglikelihood: -977405	(delta): 296.625
11 (QN/Block) 	Elapsed: 4.79	Loglikelihood: -977326	(delta): 79.0941
12 (QN/Block) 	Elapsed: 4.81	Loglikelihood: -977306	(delta): 19.617
13 (QN/Block) 	Elapsed: 4.807	Loglikelihood: -977298	(delta): 8.19774
14 (QN/Block) 	Elapsed: 6.554	Loglikelihood: -977294	(delta): 4.28806
15 (QN/Block) 	Elapsed: 6.552	Loglikelihood: -977292	(delta): 1.83338
16 (QN/Block) 	Elapsed: 6.584	Loglikelihood: -977292	(delta): 0.378632
17 (QN/Block) 	Elapsed: 6.62	Loglikelihood: -977292	(delta): 0.120288
18 (QN/Block) 	Elapsed: 4.846	Loglikelihood: -977291	(delta): 0.0775581
19 (QN/Block) 	Elapsed: 4.812	Loglikelihood: -977291	(delta): 0.00359751
20 (QN/Block) 	Elapsed: 4.802	Loglikelihood: -977291	(delta): 0.00190984
21 (QN/Block) 	Elapsed: 4.789	Loglikelihood: -977291	(delta): 2.13385e-05
22 (QN/Block) 	Elapsed: 4.812	Loglikelihood: -977291	(delta): 1.50432e-06
Summary: 
Converged in 22 iterations (189.764 sec)
Loglikelihood: -977291.493195
Fst divergences between estimated populations: 
	Pop0	Pop1	Pop2	Pop3	Pop4	Pop5	Pop6	Pop7	Pop8	Pop9	Pop10	Pop11	Pop12	Pop13	Pop14	Pop15	Pop16	Pop17	
Pop0	
Pop1	0.407	
Pop2	0.396	0.575	
Pop3	0.691	0.823	0.792	
Pop4	0.318	0.496	0.342	0.724	
Pop5	0.383	0.568	0.377	0.788	0.262	
Pop6	0.324	0.507	0.490	0.766	0.419	0.486	
Pop7	0.180	0.389	0.368	0.682	0.291	0.357	0.353	
Pop8	0.302	0.472	0.312	0.703	0.208	0.312	0.397	0.274	
Pop9	0.341	0.500	0.482	0.758	0.411	0.478	0.172	0.353	0.389	
Pop10	0.151	0.470	0.450	0.742	0.376	0.438	0.381	0.243	0.355	0.394	
Pop11	0.584	0.624	0.733	0.972	0.650	0.726	0.680	0.565	0.625	0.674	0.651	
Pop12	0.252	0.441	0.299	0.675	0.176	0.277	0.365	0.217	0.142	0.357	0.307	0.592	
Pop13	0.347	0.502	0.494	0.763	0.418	0.491	0.330	0.360	0.396	0.278	0.405	0.677	0.363	
Pop14	0.408	0.593	0.570	0.844	0.493	0.566	0.196	0.427	0.468	0.265	0.468	0.776	0.434	0.411	
Pop15	0.345	0.520	0.383	0.744	0.154	0.320	0.445	0.315	0.254	0.438	0.398	0.674	0.220	0.446	0.520	
Pop16	0.297	0.484	0.297	0.717	0.211	0.307	0.403	0.263	0.135	0.392	0.353	0.641	0.149	0.403	0.476	0.255	
Pop17	0.363	0.532	0.521	0.792	0.445	0.516	0.344	0.380	0.429	0.307	0.424	0.710	0.393	0.277	0.432	0.474	0.435	
Pop18	0.618	0.744	0.761	0.987	0.683	0.756	0.717	0.602	0.659	0.710	0.679	0.960	0.631	0.712	0.811	0.705	0.677	0.745	
CV error (K=19): 0.13607
Writing output files.
