****                   ADMIXTURE Version 1.3.0                  ****
****                    Copyright 2008-2015                     ****
****           David Alexander, Suyash Shringarpure,            ****
****                John  Novembre, Ken Lange                   ****
****                                                            ****
****                 Please cite our paper!                     ****
****   Information at www.genetics.ucla.edu/software/admixture  ****

Cross-validation will be performed.  Folds=10.
Parallel execution requested.  Will use 8 threads.
Random seed: 20260934
Point estimation method: Block relaxation algorithm
Convergence acceleration algorithm: QuasiNewton, 3 secant conditions
Point estimation will terminate when objective function delta < 1e-05
Estimation of standard errors disabled; will compute point estimates only.
Size of G: 380x17027
Performing five EM steps to prime main algorithm
1 (EM) 	Elapsed: 12.422	Loglikelihood: -2.09562e+06	(delta): 6.23821e+06
2 (EM) 	Elapsed: 12.344	Loglikelihood: -1.90401e+06	(delta): 191603
3 (EM) 	Elapsed: 12.357	Loglikelihood: -1.87794e+06	(delta): 26073.4
4 (EM) 	Elapsed: 12.359	Loglikelihood: -1.86088e+06	(delta): 17060.1
5 (EM) 	Elapsed: 12.33	Loglikelihood: -1.84424e+06	(delta): 16640.9
Initial loglikelihood: -1.84424e+06
Starting main algorithm
1 (QN/Block) 	Elapsed: 3.754	Loglikelihood: -1.29951e+06	(delta): 544734
2 (QN/Block) 	Elapsed: 3.722	Loglikelihood: -1.1197e+06	(delta): 179809
3 (QN/Block) 	Elapsed: 5.85	Loglikelihood: -1.05046e+06	(delta): 69242.7
4 (QN/Block) 	Elapsed: 7.052	Loglikelihood: -1.01675e+06	(delta): 33702.2
5 (QN/Block) 	Elapsed: 5.084	Loglikelihood: -999639	(delta): 17114.2
6 (QN/Block) 	Elapsed: 6.833	Loglikelihood: -990925	(delta): 8714.27
7 (QN/Block) 	Elapsed: 5.006	Loglikelihood: -986871	(delta): 4053.65
8 (QN/Block) 	Elapsed: 4.982	Loglikelihood: -984496	(delta): 2375.07
9 (QN/Block) 	Elapsed: 4.999	Loglikelihood: -982560	(delta): 1935.71
10 (QN/Block) 	Elapsed: 5.008	Loglikelihood: -981383	(delta): 1177.35
11 (QN/Block) 	Elapsed: 5.002	Loglikelihood: -980936	(delta): 446.833
12 (QN/Block) 	Elapsed: 5.03	Loglikelihood: -980774	(delta): 161.696
13 (QN/Block) 	Elapsed: 5.001	Loglikelihood: -980715	(delta): 59.6428
14 (QN/Block) 	Elapsed: 5.019	Loglikelihood: -980703	(delta): 11.5404
15 (QN/Block) 	Elapsed: 5.044	Loglikelihood: -980700	(delta): 3.64792
16 (QN/Block) 	Elapsed: 5.034	Loglikelihood: -980698	(delta): 1.40071
17 (QN/Block) 	Elapsed: 5.646	Loglikelihood: -980698	(delta): 0.419785
18 (QN/Block) 	Elapsed: 6.265	Loglikelihood: -980698	(delta): 0.0466517
19 (QN/Block) 	Elapsed: 5.034	Loglikelihood: -980698	(delta): 0.0057267
20 (QN/Block) 	Elapsed: 6.245	Loglikelihood: -980698	(delta): 0.000201048
21 (QN/Block) 	Elapsed: 5.057	Loglikelihood: -980698	(delta): 7.09167e-06
Summary: 
Converged in 21 iterations (190.12 sec)
Loglikelihood: -980697.663175
Fst divergences between estimated populations: 
	Pop0	Pop1	Pop2	Pop3	Pop4	Pop5	Pop6	Pop7	Pop8	Pop9	Pop10	Pop11	Pop12	Pop13	Pop14	Pop15	Pop16	Pop17	Pop18	
Pop0	
Pop1	0.349	
Pop2	0.644	0.672	
Pop3	0.696	0.741	0.987	
Pop4	0.292	0.206	0.621	0.700	
Pop5	0.403	0.537	0.860	0.882	0.478	
Pop6	0.227	0.260	0.602	0.676	0.170	0.425	
Pop7	0.415	0.414	0.742	0.792	0.386	0.607	0.384	
Pop8	0.135	0.313	0.629	0.680	0.253	0.395	0.179	0.392	
Pop9	0.301	0.438	0.750	0.787	0.381	0.483	0.313	0.512	0.280	
Pop10	0.460	0.469	0.710	0.799	0.415	0.648	0.405	0.525	0.441	0.554	
Pop11	0.311	0.459	0.768	0.801	0.403	0.222	0.344	0.528	0.308	0.375	0.572	
Pop12	0.310	0.166	0.624	0.703	0.163	0.495	0.218	0.365	0.273	0.398	0.422	0.419	
Pop13	0.383	0.394	0.704	0.760	0.362	0.570	0.355	0.191	0.361	0.477	0.491	0.493	0.349	
Pop14	0.390	0.405	0.706	0.763	0.369	0.581	0.359	0.352	0.367	0.490	0.492	0.504	0.355	0.278	
Pop15	0.124	0.350	0.664	0.712	0.287	0.396	0.218	0.424	0.149	0.302	0.472	0.304	0.309	0.390	0.400	
Pop16	0.292	0.444	0.761	0.796	0.387	0.374	0.335	0.514	0.300	0.405	0.558	0.263	0.405	0.477	0.489	0.277	
Pop17	0.207	0.378	0.679	0.726	0.321	0.448	0.234	0.446	0.184	0.268	0.489	0.350	0.337	0.414	0.421	0.218	0.357	
Pop18	0.279	0.254	0.601	0.689	0.149	0.463	0.130	0.386	0.238	0.369	0.395	0.388	0.210	0.359	0.367	0.274	0.375	0.306	
Pop19	0.422	0.424	0.739	0.792	0.389	0.611	0.385	0.367	0.397	0.515	0.522	0.532	0.371	0.307	0.277	0.431	0.518	0.448	0.386	
CV error (K=20): 0.14093
Writing output files.
