****                   ADMIXTURE Version 1.3.0                  ****
****                    Copyright 2008-2015                     ****
****           David Alexander, Suyash Shringarpure,            ****
****                John  Novembre, Ken Lange                   ****
****                                                            ****
****                 Please cite our paper!                     ****
****   Information at www.genetics.ucla.edu/software/admixture  ****

Cross-validation will be performed.  Folds=10.
Parallel execution requested.  Will use 8 threads.
Random seed: 20260934
Point estimation method: Block relaxation algorithm
Convergence acceleration algorithm: QuasiNewton, 3 secant conditions
Point estimation will terminate when objective function delta < 1e-05
Estimation of standard errors disabled; will compute point estimates only.
Size of G: 380x17027
Performing five EM steps to prime main algorithm
1 (EM) 	Elapsed: 13.521	Loglikelihood: -2.095e+06	(delta): 6.23718e+06
2 (EM) 	Elapsed: 13.404	Loglikelihood: -1.90297e+06	(delta): 192028
3 (EM) 	Elapsed: 13.47	Loglikelihood: -1.87769e+06	(delta): 25279.4
4 (EM) 	Elapsed: 13.494	Loglikelihood: -1.86187e+06	(delta): 15822.4
5 (EM) 	Elapsed: 13.48	Loglikelihood: -1.84734e+06	(delta): 14532.7
Initial loglikelihood: -1.84734e+06
Starting main algorithm
1 (QN/Block) 	Elapsed: 3.817	Loglikelihood: -1.32331e+06	(delta): 524029
2 (QN/Block) 	Elapsed: 3.965	Loglikelihood: -1.12752e+06	(delta): 195794
3 (QN/Block) 	Elapsed: 7.489	Loglikelihood: -1.04842e+06	(delta): 79093.4
4 (QN/Block) 	Elapsed: 5.393	Loglikelihood: -1.00972e+06	(delta): 38699.4
5 (QN/Block) 	Elapsed: 7.252	Loglikelihood: -991527	(delta): 18196.2
6 (QN/Block) 	Elapsed: 5.268	Loglikelihood: -982608	(delta): 8918.62
7 (QN/Block) 	Elapsed: 5.858	Loglikelihood: -977554	(delta): 5053.92
8 (QN/Block) 	Elapsed: 5.239	Loglikelihood: -975703	(delta): 1851.56
9 (QN/Block) 	Elapsed: 5.217	Loglikelihood: -975105	(delta): 597.912
10 (QN/Block) 	Elapsed: 5.243	Loglikelihood: -974811	(delta): 294.103
11 (QN/Block) 	Elapsed: 7.156	Loglikelihood: -974611	(delta): 199.739
12 (QN/Block) 	Elapsed: 7.184	Loglikelihood: -974365	(delta): 245.786
13 (QN/Block) 	Elapsed: 6.543	Loglikelihood: -973969	(delta): 396.476
14 (QN/Block) 	Elapsed: 6.639	Loglikelihood: -973526	(delta): 442.976
15 (QN/Block) 	Elapsed: 7.182	Loglikelihood: -972876	(delta): 650.099
16 (QN/Block) 	Elapsed: 6.549	Loglikelihood: -971668	(delta): 1207.09
17 (QN/Block) 	Elapsed: 7.193	Loglikelihood: -970016	(delta): 1652.75
18 (QN/Block) 	Elapsed: 7.191	Loglikelihood: -968071	(delta): 1945.11
19 (QN/Block) 	Elapsed: 5.908	Loglikelihood: -966768	(delta): 1302.82
20 (QN/Block) 	Elapsed: 5.944	Loglikelihood: -966149	(delta): 619.283
21 (QN/Block) 	Elapsed: 5.299	Loglikelihood: -966009	(delta): 139.802
22 (QN/Block) 	Elapsed: 5.269	Loglikelihood: -965996	(delta): 13.1975
23 (QN/Block) 	Elapsed: 7.159	Loglikelihood: -965992	(delta): 3.31428
24 (QN/Block) 	Elapsed: 5.302	Loglikelihood: -965992	(delta): 0.435338
25 (QN/Block) 	Elapsed: 6.52	Loglikelihood: -965992	(delta): 0.197775
26 (QN/Block) 	Elapsed: 5.273	Loglikelihood: -965992	(delta): 0.00330822
27 (QN/Block) 	Elapsed: 5.265	Loglikelihood: -965992	(delta): 0.000281052
28 (QN/Block) 	Elapsed: 5.275	Loglikelihood: -965992	(delta): 1.96465e-05
29 (QN/Block) 	Elapsed: 5.28	Loglikelihood: -965992	(delta): 1.75927e-06
Summary: 
Converged in 29 iterations (263.299 sec)
Loglikelihood: -965991.563136
Fst divergences between estimated populations: 
	Pop0	Pop1	Pop2	Pop3	Pop4	Pop5	Pop6	Pop7	Pop8	Pop9	Pop10	Pop11	Pop12	Pop13	Pop14	Pop15	Pop16	Pop17	Pop18	Pop19	
Pop0	
Pop1	0.277	
Pop2	0.371	0.402	
Pop3	0.366	0.385	0.238	
Pop4	0.330	0.344	0.373	0.358	
Pop5	0.278	0.307	0.365	0.358	0.172	
Pop6	0.433	0.461	0.394	0.330	0.439	0.432	
Pop7	0.518	0.545	0.330	0.399	0.514	0.506	0.526	
Pop8	0.400	0.430	0.165	0.287	0.401	0.393	0.416	0.340	
Pop9	0.403	0.435	0.159	0.275	0.403	0.393	0.422	0.323	0.159	
Pop10	0.763	0.792	0.684	0.688	0.766	0.758	0.743	0.816	0.703	0.716	
Pop11	0.411	0.432	0.443	0.432	0.196	0.265	0.516	0.597	0.472	0.477	0.844	
Pop12	0.490	0.518	0.304	0.373	0.488	0.477	0.501	0.277	0.315	0.280	0.796	0.570	
Pop13	0.446	0.474	0.231	0.325	0.446	0.439	0.457	0.406	0.198	0.255	0.744	0.520	0.388	
Pop14	0.347	0.364	0.263	0.190	0.325	0.342	0.346	0.419	0.307	0.298	0.692	0.409	0.391	0.346	
Pop15	0.361	0.387	0.187	0.126	0.360	0.357	0.349	0.362	0.230	0.225	0.678	0.432	0.338	0.268	0.199	
Pop16	0.680	0.713	0.606	0.573	0.683	0.677	0.535	0.763	0.628	0.643	0.972	0.778	0.739	0.677	0.588	0.577	
Pop17	0.405	0.424	0.317	0.251	0.381	0.394	0.403	0.474	0.361	0.354	0.742	0.468	0.446	0.399	0.152	0.260	0.654	
Pop18	0.491	0.516	0.287	0.367	0.486	0.478	0.498	0.398	0.277	0.307	0.788	0.567	0.404	0.321	0.384	0.317	0.729	0.438	
Pop19	0.398	0.431	0.144	0.283	0.399	0.391	0.415	0.341	0.140	0.140	0.706	0.470	0.302	0.257	0.303	0.238	0.632	0.356	0.315	
Pop20	0.414	0.441	0.179	0.296	0.415	0.408	0.430	0.359	0.118	0.207	0.720	0.488	0.346	0.150	0.314	0.227	0.649	0.371	0.259	0.208	
CV error (K=21): 0.14114
Writing output files.
