****                   ADMIXTURE Version 1.3.0                  ****
****                    Copyright 2008-2015                     ****
****           David Alexander, Suyash Shringarpure,            ****
****                John  Novembre, Ken Lange                   ****
****                                                            ****
****                 Please cite our paper!                     ****
****   Information at www.genetics.ucla.edu/software/admixture  ****

Cross-validation will be performed.  Folds=10.
Parallel execution requested.  Will use 8 threads.
Random seed: 20260934
Point estimation method: Block relaxation algorithm
Convergence acceleration algorithm: QuasiNewton, 3 secant conditions
Point estimation will terminate when objective function delta < 1e-05
Estimation of standard errors disabled; will compute point estimates only.
Size of G: 380x17027
Performing five EM steps to prime main algorithm
1 (EM) 	Elapsed: 14.776	Loglikelihood: -2.09331e+06	(delta): 6.22696e+06
2 (EM) 	Elapsed: 14.977	Loglikelihood: -1.90155e+06	(delta): 191768
3 (EM) 	Elapsed: 14.707	Loglikelihood: -1.87613e+06	(delta): 25412.1
4 (EM) 	Elapsed: 14.701	Loglikelihood: -1.86039e+06	(delta): 15746.4
5 (EM) 	Elapsed: 14.7	Loglikelihood: -1.84599e+06	(delta): 14398.6
Initial loglikelihood: -1.84599e+06
Starting main algorithm
1 (QN/Block) 	Elapsed: 3.955	Loglikelihood: -1.29653e+06	(delta): 549460
2 (QN/Block) 	Elapsed: 4.1	Loglikelihood: -1.11342e+06	(delta): 183110
3 (QN/Block) 	Elapsed: 6.448	Loglikelihood: -1.0454e+06	(delta): 68013.5
4 (QN/Block) 	Elapsed: 7.703	Loglikelihood: -1.00561e+06	(delta): 39796
5 (QN/Block) 	Elapsed: 5.555	Loglikelihood: -983272	(delta): 22336.2
6 (QN/Block) 	Elapsed: 7.448	Loglikelihood: -972935	(delta): 10337.1
7 (QN/Block) 	Elapsed: 7.489	Loglikelihood: -969363	(delta): 3571.78
8 (QN/Block) 	Elapsed: 5.498	Loglikelihood: -967962	(delta): 1401.62
9 (QN/Block) 	Elapsed: 5.499	Loglikelihood: -967473	(delta): 488.44
10 (QN/Block) 	Elapsed: 5.532	Loglikelihood: -967338	(delta): 135.067
11 (QN/Block) 	Elapsed: 5.537	Loglikelihood: -967311	(delta): 26.9669
12 (QN/Block) 	Elapsed: 5.513	Loglikelihood: -967308	(delta): 3.641
13 (QN/Block) 	Elapsed: 5.538	Loglikelihood: -967306	(delta): 1.40004
14 (QN/Block) 	Elapsed: 6.198	Loglikelihood: -967306	(delta): 0.0578409
15 (QN/Block) 	Elapsed: 5.541	Loglikelihood: -967306	(delta): 0.0133136
16 (QN/Block) 	Elapsed: 5.534	Loglikelihood: -967306	(delta): 0.000412407
17 (QN/Block) 	Elapsed: 5.552	Loglikelihood: -967306	(delta): 4.88748e-05
18 (QN/Block) 	Elapsed: 5.556	Loglikelihood: -967306	(delta): 6.54452e-06
Summary: 
Converged in 18 iterations (194.925 sec)
Loglikelihood: -967306.257771
Fst divergences between estimated populations: 
	Pop0	Pop1	Pop2	Pop3	Pop4	Pop5	Pop6	Pop7	Pop8	Pop9	Pop10	Pop11	Pop12	Pop13	Pop14	Pop15	Pop16	Pop17	Pop18	Pop19	Pop20	
Pop0	
Pop1	0.767	
Pop2	0.715	0.483	
Pop3	0.659	0.300	0.394	
Pop4	0.674	0.451	0.219	0.361	
Pop5	0.705	0.388	0.443	0.254	0.407	
Pop6	0.683	0.350	0.416	0.208	0.380	0.154	
Pop7	0.603	0.364	0.358	0.274	0.298	0.315	0.291	
Pop8	0.744	0.519	0.316	0.430	0.334	0.474	0.445	0.380	
Pop9	0.748	0.522	0.331	0.424	0.353	0.476	0.447	0.388	0.325	
Pop10	0.617	0.391	0.346	0.302	0.246	0.344	0.318	0.178	0.363	0.376	
Pop11	0.756	0.405	0.483	0.313	0.447	0.320	0.262	0.357	0.516	0.522	0.383	
Pop12	0.744	0.515	0.287	0.423	0.338	0.469	0.441	0.386	0.285	0.293	0.375	0.514	
Pop13	0.674	0.279	0.397	0.135	0.363	0.254	0.209	0.263	0.434	0.432	0.296	0.306	0.427	
Pop14	0.990	0.797	0.763	0.704	0.733	0.745	0.725	0.683	0.792	0.795	0.690	0.790	0.792	0.716	
Pop15	0.729	0.499	0.158	0.408	0.155	0.456	0.429	0.366	0.349	0.372	0.342	0.496	0.344	0.412	0.777	
Pop16	0.988	0.797	0.763	0.705	0.733	0.745	0.725	0.683	0.792	0.795	0.691	0.789	0.792	0.716	0.586	0.777	
Pop17	0.811	0.571	0.268	0.469	0.250	0.521	0.493	0.427	0.433	0.453	0.409	0.567	0.430	0.476	0.846	0.195	0.845	
Pop18	0.715	0.559	0.495	0.466	0.459	0.510	0.486	0.389	0.521	0.523	0.408	0.555	0.521	0.474	0.800	0.510	0.800	0.578	
Pop19	0.631	0.296	0.362	0.143	0.323	0.220	0.176	0.218	0.394	0.391	0.252	0.277	0.387	0.150	0.676	0.376	0.676	0.434	0.436	
Pop20	0.788	0.278	0.511	0.338	0.476	0.405	0.364	0.390	0.546	0.550	0.418	0.398	0.541	0.323	0.817	0.524	0.817	0.598	0.585	0.322	
Pop21	0.680	0.447	0.400	0.357	0.312	0.399	0.377	0.244	0.425	0.436	0.152	0.439	0.435	0.354	0.743	0.398	0.743	0.470	0.469	0.309	0.475	
CV error (K=22): 0.13723
Writing output files.
