****                   ADMIXTURE Version 1.3.0                  ****
****                    Copyright 2008-2015                     ****
****           David Alexander, Suyash Shringarpure,            ****
****                John  Novembre, Ken Lange                   ****
****                                                            ****
****                 Please cite our paper!                     ****
****   Information at www.genetics.ucla.edu/software/admixture  ****

Cross-validation will be performed.  Folds=10.
Parallel execution requested.  Will use 8 threads.
Random seed: 20260934
Point estimation method: Block relaxation algorithm
Convergence acceleration algorithm: QuasiNewton, 3 secant conditions
Point estimation will terminate when objective function delta < 1e-05
Estimation of standard errors disabled; will compute point estimates only.
Size of G: 380x17027
Performing five EM steps to prime main algorithm
1 (EM) 	Elapsed: 16.069	Loglikelihood: -2.09421e+06	(delta): 6.21016e+06
2 (EM) 	Elapsed: 15.985	Loglikelihood: -1.90161e+06	(delta): 192599
3 (EM) 	Elapsed: 15.957	Loglikelihood: -1.87722e+06	(delta): 24388
4 (EM) 	Elapsed: 15.978	Loglikelihood: -1.86242e+06	(delta): 14799.9
5 (EM) 	Elapsed: 15.964	Loglikelihood: -1.849e+06	(delta): 13416.2
Initial loglikelihood: -1.849e+06
Starting main algorithm
1 (QN/Block) 	Elapsed: 4.146	Loglikelihood: -1.31157e+06	(delta): 537432
2 (QN/Block) 	Elapsed: 4.304	Loglikelihood: -1.10238e+06	(delta): 209196
3 (QN/Block) 	Elapsed: 8.163	Loglikelihood: -1.0262e+06	(delta): 76174.3
4 (QN/Block) 	Elapsed: 6.612	Loglikelihood: -988393	(delta): 37809.2
5 (QN/Block) 	Elapsed: 6.563	Loglikelihood: -967068	(delta): 21325
6 (QN/Block) 	Elapsed: 5.842	Loglikelihood: -957550	(delta): 9517.89
7 (QN/Block) 	Elapsed: 7.948	Loglikelihood: -953818	(delta): 3732.3
8 (QN/Block) 	Elapsed: 5.815	Loglikelihood: -951948	(delta): 1869.77
9 (QN/Block) 	Elapsed: 5.77	Loglikelihood: -951062	(delta): 886.494
10 (QN/Block) 	Elapsed: 5.763	Loglikelihood: -950724	(delta): 337.232
11 (QN/Block) 	Elapsed: 5.756	Loglikelihood: -950587	(delta): 136.925
12 (QN/Block) 	Elapsed: 5.77	Loglikelihood: -950514	(delta): 73.2681
13 (QN/Block) 	Elapsed: 5.783	Loglikelihood: -950465	(delta): 48.8739
14 (QN/Block) 	Elapsed: 5.76	Loglikelihood: -950425	(delta): 40.1801
15 (QN/Block) 	Elapsed: 5.778	Loglikelihood: -950397	(delta): 28.4072
16 (QN/Block) 	Elapsed: 6.469	Loglikelihood: -950378	(delta): 18.3168
17 (QN/Block) 	Elapsed: 5.768	Loglikelihood: -950370	(delta): 8.69151
18 (QN/Block) 	Elapsed: 5.795	Loglikelihood: -950366	(delta): 3.49852
19 (QN/Block) 	Elapsed: 5.77	Loglikelihood: -950362	(delta): 3.79753
20 (QN/Block) 	Elapsed: 5.8	Loglikelihood: -950358	(delta): 4.35143
21 (QN/Block) 	Elapsed: 5.775	Loglikelihood: -950357	(delta): 1.46602
22 (QN/Block) 	Elapsed: 5.783	Loglikelihood: -950356	(delta): 0.843247
23 (QN/Block) 	Elapsed: 7.828	Loglikelihood: -950352	(delta): 3.79346
24 (QN/Block) 	Elapsed: 5.786	Loglikelihood: -950351	(delta): 0.52463
25 (QN/Block) 	Elapsed: 5.783	Loglikelihood: -950351	(delta): 0.102787
26 (QN/Block) 	Elapsed: 6.103	Loglikelihood: -950351	(delta): 0.0185738
27 (QN/Block) 	Elapsed: 5.823	Loglikelihood: -950351	(delta): 0.00768677
28 (QN/Block) 	Elapsed: 5.813	Loglikelihood: -950351	(delta): 0.00375134
29 (QN/Block) 	Elapsed: 5.778	Loglikelihood: -950351	(delta): 0.00100848
30 (QN/Block) 	Elapsed: 5.77	Loglikelihood: -950351	(delta): 0.000327317
31 (QN/Block) 	Elapsed: 7.175	Loglikelihood: -950351	(delta): 0.000136215
32 (QN/Block) 	Elapsed: 5.797	Loglikelihood: -950351	(delta): 0.000465125
33 (QN/Block) 	Elapsed: 7.866	Loglikelihood: -950351	(delta): 0.000505837
34 (QN/Block) 	Elapsed: 5.788	Loglikelihood: -950351	(delta): 0.00232657
35 (QN/Block) 	Elapsed: 7.873	Loglikelihood: -950351	(delta): 0.00200058
36 (QN/Block) 	Elapsed: 7.886	Loglikelihood: -950351	(delta): 0.00377885
37 (QN/Block) 	Elapsed: 7.872	Loglikelihood: -950351	(delta): 0.00372545
38 (QN/Block) 	Elapsed: 7.939	Loglikelihood: -950351	(delta): 0.00380553
39 (QN/Block) 	Elapsed: 7.891	Loglikelihood: -950351	(delta): 0.0131487
40 (QN/Block) 	Elapsed: 7.899	Loglikelihood: -950351	(delta): 0.0507602
41 (QN/Block) 	Elapsed: 7.882	Loglikelihood: -950351	(delta): 0.0508172
42 (QN/Block) 	Elapsed: 7.933	Loglikelihood: -950351	(delta): 0.0229211
43 (QN/Block) 	Elapsed: 5.787	Loglikelihood: -950351	(delta): 0.00889733
44 (QN/Block) 	Elapsed: 5.785	Loglikelihood: -950351	(delta): 0.00307237
45 (QN/Block) 	Elapsed: 5.791	Loglikelihood: -950351	(delta): 0.000907106
46 (QN/Block) 	Elapsed: 5.798	Loglikelihood: -950351	(delta): 0.000233564
47 (QN/Block) 	Elapsed: 5.846	Loglikelihood: -950351	(delta): 4.15959e-05
48 (QN/Block) 	Elapsed: 5.783	Loglikelihood: -950351	(delta): 2.25353e-05
49 (QN/Block) 	Elapsed: 5.832	Loglikelihood: -950351	(delta): 4.26196e-07
Summary: 
Converged in 49 iterations (429.009 sec)
Loglikelihood: -950351.086106
Fst divergences between estimated populations: 
	Pop0	Pop1	Pop2	Pop3	Pop4	Pop5	Pop6	Pop7	Pop8	Pop9	Pop10	Pop11	Pop12	Pop13	Pop14	Pop15	Pop16	Pop17	Pop18	Pop19	Pop20	Pop21	
Pop0	
Pop1	0.743	
Pop2	0.677	0.484	
Pop3	0.665	0.472	0.170	
Pop4	0.625	0.420	0.246	0.219	
Pop5	0.731	0.519	0.416	0.408	0.386	
Pop6	0.708	0.497	0.394	0.388	0.368	0.165	
Pop7	0.754	0.567	0.310	0.309	0.333	0.498	0.477	
Pop8	0.678	0.470	0.356	0.337	0.270	0.401	0.395	0.439	
Pop9	0.959	0.622	0.643	0.628	0.589	0.696	0.672	0.726	0.653	
Pop10	0.987	0.823	0.719	0.707	0.693	0.778	0.757	0.788	0.743	0.972	
Pop11	0.645	0.455	0.180	0.139	0.216	0.393	0.371	0.298	0.327	0.609	0.689	
Pop12	0.675	0.465	0.367	0.355	0.320	0.152	0.218	0.448	0.316	0.639	0.734	0.342	
Pop13	0.760	0.574	0.300	0.326	0.358	0.502	0.481	0.377	0.451	0.733	0.792	0.321	0.455	
Pop14	0.644	0.458	0.144	0.162	0.221	0.393	0.373	0.282	0.334	0.611	0.691	0.108	0.343	0.301	
Pop15	0.704	0.518	0.258	0.258	0.283	0.458	0.437	0.320	0.399	0.674	0.744	0.237	0.408	0.383	0.214	
Pop16	0.607	0.394	0.278	0.254	0.132	0.374	0.358	0.369	0.254	0.572	0.690	0.252	0.308	0.379	0.260	0.326	
Pop17	0.676	0.488	0.157	0.222	0.276	0.428	0.407	0.335	0.376	0.644	0.720	0.179	0.382	0.333	0.130	0.278	0.305	
Pop18	0.689	0.501	0.219	0.221	0.256	0.437	0.416	0.268	0.383	0.657	0.730	0.198	0.388	0.349	0.169	0.158	0.309	0.237	
Pop19	0.614	0.404	0.297	0.278	0.203	0.344	0.340	0.382	0.151	0.583	0.689	0.272	0.249	0.395	0.277	0.343	0.188	0.321	0.324	
Pop20	0.744	0.532	0.437	0.428	0.400	0.350	0.305	0.516	0.425	0.711	0.792	0.408	0.333	0.521	0.411	0.474	0.387	0.448	0.451	0.363	
Pop21	0.711	0.501	0.405	0.396	0.373	0.335	0.276	0.491	0.406	0.677	0.764	0.378	0.320	0.495	0.382	0.446	0.368	0.415	0.424	0.346	0.278	
Pop22	0.810	0.592	0.479	0.470	0.446	0.196	0.272	0.567	0.470	0.776	0.844	0.450	0.245	0.571	0.452	0.520	0.434	0.489	0.500	0.409	0.433	0.412	
CV error (K=23): 0.14200
Writing output files.
