****                   ADMIXTURE Version 1.3.0                  ****
****                    Copyright 2008-2015                     ****
****           David Alexander, Suyash Shringarpure,            ****
****                John  Novembre, Ken Lange                   ****
****                                                            ****
****                 Please cite our paper!                     ****
****   Information at www.genetics.ucla.edu/software/admixture  ****

Cross-validation will be performed.  Folds=10.
Parallel execution requested.  Will use 8 threads.
Random seed: 20260933
Point estimation method: Block relaxation algorithm
Convergence acceleration algorithm: QuasiNewton, 3 secant conditions
Point estimation will terminate when objective function delta < 1e-05
Estimation of standard errors disabled; will compute point estimates only.
Size of G: 380x17027
Performing five EM steps to prime main algorithm
1 (EM) 	Elapsed: 3.811	Loglikelihood: -2.09584e+06	(delta): 6.35476e+06
2 (EM) 	Elapsed: 3.756	Loglikelihood: -1.91764e+06	(delta): 178201
3 (EM) 	Elapsed: 3.773	Loglikelihood: -1.89319e+06	(delta): 24448.9
4 (EM) 	Elapsed: 3.747	Loglikelihood: -1.87967e+06	(delta): 13513.3
5 (EM) 	Elapsed: 3.751	Loglikelihood: -1.86882e+06	(delta): 10853.6
Initial loglikelihood: -1.86882e+06
Starting main algorithm
1 (QN/Block) 	Elapsed: 2.023	Loglikelihood: -1.4393e+06	(delta): 429520
2 (QN/Block) 	Elapsed: 2.073	Loglikelihood: -1.24681e+06	(delta): 192494
3 (QN/Block) 	Elapsed: 2.813	Loglikelihood: -1.17316e+06	(delta): 73645.2
4 (QN/Block) 	Elapsed: 3.812	Loglikelihood: -1.12764e+06	(delta): 45524.2
5 (QN/Block) 	Elapsed: 3.783	Loglikelihood: -1.11122e+06	(delta): 16414.8
6 (QN/Block) 	Elapsed: 2.782	Loglikelihood: -1.10464e+06	(delta): 6586.49
7 (QN/Block) 	Elapsed: 2.756	Loglikelihood: -1.10294e+06	(delta): 1693.03
8 (QN/Block) 	Elapsed: 2.773	Loglikelihood: -1.1025e+06	(delta): 443.162
9 (QN/Block) 	Elapsed: 2.772	Loglikelihood: -1.1024e+06	(delta): 104.257
10 (QN/Block) 	Elapsed: 3.746	Loglikelihood: -1.10238e+06	(delta): 13.2053
11 (QN/Block) 	Elapsed: 3.128	Loglikelihood: -1.10238e+06	(delta): 3.42865
12 (QN/Block) 	Elapsed: 3.803	Loglikelihood: -1.10238e+06	(delta): 2.72138
13 (QN/Block) 	Elapsed: 2.791	Loglikelihood: -1.10237e+06	(delta): 4.38829
14 (QN/Block) 	Elapsed: 2.785	Loglikelihood: -1.10235e+06	(delta): 17.2604
15 (QN/Block) 	Elapsed: 2.784	Loglikelihood: -1.10231e+06	(delta): 47.5771
16 (QN/Block) 	Elapsed: 2.792	Loglikelihood: -1.10213e+06	(delta): 177.989
17 (QN/Block) 	Elapsed: 3.752	Loglikelihood: -1.10188e+06	(delta): 249.984
18 (QN/Block) 	Elapsed: 2.764	Loglikelihood: -1.10175e+06	(delta): 129.064
19 (QN/Block) 	Elapsed: 2.789	Loglikelihood: -1.1017e+06	(delta): 51.8083
20 (QN/Block) 	Elapsed: 2.784	Loglikelihood: -1.10168e+06	(delta): 21.0495
21 (QN/Block) 	Elapsed: 3.145	Loglikelihood: -1.10167e+06	(delta): 5.92323
22 (QN/Block) 	Elapsed: 2.796	Loglikelihood: -1.10167e+06	(delta): 1.79864
23 (QN/Block) 	Elapsed: 2.785	Loglikelihood: -1.10167e+06	(delta): 0.312493
24 (QN/Block) 	Elapsed: 3.735	Loglikelihood: -1.10167e+06	(delta): 0.0313404
25 (QN/Block) 	Elapsed: 3.321	Loglikelihood: -1.10167e+06	(delta): 0.010623
26 (QN/Block) 	Elapsed: 2.932	Loglikelihood: -1.10167e+06	(delta): 8.22425e-05
27 (QN/Block) 	Elapsed: 2.992	Loglikelihood: -1.10167e+06	(delta): 1.92062e-06
Summary: 
Converged in 27 iterations (111.316 sec)
Loglikelihood: -1101668.893301
Fst divergences between estimated populations: 
	Pop0	Pop1	Pop2	Pop3	Pop4	Pop5	Pop6	Pop7	Pop8	
Pop0	
Pop1	0.156	
Pop2	0.266	0.250	
Pop3	0.684	0.718	0.793	
Pop4	0.262	0.308	0.383	0.702	
Pop5	0.325	0.366	0.448	0.737	0.307	
Pop6	0.382	0.418	0.495	0.746	0.356	0.395	
Pop7	0.358	0.402	0.482	0.774	0.335	0.253	0.437	
Pop8	0.221	0.271	0.350	0.689	0.182	0.315	0.327	0.350	
Pop9	0.261	0.323	0.370	0.795	0.392	0.449	0.498	0.482	0.358	
CV error (K=10): 0.14570
Writing output files.
