****                   ADMIXTURE Version 1.3.0                  ****
****                    Copyright 2008-2015                     ****
****           David Alexander, Suyash Shringarpure,            ****
****                John  Novembre, Ken Lange                   ****
****                                                            ****
****                 Please cite our paper!                     ****
****   Information at www.genetics.ucla.edu/software/admixture  ****

Cross-validation will be performed.  Folds=10.
Parallel execution requested.  Will use 8 threads.
Random seed: 20260933
Point estimation method: Block relaxation algorithm
Convergence acceleration algorithm: QuasiNewton, 3 secant conditions
Point estimation will terminate when objective function delta < 1e-05
Estimation of standard errors disabled; will compute point estimates only.
Size of G: 380x17027
Performing five EM steps to prime main algorithm
1 (EM) 	Elapsed: 4.437	Loglikelihood: -2.09537e+06	(delta): 6.32023e+06
2 (EM) 	Elapsed: 4.402	Loglikelihood: -1.91405e+06	(delta): 181315
3 (EM) 	Elapsed: 4.41	Loglikelihood: -1.88776e+06	(delta): 26287.8
4 (EM) 	Elapsed: 4.386	Loglikelihood: -1.87233e+06	(delta): 15436.1
5 (EM) 	Elapsed: 4.403	Loglikelihood: -1.85925e+06	(delta): 13079
Initial loglikelihood: -1.85925e+06
Starting main algorithm
1 (QN/Block) 	Elapsed: 2.165	Loglikelihood: -1.41335e+06	(delta): 445903
2 (QN/Block) 	Elapsed: 2.19	Loglikelihood: -1.23403e+06	(delta): 179316
3 (QN/Block) 	Elapsed: 3.395	Loglikelihood: -1.1644e+06	(delta): 69627.1
4 (QN/Block) 	Elapsed: 3.733	Loglikelihood: -1.12297e+06	(delta): 41430.1
5 (QN/Block) 	Elapsed: 4.08	Loglikelihood: -1.10917e+06	(delta): 13805
6 (QN/Block) 	Elapsed: 4.057	Loglikelihood: -1.10506e+06	(delta): 4103.78
7 (QN/Block) 	Elapsed: 2.986	Loglikelihood: -1.10376e+06	(delta): 1301.52
8 (QN/Block) 	Elapsed: 2.994	Loglikelihood: -1.10345e+06	(delta): 306.746
9 (QN/Block) 	Elapsed: 2.986	Loglikelihood: -1.1034e+06	(delta): 52.0799
10 (QN/Block) 	Elapsed: 3.003	Loglikelihood: -1.1034e+06	(delta): 5.67946
11 (QN/Block) 	Elapsed: 3.01	Loglikelihood: -1.1034e+06	(delta): 1.45684
12 (QN/Block) 	Elapsed: 3.01	Loglikelihood: -1.10339e+06	(delta): 0.835939
13 (QN/Block) 	Elapsed: 3.001	Loglikelihood: -1.10339e+06	(delta): 0.0442825
14 (QN/Block) 	Elapsed: 2.995	Loglikelihood: -1.10339e+06	(delta): 0.0165692
15 (QN/Block) 	Elapsed: 2.995	Loglikelihood: -1.10339e+06	(delta): 0.00651251
16 (QN/Block) 	Elapsed: 4.074	Loglikelihood: -1.10339e+06	(delta): 0.00261878
17 (QN/Block) 	Elapsed: 2.999	Loglikelihood: -1.10339e+06	(delta): 0.00242692
18 (QN/Block) 	Elapsed: 2.999	Loglikelihood: -1.10339e+06	(delta): 0.000574692
19 (QN/Block) 	Elapsed: 3.002	Loglikelihood: -1.10339e+06	(delta): 0.000171972
20 (QN/Block) 	Elapsed: 2.992	Loglikelihood: -1.10339e+06	(delta): 8.1775e-05
21 (QN/Block) 	Elapsed: 2.985	Loglikelihood: -1.10339e+06	(delta): 3.9218e-06
Summary: 
Converged in 21 iterations (97.779 sec)
Loglikelihood: -1103394.458823
Fst divergences between estimated populations: 
	Pop0	Pop1	Pop2	Pop3	Pop4	Pop5	Pop6	Pop7	Pop8	Pop9	
Pop0	
Pop1	0.517	
Pop2	0.708	0.715	
Pop3	0.750	0.804	0.988	
Pop4	0.218	0.432	0.622	0.677	
Pop5	0.323	0.387	0.600	0.688	0.230	
Pop6	0.237	0.427	0.621	0.673	0.082	0.210	
Pop7	0.417	0.458	0.673	0.739	0.332	0.324	0.325	
Pop8	0.436	0.489	0.709	0.766	0.353	0.350	0.348	0.231	
Pop9	0.355	0.413	0.619	0.699	0.266	0.185	0.249	0.312	0.340	
Pop10	0.465	0.518	0.741	0.793	0.380	0.373	0.375	0.298	0.185	0.352	
CV error (K=11): 0.14632
Writing output files.
