****                   ADMIXTURE Version 1.3.0                  ****
****                    Copyright 2008-2015                     ****
****           David Alexander, Suyash Shringarpure,            ****
****                John  Novembre, Ken Lange                   ****
****                                                            ****
****                 Please cite our paper!                     ****
****   Information at www.genetics.ucla.edu/software/admixture  ****

Cross-validation will be performed.  Folds=10.
Parallel execution requested.  Will use 8 threads.
Random seed: 20260933
Point estimation method: Block relaxation algorithm
Convergence acceleration algorithm: QuasiNewton, 3 secant conditions
Point estimation will terminate when objective function delta < 1e-05
Estimation of standard errors disabled; will compute point estimates only.
Size of G: 380x17027
Performing five EM steps to prime main algorithm
1 (EM) 	Elapsed: 5.141	Loglikelihood: -2.09585e+06	(delta): 6.2948e+06
2 (EM) 	Elapsed: 5.104	Loglikelihood: -1.9133e+06	(delta): 182554
3 (EM) 	Elapsed: 5.097	Loglikelihood: -1.88818e+06	(delta): 25113.8
4 (EM) 	Elapsed: 5.087	Loglikelihood: -1.87387e+06	(delta): 14316.8
5 (EM) 	Elapsed: 5.106	Loglikelihood: -1.86223e+06	(delta): 11639.6
Initial loglikelihood: -1.86223e+06
Starting main algorithm
1 (QN/Block) 	Elapsed: 2.287	Loglikelihood: -1.42493e+06	(delta): 437294
2 (QN/Block) 	Elapsed: 2.352	Loglikelihood: -1.2442e+06	(delta): 180735
3 (QN/Block) 	Elapsed: 4.033	Loglikelihood: -1.16383e+06	(delta): 80364.6
4 (QN/Block) 	Elapsed: 3.251	Loglikelihood: -1.12073e+06	(delta): 43107.3
5 (QN/Block) 	Elapsed: 3.605	Loglikelihood: -1.09883e+06	(delta): 21894.2
6 (QN/Block) 	Elapsed: 3.223	Loglikelihood: -1.09067e+06	(delta): 8156.33
7 (QN/Block) 	Elapsed: 3.202	Loglikelihood: -1.0862e+06	(delta): 4470.64
8 (QN/Block) 	Elapsed: 4.363	Loglikelihood: -1.08435e+06	(delta): 1858.8
9 (QN/Block) 	Elapsed: 3.212	Loglikelihood: -1.08413e+06	(delta): 214.317
10 (QN/Block) 	Elapsed: 3.203	Loglikelihood: -1.08409e+06	(delta): 41.4705
11 (QN/Block) 	Elapsed: 3.267	Loglikelihood: -1.08406e+06	(delta): 31.1017
12 (QN/Block) 	Elapsed: 3.216	Loglikelihood: -1.08404e+06	(delta): 23.0067
13 (QN/Block) 	Elapsed: 3.589	Loglikelihood: -1.08401e+06	(delta): 25.1639
14 (QN/Block) 	Elapsed: 3.266	Loglikelihood: -1.08391e+06	(delta): 103.476
15 (QN/Block) 	Elapsed: 4.404	Loglikelihood: -1.08377e+06	(delta): 135.766
16 (QN/Block) 	Elapsed: 4.373	Loglikelihood: -1.08349e+06	(delta): 280.407
17 (QN/Block) 	Elapsed: 4.378	Loglikelihood: -1.08225e+06	(delta): 1241.72
18 (QN/Block) 	Elapsed: 4.391	Loglikelihood: -1.07773e+06	(delta): 4516.12
19 (QN/Block) 	Elapsed: 3.605	Loglikelihood: -1.07284e+06	(delta): 4896
20 (QN/Block) 	Elapsed: 3.603	Loglikelihood: -1.071e+06	(delta): 1836.94
21 (QN/Block) 	Elapsed: 3.603	Loglikelihood: -1.07063e+06	(delta): 370.202
22 (QN/Block) 	Elapsed: 3.22	Loglikelihood: -1.07057e+06	(delta): 60.1055
23 (QN/Block) 	Elapsed: 4.372	Loglikelihood: -1.07053e+06	(delta): 38.7073
24 (QN/Block) 	Elapsed: 4.359	Loglikelihood: -1.07049e+06	(delta): 43.1814
25 (QN/Block) 	Elapsed: 4.369	Loglikelihood: -1.07044e+06	(delta): 52.038
26 (QN/Block) 	Elapsed: 4.371	Loglikelihood: -1.07038e+06	(delta): 59.3442
27 (QN/Block) 	Elapsed: 4.357	Loglikelihood: -1.0703e+06	(delta): 79.6596
28 (QN/Block) 	Elapsed: 4.374	Loglikelihood: -1.07017e+06	(delta): 125.486
29 (QN/Block) 	Elapsed: 4.376	Loglikelihood: -1.06998e+06	(delta): 189.352
30 (QN/Block) 	Elapsed: 4.357	Loglikelihood: -1.06955e+06	(delta): 427.717
31 (QN/Block) 	Elapsed: 4.382	Loglikelihood: -1.06854e+06	(delta): 1010.17
32 (QN/Block) 	Elapsed: 4.387	Loglikelihood: -1.06684e+06	(delta): 1707.16
33 (QN/Block) 	Elapsed: 4.368	Loglikelihood: -1.06572e+06	(delta): 1118.35
34 (QN/Block) 	Elapsed: 4.382	Loglikelihood: -1.06542e+06	(delta): 298.319
35 (QN/Block) 	Elapsed: 4.408	Loglikelihood: -1.06533e+06	(delta): 88.1613
36 (QN/Block) 	Elapsed: 3.224	Loglikelihood: -1.0653e+06	(delta): 30.8146
37 (QN/Block) 	Elapsed: 3.198	Loglikelihood: -1.06529e+06	(delta): 8.48073
38 (QN/Block) 	Elapsed: 3.206	Loglikelihood: -1.06529e+06	(delta): 1.53778
39 (QN/Block) 	Elapsed: 3.21	Loglikelihood: -1.06529e+06	(delta): 0.101321
40 (QN/Block) 	Elapsed: 3.203	Loglikelihood: -1.06529e+06	(delta): 0.0121503
41 (QN/Block) 	Elapsed: 3.216	Loglikelihood: -1.06529e+06	(delta): 0.00231883
42 (QN/Block) 	Elapsed: 3.211	Loglikelihood: -1.06529e+06	(delta): 0.000592456
43 (QN/Block) 	Elapsed: 3.212	Loglikelihood: -1.06529e+06	(delta): 2.02483e-05
44 (QN/Block) 	Elapsed: 3.217	Loglikelihood: -1.06529e+06	(delta): 5.12251e-06
Summary: 
Converged in 44 iterations (208.717 sec)
Loglikelihood: -1065291.080979
Fst divergences between estimated populations: 
	Pop0	Pop1	Pop2	Pop3	Pop4	Pop5	Pop6	Pop7	Pop8	Pop9	Pop10	
Pop0	
Pop1	0.477	
Pop2	0.185	0.507	
Pop3	0.758	0.788	0.786	
Pop4	0.476	0.372	0.507	0.787	
Pop5	0.353	0.288	0.380	0.672	0.269	
Pop6	0.430	0.499	0.458	0.735	0.495	0.382	
Pop7	0.340	0.394	0.353	0.692	0.384	0.253	0.357	
Pop8	0.231	0.456	0.298	0.731	0.455	0.330	0.401	0.313	
Pop9	0.367	0.273	0.396	0.687	0.282	0.109	0.396	0.281	0.347	
Pop10	0.350	0.362	0.373	0.681	0.354	0.213	0.329	0.185	0.323	0.245	
Pop11	0.408	0.339	0.436	0.720	0.263	0.169	0.430	0.322	0.384	0.187	0.287	
CV error (K=12): 0.14241
Writing output files.
