****                   ADMIXTURE Version 1.3.0                  ****
****                    Copyright 2008-2015                     ****
****           David Alexander, Suyash Shringarpure,            ****
****                John  Novembre, Ken Lange                   ****
****                                                            ****
****                 Please cite our paper!                     ****
****   Information at www.genetics.ucla.edu/software/admixture  ****

Cross-validation will be performed.  Folds=10.
Parallel execution requested.  Will use 8 threads.
Random seed: 20260933
Point estimation method: Block relaxation algorithm
Convergence acceleration algorithm: QuasiNewton, 3 secant conditions
Point estimation will terminate when objective function delta < 1e-05
Estimation of standard errors disabled; will compute point estimates only.
Size of G: 380x17027
Performing five EM steps to prime main algorithm
1 (EM) 	Elapsed: 6.704	Loglikelihood: -2.09488e+06	(delta): 6.25689e+06
2 (EM) 	Elapsed: 6.614	Loglikelihood: -1.91164e+06	(delta): 183235
3 (EM) 	Elapsed: 6.647	Loglikelihood: -1.88664e+06	(delta): 24996.8
4 (EM) 	Elapsed: 6.637	Loglikelihood: -1.87202e+06	(delta): 14622.5
5 (EM) 	Elapsed: 6.634	Loglikelihood: -1.85946e+06	(delta): 12564.1
Initial loglikelihood: -1.85946e+06
Starting main algorithm
1 (QN/Block) 	Elapsed: 2.657	Loglikelihood: -1.36556e+06	(delta): 493898
2 (QN/Block) 	Elapsed: 2.738	Loglikelihood: -1.20411e+06	(delta): 161449
3 (QN/Block) 	Elapsed: 4.217	Loglikelihood: -1.14231e+06	(delta): 61801.8
4 (QN/Block) 	Elapsed: 3.73	Loglikelihood: -1.0936e+06	(delta): 48708
5 (QN/Block) 	Elapsed: 3.673	Loglikelihood: -1.05645e+06	(delta): 37147.9
6 (QN/Block) 	Elapsed: 4.986	Loglikelihood: -1.04474e+06	(delta): 11712.4
7 (QN/Block) 	Elapsed: 4.969	Loglikelihood: -1.04166e+06	(delta): 3085.92
8 (QN/Block) 	Elapsed: 3.67	Loglikelihood: -1.04069e+06	(delta): 966.481
9 (QN/Block) 	Elapsed: 3.625	Loglikelihood: -1.04039e+06	(delta): 303.783
10 (QN/Block) 	Elapsed: 3.637	Loglikelihood: -1.04029e+06	(delta): 98.1716
11 (QN/Block) 	Elapsed: 4.093	Loglikelihood: -1.04028e+06	(delta): 8.4252
12 (QN/Block) 	Elapsed: 4.095	Loglikelihood: -1.04028e+06	(delta): 0.331375
13 (QN/Block) 	Elapsed: 3.674	Loglikelihood: -1.04028e+06	(delta): 0.106121
14 (QN/Block) 	Elapsed: 3.662	Loglikelihood: -1.04028e+06	(delta): 0.0154835
15 (QN/Block) 	Elapsed: 3.666	Loglikelihood: -1.04028e+06	(delta): 0.00414218
16 (QN/Block) 	Elapsed: 3.687	Loglikelihood: -1.04028e+06	(delta): 0.00029322
17 (QN/Block) 	Elapsed: 3.664	Loglikelihood: -1.04028e+06	(delta): 1.72012e-05
18 (QN/Block) 	Elapsed: 3.699	Loglikelihood: -1.04028e+06	(delta): 4.84183e-06
Summary: 
Converged in 18 iterations (112.62 sec)
Loglikelihood: -1040278.503939
Fst divergences between estimated populations: 
	Pop0	Pop1	Pop2	Pop3	Pop4	Pop5	Pop6	Pop7	Pop8	Pop9	Pop10	Pop11	Pop12	
Pop0	
Pop1	0.156	
Pop2	0.425	0.381	
Pop3	0.420	0.384	0.458	
Pop4	0.252	0.273	0.507	0.496	
Pop5	0.710	0.674	0.786	0.735	0.788	
Pop6	0.432	0.391	0.362	0.459	0.516	0.792	
Pop7	0.323	0.291	0.508	0.499	0.373	0.789	0.518	
Pop8	0.405	0.360	0.347	0.432	0.491	0.763	0.277	0.491	
Pop9	0.168	0.115	0.399	0.399	0.288	0.691	0.412	0.277	0.379	
Pop10	0.277	0.213	0.373	0.329	0.355	0.681	0.378	0.363	0.357	0.247	
Pop11	0.399	0.355	0.186	0.431	0.478	0.759	0.307	0.479	0.278	0.371	0.351	
Pop12	0.147	0.214	0.463	0.454	0.319	0.742	0.472	0.378	0.444	0.231	0.312	0.436	
Pop13	0.312	0.255	0.353	0.357	0.385	0.693	0.366	0.395	0.350	0.284	0.185	0.342	0.346	
CV error (K=14): 0.14190
Writing output files.
