****                   ADMIXTURE Version 1.3.0                  ****
****                    Copyright 2008-2015                     ****
****           David Alexander, Suyash Shringarpure,            ****
****                John  Novembre, Ken Lange                   ****
****                                                            ****
****                 Please cite our paper!                     ****
****   Information at www.genetics.ucla.edu/software/admixture  ****

Cross-validation will be performed.  Folds=10.
Parallel execution requested.  Will use 8 threads.
Random seed: 20260933
Point estimation method: Block relaxation algorithm
Convergence acceleration algorithm: QuasiNewton, 3 secant conditions
Point estimation will terminate when objective function delta < 1e-05
Estimation of standard errors disabled; will compute point estimates only.
Size of G: 380x17027
Performing five EM steps to prime main algorithm
1 (EM) 	Elapsed: 7.545	Loglikelihood: -2.09381e+06	(delta): 6.23959e+06
2 (EM) 	Elapsed: 7.468	Loglikelihood: -1.90868e+06	(delta): 185127
3 (EM) 	Elapsed: 7.789	Loglikelihood: -1.88327e+06	(delta): 25413.4
4 (EM) 	Elapsed: 7.472	Loglikelihood: -1.86795e+06	(delta): 15316.4
5 (EM) 	Elapsed: 7.471	Loglikelihood: -1.85459e+06	(delta): 13367.1
Initial loglikelihood: -1.85459e+06
Starting main algorithm
1 (QN/Block) 	Elapsed: 2.78	Loglikelihood: -1.35452e+06	(delta): 500068
2 (QN/Block) 	Elapsed: 2.883	Loglikelihood: -1.15273e+06	(delta): 201785
3 (QN/Block) 	Elapsed: 3.98	Loglikelihood: -1.08841e+06	(delta): 64328.1
4 (QN/Block) 	Elapsed: 5.389	Loglikelihood: -1.05722e+06	(delta): 31186.5
5 (QN/Block) 	Elapsed: 3.896	Loglikelihood: -1.04515e+06	(delta): 12066.1
6 (QN/Block) 	Elapsed: 3.87	Loglikelihood: -1.03963e+06	(delta): 5525.45
7 (QN/Block) 	Elapsed: 5.276	Loglikelihood: -1.03756e+06	(delta): 2073.09
8 (QN/Block) 	Elapsed: 3.894	Loglikelihood: -1.037e+06	(delta): 550.357
9 (QN/Block) 	Elapsed: 3.89	Loglikelihood: -1.03692e+06	(delta): 88.5875
10 (QN/Block) 	Elapsed: 3.903	Loglikelihood: -1.0369e+06	(delta): 15.1905
11 (QN/Block) 	Elapsed: 3.894	Loglikelihood: -1.0369e+06	(delta): 3.48862
12 (QN/Block) 	Elapsed: 3.886	Loglikelihood: -1.0369e+06	(delta): 0.80352
13 (QN/Block) 	Elapsed: 4.832	Loglikelihood: -1.0369e+06	(delta): 0.260127
14 (QN/Block) 	Elapsed: 3.901	Loglikelihood: -1.0369e+06	(delta): 0.227627
15 (QN/Block) 	Elapsed: 3.898	Loglikelihood: -1.0369e+06	(delta): 0.202708
16 (QN/Block) 	Elapsed: 4.351	Loglikelihood: -1.0369e+06	(delta): 0.0848937
17 (QN/Block) 	Elapsed: 3.903	Loglikelihood: -1.0369e+06	(delta): 0.178753
18 (QN/Block) 	Elapsed: 3.922	Loglikelihood: -1.0369e+06	(delta): 0.0860767
19 (QN/Block) 	Elapsed: 3.889	Loglikelihood: -1.0369e+06	(delta): 0.142099
20 (QN/Block) 	Elapsed: 3.891	Loglikelihood: -1.0369e+06	(delta): 0.102122
21 (QN/Block) 	Elapsed: 3.905	Loglikelihood: -1.0369e+06	(delta): 0.0698563
22 (QN/Block) 	Elapsed: 4.399	Loglikelihood: -1.03689e+06	(delta): 0.843054
23 (QN/Block) 	Elapsed: 3.905	Loglikelihood: -1.03689e+06	(delta): 0.455277
24 (QN/Block) 	Elapsed: 3.925	Loglikelihood: -1.03689e+06	(delta): 0.384433
25 (QN/Block) 	Elapsed: 5.328	Loglikelihood: -1.03689e+06	(delta): 0.150131
26 (QN/Block) 	Elapsed: 5.355	Loglikelihood: -1.03689e+06	(delta): 0.148144
27 (QN/Block) 	Elapsed: 5.342	Loglikelihood: -1.03689e+06	(delta): 0.162152
28 (QN/Block) 	Elapsed: 5.352	Loglikelihood: -1.03689e+06	(delta): 0.182002
29 (QN/Block) 	Elapsed: 5.344	Loglikelihood: -1.03689e+06	(delta): 0.20857
30 (QN/Block) 	Elapsed: 5.344	Loglikelihood: -1.03689e+06	(delta): 0.239024
31 (QN/Block) 	Elapsed: 5.35	Loglikelihood: -1.03689e+06	(delta): 0.273539
32 (QN/Block) 	Elapsed: 5.369	Loglikelihood: -1.03689e+06	(delta): 0.317617
33 (QN/Block) 	Elapsed: 5.369	Loglikelihood: -1.03689e+06	(delta): 0.379924
34 (QN/Block) 	Elapsed: 5.332	Loglikelihood: -1.03689e+06	(delta): 0.460321
35 (QN/Block) 	Elapsed: 5.347	Loglikelihood: -1.03689e+06	(delta): 0.568964
36 (QN/Block) 	Elapsed: 5.365	Loglikelihood: -1.03689e+06	(delta): 0.745427
37 (QN/Block) 	Elapsed: 5.328	Loglikelihood: -1.03689e+06	(delta): 1.05198
38 (QN/Block) 	Elapsed: 5.349	Loglikelihood: -1.03689e+06	(delta): 1.62204
39 (QN/Block) 	Elapsed: 5.324	Loglikelihood: -1.03688e+06	(delta): 2.93018
40 (QN/Block) 	Elapsed: 5.366	Loglikelihood: -1.03688e+06	(delta): 3.90313
41 (QN/Block) 	Elapsed: 5.329	Loglikelihood: -1.03688e+06	(delta): 5.32797
42 (QN/Block) 	Elapsed: 5.346	Loglikelihood: -1.03687e+06	(delta): 7.77776
43 (QN/Block) 	Elapsed: 5.366	Loglikelihood: -1.03686e+06	(delta): 12.1386
44 (QN/Block) 	Elapsed: 5.35	Loglikelihood: -1.03684e+06	(delta): 20.2643
45 (QN/Block) 	Elapsed: 5.339	Loglikelihood: -1.0368e+06	(delta): 36.6709
46 (QN/Block) 	Elapsed: 5.335	Loglikelihood: -1.03673e+06	(delta): 72.5164
47 (QN/Block) 	Elapsed: 5.341	Loglikelihood: -1.03662e+06	(delta): 106.381
48 (QN/Block) 	Elapsed: 5.352	Loglikelihood: -1.03651e+06	(delta): 111.346
49 (QN/Block) 	Elapsed: 5.362	Loglikelihood: -1.03638e+06	(delta): 130.161
50 (QN/Block) 	Elapsed: 5.341	Loglikelihood: -1.03621e+06	(delta): 167.986
51 (QN/Block) 	Elapsed: 5.333	Loglikelihood: -1.03597e+06	(delta): 241.404
52 (QN/Block) 	Elapsed: 5.355	Loglikelihood: -1.0355e+06	(delta): 469.578
53 (QN/Block) 	Elapsed: 5.341	Loglikelihood: -1.03404e+06	(delta): 1461.88
54 (QN/Block) 	Elapsed: 5.365	Loglikelihood: -1.0321e+06	(delta): 1938.67
55 (QN/Block) 	Elapsed: 5.346	Loglikelihood: -1.03175e+06	(delta): 346.848
56 (QN/Block) 	Elapsed: 5.331	Loglikelihood: -1.03154e+06	(delta): 214.477
57 (QN/Block) 	Elapsed: 5.335	Loglikelihood: -1.03144e+06	(delta): 97.1269
58 (QN/Block) 	Elapsed: 5.318	Loglikelihood: -1.03143e+06	(delta): 13.8363
59 (QN/Block) 	Elapsed: 3.911	Loglikelihood: -1.03143e+06	(delta): 0.88619
60 (QN/Block) 	Elapsed: 3.927	Loglikelihood: -1.03143e+06	(delta): 0.0438792
61 (QN/Block) 	Elapsed: 3.906	Loglikelihood: -1.03143e+06	(delta): 0.0102679
62 (QN/Block) 	Elapsed: 3.948	Loglikelihood: -1.03143e+06	(delta): 0.00192601
63 (QN/Block) 	Elapsed: 3.921	Loglikelihood: -1.03143e+06	(delta): 0.000475116
64 (QN/Block) 	Elapsed: 4.401	Loglikelihood: -1.03143e+06	(delta): 1.46244e-05
65 (QN/Block) 	Elapsed: 3.912	Loglikelihood: -1.03143e+06	(delta): 1.19394e-05
66 (QN/Block) 	Elapsed: 3.913	Loglikelihood: -1.03143e+06	(delta): 4.48548e-07
Summary: 
Converged in 66 iterations (382.22 sec)
Loglikelihood: -1031425.188136
Fst divergences between estimated populations: 
	Pop0	Pop1	Pop2	Pop3	Pop4	Pop5	Pop6	Pop7	Pop8	Pop9	Pop10	Pop11	Pop12	Pop13	
Pop0	
Pop1	0.386	
Pop2	0.212	0.379	
Pop3	0.162	0.440	0.283	
Pop4	0.434	0.532	0.387	0.492	
Pop5	0.356	0.277	0.358	0.415	0.502	
Pop6	0.133	0.427	0.256	0.211	0.476	0.395	
Pop7	0.668	0.791	0.681	0.718	0.823	0.763	0.709	
Pop8	0.287	0.518	0.365	0.314	0.573	0.492	0.289	0.790	
Pop9	0.625	0.747	0.605	0.677	0.748	0.714	0.670	0.987	0.760	
Pop10	0.251	0.366	0.185	0.317	0.412	0.349	0.294	0.693	0.396	0.623	
Pop11	0.108	0.410	0.255	0.183	0.454	0.378	0.110	0.685	0.291	0.640	0.288	
Pop12	0.351	0.307	0.352	0.405	0.500	0.278	0.386	0.759	0.480	0.713	0.341	0.372	
Pop13	0.585	0.710	0.563	0.644	0.624	0.677	0.632	0.972	0.730	0.960	0.589	0.604	0.675	
Pop14	0.377	0.362	0.373	0.433	0.530	0.347	0.415	0.786	0.509	0.743	0.353	0.398	0.186	0.705	
CV error (K=15): 0.13993
Writing output files.
