****                   ADMIXTURE Version 1.3.0                  ****
****                    Copyright 2008-2015                     ****
****           David Alexander, Suyash Shringarpure,            ****
****                John  Novembre, Ken Lange                   ****
****                                                            ****
****                 Please cite our paper!                     ****
****   Information at www.genetics.ucla.edu/software/admixture  ****

Cross-validation will be performed.  Folds=10.
Parallel execution requested.  Will use 8 threads.
Random seed: 20260933
Point estimation method: Block relaxation algorithm
Convergence acceleration algorithm: QuasiNewton, 3 secant conditions
Point estimation will terminate when objective function delta < 1e-05
Estimation of standard errors disabled; will compute point estimates only.
Size of G: 380x17027
Performing five EM steps to prime main algorithm
1 (EM) 	Elapsed: 8.414	Loglikelihood: -2.09667e+06	(delta): 6.22694e+06
2 (EM) 	Elapsed: 8.353	Loglikelihood: -1.90985e+06	(delta): 186814
3 (EM) 	Elapsed: 8.336	Loglikelihood: -1.88474e+06	(delta): 25115.9
4 (EM) 	Elapsed: 8.33	Loglikelihood: -1.86922e+06	(delta): 15514.8
5 (EM) 	Elapsed: 8.329	Loglikelihood: -1.85467e+06	(delta): 14551.7
Initial loglikelihood: -1.85467e+06
Starting main algorithm
1 (QN/Block) 	Elapsed: 2.915	Loglikelihood: -1.35252e+06	(delta): 502146
2 (QN/Block) 	Elapsed: 3.038	Loglikelihood: -1.16032e+06	(delta): 192205
3 (QN/Block) 	Elapsed: 4.715	Loglikelihood: -1.08792e+06	(delta): 72402.9
4 (QN/Block) 	Elapsed: 4.16	Loglikelihood: -1.0538e+06	(delta): 34111.9
5 (QN/Block) 	Elapsed: 4.099	Loglikelihood: -1.03948e+06	(delta): 14326.5
6 (QN/Block) 	Elapsed: 5.607	Loglikelihood: -1.03176e+06	(delta): 7719.09
7 (QN/Block) 	Elapsed: 4.093	Loglikelihood: -1.02846e+06	(delta): 3297.31
8 (QN/Block) 	Elapsed: 4.057	Loglikelihood: -1.02778e+06	(delta): 680.398
9 (QN/Block) 	Elapsed: 5.555	Loglikelihood: -1.02761e+06	(delta): 169.877
10 (QN/Block) 	Elapsed: 5.572	Loglikelihood: -1.02753e+06	(delta): 84.6612
11 (QN/Block) 	Elapsed: 4.088	Loglikelihood: -1.02737e+06	(delta): 151.493
12 (QN/Block) 	Elapsed: 4.603	Loglikelihood: -1.02671e+06	(delta): 665.057
13 (QN/Block) 	Elapsed: 5.567	Loglikelihood: -1.02467e+06	(delta): 2041.45
14 (QN/Block) 	Elapsed: 5.101	Loglikelihood: -1.0239e+06	(delta): 768.223
15 (QN/Block) 	Elapsed: 4.447	Loglikelihood: -1.02295e+06	(delta): 950.933
16 (QN/Block) 	Elapsed: 4.618	Loglikelihood: -1.02232e+06	(delta): 633.182
17 (QN/Block) 	Elapsed: 4.087	Loglikelihood: -1.02216e+06	(delta): 152.457
18 (QN/Block) 	Elapsed: 4.086	Loglikelihood: -1.02214e+06	(delta): 27.0393
19 (QN/Block) 	Elapsed: 5.564	Loglikelihood: -1.02213e+06	(delta): 0.998925
20 (QN/Block) 	Elapsed: 4.069	Loglikelihood: -1.02213e+06	(delta): 0.144501
21 (QN/Block) 	Elapsed: 4.084	Loglikelihood: -1.02213e+06	(delta): 0.125981
22 (QN/Block) 	Elapsed: 4.079	Loglikelihood: -1.02213e+06	(delta): 0.0142616
23 (QN/Block) 	Elapsed: 4.086	Loglikelihood: -1.02213e+06	(delta): 0.00268237
24 (QN/Block) 	Elapsed: 4.106	Loglikelihood: -1.02213e+06	(delta): 0.000197885
25 (QN/Block) 	Elapsed: 4.08	Loglikelihood: -1.02213e+06	(delta): 4.97831e-05
26 (QN/Block) 	Elapsed: 4.087	Loglikelihood: -1.02213e+06	(delta): 6.62007e-06
Summary: 
Converged in 26 iterations (172.972 sec)
Loglikelihood: -1022134.382627
Fst divergences between estimated populations: 
	Pop0	Pop1	Pop2	Pop3	Pop4	Pop5	Pop6	Pop7	Pop8	Pop9	Pop10	Pop11	Pop12	Pop13	Pop14	
Pop0	
Pop1	0.516	
Pop2	0.367	0.385	
Pop3	0.519	0.553	0.413	
Pop4	0.307	0.478	0.342	0.488	
Pop5	0.393	0.276	0.254	0.434	0.357	
Pop6	0.473	0.320	0.347	0.509	0.438	0.219	
Pop7	0.521	0.377	0.398	0.560	0.482	0.298	0.383	
Pop8	0.277	0.491	0.350	0.490	0.278	0.361	0.445	0.494	
Pop9	0.792	0.788	0.693	0.797	0.758	0.675	0.743	0.792	0.763	
Pop10	0.445	0.262	0.323	0.485	0.411	0.175	0.154	0.342	0.417	0.724	
Pop11	0.435	0.307	0.300	0.474	0.392	0.148	0.255	0.297	0.402	0.717	0.210	
Pop12	0.365	0.346	0.178	0.369	0.338	0.211	0.306	0.357	0.345	0.662	0.283	0.257	
Pop13	0.429	0.312	0.306	0.465	0.389	0.141	0.253	0.312	0.396	0.703	0.208	0.135	0.267	
Pop14	0.337	0.477	0.316	0.488	0.171	0.356	0.437	0.481	0.323	0.757	0.410	0.394	0.329	0.389	
Pop15	0.431	0.566	0.411	0.576	0.264	0.433	0.519	0.570	0.410	0.844	0.492	0.476	0.410	0.467	0.199	
CV error (K=16): 0.14175
Writing output files.
