****                   ADMIXTURE Version 1.3.0                  ****
****                    Copyright 2008-2015                     ****
****           David Alexander, Suyash Shringarpure,            ****
****                John  Novembre, Ken Lange                   ****
****                                                            ****
****                 Please cite our paper!                     ****
****   Information at www.genetics.ucla.edu/software/admixture  ****

Cross-validation will be performed.  Folds=10.
Parallel execution requested.  Will use 8 threads.
Random seed: 20260933
Point estimation method: Block relaxation algorithm
Convergence acceleration algorithm: QuasiNewton, 3 secant conditions
Point estimation will terminate when objective function delta < 1e-05
Estimation of standard errors disabled; will compute point estimates only.
Size of G: 380x17027
Performing five EM steps to prime main algorithm
1 (EM) 	Elapsed: 9.288	Loglikelihood: -2.09405e+06	(delta): 6.20906e+06
2 (EM) 	Elapsed: 9.247	Loglikelihood: -1.90448e+06	(delta): 189568
3 (EM) 	Elapsed: 9.202	Loglikelihood: -1.87737e+06	(delta): 27105
4 (EM) 	Elapsed: 9.24	Loglikelihood: -1.85975e+06	(delta): 17617.4
5 (EM) 	Elapsed: 9.202	Loglikelihood: -1.84311e+06	(delta): 16645.2
Initial loglikelihood: -1.84311e+06
Starting main algorithm
1 (QN/Block) 	Elapsed: 3.158	Loglikelihood: -1.31506e+06	(delta): 528049
2 (QN/Block) 	Elapsed: 3.22	Loglikelihood: -1.14209e+06	(delta): 172972
3 (QN/Block) 	Elapsed: 4.952	Loglikelihood: -1.07927e+06	(delta): 62815.2
4 (QN/Block) 	Elapsed: 4.893	Loglikelihood: -1.04115e+06	(delta): 38119.7
5 (QN/Block) 	Elapsed: 4.332	Loglikelihood: -1.01852e+06	(delta): 22629.6
6 (QN/Block) 	Elapsed: 5.838	Loglikelihood: -1.00947e+06	(delta): 9056.73
7 (QN/Block) 	Elapsed: 4.267	Loglikelihood: -1.00656e+06	(delta): 2904.22
8 (QN/Block) 	Elapsed: 5.8	Loglikelihood: -1.00584e+06	(delta): 724.834
9 (QN/Block) 	Elapsed: 4.305	Loglikelihood: -1.0056e+06	(delta): 233.358
10 (QN/Block) 	Elapsed: 5.832	Loglikelihood: -1.00554e+06	(delta): 60.8227
11 (QN/Block) 	Elapsed: 4.804	Loglikelihood: -1.00553e+06	(delta): 19.1302
12 (QN/Block) 	Elapsed: 4.822	Loglikelihood: -1.00552e+06	(delta): 1.87972
13 (QN/Block) 	Elapsed: 5.337	Loglikelihood: -1.00552e+06	(delta): 0.347109
14 (QN/Block) 	Elapsed: 4.291	Loglikelihood: -1.00552e+06	(delta): 0.0618201
15 (QN/Block) 	Elapsed: 4.821	Loglikelihood: -1.00552e+06	(delta): 0.0224468
16 (QN/Block) 	Elapsed: 4.302	Loglikelihood: -1.00552e+06	(delta): 0.00402831
17 (QN/Block) 	Elapsed: 5.828	Loglikelihood: -1.00552e+06	(delta): 0.626991
18 (QN/Block) 	Elapsed: 5.882	Loglikelihood: -1.00552e+06	(delta): 0.219522
19 (QN/Block) 	Elapsed: 4.296	Loglikelihood: -1.00552e+06	(delta): 0.00052922
20 (QN/Block) 	Elapsed: 4.286	Loglikelihood: -1.00552e+06	(delta): 2.55046e-05
21 (QN/Block) 	Elapsed: 4.289	Loglikelihood: -1.00552e+06	(delta): 7.33908e-05
22 (QN/Block) 	Elapsed: 5.84	Loglikelihood: -1.00552e+06	(delta): 3.46435e-05
23 (QN/Block) 	Elapsed: 5.901	Loglikelihood: -1.00552e+06	(delta): 1.61979e-05
24 (QN/Block) 	Elapsed: 5.86	Loglikelihood: -1.00552e+06	(delta): 1.19571e-05
25 (QN/Block) 	Elapsed: 5.88	Loglikelihood: -1.00552e+06	(delta): 1.02518e-05
26 (QN/Block) 	Elapsed: 5.897	Loglikelihood: -1.00552e+06	(delta): 9.56573e-06
Summary: 
Converged in 26 iterations (192.528 sec)
Loglikelihood: -1005521.837770
Fst divergences between estimated populations: 
	Pop0	Pop1	Pop2	Pop3	Pop4	Pop5	Pop6	Pop7	Pop8	Pop9	Pop10	Pop11	Pop12	Pop13	Pop14	Pop15	
Pop0	
Pop1	0.276	
Pop2	0.373	0.271	
Pop3	0.355	0.217	0.302	
Pop4	0.292	0.124	0.276	0.206	
Pop5	0.445	0.350	0.250	0.377	0.349	
Pop6	0.276	0.319	0.399	0.370	0.329	0.473	
Pop7	0.335	0.218	0.126	0.234	0.227	0.259	0.359	
Pop8	0.299	0.149	0.235	0.184	0.135	0.313	0.324	0.179	
Pop9	0.796	0.712	0.687	0.725	0.696	0.741	0.815	0.676	0.680	
Pop10	0.477	0.389	0.356	0.413	0.382	0.392	0.505	0.354	0.360	0.758	
Pop11	0.559	0.471	0.392	0.488	0.459	0.468	0.584	0.404	0.440	0.799	0.489	
Pop12	0.513	0.423	0.383	0.444	0.413	0.412	0.539	0.382	0.391	0.790	0.188	0.523	
Pop13	0.762	0.664	0.600	0.679	0.644	0.672	0.784	0.602	0.629	0.987	0.703	0.709	0.740	
Pop14	0.404	0.302	0.366	0.267	0.301	0.437	0.397	0.313	0.279	0.787	0.476	0.554	0.511	0.750	
Pop15	0.391	0.294	0.189	0.323	0.296	0.153	0.419	0.199	0.258	0.691	0.339	0.409	0.356	0.610	0.383	
Pop16	0.455	0.369	0.331	0.388	0.361	0.368	0.483	0.328	0.337	0.731	0.231	0.458	0.302	0.667	0.456	0.309	
CV error (K=17): 0.14040
Writing output files.
