****                   ADMIXTURE Version 1.3.0                  ****
****                    Copyright 2008-2015                     ****
****           David Alexander, Suyash Shringarpure,            ****
****                John  Novembre, Ken Lange                   ****
****                                                            ****
****                 Please cite our paper!                     ****
****   Information at www.genetics.ucla.edu/software/admixture  ****

Cross-validation will be performed.  Folds=10.
Parallel execution requested.  Will use 8 threads.
Random seed: 20260933
Point estimation method: Block relaxation algorithm
Convergence acceleration algorithm: QuasiNewton, 3 secant conditions
Point estimation will terminate when objective function delta < 1e-05
Estimation of standard errors disabled; will compute point estimates only.
Size of G: 380x17027
Performing five EM steps to prime main algorithm
1 (EM) 	Elapsed: 10.318	Loglikelihood: -2.09647e+06	(delta): 6.19955e+06
2 (EM) 	Elapsed: 10.2	Loglikelihood: -1.90806e+06	(delta): 188415
3 (EM) 	Elapsed: 10.202	Loglikelihood: -1.8841e+06	(delta): 23960.6
4 (EM) 	Elapsed: 10.195	Loglikelihood: -1.87016e+06	(delta): 13940.6
5 (EM) 	Elapsed: 10.185	Loglikelihood: -1.85816e+06	(delta): 11994.4
Initial loglikelihood: -1.85816e+06
Starting main algorithm
1 (QN/Block) 	Elapsed: 3.222	Loglikelihood: -1.3524e+06	(delta): 505764
2 (QN/Block) 	Elapsed: 3.427	Loglikelihood: -1.16431e+06	(delta): 188086
3 (QN/Block) 	Elapsed: 4.677	Loglikelihood: -1.08092e+06	(delta): 83394.6
4 (QN/Block) 	Elapsed: 5.187	Loglikelihood: -1.03679e+06	(delta): 44127.7
5 (QN/Block) 	Elapsed: 6.356	Loglikelihood: -1.01976e+06	(delta): 17032.5
6 (QN/Block) 	Elapsed: 6.349	Loglikelihood: -1.01223e+06	(delta): 7527.2
7 (QN/Block) 	Elapsed: 4.551	Loglikelihood: -1.0086e+06	(delta): 3628.47
8 (QN/Block) 	Elapsed: 6.241	Loglikelihood: -1.0074e+06	(delta): 1199.89
9 (QN/Block) 	Elapsed: 5.438	Loglikelihood: -1.00677e+06	(delta): 629.956
10 (QN/Block) 	Elapsed: 5.127	Loglikelihood: -1.00638e+06	(delta): 387.243
11 (QN/Block) 	Elapsed: 5.669	Loglikelihood: -1.00611e+06	(delta): 275.474
12 (QN/Block) 	Elapsed: 4.559	Loglikelihood: -1.00603e+06	(delta): 77.0098
13 (QN/Block) 	Elapsed: 4.552	Loglikelihood: -1.00601e+06	(delta): 17.5439
14 (QN/Block) 	Elapsed: 4.56	Loglikelihood: -1.00601e+06	(delta): 5.30085
15 (QN/Block) 	Elapsed: 6.218	Loglikelihood: -1.00601e+06	(delta): 2.57442
16 (QN/Block) 	Elapsed: 6.219	Loglikelihood: -1.00601e+06	(delta): 1.10296
17 (QN/Block) 	Elapsed: 5.65	Loglikelihood: -1.006e+06	(delta): 1.60676
18 (QN/Block) 	Elapsed: 5.124	Loglikelihood: -1.006e+06	(delta): 1.59131
19 (QN/Block) 	Elapsed: 4.581	Loglikelihood: -1.006e+06	(delta): 1.56144
20 (QN/Block) 	Elapsed: 6.237	Loglikelihood: -1.006e+06	(delta): 0.753094
21 (QN/Block) 	Elapsed: 5.671	Loglikelihood: -1.006e+06	(delta): 0.756244
22 (QN/Block) 	Elapsed: 6.248	Loglikelihood: -1.006e+06	(delta): 0.379133
23 (QN/Block) 	Elapsed: 4.566	Loglikelihood: -1.006e+06	(delta): 0.220039
24 (QN/Block) 	Elapsed: 4.563	Loglikelihood: -1.006e+06	(delta): 0.0458253
25 (QN/Block) 	Elapsed: 4.551	Loglikelihood: -1.006e+06	(delta): 0.00700346
26 (QN/Block) 	Elapsed: 4.566	Loglikelihood: -1.006e+06	(delta): 0.00201131
27 (QN/Block) 	Elapsed: 4.602	Loglikelihood: -1.006e+06	(delta): 0.000218921
28 (QN/Block) 	Elapsed: 4.56	Loglikelihood: -1.006e+06	(delta): 5.35604e-06
Summary: 
Converged in 28 iterations (213.942 sec)
Loglikelihood: -1005998.828123
Fst divergences between estimated populations: 
	Pop0	Pop1	Pop2	Pop3	Pop4	Pop5	Pop6	Pop7	Pop8	Pop9	Pop10	Pop11	Pop12	Pop13	Pop14	Pop15	Pop16	
Pop0	
Pop1	0.421	
Pop2	0.410	0.353	
Pop3	0.359	0.292	0.211	
Pop4	0.524	0.322	0.474	0.419	
Pop5	0.387	0.149	0.308	0.249	0.321	
Pop6	0.513	0.475	0.469	0.439	0.597	0.434	
Pop7	0.497	0.306	0.439	0.384	0.398	0.277	0.567	
Pop8	0.415	0.134	0.356	0.301	0.337	0.142	0.468	0.312	
Pop9	0.736	0.715	0.742	0.703	0.816	0.675	0.844	0.788	0.703	
Pop10	0.442	0.404	0.385	0.363	0.516	0.368	0.195	0.489	0.400	0.769	
Pop11	0.499	0.278	0.446	0.391	0.277	0.295	0.570	0.404	0.299	0.796	0.491	
Pop12	0.457	0.255	0.400	0.346	0.407	0.221	0.521	0.321	0.255	0.745	0.449	0.389	
Pop13	0.331	0.263	0.244	0.139	0.390	0.217	0.426	0.357	0.274	0.681	0.355	0.364	0.317	
Pop14	0.431	0.391	0.393	0.364	0.505	0.357	0.264	0.477	0.388	0.758	0.171	0.476	0.439	0.351	
Pop15	0.433	0.208	0.376	0.320	0.363	0.176	0.492	0.262	0.207	0.723	0.421	0.349	0.154	0.291	0.410	
Pop16	0.365	0.311	0.163	0.164	0.433	0.267	0.419	0.398	0.316	0.703	0.337	0.405	0.360	0.198	0.350	0.332	
Pop17	0.402	0.372	0.368	0.338	0.483	0.334	0.362	0.456	0.368	0.732	0.284	0.455	0.416	0.325	0.231	0.385	0.318	
CV error (K=18): 0.14370
Writing output files.
