****                   ADMIXTURE Version 1.3.0                  ****
****                    Copyright 2008-2015                     ****
****           David Alexander, Suyash Shringarpure,            ****
****                John  Novembre, Ken Lange                   ****
****                                                            ****
****                 Please cite our paper!                     ****
****   Information at www.genetics.ucla.edu/software/admixture  ****

Cross-validation will be performed.  Folds=10.
Parallel execution requested.  Will use 8 threads.
Random seed: 20260933
Point estimation method: Block relaxation algorithm
Convergence acceleration algorithm: QuasiNewton, 3 secant conditions
Point estimation will terminate when objective function delta < 1e-05
Estimation of standard errors disabled; will compute point estimates only.
Size of G: 380x17027
Performing five EM steps to prime main algorithm
1 (EM) 	Elapsed: 14.786	Loglikelihood: -2.09322e+06	(delta): 6.17262e+06
2 (EM) 	Elapsed: 14.699	Loglikelihood: -1.90137e+06	(delta): 191849
3 (EM) 	Elapsed: 14.698	Loglikelihood: -1.87563e+06	(delta): 25740.7
4 (EM) 	Elapsed: 14.67	Loglikelihood: -1.85938e+06	(delta): 16249.3
5 (EM) 	Elapsed: 14.706	Loglikelihood: -1.84448e+06	(delta): 14901.5
Initial loglikelihood: -1.84448e+06
Starting main algorithm
1 (QN/Block) 	Elapsed: 4.014	Loglikelihood: -1.29952e+06	(delta): 544958
2 (QN/Block) 	Elapsed: 4.104	Loglikelihood: -1.10622e+06	(delta): 193299
3 (QN/Block) 	Elapsed: 5.728	Loglikelihood: -1.03336e+06	(delta): 72868.8
4 (QN/Block) 	Elapsed: 7.652	Loglikelihood: -995086	(delta): 38270
5 (QN/Block) 	Elapsed: 7.589	Loglikelihood: -979123	(delta): 15962.7
6 (QN/Block) 	Elapsed: 5.475	Loglikelihood: -972609	(delta): 6513.52
7 (QN/Block) 	Elapsed: 5.421	Loglikelihood: -970212	(delta): 2397.46
8 (QN/Block) 	Elapsed: 5.462	Loglikelihood: -969499	(delta): 712.766
9 (QN/Block) 	Elapsed: 5.496	Loglikelihood: -969260	(delta): 238.648
10 (QN/Block) 	Elapsed: 7.485	Loglikelihood: -969190	(delta): 70.0601
11 (QN/Block) 	Elapsed: 5.503	Loglikelihood: -969169	(delta): 21.288
12 (QN/Block) 	Elapsed: 6.202	Loglikelihood: -969156	(delta): 12.6166
13 (QN/Block) 	Elapsed: 6.174	Loglikelihood: -969137	(delta): 19.3636
14 (QN/Block) 	Elapsed: 6.857	Loglikelihood: -969120	(delta): 17.4026
15 (QN/Block) 	Elapsed: 5.602	Loglikelihood: -969101	(delta): 18.5141
16 (QN/Block) 	Elapsed: 5.541	Loglikelihood: -969087	(delta): 14.3108
17 (QN/Block) 	Elapsed: 5.523	Loglikelihood: -969061	(delta): 25.4939
18 (QN/Block) 	Elapsed: 5.512	Loglikelihood: -969048	(delta): 13.6245
19 (QN/Block) 	Elapsed: 5.547	Loglikelihood: -969046	(delta): 2.19089
20 (QN/Block) 	Elapsed: 6.181	Loglikelihood: -969043	(delta): 2.77677
21 (QN/Block) 	Elapsed: 6.192	Loglikelihood: -969036	(delta): 6.3271
22 (QN/Block) 	Elapsed: 6.196	Loglikelihood: -969035	(delta): 1.68513
23 (QN/Block) 	Elapsed: 5.538	Loglikelihood: -969034	(delta): 1.01602
24 (QN/Block) 	Elapsed: 6.876	Loglikelihood: -969033	(delta): 0.385684
25 (QN/Block) 	Elapsed: 6.897	Loglikelihood: -969033	(delta): 0.380082
26 (QN/Block) 	Elapsed: 6.899	Loglikelihood: -969033	(delta): 0.1055
27 (QN/Block) 	Elapsed: 5.544	Loglikelihood: -969033	(delta): 0.0369973
28 (QN/Block) 	Elapsed: 5.522	Loglikelihood: -969033	(delta): 0.0199634
29 (QN/Block) 	Elapsed: 5.512	Loglikelihood: -969033	(delta): 0.00122484
30 (QN/Block) 	Elapsed: 5.55	Loglikelihood: -969033	(delta): 7.10664e-05
31 (QN/Block) 	Elapsed: 5.533	Loglikelihood: -969033	(delta): 3.26463e-06
Summary: 
Converged in 31 iterations (282.352 sec)
Loglikelihood: -969032.851504
Fst divergences between estimated populations: 
	Pop0	Pop1	Pop2	Pop3	Pop4	Pop5	Pop6	Pop7	Pop8	Pop9	Pop10	Pop11	Pop12	Pop13	Pop14	Pop15	Pop16	Pop17	Pop18	Pop19	Pop20	
Pop0	
Pop1	0.267	
Pop2	0.400	0.363	
Pop3	0.395	0.375	0.257	
Pop4	0.328	0.341	0.376	0.373	
Pop5	0.426	0.407	0.292	0.157	0.407	
Pop6	0.393	0.363	0.150	0.240	0.371	0.277	
Pop7	0.524	0.503	0.418	0.443	0.497	0.476	0.395	
Pop8	0.511	0.490	0.384	0.284	0.495	0.308	0.369	0.555	
Pop9	0.787	0.771	0.705	0.683	0.769	0.719	0.690	0.801	0.790	
Pop10	0.515	0.494	0.397	0.306	0.499	0.298	0.380	0.562	0.377	0.793	
Pop11	0.184	0.179	0.377	0.376	0.303	0.407	0.371	0.507	0.493	0.777	0.498	
Pop12	0.737	0.714	0.626	0.631	0.710	0.671	0.602	0.711	0.751	0.989	0.756	0.724	
Pop13	0.352	0.199	0.439	0.440	0.417	0.477	0.433	0.578	0.566	0.845	0.570	0.266	0.805	
Pop14	0.786	0.770	0.704	0.682	0.768	0.718	0.689	0.800	0.789	0.505	0.792	0.776	0.988	0.844	
Pop15	0.423	0.403	0.302	0.146	0.401	0.137	0.286	0.468	0.314	0.706	0.314	0.405	0.654	0.469	0.705	
Pop16	0.442	0.421	0.320	0.181	0.421	0.208	0.303	0.486	0.262	0.724	0.340	0.424	0.675	0.491	0.723	0.208	
Pop17	0.472	0.451	0.346	0.226	0.451	0.257	0.329	0.513	0.321	0.747	0.385	0.454	0.701	0.521	0.746	0.257	0.155	
Pop18	0.388	0.362	0.172	0.183	0.364	0.223	0.130	0.406	0.315	0.678	0.340	0.369	0.603	0.431	0.677	0.238	0.232	0.269	
Pop19	0.390	0.337	0.165	0.275	0.360	0.312	0.210	0.424	0.399	0.705	0.412	0.362	0.626	0.419	0.704	0.318	0.332	0.361	0.218	
Pop20	0.433	0.385	0.210	0.316	0.410	0.354	0.255	0.470	0.439	0.743	0.451	0.406	0.673	0.469	0.742	0.357	0.376	0.400	0.260	0.164	
Pop21	0.358	0.350	0.393	0.400	0.284	0.436	0.387	0.523	0.517	0.794	0.521	0.322	0.740	0.433	0.793	0.431	0.444	0.476	0.387	0.374	0.425	
CV error (K=22): 0.14079
Writing output files.
