****                   ADMIXTURE Version 1.3.0                  ****
****                    Copyright 2008-2015                     ****
****           David Alexander, Suyash Shringarpure,            ****
****                John  Novembre, Ken Lange                   ****
****                                                            ****
****                 Please cite our paper!                     ****
****   Information at www.genetics.ucla.edu/software/admixture  ****

Cross-validation will be performed.  Folds=10.
Parallel execution requested.  Will use 8 threads.
Random seed: 20260933
Point estimation method: Block relaxation algorithm
Convergence acceleration algorithm: QuasiNewton, 3 secant conditions
Point estimation will terminate when objective function delta < 1e-05
Estimation of standard errors disabled; will compute point estimates only.
Size of G: 380x17027
Performing five EM steps to prime main algorithm
1 (EM) 	Elapsed: 18.668	Loglikelihood: -2.09408e+06	(delta): 6.15812e+06
2 (EM) 	Elapsed: 18.531	Loglikelihood: -1.90169e+06	(delta): 192395
3 (EM) 	Elapsed: 18.607	Loglikelihood: -1.87736e+06	(delta): 24329
4 (EM) 	Elapsed: 18.63	Loglikelihood: -1.86282e+06	(delta): 14544.7
5 (EM) 	Elapsed: 18.616	Loglikelihood: -1.85e+06	(delta): 12814.8
Initial loglikelihood: -1.85e+06
Starting main algorithm
1 (QN/Block) 	Elapsed: 4.55	Loglikelihood: -1.29151e+06	(delta): 558487
2 (QN/Block) 	Elapsed: 4.765	Loglikelihood: -1.09432e+06	(delta): 197196
3 (QN/Block) 	Elapsed: 8.117	Loglikelihood: -1.02201e+06	(delta): 72312.4
4 (QN/Block) 	Elapsed: 6.418	Loglikelihood: -983740	(delta): 38265.9
5 (QN/Block) 	Elapsed: 8.542	Loglikelihood: -967306	(delta): 16434.6
6 (QN/Block) 	Elapsed: 6.281	Loglikelihood: -959797	(delta): 7508.32
7 (QN/Block) 	Elapsed: 8.472	Loglikelihood: -957126	(delta): 2671.65
8 (QN/Block) 	Elapsed: 6.996	Loglikelihood: -955757	(delta): 1368.51
9 (QN/Block) 	Elapsed: 6.635	Loglikelihood: -955047	(delta): 709.851
10 (QN/Block) 	Elapsed: 8.498	Loglikelihood: -954719	(delta): 328.158
11 (QN/Block) 	Elapsed: 6.28	Loglikelihood: -954653	(delta): 66.0169
12 (QN/Block) 	Elapsed: 6.296	Loglikelihood: -954624	(delta): 28.9449
13 (QN/Block) 	Elapsed: 7.02	Loglikelihood: -954611	(delta): 12.9516
14 (QN/Block) 	Elapsed: 7.065	Loglikelihood: -954606	(delta): 5.57659
15 (QN/Block) 	Elapsed: 7.05	Loglikelihood: -954602	(delta): 3.74498
16 (QN/Block) 	Elapsed: 7.071	Loglikelihood: -954599	(delta): 2.92618
17 (QN/Block) 	Elapsed: 6.314	Loglikelihood: -954594	(delta): 5.34523
18 (QN/Block) 	Elapsed: 6.312	Loglikelihood: -954592	(delta): 2.13295
19 (QN/Block) 	Elapsed: 6.316	Loglikelihood: -954590	(delta): 1.03874
20 (QN/Block) 	Elapsed: 7.028	Loglikelihood: -954590	(delta): 0.614544
21 (QN/Block) 	Elapsed: 7.806	Loglikelihood: -954590	(delta): 0.339204
22 (QN/Block) 	Elapsed: 7.801	Loglikelihood: -954589	(delta): 0.120234
23 (QN/Block) 	Elapsed: 7.088	Loglikelihood: -954589	(delta): 0.1811
24 (QN/Block) 	Elapsed: 7.093	Loglikelihood: -954589	(delta): 0.243253
25 (QN/Block) 	Elapsed: 6.31	Loglikelihood: -954589	(delta): 0.246048
26 (QN/Block) 	Elapsed: 6.32	Loglikelihood: -954589	(delta): 0.194516
27 (QN/Block) 	Elapsed: 7.797	Loglikelihood: -954588	(delta): 0.301766
28 (QN/Block) 	Elapsed: 8.54	Loglikelihood: -954588	(delta): 0.627725
29 (QN/Block) 	Elapsed: 8.586	Loglikelihood: -954584	(delta): 3.79215
30 (QN/Block) 	Elapsed: 8.598	Loglikelihood: -954580	(delta): 3.69061
31 (QN/Block) 	Elapsed: 7.067	Loglikelihood: -954576	(delta): 4.17308
32 (QN/Block) 	Elapsed: 7.819	Loglikelihood: -954571	(delta): 5.13836
33 (QN/Block) 	Elapsed: 6.306	Loglikelihood: -954570	(delta): 1.025
34 (QN/Block) 	Elapsed: 6.318	Loglikelihood: -954569	(delta): 1.17243
35 (QN/Block) 	Elapsed: 8.548	Loglikelihood: -954568	(delta): 1.00883
36 (QN/Block) 	Elapsed: 8.576	Loglikelihood: -954567	(delta): 0.641817
37 (QN/Block) 	Elapsed: 8.589	Loglikelihood: -954566	(delta): 0.828059
38 (QN/Block) 	Elapsed: 8.589	Loglikelihood: -954565	(delta): 1.06718
39 (QN/Block) 	Elapsed: 8.579	Loglikelihood: -954564	(delta): 1.19454
40 (QN/Block) 	Elapsed: 8.577	Loglikelihood: -954563	(delta): 1.15694
41 (QN/Block) 	Elapsed: 8.606	Loglikelihood: -954562	(delta): 0.844168
42 (QN/Block) 	Elapsed: 7.836	Loglikelihood: -954561	(delta): 0.400661
43 (QN/Block) 	Elapsed: 6.332	Loglikelihood: -954561	(delta): 0.707034
44 (QN/Block) 	Elapsed: 7.831	Loglikelihood: -954560	(delta): 1.12176
45 (QN/Block) 	Elapsed: 7.837	Loglikelihood: -954558	(delta): 1.23532
46 (QN/Block) 	Elapsed: 6.341	Loglikelihood: -954558	(delta): 0.639592
47 (QN/Block) 	Elapsed: 6.339	Loglikelihood: -954557	(delta): 0.503337
48 (QN/Block) 	Elapsed: 7.848	Loglikelihood: -954557	(delta): 0.271077
49 (QN/Block) 	Elapsed: 7.816	Loglikelihood: -954557	(delta): 0.130736
50 (QN/Block) 	Elapsed: 7.818	Loglikelihood: -954557	(delta): 0.152481
51 (QN/Block) 	Elapsed: 7.075	Loglikelihood: -954557	(delta): 0.109796
52 (QN/Block) 	Elapsed: 8.602	Loglikelihood: -954556	(delta): 0.104497
53 (QN/Block) 	Elapsed: 6.324	Loglikelihood: -954556	(delta): 0.158594
54 (QN/Block) 	Elapsed: 7.793	Loglikelihood: -954556	(delta): 0.149954
55 (QN/Block) 	Elapsed: 8.549	Loglikelihood: -954556	(delta): 0.125464
56 (QN/Block) 	Elapsed: 8.577	Loglikelihood: -954556	(delta): 0.129608
57 (QN/Block) 	Elapsed: 8.563	Loglikelihood: -954556	(delta): 0.10455
58 (QN/Block) 	Elapsed: 8.555	Loglikelihood: -954556	(delta): 0.0988198
59 (QN/Block) 	Elapsed: 8.567	Loglikelihood: -954556	(delta): 0.116682
60 (QN/Block) 	Elapsed: 8.584	Loglikelihood: -954555	(delta): 0.202596
61 (QN/Block) 	Elapsed: 8.593	Loglikelihood: -954555	(delta): 0.257181
62 (QN/Block) 	Elapsed: 7.817	Loglikelihood: -954555	(delta): 0.202638
63 (QN/Block) 	Elapsed: 7.833	Loglikelihood: -954554	(delta): 0.613157
64 (QN/Block) 	Elapsed: 8.572	Loglikelihood: -954554	(delta): 0.385629
65 (QN/Block) 	Elapsed: 7.328	Loglikelihood: -954554	(delta): 0.382398
66 (QN/Block) 	Elapsed: 7.874	Loglikelihood: -954552	(delta): 1.22742
67 (QN/Block) 	Elapsed: 7.842	Loglikelihood: -954549	(delta): 2.98528
68 (QN/Block) 	Elapsed: 7.092	Loglikelihood: -954542	(delta): 7.36151
69 (QN/Block) 	Elapsed: 7.086	Loglikelihood: -954529	(delta): 12.9448
70 (QN/Block) 	Elapsed: 7.177	Loglikelihood: -954506	(delta): 22.6476
71 (QN/Block) 	Elapsed: 7.9	Loglikelihood: -954465	(delta): 41.645
72 (QN/Block) 	Elapsed: 7.868	Loglikelihood: -954400	(delta): 65.1899
73 (QN/Block) 	Elapsed: 7.139	Loglikelihood: -954347	(delta): 52.793
74 (QN/Block) 	Elapsed: 7.125	Loglikelihood: -954327	(delta): 19.9947
75 (QN/Block) 	Elapsed: 6.331	Loglikelihood: -954325	(delta): 1.36844
76 (QN/Block) 	Elapsed: 6.312	Loglikelihood: -954325	(delta): 0.526402
77 (QN/Block) 	Elapsed: 6.32	Loglikelihood: -954325	(delta): 0.140347
78 (QN/Block) 	Elapsed: 8.624	Loglikelihood: -954325	(delta): 0.142903
79 (QN/Block) 	Elapsed: 8.599	Loglikelihood: -954324	(delta): 0.109809
80 (QN/Block) 	Elapsed: 8.62	Loglikelihood: -954324	(delta): 0.0254154
81 (QN/Block) 	Elapsed: 6.687	Loglikelihood: -954324	(delta): 0.00970097
82 (QN/Block) 	Elapsed: 6.316	Loglikelihood: -954324	(delta): 0.0047258
83 (QN/Block) 	Elapsed: 6.303	Loglikelihood: -954324	(delta): 0.000222651
84 (QN/Block) 	Elapsed: 6.301	Loglikelihood: -954324	(delta): 0.000103618
85 (QN/Block) 	Elapsed: 6.307	Loglikelihood: -954324	(delta): 1.49611e-05
86 (QN/Block) 	Elapsed: 6.285	Loglikelihood: -954324	(delta): 1.99338e-06
Summary: 
Converged in 86 iterations (800.006 sec)
Loglikelihood: -954324.440117
Fst divergences between estimated populations: 
	Pop0	Pop1	Pop2	Pop3	Pop4	Pop5	Pop6	Pop7	Pop8	Pop9	Pop10	Pop11	Pop12	Pop13	Pop14	Pop15	Pop16	Pop17	Pop18	Pop19	Pop20	Pop21	Pop22	Pop23	
Pop0	
Pop1	0.172	
Pop2	0.370	0.373	
Pop3	0.717	0.711	0.739	
Pop4	0.311	0.316	0.266	0.702	
Pop5	0.159	0.101	0.371	0.704	0.319	
Pop6	0.257	0.154	0.415	0.746	0.360	0.198	
Pop7	0.412	0.414	0.147	0.775	0.350	0.410	0.457	
Pop8	0.449	0.449	0.377	0.815	0.404	0.445	0.495	0.393	
Pop9	0.476	0.477	0.244	0.844	0.420	0.473	0.522	0.196	0.478	
Pop10	0.354	0.361	0.325	0.743	0.163	0.363	0.402	0.397	0.455	0.470	
Pop11	0.297	0.320	0.460	0.792	0.410	0.318	0.385	0.499	0.543	0.571	0.451	
Pop12	0.277	0.288	0.314	0.689	0.206	0.289	0.329	0.371	0.413	0.434	0.255	0.379	
Pop13	0.432	0.432	0.346	0.795	0.390	0.428	0.474	0.350	0.322	0.437	0.440	0.521	0.397	
Pop14	0.435	0.433	0.338	0.791	0.374	0.431	0.476	0.350	0.353	0.434	0.426	0.521	0.387	0.292	
Pop15	0.401	0.404	0.213	0.770	0.357	0.401	0.448	0.152	0.355	0.264	0.402	0.491	0.366	0.290	0.315	
Pop16	0.203	0.086	0.368	0.707	0.310	0.133	0.161	0.410	0.445	0.473	0.355	0.329	0.279	0.426	0.427	0.402	
Pop17	0.227	0.222	0.318	0.682	0.217	0.233	0.274	0.374	0.408	0.436	0.264	0.344	0.131	0.394	0.391	0.367	0.214	
Pop18	0.294	0.306	0.309	0.705	0.164	0.309	0.349	0.376	0.422	0.442	0.215	0.398	0.152	0.406	0.395	0.374	0.300	0.175	
Pop19	0.506	0.506	0.441	0.865	0.460	0.498	0.549	0.461	0.343	0.549	0.512	0.601	0.465	0.415	0.420	0.432	0.501	0.462	0.476	
Pop20	0.156	0.169	0.341	0.687	0.278	0.167	0.235	0.385	0.418	0.446	0.320	0.309	0.243	0.402	0.406	0.375	0.155	0.193	0.263	0.473	
Pop21	0.143	0.190	0.372	0.710	0.319	0.145	0.263	0.411	0.445	0.474	0.360	0.319	0.288	0.432	0.435	0.402	0.204	0.244	0.306	0.499	0.146	
Pop22	0.307	0.253	0.454	0.788	0.397	0.277	0.322	0.495	0.540	0.567	0.439	0.377	0.369	0.517	0.517	0.486	0.261	0.320	0.386	0.596	0.290	0.319	
Pop23	0.421	0.421	0.408	0.736	0.364	0.416	0.458	0.450	0.479	0.513	0.411	0.503	0.337	0.464	0.461	0.440	0.417	0.354	0.361	0.531	0.397	0.420	0.497	
Pop24	0.463	0.466	0.323	0.822	0.426	0.462	0.510	0.290	0.438	0.401	0.472	0.554	0.429	0.389	0.413	0.230	0.464	0.428	0.441	0.520	0.436	0.464	0.550	0.499	
CV error (K=25): 0.14906
Writing output files.
