PLINK v1.90b6.21 64-bit (19 Oct 2020)
Options in effect:
  --allow-extra-chr
  --bfile /Users/dawsonwhite/Desktop/dryas-ml-adm-local/Dryas-MLtree-ADMIXTURE/results/admixture/prepared/dryas_cleaned
  --extract /Users/dawsonwhite/Desktop/dryas-ml-adm-local/Dryas-MLtree-ADMIXTURE/results/admixture/prepared/dryas_cleaned_ld.prune.in
  --make-bed
  --out /Users/dawsonwhite/Desktop/dryas-ml-adm-local/Dryas-MLtree-ADMIXTURE/results/admixture/prepared/dryas_cleaned_ld

Hostname: Dawsons-MacBook-Pro-2359.local
Working directory: /Users/dawsonwhite/Desktop/dryas-ml-adm-local/Dryas-MLtree-ADMIXTURE
Start time: Wed Sep 23 13:27:43 2026

Random number seed: 1790188063
18432 MB RAM detected; reserving 9216 MB for main workspace.
24160 variants loaded from .bim file.
380 people (0 males, 0 females, 380 ambiguous) loaded from .fam.
Ambiguous sex IDs written to
/Users/dawsonwhite/Desktop/dryas-ml-adm-local/Dryas-MLtree-ADMIXTURE/results/admixture/prepared/dryas_cleaned_ld.nosex
.
--extract: 17027 variants remaining.
Using 1 thread (no multithreaded calculations invoked).
Before main variant filters, 380 founders and 0 nonfounders present.
Calculating allele frequencies... done.
Total genotyping rate is 0.904731.
17027 variants and 380 people pass filters and QC.
Note: No phenotypes present.
--make-bed to
/Users/dawsonwhite/Desktop/dryas-ml-adm-local/Dryas-MLtree-ADMIXTURE/results/admixture/prepared/dryas_cleaned_ld.bed
+
/Users/dawsonwhite/Desktop/dryas-ml-adm-local/Dryas-MLtree-ADMIXTURE/results/admixture/prepared/dryas_cleaned_ld.bim
+
/Users/dawsonwhite/Desktop/dryas-ml-adm-local/Dryas-MLtree-ADMIXTURE/results/admixture/prepared/dryas_cleaned_ld.fam
... done.

End time: Wed Sep 23 13:27:43 2026
