****                   ADMIXTURE Version 1.3.0                  ****
****                    Copyright 2008-2015                     ****
****           David Alexander, Suyash Shringarpure,            ****
****                John  Novembre, Ken Lange                   ****
****                                                            ****
****                 Please cite our paper!                     ****
****   Information at www.genetics.ucla.edu/software/admixture  ****

Cross-validation will be performed.  Folds=10.
Parallel execution requested.  Will use 8 threads.
Random seed: 20260928
Point estimation method: Block relaxation algorithm
Convergence acceleration algorithm: QuasiNewton, 3 secant conditions
Point estimation will terminate when objective function delta < 1e-05
Estimation of standard errors disabled; will compute point estimates only.
Size of G: 380x17027
Performing five EM steps to prime main algorithm
1 (EM) 	Elapsed: 3.763	Loglikelihood: -2.0937e+06	(delta): 6.40537e+06
2 (EM) 	Elapsed: 3.731	Loglikelihood: -1.91548e+06	(delta): 178226
3 (EM) 	Elapsed: 3.717	Loglikelihood: -1.8898e+06	(delta): 25674.8
4 (EM) 	Elapsed: 3.723	Loglikelihood: -1.87472e+06	(delta): 15085.7
5 (EM) 	Elapsed: 3.705	Loglikelihood: -1.86209e+06	(delta): 12622
Initial loglikelihood: -1.86209e+06
Starting main algorithm
1 (QN/Block) 	Elapsed: 1.956	Loglikelihood: -1.41713e+06	(delta): 444958
2 (QN/Block) 	Elapsed: 2.004	Loglikelihood: -1.22302e+06	(delta): 194118
3 (QN/Block) 	Elapsed: 2.761	Loglikelihood: -1.16211e+06	(delta): 60905.2
4 (QN/Block) 	Elapsed: 3.742	Loglikelihood: -1.12872e+06	(delta): 33394.6
5 (QN/Block) 	Elapsed: 2.739	Loglikelihood: -1.1156e+06	(delta): 13121.9
6 (QN/Block) 	Elapsed: 2.717	Loglikelihood: -1.10908e+06	(delta): 6514.1
7 (QN/Block) 	Elapsed: 3.694	Loglikelihood: -1.1059e+06	(delta): 3181.41
8 (QN/Block) 	Elapsed: 2.729	Loglikelihood: -1.1049e+06	(delta): 995.014
9 (QN/Block) 	Elapsed: 3.688	Loglikelihood: -1.10474e+06	(delta): 164.828
10 (QN/Block) 	Elapsed: 2.768	Loglikelihood: -1.10469e+06	(delta): 47.2162
11 (QN/Block) 	Elapsed: 3.698	Loglikelihood: -1.10467e+06	(delta): 22.0175
12 (QN/Block) 	Elapsed: 2.738	Loglikelihood: -1.10467e+06	(delta): 2.61795
13 (QN/Block) 	Elapsed: 3.054	Loglikelihood: -1.10467e+06	(delta): 0.301254
14 (QN/Block) 	Elapsed: 2.732	Loglikelihood: -1.10467e+06	(delta): 0.0490445
15 (QN/Block) 	Elapsed: 2.738	Loglikelihood: -1.10467e+06	(delta): 0.036516
16 (QN/Block) 	Elapsed: 2.725	Loglikelihood: -1.10467e+06	(delta): 0.0140947
17 (QN/Block) 	Elapsed: 3.697	Loglikelihood: -1.10467e+06	(delta): 0.0444319
18 (QN/Block) 	Elapsed: 3.07	Loglikelihood: -1.10467e+06	(delta): 0.000357128
19 (QN/Block) 	Elapsed: 2.736	Loglikelihood: -1.10467e+06	(delta): 0.000185562
20 (QN/Block) 	Elapsed: 2.764	Loglikelihood: -1.10467e+06	(delta): 5.98468e-06
Summary: 
Converged in 20 iterations (86.191 sec)
Loglikelihood: -1104667.769672
Fst divergences between estimated populations: 
	Pop0	Pop1	Pop2	Pop3	Pop4	Pop5	Pop6	Pop7	Pop8	
Pop0	
Pop1	0.307	
Pop2	0.356	0.395	
Pop3	0.335	0.253	0.437	
Pop4	0.315	0.375	0.427	0.409	
Pop5	0.392	0.448	0.497	0.481	0.310	
Pop6	0.185	0.318	0.329	0.353	0.281	0.361	
Pop7	0.275	0.336	0.391	0.369	0.180	0.268	0.240	
Pop8	0.691	0.726	0.735	0.764	0.716	0.787	0.680	0.680	
Pop9	0.250	0.321	0.379	0.355	0.160	0.282	0.211	0.097	0.668	
CV error (K=10): 0.14697
Writing output files.
