****                   ADMIXTURE Version 1.3.0                  ****
****                    Copyright 2008-2015                     ****
****           David Alexander, Suyash Shringarpure,            ****
****                John  Novembre, Ken Lange                   ****
****                                                            ****
****                 Please cite our paper!                     ****
****   Information at www.genetics.ucla.edu/software/admixture  ****

Cross-validation will be performed.  Folds=10.
Parallel execution requested.  Will use 8 threads.
Random seed: 20260928
Point estimation method: Block relaxation algorithm
Convergence acceleration algorithm: QuasiNewton, 3 secant conditions
Point estimation will terminate when objective function delta < 1e-05
Estimation of standard errors disabled; will compute point estimates only.
Size of G: 380x17027
Performing five EM steps to prime main algorithm
1 (EM) 	Elapsed: 5.093	Loglikelihood: -2.09536e+06	(delta): 6.35082e+06
2 (EM) 	Elapsed: 5.043	Loglikelihood: -1.91424e+06	(delta): 181125
3 (EM) 	Elapsed: 5.063	Loglikelihood: -1.88964e+06	(delta): 24598.8
4 (EM) 	Elapsed: 5.045	Loglikelihood: -1.87559e+06	(delta): 14048.7
5 (EM) 	Elapsed: 5.049	Loglikelihood: -1.86417e+06	(delta): 11423.9
Initial loglikelihood: -1.86417e+06
Starting main algorithm
1 (QN/Block) 	Elapsed: 2.281	Loglikelihood: -1.41342e+06	(delta): 450746
2 (QN/Block) 	Elapsed: 2.299	Loglikelihood: -1.22011e+06	(delta): 193311
3 (QN/Block) 	Elapsed: 3.607	Loglikelihood: -1.15881e+06	(delta): 61296
4 (QN/Block) 	Elapsed: 3.604	Loglikelihood: -1.11044e+06	(delta): 48372.6
5 (QN/Block) 	Elapsed: 3.183	Loglikelihood: -1.09025e+06	(delta): 20190.5
6 (QN/Block) 	Elapsed: 4.305	Loglikelihood: -1.08215e+06	(delta): 8103.51
7 (QN/Block) 	Elapsed: 3.534	Loglikelihood: -1.07644e+06	(delta): 5709.42
8 (QN/Block) 	Elapsed: 3.551	Loglikelihood: -1.07422e+06	(delta): 2221.6
9 (QN/Block) 	Elapsed: 4.296	Loglikelihood: -1.07261e+06	(delta): 1601.72
10 (QN/Block) 	Elapsed: 4.29	Loglikelihood: -1.07056e+06	(delta): 2054.37
11 (QN/Block) 	Elapsed: 4.297	Loglikelihood: -1.06713e+06	(delta): 3425.13
12 (QN/Block) 	Elapsed: 4.317	Loglikelihood: -1.06577e+06	(delta): 1363.1
13 (QN/Block) 	Elapsed: 4.299	Loglikelihood: -1.06555e+06	(delta): 219.489
14 (QN/Block) 	Elapsed: 4.296	Loglikelihood: -1.0655e+06	(delta): 51.5681
15 (QN/Block) 	Elapsed: 4.298	Loglikelihood: -1.06548e+06	(delta): 15.8606
16 (QN/Block) 	Elapsed: 4.288	Loglikelihood: -1.06548e+06	(delta): 1.2866
17 (QN/Block) 	Elapsed: 3.166	Loglikelihood: -1.06548e+06	(delta): 0.209575
18 (QN/Block) 	Elapsed: 4.331	Loglikelihood: -1.06548e+06	(delta): 0.0775558
19 (QN/Block) 	Elapsed: 4.302	Loglikelihood: -1.06548e+06	(delta): 0.0409316
20 (QN/Block) 	Elapsed: 3.548	Loglikelihood: -1.06548e+06	(delta): 0.0305371
21 (QN/Block) 	Elapsed: 4.31	Loglikelihood: -1.06548e+06	(delta): 0.0867289
22 (QN/Block) 	Elapsed: 4.348	Loglikelihood: -1.06548e+06	(delta): 0.127224
23 (QN/Block) 	Elapsed: 3.149	Loglikelihood: -1.06548e+06	(delta): 0.000577437
24 (QN/Block) 	Elapsed: 3.158	Loglikelihood: -1.06548e+06	(delta): 0.000198191
25 (QN/Block) 	Elapsed: 3.187	Loglikelihood: -1.06548e+06	(delta): 1.4107e-05
26 (QN/Block) 	Elapsed: 3.18	Loglikelihood: -1.06548e+06	(delta): 1.54763e-06
Summary: 
Converged in 26 iterations (135.499 sec)
Loglikelihood: -1065482.250347
Fst divergences between estimated populations: 
	Pop0	Pop1	Pop2	Pop3	Pop4	Pop5	Pop6	Pop7	Pop8	Pop9	Pop10	
Pop0	
Pop1	0.798	
Pop2	0.448	0.687	
Pop3	0.715	0.987	0.641	
Pop4	0.432	0.672	0.109	0.627	
Pop5	0.413	0.691	0.281	0.619	0.253	
Pop6	0.483	0.720	0.187	0.678	0.169	0.321	
Pop7	0.553	0.787	0.282	0.754	0.269	0.384	0.262	
Pop8	0.452	0.726	0.342	0.667	0.324	0.307	0.378	0.449	
Pop9	0.387	0.681	0.245	0.601	0.213	0.185	0.287	0.355	0.318	
Pop10	0.495	0.764	0.374	0.715	0.359	0.335	0.414	0.482	0.253	0.353	
Pop11	0.558	0.788	0.273	0.757	0.288	0.394	0.339	0.372	0.450	0.363	0.483	
CV error (K=12): 0.14159
Writing output files.
