****                   ADMIXTURE Version 1.3.0                  ****
****                    Copyright 2008-2015                     ****
****           David Alexander, Suyash Shringarpure,            ****
****                John  Novembre, Ken Lange                   ****
****                                                            ****
****                 Please cite our paper!                     ****
****   Information at www.genetics.ucla.edu/software/admixture  ****

Cross-validation will be performed.  Folds=10.
Parallel execution requested.  Will use 8 threads.
Random seed: 20260928
Point estimation method: Block relaxation algorithm
Convergence acceleration algorithm: QuasiNewton, 3 secant conditions
Point estimation will terminate when objective function delta < 1e-05
Estimation of standard errors disabled; will compute point estimates only.
Size of G: 380x17027
Performing five EM steps to prime main algorithm
1 (EM) 	Elapsed: 5.805	Loglikelihood: -2.09458e+06	(delta): 6.3296e+06
2 (EM) 	Elapsed: 5.794	Loglikelihood: -1.91083e+06	(delta): 183743
3 (EM) 	Elapsed: 5.758	Loglikelihood: -1.88522e+06	(delta): 25612.2
4 (EM) 	Elapsed: 5.773	Loglikelihood: -1.86998e+06	(delta): 15240.2
5 (EM) 	Elapsed: 6.501	Loglikelihood: -1.85708e+06	(delta): 12905.3
Initial loglikelihood: -1.85708e+06
Starting main algorithm
1 (QN/Block) 	Elapsed: 2.48	Loglikelihood: -1.36759e+06	(delta): 489484
2 (QN/Block) 	Elapsed: 2.497	Loglikelihood: -1.16245e+06	(delta): 205143
3 (QN/Block) 	Elapsed: 4.391	Loglikelihood: -1.10777e+06	(delta): 54675.6
4 (QN/Block) 	Elapsed: 4.926	Loglikelihood: -1.08165e+06	(delta): 26122.9
5 (QN/Block) 	Elapsed: 4.733	Loglikelihood: -1.07014e+06	(delta): 11511.1
6 (QN/Block) 	Elapsed: 3.787	Loglikelihood: -1.06476e+06	(delta): 5379.53
7 (QN/Block) 	Elapsed: 4.705	Loglikelihood: -1.06275e+06	(delta): 2008.38
8 (QN/Block) 	Elapsed: 3.5	Loglikelihood: -1.06213e+06	(delta): 623.117
9 (QN/Block) 	Elapsed: 3.454	Loglikelihood: -1.06199e+06	(delta): 136.518
10 (QN/Block) 	Elapsed: 4.723	Loglikelihood: -1.06195e+06	(delta): 41.6712
11 (QN/Block) 	Elapsed: 3.862	Loglikelihood: -1.06194e+06	(delta): 13.6405
12 (QN/Block) 	Elapsed: 3.875	Loglikelihood: -1.06193e+06	(delta): 3.8699
13 (QN/Block) 	Elapsed: 3.922	Loglikelihood: -1.06193e+06	(delta): 1.82507
14 (QN/Block) 	Elapsed: 3.432	Loglikelihood: -1.06193e+06	(delta): 0.600571
15 (QN/Block) 	Elapsed: 3.418	Loglikelihood: -1.06193e+06	(delta): 0.325381
16 (QN/Block) 	Elapsed: 3.436	Loglikelihood: -1.06193e+06	(delta): 0.186733
17 (QN/Block) 	Elapsed: 4.693	Loglikelihood: -1.06193e+06	(delta): 0.0486381
18 (QN/Block) 	Elapsed: 4.267	Loglikelihood: -1.06193e+06	(delta): 0.0467077
19 (QN/Block) 	Elapsed: 4.662	Loglikelihood: -1.06193e+06	(delta): 0.0312913
20 (QN/Block) 	Elapsed: 3.868	Loglikelihood: -1.06193e+06	(delta): 0.0366983
21 (QN/Block) 	Elapsed: 3.476	Loglikelihood: -1.06193e+06	(delta): 0.0990589
22 (QN/Block) 	Elapsed: 3.442	Loglikelihood: -1.06193e+06	(delta): 0.022533
23 (QN/Block) 	Elapsed: 3.417	Loglikelihood: -1.06193e+06	(delta): 0.0125472
24 (QN/Block) 	Elapsed: 4.664	Loglikelihood: -1.06193e+06	(delta): 0.00957496
25 (QN/Block) 	Elapsed: 3.412	Loglikelihood: -1.06193e+06	(delta): 0.0110707
26 (QN/Block) 	Elapsed: 3.396	Loglikelihood: -1.06193e+06	(delta): 0.00633038
27 (QN/Block) 	Elapsed: 4.7	Loglikelihood: -1.06193e+06	(delta): 0.000302566
28 (QN/Block) 	Elapsed: 3.456	Loglikelihood: -1.06193e+06	(delta): 0.000106708
29 (QN/Block) 	Elapsed: 3.384	Loglikelihood: -1.06193e+06	(delta): 6.85221e-05
30 (QN/Block) 	Elapsed: 3.393	Loglikelihood: -1.06193e+06	(delta): 2.67352e-05
31 (QN/Block) 	Elapsed: 3.387	Loglikelihood: -1.06193e+06	(delta): 4.09782e-07
Summary: 
Converged in 31 iterations (164.382 sec)
Loglikelihood: -1061929.728387
Fst divergences between estimated populations: 
	Pop0	Pop1	Pop2	Pop3	Pop4	Pop5	Pop6	Pop7	Pop8	Pop9	Pop10	Pop11	
Pop0	
Pop1	0.167	
Pop2	0.265	0.304	
Pop3	0.407	0.446	0.289	
Pop4	0.398	0.437	0.270	0.372	
Pop5	0.201	0.243	0.215	0.364	0.356	
Pop6	0.292	0.331	0.110	0.273	0.282	0.246	
Pop7	0.365	0.410	0.384	0.500	0.496	0.331	0.397	
Pop8	0.312	0.362	0.325	0.450	0.449	0.319	0.342	0.396	
Pop9	0.702	0.741	0.672	0.788	0.787	0.680	0.687	0.735	0.726	
Pop10	0.345	0.392	0.362	0.486	0.485	0.357	0.377	0.441	0.256	0.767	
Pop11	0.332	0.373	0.170	0.339	0.263	0.289	0.187	0.431	0.378	0.720	0.417	
Pop12	0.162	0.203	0.242	0.389	0.379	0.137	0.271	0.355	0.328	0.698	0.363	0.315	
CV error (K=13): 0.14572
Writing output files.
