****                   ADMIXTURE Version 1.3.0                  ****
****                    Copyright 2008-2015                     ****
****           David Alexander, Suyash Shringarpure,            ****
****                John  Novembre, Ken Lange                   ****
****                                                            ****
****                 Please cite our paper!                     ****
****   Information at www.genetics.ucla.edu/software/admixture  ****

Cross-validation will be performed.  Folds=10.
Parallel execution requested.  Will use 8 threads.
Random seed: 20260928
Point estimation method: Block relaxation algorithm
Convergence acceleration algorithm: QuasiNewton, 3 secant conditions
Point estimation will terminate when objective function delta < 1e-05
Estimation of standard errors disabled; will compute point estimates only.
Size of G: 380x17027
Performing five EM steps to prime main algorithm
1 (EM) 	Elapsed: 6.726	Loglikelihood: -2.09611e+06	(delta): 6.30275e+06
2 (EM) 	Elapsed: 6.709	Loglikelihood: -1.91294e+06	(delta): 183168
3 (EM) 	Elapsed: 6.799	Loglikelihood: -1.88916e+06	(delta): 23787.5
4 (EM) 	Elapsed: 6.638	Loglikelihood: -1.8756e+06	(delta): 13558.7
5 (EM) 	Elapsed: 6.815	Loglikelihood: -1.86417e+06	(delta): 11427.3
Initial loglikelihood: -1.86417e+06
Starting main algorithm
1 (QN/Block) 	Elapsed: 2.678	Loglikelihood: -1.38574e+06	(delta): 478426
2 (QN/Block) 	Elapsed: 2.728	Loglikelihood: -1.18028e+06	(delta): 205467
3 (QN/Block) 	Elapsed: 3.753	Loglikelihood: -1.11282e+06	(delta): 67454.1
4 (QN/Block) 	Elapsed: 5.118	Loglikelihood: -1.07281e+06	(delta): 40009.5
5 (QN/Block) 	Elapsed: 5.202	Loglikelihood: -1.05573e+06	(delta): 17077.5
6 (QN/Block) 	Elapsed: 3.795	Loglikelihood: -1.04873e+06	(delta): 7002.11
7 (QN/Block) 	Elapsed: 4.091	Loglikelihood: -1.04577e+06	(delta): 2965.26
8 (QN/Block) 	Elapsed: 3.664	Loglikelihood: -1.04507e+06	(delta): 696.185
9 (QN/Block) 	Elapsed: 4.107	Loglikelihood: -1.0445e+06	(delta): 572.359
10 (QN/Block) 	Elapsed: 3.727	Loglikelihood: -1.04428e+06	(delta): 221.592
11 (QN/Block) 	Elapsed: 3.661	Loglikelihood: -1.04399e+06	(delta): 291.492
12 (QN/Block) 	Elapsed: 4.989	Loglikelihood: -1.0431e+06	(delta): 883.337
13 (QN/Block) 	Elapsed: 4.56	Loglikelihood: -1.04042e+06	(delta): 2686.33
14 (QN/Block) 	Elapsed: 4.106	Loglikelihood: -1.03986e+06	(delta): 556.17
15 (QN/Block) 	Elapsed: 5.003	Loglikelihood: -1.03969e+06	(delta): 168.7
16 (QN/Block) 	Elapsed: 3.696	Loglikelihood: -1.03966e+06	(delta): 33.4206
17 (QN/Block) 	Elapsed: 4.155	Loglikelihood: -1.03964e+06	(delta): 18.256
18 (QN/Block) 	Elapsed: 4.203	Loglikelihood: -1.03963e+06	(delta): 5.19005
19 (QN/Block) 	Elapsed: 3.734	Loglikelihood: -1.03963e+06	(delta): 6.71717
20 (QN/Block) 	Elapsed: 3.668	Loglikelihood: -1.03962e+06	(delta): 4.05193
21 (QN/Block) 	Elapsed: 3.791	Loglikelihood: -1.03962e+06	(delta): 1.22963
22 (QN/Block) 	Elapsed: 3.796	Loglikelihood: -1.03962e+06	(delta): 0.137744
23 (QN/Block) 	Elapsed: 3.687	Loglikelihood: -1.03962e+06	(delta): 0.0122098
24 (QN/Block) 	Elapsed: 3.701	Loglikelihood: -1.03962e+06	(delta): 0.000198397
25 (QN/Block) 	Elapsed: 3.66	Loglikelihood: -1.03962e+06	(delta): 6.8536e-06
Summary: 
Converged in 25 iterations (147.683 sec)
Loglikelihood: -1039622.112861
Fst divergences between estimated populations: 
	Pop0	Pop1	Pop2	Pop3	Pop4	Pop5	Pop6	Pop7	Pop8	Pop9	Pop10	Pop11	Pop12	
Pop0	
Pop1	0.421	
Pop2	0.338	0.496	
Pop3	0.262	0.495	0.372	
Pop4	0.372	0.410	0.446	0.437	
Pop5	0.169	0.364	0.288	0.269	0.304	
Pop6	0.437	0.354	0.508	0.507	0.407	0.381	
Pop7	0.317	0.351	0.392	0.382	0.152	0.249	0.351	
Pop8	0.437	0.281	0.511	0.509	0.418	0.384	0.355	0.357	
Pop9	0.288	0.364	0.364	0.356	0.242	0.214	0.375	0.179	0.374	
Pop10	0.187	0.381	0.273	0.282	0.331	0.109	0.397	0.277	0.402	0.246	
Pop11	0.413	0.295	0.483	0.482	0.398	0.358	0.190	0.344	0.308	0.357	0.372	
Pop12	0.430	0.437	0.499	0.496	0.409	0.383	0.459	0.351	0.454	0.331	0.396	0.436	
Pop13	0.720	0.768	0.789	0.787	0.741	0.673	0.787	0.690	0.788	0.682	0.688	0.764	0.735	
CV error (K=14): 0.14057
Writing output files.
