****                   ADMIXTURE Version 1.3.0                  ****
****                    Copyright 2008-2015                     ****
****           David Alexander, Suyash Shringarpure,            ****
****                John  Novembre, Ken Lange                   ****
****                                                            ****
****                 Please cite our paper!                     ****
****   Information at www.genetics.ucla.edu/software/admixture  ****

Cross-validation will be performed.  Folds=10.
Parallel execution requested.  Will use 8 threads.
Random seed: 20260928
Point estimation method: Block relaxation algorithm
Convergence acceleration algorithm: QuasiNewton, 3 secant conditions
Point estimation will terminate when objective function delta < 1e-05
Estimation of standard errors disabled; will compute point estimates only.
Size of G: 380x17027
Performing five EM steps to prime main algorithm
1 (EM) 	Elapsed: 7.51	Loglikelihood: -2.09584e+06	(delta): 6.28092e+06
2 (EM) 	Elapsed: 7.512	Loglikelihood: -1.90953e+06	(delta): 186307
3 (EM) 	Elapsed: 7.572	Loglikelihood: -1.88457e+06	(delta): 24957.3
4 (EM) 	Elapsed: 7.493	Loglikelihood: -1.86992e+06	(delta): 14653.8
5 (EM) 	Elapsed: 7.468	Loglikelihood: -1.85712e+06	(delta): 12804.1
Initial loglikelihood: -1.85712e+06
Starting main algorithm
1 (QN/Block) 	Elapsed: 2.768	Loglikelihood: -1.36794e+06	(delta): 489180
2 (QN/Block) 	Elapsed: 2.842	Loglikelihood: -1.17029e+06	(delta): 197650
3 (QN/Block) 	Elapsed: 4.012	Loglikelihood: -1.09513e+06	(delta): 75152.5
4 (QN/Block) 	Elapsed: 5.439	Loglikelihood: -1.0551e+06	(delta): 40028.9
5 (QN/Block) 	Elapsed: 5.478	Loglikelihood: -1.03865e+06	(delta): 16450.6
6 (QN/Block) 	Elapsed: 5.36	Loglikelihood: -1.03026e+06	(delta): 8395.5
7 (QN/Block) 	Elapsed: 3.98	Loglikelihood: -1.02718e+06	(delta): 3077.43
8 (QN/Block) 	Elapsed: 3.868	Loglikelihood: -1.02647e+06	(delta): 708.777
9 (QN/Block) 	Elapsed: 4.769	Loglikelihood: -1.02625e+06	(delta): 225.762
10 (QN/Block) 	Elapsed: 3.963	Loglikelihood: -1.02615e+06	(delta): 94.8224
11 (QN/Block) 	Elapsed: 4.801	Loglikelihood: -1.02605e+06	(delta): 102.09
12 (QN/Block) 	Elapsed: 4.056	Loglikelihood: -1.02603e+06	(delta): 20.7293
13 (QN/Block) 	Elapsed: 4.264	Loglikelihood: -1.02603e+06	(delta): 3.19849
14 (QN/Block) 	Elapsed: 3.955	Loglikelihood: -1.02602e+06	(delta): 1.02506
15 (QN/Block) 	Elapsed: 5.277	Loglikelihood: -1.02602e+06	(delta): 0.189152
16 (QN/Block) 	Elapsed: 3.917	Loglikelihood: -1.02602e+06	(delta): 0.00128345
17 (QN/Block) 	Elapsed: 3.933	Loglikelihood: -1.02602e+06	(delta): 0.000274476
18 (QN/Block) 	Elapsed: 4.021	Loglikelihood: -1.02602e+06	(delta): 4.02044e-05
19 (QN/Block) 	Elapsed: 4.006	Loglikelihood: -1.02602e+06	(delta): 2.7573e-06
Summary: 
Converged in 19 iterations (131.138 sec)
Loglikelihood: -1026024.346571
Fst divergences between estimated populations: 
	Pop0	Pop1	Pop2	Pop3	Pop4	Pop5	Pop6	Pop7	Pop8	Pop9	Pop10	Pop11	Pop12	Pop13	
Pop0	
Pop1	0.791	
Pop2	0.515	0.787	
Pop3	0.366	0.692	0.385	
Pop4	0.545	0.815	0.397	0.420	
Pop5	0.461	0.743	0.498	0.350	0.527	
Pop6	0.443	0.720	0.263	0.321	0.364	0.432	
Pop7	0.519	0.796	0.404	0.392	0.277	0.501	0.350	
Pop8	0.362	0.786	0.507	0.353	0.535	0.461	0.436	0.510	
Pop9	0.408	0.686	0.282	0.281	0.303	0.396	0.186	0.264	0.396	
Pop10	0.277	0.763	0.490	0.349	0.517	0.433	0.416	0.490	0.347	0.376	
Pop11	0.713	0.972	0.727	0.592	0.763	0.536	0.649	0.739	0.707	0.608	0.680	
Pop12	0.378	0.681	0.354	0.185	0.388	0.325	0.287	0.361	0.373	0.245	0.358	0.566	
Pop13	0.307	0.759	0.477	0.341	0.506	0.433	0.409	0.478	0.186	0.368	0.278	0.678	0.351	
Pop14	0.390	0.672	0.269	0.253	0.314	0.383	0.169	0.289	0.380	0.109	0.359	0.592	0.213	0.354	
CV error (K=15): 0.13852
Writing output files.
