****                   ADMIXTURE Version 1.3.0                  ****
****                    Copyright 2008-2015                     ****
****           David Alexander, Suyash Shringarpure,            ****
****                John  Novembre, Ken Lange                   ****
****                                                            ****
****                 Please cite our paper!                     ****
****   Information at www.genetics.ucla.edu/software/admixture  ****

Cross-validation will be performed.  Folds=10.
Parallel execution requested.  Will use 8 threads.
Random seed: 20260928
Point estimation method: Block relaxation algorithm
Convergence acceleration algorithm: QuasiNewton, 3 secant conditions
Point estimation will terminate when objective function delta < 1e-05
Estimation of standard errors disabled; will compute point estimates only.
Size of G: 380x17027
Performing five EM steps to prime main algorithm
1 (EM) 	Elapsed: 8.47	Loglikelihood: -2.09603e+06	(delta): 6.26451e+06
2 (EM) 	Elapsed: 8.422	Loglikelihood: -1.90882e+06	(delta): 187208
3 (EM) 	Elapsed: 8.42	Loglikelihood: -1.88371e+06	(delta): 25115
4 (EM) 	Elapsed: 9.253	Loglikelihood: -1.86875e+06	(delta): 14955.2
5 (EM) 	Elapsed: 9.115	Loglikelihood: -1.85579e+06	(delta): 12962.3
Initial loglikelihood: -1.85579e+06
Starting main algorithm
1 (QN/Block) 	Elapsed: 3.241	Loglikelihood: -1.35788e+06	(delta): 497912
2 (QN/Block) 	Elapsed: 3.143	Loglikelihood: -1.14966e+06	(delta): 208212
3 (QN/Block) 	Elapsed: 4.313	Loglikelihood: -1.07933e+06	(delta): 70329.1
4 (QN/Block) 	Elapsed: 6.04	Loglikelihood: -1.0408e+06	(delta): 38537.8
5 (QN/Block) 	Elapsed: 4.141	Loglikelihood: -1.02418e+06	(delta): 16620.7
6 (QN/Block) 	Elapsed: 5.525	Loglikelihood: -1.01747e+06	(delta): 6707
7 (QN/Block) 	Elapsed: 5.605	Loglikelihood: -1.01434e+06	(delta): 3124.92
8 (QN/Block) 	Elapsed: 4.095	Loglikelihood: -1.01185e+06	(delta): 2496.16
9 (QN/Block) 	Elapsed: 4.135	Loglikelihood: -1.01018e+06	(delta): 1669.69
10 (QN/Block) 	Elapsed: 4.085	Loglikelihood: -1.00945e+06	(delta): 727.59
11 (QN/Block) 	Elapsed: 4.093	Loglikelihood: -1.00921e+06	(delta): 241.47
12 (QN/Block) 	Elapsed: 4.105	Loglikelihood: -1.00909e+06	(delta): 117.842
13 (QN/Block) 	Elapsed: 4.134	Loglikelihood: -1.00907e+06	(delta): 21.2093
14 (QN/Block) 	Elapsed: 4.612	Loglikelihood: -1.00907e+06	(delta): 2.19382
15 (QN/Block) 	Elapsed: 4.716	Loglikelihood: -1.00907e+06	(delta): 0.0991353
16 (QN/Block) 	Elapsed: 4.113	Loglikelihood: -1.00907e+06	(delta): 0.0463463
17 (QN/Block) 	Elapsed: 4.101	Loglikelihood: -1.00907e+06	(delta): 0.0203658
18 (QN/Block) 	Elapsed: 4.115	Loglikelihood: -1.00907e+06	(delta): 0.00572877
19 (QN/Block) 	Elapsed: 4.111	Loglikelihood: -1.00907e+06	(delta): 0.00298588
20 (QN/Block) 	Elapsed: 4.104	Loglikelihood: -1.00907e+06	(delta): 0.000405468
21 (QN/Block) 	Elapsed: 4.107	Loglikelihood: -1.00907e+06	(delta): 3.6786e-05
22 (QN/Block) 	Elapsed: 4.105	Loglikelihood: -1.00907e+06	(delta): 2.85695e-06
Summary: 
Converged in 22 iterations (153.689 sec)
Loglikelihood: -1009067.806199
Fst divergences between estimated populations: 
	Pop0	Pop1	Pop2	Pop3	Pop4	Pop5	Pop6	Pop7	Pop8	Pop9	Pop10	Pop11	Pop12	Pop13	Pop14	
Pop0	
Pop1	0.382	
Pop2	0.295	0.300	
Pop3	0.616	0.755	0.650	
Pop4	0.339	0.477	0.382	0.710	
Pop5	0.294	0.303	0.124	0.673	0.390	
Pop6	0.321	0.267	0.206	0.685	0.414	0.219	
Pop7	0.354	0.510	0.412	0.746	0.189	0.423	0.444	
Pop8	0.690	0.787	0.695	0.987	0.759	0.714	0.725	0.790	
Pop9	0.249	0.271	0.130	0.628	0.355	0.142	0.176	0.384	0.672	
Pop10	0.361	0.515	0.421	0.745	0.308	0.432	0.448	0.366	0.792	0.391	
Pop11	0.395	0.376	0.303	0.760	0.482	0.294	0.348	0.514	0.791	0.294	0.520	
Pop12	0.345	0.490	0.389	0.711	0.278	0.400	0.420	0.350	0.763	0.360	0.277	0.494	
Pop13	0.152	0.437	0.348	0.678	0.393	0.350	0.377	0.411	0.741	0.304	0.424	0.449	0.404	
Pop14	0.408	0.554	0.458	0.715	0.490	0.472	0.488	0.523	0.799	0.433	0.521	0.561	0.491	0.468	
Pop15	0.180	0.356	0.267	0.602	0.353	0.261	0.293	0.378	0.682	0.215	0.380	0.368	0.359	0.242	0.389	
CV error (K=16): 0.13852
Writing output files.
