****                   ADMIXTURE Version 1.3.0                  ****
****                    Copyright 2008-2015                     ****
****           David Alexander, Suyash Shringarpure,            ****
****                John  Novembre, Ken Lange                   ****
****                                                            ****
****                 Please cite our paper!                     ****
****   Information at www.genetics.ucla.edu/software/admixture  ****

Cross-validation will be performed.  Folds=10.
Parallel execution requested.  Will use 8 threads.
Random seed: 20260928
Point estimation method: Block relaxation algorithm
Convergence acceleration algorithm: QuasiNewton, 3 secant conditions
Point estimation will terminate when objective function delta < 1e-05
Estimation of standard errors disabled; will compute point estimates only.
Size of G: 380x17027
Performing five EM steps to prime main algorithm
1 (EM) 	Elapsed: 12.545	Loglikelihood: -2.09209e+06	(delta): 6.22718e+06
2 (EM) 	Elapsed: 12.618	Loglikelihood: -1.9024e+06	(delta): 189687
3 (EM) 	Elapsed: 12.379	Loglikelihood: -1.87769e+06	(delta): 24716.9
4 (EM) 	Elapsed: 12.361	Loglikelihood: -1.86275e+06	(delta): 14933.5
5 (EM) 	Elapsed: 12.471	Loglikelihood: -1.84969e+06	(delta): 13060.5
Initial loglikelihood: -1.84969e+06
Starting main algorithm
1 (QN/Block) 	Elapsed: 3.626	Loglikelihood: -1.34775e+06	(delta): 501941
2 (QN/Block) 	Elapsed: 3.805	Loglikelihood: -1.13199e+06	(delta): 215765
3 (QN/Block) 	Elapsed: 5.969	Loglikelihood: -1.04331e+06	(delta): 88677.7
4 (QN/Block) 	Elapsed: 7.236	Loglikelihood: -1.00692e+06	(delta): 36387.8
5 (QN/Block) 	Elapsed: 5.187	Loglikelihood: -990358	(delta): 16562.5
6 (QN/Block) 	Elapsed: 6.867	Loglikelihood: -980930	(delta): 9428.1
7 (QN/Block) 	Elapsed: 5.066	Loglikelihood: -976729	(delta): 4201.24
8 (QN/Block) 	Elapsed: 5.635	Loglikelihood: -975645	(delta): 1083.57
9 (QN/Block) 	Elapsed: 5.073	Loglikelihood: -975212	(delta): 432.956
10 (QN/Block) 	Elapsed: 5.038	Loglikelihood: -975024	(delta): 187.868
11 (QN/Block) 	Elapsed: 6.883	Loglikelihood: -974968	(delta): 56.5041
12 (QN/Block) 	Elapsed: 6.264	Loglikelihood: -974922	(delta): 45.662
13 (QN/Block) 	Elapsed: 6.317	Loglikelihood: -974869	(delta): 52.8214
14 (QN/Block) 	Elapsed: 6.294	Loglikelihood: -974846	(delta): 22.7939
15 (QN/Block) 	Elapsed: 5.083	Loglikelihood: -974841	(delta): 5.49829
16 (QN/Block) 	Elapsed: 6.896	Loglikelihood: -974839	(delta): 1.59901
17 (QN/Block) 	Elapsed: 5.093	Loglikelihood: -974839	(delta): 0.340437
18 (QN/Block) 	Elapsed: 5.083	Loglikelihood: -974839	(delta): 0.252955
19 (QN/Block) 	Elapsed: 6.93	Loglikelihood: -974839	(delta): 0.0858723
20 (QN/Block) 	Elapsed: 6.924	Loglikelihood: -974838	(delta): 0.130188
21 (QN/Block) 	Elapsed: 6.939	Loglikelihood: -974838	(delta): 0.170108
22 (QN/Block) 	Elapsed: 5.09	Loglikelihood: -974838	(delta): 0.0145764
23 (QN/Block) 	Elapsed: 5.099	Loglikelihood: -974838	(delta): 0.00185878
24 (QN/Block) 	Elapsed: 5.088	Loglikelihood: -974838	(delta): 0.000516689
25 (QN/Block) 	Elapsed: 5.061	Loglikelihood: -974838	(delta): 5.30197e-05
26 (QN/Block) 	Elapsed: 5.091	Loglikelihood: -974838	(delta): 1.82542e-05
27 (QN/Block) 	Elapsed: 5.073	Loglikelihood: -974838	(delta): 1.26706e-06
Summary: 
Converged in 27 iterations (236.101 sec)
Loglikelihood: -974838.304004
Fst divergences between estimated populations: 
	Pop0	Pop1	Pop2	Pop3	Pop4	Pop5	Pop6	Pop7	Pop8	Pop9	Pop10	Pop11	Pop12	Pop13	Pop14	Pop15	Pop16	Pop17	Pop18	
Pop0	
Pop1	0.743	
Pop2	0.417	0.703	
Pop3	0.516	0.844	0.472	
Pop4	0.423	0.716	0.158	0.476	
Pop5	0.433	0.764	0.400	0.411	0.403	
Pop6	0.499	0.788	0.277	0.567	0.307	0.491	
Pop7	0.387	0.677	0.160	0.436	0.151	0.364	0.280	
Pop8	0.430	0.720	0.119	0.488	0.208	0.414	0.259	0.172	
Pop9	0.527	0.816	0.340	0.597	0.323	0.518	0.398	0.323	0.359	
Pop10	0.461	0.792	0.430	0.432	0.435	0.277	0.516	0.395	0.441	0.545	
Pop11	0.501	0.796	0.315	0.570	0.279	0.490	0.404	0.297	0.346	0.277	0.518	
Pop12	0.345	0.690	0.306	0.408	0.298	0.347	0.383	0.254	0.313	0.418	0.363	0.391	
Pop13	0.457	0.744	0.198	0.520	0.255	0.446	0.321	0.225	0.150	0.406	0.474	0.388	0.345	
Pop14	0.536	0.972	0.628	0.778	0.643	0.680	0.729	0.598	0.649	0.763	0.713	0.739	0.587	0.677	
Pop15	0.415	0.705	0.139	0.468	0.139	0.396	0.314	0.139	0.207	0.340	0.430	0.301	0.302	0.256	0.631	
Pop16	0.327	0.682	0.278	0.427	0.265	0.360	0.358	0.219	0.286	0.390	0.380	0.364	0.180	0.316	0.568	0.273	
Pop17	0.440	0.766	0.401	0.196	0.403	0.330	0.486	0.366	0.415	0.514	0.344	0.488	0.324	0.446	0.683	0.398	0.353	
Pop18	0.433	0.759	0.393	0.265	0.393	0.278	0.478	0.359	0.407	0.506	0.307	0.477	0.341	0.439	0.677	0.390	0.353	0.172	
Pop19	0.404	0.742	0.361	0.468	0.354	0.405	0.438	0.309	0.370	0.474	0.424	0.445	0.151	0.398	0.653	0.355	0.243	0.381	0.394	
CV error (K=20): 0.13965
Writing output files.
