****                   ADMIXTURE Version 1.3.0                  ****
****                    Copyright 2008-2015                     ****
****           David Alexander, Suyash Shringarpure,            ****
****                John  Novembre, Ken Lange                   ****
****                                                            ****
****                 Please cite our paper!                     ****
****   Information at www.genetics.ucla.edu/software/admixture  ****

Cross-validation will be performed.  Folds=10.
Parallel execution requested.  Will use 8 threads.
Random seed: 20260928
Point estimation method: Block relaxation algorithm
Convergence acceleration algorithm: QuasiNewton, 3 secant conditions
Point estimation will terminate when objective function delta < 1e-05
Estimation of standard errors disabled; will compute point estimates only.
Size of G: 380x17027
Performing five EM steps to prime main algorithm
1 (EM) 	Elapsed: 14.745	Loglikelihood: -2.09459e+06	(delta): 6.19953e+06
2 (EM) 	Elapsed: 14.719	Loglikelihood: -1.90312e+06	(delta): 191464
3 (EM) 	Elapsed: 14.641	Loglikelihood: -1.87849e+06	(delta): 24637.3
4 (EM) 	Elapsed: 14.708	Loglikelihood: -1.86331e+06	(delta): 15174.2
5 (EM) 	Elapsed: 14.71	Loglikelihood: -1.84964e+06	(delta): 13673.5
Initial loglikelihood: -1.84964e+06
Starting main algorithm
1 (QN/Block) 	Elapsed: 4.017	Loglikelihood: -1.31759e+06	(delta): 532045
2 (QN/Block) 	Elapsed: 4.165	Loglikelihood: -1.11367e+06	(delta): 203922
3 (QN/Block) 	Elapsed: 6.74	Loglikelihood: -1.03644e+06	(delta): 77234.5
4 (QN/Block) 	Elapsed: 7.742	Loglikelihood: -994993	(delta): 41443.1
5 (QN/Block) 	Elapsed: 7.668	Loglikelihood: -979570	(delta): 15423
6 (QN/Block) 	Elapsed: 7.611	Loglikelihood: -973165	(delta): 6404.8
7 (QN/Block) 	Elapsed: 5.579	Loglikelihood: -969306	(delta): 3858.71
8 (QN/Block) 	Elapsed: 5.552	Loglikelihood: -966270	(delta): 3035.99
9 (QN/Block) 	Elapsed: 7.214	Loglikelihood: -964902	(delta): 1368.53
10 (QN/Block) 	Elapsed: 7.575	Loglikelihood: -964343	(delta): 559.344
11 (QN/Block) 	Elapsed: 5.62	Loglikelihood: -963880	(delta): 462.432
12 (QN/Block) 	Elapsed: 6.244	Loglikelihood: -963388	(delta): 491.919
13 (QN/Block) 	Elapsed: 6.248	Loglikelihood: -963017	(delta): 371.289
14 (QN/Block) 	Elapsed: 6.921	Loglikelihood: -962624	(delta): 392.466
15 (QN/Block) 	Elapsed: 5.588	Loglikelihood: -962417	(delta): 207.428
16 (QN/Block) 	Elapsed: 5.575	Loglikelihood: -962328	(delta): 89.2259
17 (QN/Block) 	Elapsed: 6.298	Loglikelihood: -962217	(delta): 110.798
18 (QN/Block) 	Elapsed: 5.582	Loglikelihood: -962143	(delta): 74.341
19 (QN/Block) 	Elapsed: 5.598	Loglikelihood: -962114	(delta): 28.7293
20 (QN/Block) 	Elapsed: 5.597	Loglikelihood: -962109	(delta): 4.67115
21 (QN/Block) 	Elapsed: 5.599	Loglikelihood: -962108	(delta): 1.07925
22 (QN/Block) 	Elapsed: 7.026	Loglikelihood: -962107	(delta): 1.18437
23 (QN/Block) 	Elapsed: 7.673	Loglikelihood: -962107	(delta): 0.0324414
24 (QN/Block) 	Elapsed: 5.659	Loglikelihood: -962107	(delta): 0.00995495
25 (QN/Block) 	Elapsed: 5.795	Loglikelihood: -962107	(delta): 0.000381254
26 (QN/Block) 	Elapsed: 5.632	Loglikelihood: -962107	(delta): 0.00011874
27 (QN/Block) 	Elapsed: 5.607	Loglikelihood: -962107	(delta): 0.000165398
28 (QN/Block) 	Elapsed: 5.641	Loglikelihood: -962107	(delta): 2.78475e-05
29 (QN/Block) 	Elapsed: 5.602	Loglikelihood: -962107	(delta): 1.22677e-05
30 (QN/Block) 	Elapsed: 5.603	Loglikelihood: -962107	(delta): 2.57487e-06
Summary: 
Converged in 30 iterations (281.428 sec)
Loglikelihood: -962106.895110
Fst divergences between estimated populations: 
	Pop0	Pop1	Pop2	Pop3	Pop4	Pop5	Pop6	Pop7	Pop8	Pop9	Pop10	Pop11	Pop12	Pop13	Pop14	Pop15	Pop16	Pop17	Pop18	Pop19	Pop20	
Pop0	
Pop1	0.765	
Pop2	0.558	0.715	
Pop3	0.372	0.606	0.393	
Pop4	0.513	0.746	0.523	0.383	
Pop5	0.322	0.664	0.466	0.252	0.418	
Pop6	0.520	0.748	0.522	0.394	0.389	0.423	
Pop7	0.405	0.755	0.554	0.367	0.511	0.307	0.522	
Pop8	0.386	0.702	0.509	0.323	0.467	0.254	0.474	0.319	
Pop9	0.279	0.672	0.473	0.273	0.425	0.167	0.431	0.306	0.252	
Pop10	0.374	0.862	0.647	0.461	0.605	0.420	0.616	0.484	0.480	0.399	
Pop11	0.482	0.716	0.496	0.362	0.187	0.393	0.332	0.483	0.442	0.397	0.576	
Pop12	0.513	0.743	0.520	0.390	0.363	0.419	0.293	0.512	0.466	0.426	0.607	0.287	
Pop13	0.355	0.624	0.415	0.130	0.396	0.217	0.399	0.332	0.280	0.242	0.446	0.373	0.398	
Pop14	0.350	0.683	0.486	0.302	0.442	0.213	0.448	0.264	0.154	0.208	0.442	0.417	0.441	0.249	
Pop15	0.263	0.771	0.571	0.386	0.526	0.332	0.536	0.376	0.384	0.306	0.222	0.498	0.526	0.363	0.343	
Pop16	0.796	0.987	0.799	0.688	0.790	0.706	0.794	0.788	0.742	0.714	0.881	0.764	0.791	0.692	0.724	0.801	
Pop17	0.391	0.617	0.410	0.190	0.356	0.279	0.376	0.384	0.344	0.297	0.480	0.346	0.375	0.207	0.321	0.406	0.692	
Pop18	0.316	0.644	0.450	0.250	0.402	0.139	0.405	0.296	0.233	0.173	0.412	0.377	0.400	0.214	0.190	0.323	0.689	0.274	
Pop19	0.444	0.677	0.468	0.251	0.411	0.335	0.435	0.438	0.397	0.352	0.537	0.398	0.433	0.268	0.377	0.459	0.742	0.154	0.326	
Pop20	0.303	0.661	0.469	0.286	0.423	0.199	0.426	0.317	0.257	0.136	0.416	0.398	0.425	0.256	0.211	0.323	0.707	0.307	0.149	0.359	
Pop21	0.518	0.744	0.521	0.385	0.367	0.427	0.325	0.516	0.472	0.434	0.611	0.317	0.284	0.398	0.446	0.532	0.791	0.363	0.408	0.424	0.433	
CV error (K=22): 0.14188
Writing output files.
