****                   ADMIXTURE Version 1.3.0                  ****
****                    Copyright 2008-2015                     ****
****           David Alexander, Suyash Shringarpure,            ****
****                John  Novembre, Ken Lange                   ****
****                                                            ****
****                 Please cite our paper!                     ****
****   Information at www.genetics.ucla.edu/software/admixture  ****

Cross-validation will be performed.  Folds=10.
Parallel execution requested.  Will use 8 threads.
Random seed: 20260928
Point estimation method: Block relaxation algorithm
Convergence acceleration algorithm: QuasiNewton, 3 secant conditions
Point estimation will terminate when objective function delta < 1e-05
Estimation of standard errors disabled; will compute point estimates only.
Size of G: 380x17027
Performing five EM steps to prime main algorithm
1 (EM) 	Elapsed: 16.043	Loglikelihood: -2.09341e+06	(delta): 6.20213e+06
2 (EM) 	Elapsed: 15.991	Loglikelihood: -1.90135e+06	(delta): 192064
3 (EM) 	Elapsed: 15.932	Loglikelihood: -1.87681e+06	(delta): 24537.8
4 (EM) 	Elapsed: 15.951	Loglikelihood: -1.86208e+06	(delta): 14731.4
5 (EM) 	Elapsed: 15.948	Loglikelihood: -1.8492e+06	(delta): 12875.3
Initial loglikelihood: -1.8492e+06
Starting main algorithm
1 (QN/Block) 	Elapsed: 4.295	Loglikelihood: -1.33345e+06	(delta): 515754
2 (QN/Block) 	Elapsed: 4.372	Loglikelihood: -1.10854e+06	(delta): 224907
3 (QN/Block) 	Elapsed: 6.036	Loglikelihood: -1.02098e+06	(delta): 87557.2
4 (QN/Block) 	Elapsed: 7.996	Loglikelihood: -974724	(delta): 46260
5 (QN/Block) 	Elapsed: 8.099	Loglikelihood: -959314	(delta): 15410.1
6 (QN/Block) 	Elapsed: 5.856	Loglikelihood: -952520	(delta): 6794.52
7 (QN/Block) 	Elapsed: 5.781	Loglikelihood: -949657	(delta): 2862.93
8 (QN/Block) 	Elapsed: 5.734	Loglikelihood: -948532	(delta): 1125.01
9 (QN/Block) 	Elapsed: 5.77	Loglikelihood: -948074	(delta): 457.585
10 (QN/Block) 	Elapsed: 5.869	Loglikelihood: -947943	(delta): 131.267
11 (QN/Block) 	Elapsed: 5.839	Loglikelihood: -947864	(delta): 79.461
12 (QN/Block) 	Elapsed: 6.518	Loglikelihood: -947787	(delta): 77.0489
13 (QN/Block) 	Elapsed: 5.823	Loglikelihood: -947755	(delta): 31.6887
14 (QN/Block) 	Elapsed: 7.919	Loglikelihood: -947733	(delta): 21.8487
15 (QN/Block) 	Elapsed: 6.508	Loglikelihood: -947715	(delta): 17.7215
16 (QN/Block) 	Elapsed: 7.934	Loglikelihood: -947691	(delta): 24.6732
17 (QN/Block) 	Elapsed: 7.91	Loglikelihood: -947651	(delta): 40.0849
18 (QN/Block) 	Elapsed: 7.929	Loglikelihood: -947548	(delta): 102.308
19 (QN/Block) 	Elapsed: 7.931	Loglikelihood: -947255	(delta): 292.77
20 (QN/Block) 	Elapsed: 7.913	Loglikelihood: -946675	(delta): 580.672
21 (QN/Block) 	Elapsed: 7.235	Loglikelihood: -946120	(delta): 554.497
22 (QN/Block) 	Elapsed: 7.939	Loglikelihood: -945947	(delta): 173.594
23 (QN/Block) 	Elapsed: 5.845	Loglikelihood: -945851	(delta): 95.478
24 (QN/Block) 	Elapsed: 5.824	Loglikelihood: -945821	(delta): 29.8645
25 (QN/Block) 	Elapsed: 5.837	Loglikelihood: -945811	(delta): 10.5294
26 (QN/Block) 	Elapsed: 6.526	Loglikelihood: -945810	(delta): 0.97836
27 (QN/Block) 	Elapsed: 6.533	Loglikelihood: -945810	(delta): 0.171269
28 (QN/Block) 	Elapsed: 6.889	Loglikelihood: -945810	(delta): 0.034328
29 (QN/Block) 	Elapsed: 6.531	Loglikelihood: -945810	(delta): 0.0101558
30 (QN/Block) 	Elapsed: 5.869	Loglikelihood: -945810	(delta): 0.00398306
31 (QN/Block) 	Elapsed: 5.822	Loglikelihood: -945810	(delta): 0.00234196
32 (QN/Block) 	Elapsed: 5.82	Loglikelihood: -945810	(delta): 5.92769e-05
33 (QN/Block) 	Elapsed: 5.822	Loglikelihood: -945810	(delta): 5.42228e-06
Summary: 
Converged in 33 iterations (322.448 sec)
Loglikelihood: -945809.617575
Fst divergences between estimated populations: 
	Pop0	Pop1	Pop2	Pop3	Pop4	Pop5	Pop6	Pop7	Pop8	Pop9	Pop10	Pop11	Pop12	Pop13	Pop14	Pop15	Pop16	Pop17	Pop18	Pop19	Pop20	Pop21	
Pop0	
Pop1	0.227	
Pop2	0.409	0.491	
Pop3	0.261	0.371	0.469	
Pop4	0.361	0.414	0.501	0.405	
Pop5	0.270	0.151	0.521	0.400	0.448	
Pop6	0.130	0.298	0.393	0.255	0.367	0.329	
Pop7	0.338	0.346	0.571	0.446	0.490	0.389	0.375	
Pop8	0.432	0.489	0.592	0.469	0.411	0.522	0.434	0.570	
Pop9	0.317	0.259	0.567	0.439	0.491	0.322	0.369	0.404	0.567	
Pop10	0.387	0.441	0.531	0.424	0.277	0.475	0.386	0.518	0.432	0.516	
Pop11	0.230	0.118	0.475	0.362	0.400	0.199	0.289	0.315	0.473	0.277	0.430	
Pop12	0.362	0.359	0.598	0.474	0.518	0.407	0.401	0.277	0.597	0.398	0.545	0.340	
Pop13	0.187	0.179	0.449	0.317	0.371	0.232	0.241	0.304	0.443	0.287	0.402	0.165	0.330	
Pop14	0.604	0.673	0.739	0.673	0.706	0.702	0.602	0.761	0.806	0.751	0.739	0.653	0.784	0.634	
Pop15	0.217	0.327	0.420	0.163	0.356	0.360	0.208	0.405	0.419	0.398	0.372	0.319	0.433	0.276	0.625	
Pop16	0.573	0.646	0.622	0.652	0.677	0.676	0.571	0.736	0.776	0.726	0.710	0.625	0.761	0.602	0.959	0.600	
Pop17	0.225	0.207	0.482	0.354	0.403	0.257	0.277	0.280	0.477	0.307	0.435	0.159	0.323	0.158	0.669	0.312	0.640	
Pop18	0.173	0.316	0.415	0.211	0.373	0.347	0.151	0.391	0.439	0.384	0.393	0.308	0.419	0.260	0.625	0.165	0.595	0.294	
Pop19	0.238	0.208	0.473	0.356	0.398	0.258	0.285	0.302	0.470	0.315	0.431	0.141	0.341	0.144	0.657	0.316	0.629	0.140	0.302	
Pop20	0.357	0.408	0.498	0.394	0.278	0.440	0.359	0.477	0.266	0.478	0.307	0.393	0.506	0.365	0.703	0.351	0.674	0.393	0.366	0.391	
Pop21	0.678	0.720	0.823	0.742	0.763	0.746	0.689	0.796	0.844	0.788	0.792	0.703	0.816	0.684	0.987	0.703	0.972	0.716	0.702	0.706	0.759	
Pop22	0.362	0.418	0.508	0.385	0.332	0.450	0.362	0.491	0.195	0.489	0.346	0.404	0.516	0.375	0.713	0.337	0.684	0.406	0.364	0.401	0.172	0.769	
CV error (K=23): 0.14006
Writing output files.
