****                   ADMIXTURE Version 1.3.0                  ****
****                    Copyright 2008-2015                     ****
****           David Alexander, Suyash Shringarpure,            ****
****                John  Novembre, Ken Lange                   ****
****                                                            ****
****                 Please cite our paper!                     ****
****   Information at www.genetics.ucla.edu/software/admixture  ****

Cross-validation will be performed.  Folds=10.
Parallel execution requested.  Will use 8 threads.
Random seed: 20262935
Point estimation method: Block relaxation algorithm
Convergence acceleration algorithm: QuasiNewton, 3 secant conditions
Point estimation will terminate when objective function delta < 0.0001
Estimation of standard errors disabled; will compute point estimates only.
Size of G: 380x17027
Performing five EM steps to prime main algorithm
1 (EM) 	Elapsed: 5.106	Loglikelihood: -2.09671e+06	(delta): 6.33094e+06
2 (EM) 	Elapsed: 5.158	Loglikelihood: -1.91452e+06	(delta): 182187
3 (EM) 	Elapsed: 5.106	Loglikelihood: -1.89017e+06	(delta): 24349.9
4 (EM) 	Elapsed: 5.057	Loglikelihood: -1.87632e+06	(delta): 13852.4
5 (EM) 	Elapsed: 5.075	Loglikelihood: -1.86473e+06	(delta): 11591.9
Initial loglikelihood: -1.86473e+06
Starting main algorithm
1 (QN/Block) 	Elapsed: 2.353	Loglikelihood: -1.41405e+06	(delta): 450680
2 (QN/Block) 	Elapsed: 2.449	Loglikelihood: -1.22334e+06	(delta): 190704
3 (QN/Block) 	Elapsed: 3.712	Loglikelihood: -1.15803e+06	(delta): 65318
4 (QN/Block) 	Elapsed: 4.062	Loglikelihood: -1.11529e+06	(delta): 42739.4
5 (QN/Block) 	Elapsed: 4.5	Loglikelihood: -1.09273e+06	(delta): 22551.7
6 (QN/Block) 	Elapsed: 3.258	Loglikelihood: -1.08114e+06	(delta): 11599
7 (QN/Block) 	Elapsed: 4.072	Loglikelihood: -1.0732e+06	(delta): 7939.5
8 (QN/Block) 	Elapsed: 3.26	Loglikelihood: -1.07012e+06	(delta): 3073.13
9 (QN/Block) 	Elapsed: 3.603	Loglikelihood: -1.06719e+06	(delta): 2929.84
10 (QN/Block) 	Elapsed: 3.265	Loglikelihood: -1.06578e+06	(delta): 1413.41
11 (QN/Block) 	Elapsed: 3.24	Loglikelihood: -1.06539e+06	(delta): 388.069
12 (QN/Block) 	Elapsed: 3.245	Loglikelihood: -1.06532e+06	(delta): 74.0068
13 (QN/Block) 	Elapsed: 4.435	Loglikelihood: -1.0653e+06	(delta): 18.859
14 (QN/Block) 	Elapsed: 3.268	Loglikelihood: -1.06529e+06	(delta): 6.13641
15 (QN/Block) 	Elapsed: 3.272	Loglikelihood: -1.06529e+06	(delta): 1.22899
16 (QN/Block) 	Elapsed: 4.561	Loglikelihood: -1.06529e+06	(delta): 0.133435
17 (QN/Block) 	Elapsed: 3.412	Loglikelihood: -1.06529e+06	(delta): 0.0119512
18 (QN/Block) 	Elapsed: 3.295	Loglikelihood: -1.06529e+06	(delta): 0.0015241
19 (QN/Block) 	Elapsed: 3.269	Loglikelihood: -1.06529e+06	(delta): 0.000165156
20 (QN/Block) 	Elapsed: 3.218	Loglikelihood: -1.06529e+06	(delta): 1.10574e-05
Summary: 
Converged in 20 iterations (105.892 sec)
Loglikelihood: -1065291.533291
Fst divergences between estimated populations: 
	Pop0	Pop1	Pop2	Pop3	Pop4	Pop5	Pop6	Pop7	Pop8	Pop9	Pop10	
Pop0	
Pop1	0.456	
Pop2	0.362	0.323	
Pop3	0.499	0.401	0.329	
Pop4	0.339	0.384	0.287	0.430	
Pop5	0.288	0.330	0.213	0.382	0.169	
Pop6	0.273	0.347	0.245	0.396	0.187	0.109	
Pop7	0.372	0.455	0.354	0.495	0.263	0.269	0.282	
Pop8	0.477	0.231	0.350	0.430	0.408	0.353	0.367	0.476	
Pop9	0.394	0.313	0.185	0.357	0.322	0.253	0.281	0.384	0.340	
Pop10	0.788	0.732	0.681	0.735	0.720	0.672	0.687	0.787	0.758	0.692	
Pop11	0.507	0.298	0.373	0.458	0.436	0.380	0.396	0.507	0.185	0.353	0.786	
CV error (K=12): 0.14243
Writing output files.
