****                   ADMIXTURE Version 1.3.0                  ****
****                    Copyright 2008-2015                     ****
****           David Alexander, Suyash Shringarpure,            ****
****                John  Novembre, Ken Lange                   ****
****                                                            ****
****                 Please cite our paper!                     ****
****   Information at www.genetics.ucla.edu/software/admixture  ****

Cross-validation will be performed.  Folds=10.
Parallel execution requested.  Will use 8 threads.
Random seed: 20262936
Point estimation method: Block relaxation algorithm
Convergence acceleration algorithm: QuasiNewton, 3 secant conditions
Point estimation will terminate when objective function delta < 0.0001
Estimation of standard errors disabled; will compute point estimates only.
Size of G: 380x17027
Performing five EM steps to prime main algorithm
1 (EM) 	Elapsed: 6.156	Loglikelihood: -2.09461e+06	(delta): 6.30834e+06
2 (EM) 	Elapsed: 6.311	Loglikelihood: -1.91224e+06	(delta): 182376
3 (EM) 	Elapsed: 6.031	Loglikelihood: -1.88733e+06	(delta): 24905.6
4 (EM) 	Elapsed: 5.87	Loglikelihood: -1.87244e+06	(delta): 14893.6
5 (EM) 	Elapsed: 5.936	Loglikelihood: -1.85949e+06	(delta): 12943.9
Initial loglikelihood: -1.85949e+06
Starting main algorithm
1 (QN/Block) 	Elapsed: 2.614	Loglikelihood: -1.3825e+06	(delta): 476998
2 (QN/Block) 	Elapsed: 2.557	Loglikelihood: -1.2106e+06	(delta): 171900
3 (QN/Block) 	Elapsed: 4.038	Loglikelihood: -1.14096e+06	(delta): 69634.5
4 (QN/Block) 	Elapsed: 3.5	Loglikelihood: -1.08973e+06	(delta): 51228.1
5 (QN/Block) 	Elapsed: 4.888	Loglikelihood: -1.06599e+06	(delta): 23745.9
6 (QN/Block) 	Elapsed: 3.655	Loglikelihood: -1.05699e+06	(delta): 8995.74
7 (QN/Block) 	Elapsed: 3.927	Loglikelihood: -1.05124e+06	(delta): 5750.53
8 (QN/Block) 	Elapsed: 4.888	Loglikelihood: -1.04944e+06	(delta): 1796.22
9 (QN/Block) 	Elapsed: 3.469	Loglikelihood: -1.04897e+06	(delta): 478.292
10 (QN/Block) 	Elapsed: 3.934	Loglikelihood: -1.04881e+06	(delta): 160.916
11 (QN/Block) 	Elapsed: 4.722	Loglikelihood: -1.04878e+06	(delta): 25.1293
12 (QN/Block) 	Elapsed: 3.916	Loglikelihood: -1.04878e+06	(delta): 1.1796
13 (QN/Block) 	Elapsed: 5.001	Loglikelihood: -1.04878e+06	(delta): 0.190155
14 (QN/Block) 	Elapsed: 4.752	Loglikelihood: -1.04878e+06	(delta): 0.1109
15 (QN/Block) 	Elapsed: 3.487	Loglikelihood: -1.04878e+06	(delta): 0.0600709
16 (QN/Block) 	Elapsed: 3.471	Loglikelihood: -1.04878e+06	(delta): 0.0341375
17 (QN/Block) 	Elapsed: 3.501	Loglikelihood: -1.04878e+06	(delta): 0.0298246
18 (QN/Block) 	Elapsed: 3.453	Loglikelihood: -1.04878e+06	(delta): 0.0677034
19 (QN/Block) 	Elapsed: 3.457	Loglikelihood: -1.04878e+06	(delta): 0.130401
20 (QN/Block) 	Elapsed: 3.472	Loglikelihood: -1.04878e+06	(delta): 0.000347941
21 (QN/Block) 	Elapsed: 3.443	Loglikelihood: -1.04878e+06	(delta): 9.42398e-05
Summary: 
Converged in 21 iterations (122.49 sec)
Loglikelihood: -1048778.557716
Fst divergences between estimated populations: 
	Pop0	Pop1	Pop2	Pop3	Pop4	Pop5	Pop6	Pop7	Pop8	Pop9	Pop10	Pop11	
Pop0	
Pop1	0.987	
Pop2	0.715	0.798	
Pop3	0.741	0.786	0.518	
Pop4	0.601	0.681	0.387	0.373	
Pop5	0.678	0.719	0.483	0.436	0.287	
Pop6	0.709	0.758	0.489	0.185	0.350	0.408	
Pop7	0.620	0.692	0.413	0.353	0.185	0.322	0.340	
Pop8	0.757	0.788	0.558	0.507	0.363	0.339	0.477	0.394	
Pop9	0.673	0.731	0.458	0.298	0.324	0.384	0.231	0.313	0.456	
Pop10	0.627	0.672	0.432	0.380	0.213	0.169	0.353	0.253	0.288	0.330	
Pop11	0.641	0.687	0.447	0.396	0.245	0.187	0.367	0.281	0.273	0.347	0.109	
Pop12	0.755	0.787	0.553	0.507	0.355	0.263	0.476	0.384	0.372	0.455	0.269	0.282	
CV error (K=13): 0.13970
Writing output files.
