****                   ADMIXTURE Version 1.3.0                  ****
****                    Copyright 2008-2015                     ****
****           David Alexander, Suyash Shringarpure,            ****
****                John  Novembre, Ken Lange                   ****
****                                                            ****
****                 Please cite our paper!                     ****
****   Information at www.genetics.ucla.edu/software/admixture  ****

Cross-validation will be performed.  Folds=10.
Parallel execution requested.  Will use 8 threads.
Random seed: 20262937
Point estimation method: Block relaxation algorithm
Convergence acceleration algorithm: QuasiNewton, 3 secant conditions
Point estimation will terminate when objective function delta < 0.0001
Estimation of standard errors disabled; will compute point estimates only.
Size of G: 380x17027
Performing five EM steps to prime main algorithm
1 (EM) 	Elapsed: 6.639	Loglikelihood: -2.09848e+06	(delta): 6.31272e+06
2 (EM) 	Elapsed: 6.616	Loglikelihood: -1.91086e+06	(delta): 187615
3 (EM) 	Elapsed: 6.618	Loglikelihood: -1.88469e+06	(delta): 26179.4
4 (EM) 	Elapsed: 6.572	Loglikelihood: -1.86761e+06	(delta): 17070.7
5 (EM) 	Elapsed: 6.628	Loglikelihood: -1.85139e+06	(delta): 16227.9
Initial loglikelihood: -1.85139e+06
Starting main algorithm
1 (QN/Block) 	Elapsed: 2.727	Loglikelihood: -1.34768e+06	(delta): 503709
2 (QN/Block) 	Elapsed: 2.703	Loglikelihood: -1.18526e+06	(delta): 162415
3 (QN/Block) 	Elapsed: 4.2	Loglikelihood: -1.12024e+06	(delta): 65020.3
4 (QN/Block) 	Elapsed: 4.211	Loglikelihood: -1.07982e+06	(delta): 40420.6
5 (QN/Block) 	Elapsed: 5.048	Loglikelihood: -1.06235e+06	(delta): 17468.6
6 (QN/Block) 	Elapsed: 3.698	Loglikelihood: -1.05563e+06	(delta): 6727.81
7 (QN/Block) 	Elapsed: 3.674	Loglikelihood: -1.05344e+06	(delta): 2181.72
8 (QN/Block) 	Elapsed: 3.751	Loglikelihood: -1.05257e+06	(delta): 875.989
9 (QN/Block) 	Elapsed: 5.007	Loglikelihood: -1.05089e+06	(delta): 1680.31
10 (QN/Block) 	Elapsed: 5.067	Loglikelihood: -1.04768e+06	(delta): 3205.14
11 (QN/Block) 	Elapsed: 5.255	Loglikelihood: -1.04633e+06	(delta): 1352.29
12 (QN/Block) 	Elapsed: 5.006	Loglikelihood: -1.04604e+06	(delta): 293.982
13 (QN/Block) 	Elapsed: 4.998	Loglikelihood: -1.04585e+06	(delta): 184.09
14 (QN/Block) 	Elapsed: 3.707	Loglikelihood: -1.04575e+06	(delta): 98.0694
15 (QN/Block) 	Elapsed: 3.673	Loglikelihood: -1.04571e+06	(delta): 40.8677
16 (QN/Block) 	Elapsed: 3.81	Loglikelihood: -1.0457e+06	(delta): 13.4868
17 (QN/Block) 	Elapsed: 3.883	Loglikelihood: -1.04569e+06	(delta): 4.50088
18 (QN/Block) 	Elapsed: 3.727	Loglikelihood: -1.04569e+06	(delta): 1.28919
19 (QN/Block) 	Elapsed: 3.718	Loglikelihood: -1.04569e+06	(delta): 0.051248
20 (QN/Block) 	Elapsed: 3.759	Loglikelihood: -1.04569e+06	(delta): 0.0144933
21 (QN/Block) 	Elapsed: 4.593	Loglikelihood: -1.04569e+06	(delta): 0.000335669
22 (QN/Block) 	Elapsed: 3.777	Loglikelihood: -1.04569e+06	(delta): 1.60092e-05
Summary: 
Converged in 22 iterations (136.185 sec)
Loglikelihood: -1045693.354638
Fst divergences between estimated populations: 
	Pop0	Pop1	Pop2	Pop3	Pop4	Pop5	Pop6	Pop7	Pop8	Pop9	Pop10	Pop11	Pop12	
Pop0	
Pop1	0.639	
Pop2	0.232	0.697	
Pop3	0.285	0.613	0.346	
Pop4	0.378	0.709	0.440	0.336	
Pop5	0.119	0.629	0.219	0.262	0.366	
Pop6	0.164	0.659	0.147	0.310	0.402	0.160	
Pop7	0.691	0.987	0.741	0.693	0.764	0.680	0.707	
Pop8	0.451	0.710	0.508	0.414	0.495	0.440	0.471	0.799	
Pop9	0.345	0.661	0.406	0.308	0.253	0.331	0.366	0.726	0.452	
Pop10	0.289	0.751	0.318	0.385	0.483	0.280	0.251	0.788	0.554	0.449	
Pop11	0.209	0.602	0.264	0.205	0.359	0.179	0.218	0.676	0.405	0.323	0.314	
Pop12	0.278	0.753	0.378	0.395	0.484	0.298	0.320	0.789	0.558	0.451	0.374	0.335	
Pop13	0.256	0.598	0.320	0.193	0.357	0.232	0.285	0.685	0.390	0.323	0.364	0.124	0.371	
CV error (K=14): 0.14328
Writing output files.
