****                   ADMIXTURE Version 1.3.0                  ****
****                    Copyright 2008-2015                     ****
****           David Alexander, Suyash Shringarpure,            ****
****                John  Novembre, Ken Lange                   ****
****                                                            ****
****                 Please cite our paper!                     ****
****   Information at www.genetics.ucla.edu/software/admixture  ****

Cross-validation will be performed.  Folds=10.
Parallel execution requested.  Will use 8 threads.
Random seed: 20262938
Point estimation method: Block relaxation algorithm
Convergence acceleration algorithm: QuasiNewton, 3 secant conditions
Point estimation will terminate when objective function delta < 0.0001
Estimation of standard errors disabled; will compute point estimates only.
Size of G: 380x17027
Performing five EM steps to prime main algorithm
1 (EM) 	Elapsed: 7.489	Loglikelihood: -2.09593e+06	(delta): 6.28981e+06
2 (EM) 	Elapsed: 7.46	Loglikelihood: -1.90755e+06	(delta): 188377
3 (EM) 	Elapsed: 7.466	Loglikelihood: -1.88085e+06	(delta): 26693.6
4 (EM) 	Elapsed: 7.531	Loglikelihood: -1.86457e+06	(delta): 16289.3
5 (EM) 	Elapsed: 7.564	Loglikelihood: -1.85041e+06	(delta): 14158.7
Initial loglikelihood: -1.85041e+06
Starting main algorithm
1 (QN/Block) 	Elapsed: 2.799	Loglikelihood: -1.36281e+06	(delta): 487598
2 (QN/Block) 	Elapsed: 2.888	Loglikelihood: -1.16616e+06	(delta): 196651
3 (QN/Block) 	Elapsed: 4.108	Loglikelihood: -1.09557e+06	(delta): 70589.9
4 (QN/Block) 	Elapsed: 4.528	Loglikelihood: -1.05512e+06	(delta): 40445.4
5 (QN/Block) 	Elapsed: 5.374	Loglikelihood: -1.04151e+06	(delta): 13615
6 (QN/Block) 	Elapsed: 3.906	Loglikelihood: -1.03578e+06	(delta): 5726.96
7 (QN/Block) 	Elapsed: 5.389	Loglikelihood: -1.03399e+06	(delta): 1790.55
8 (QN/Block) 	Elapsed: 4.846	Loglikelihood: -1.03313e+06	(delta): 856.167
9 (QN/Block) 	Elapsed: 4.129	Loglikelihood: -1.03283e+06	(delta): 303.682
10 (QN/Block) 	Elapsed: 3.918	Loglikelihood: -1.03269e+06	(delta): 135.908
11 (QN/Block) 	Elapsed: 3.978	Loglikelihood: -1.03256e+06	(delta): 129.375
12 (QN/Block) 	Elapsed: 4.539	Loglikelihood: -1.03232e+06	(delta): 243.479
13 (QN/Block) 	Elapsed: 4.465	Loglikelihood: -1.03218e+06	(delta): 137.9
14 (QN/Block) 	Elapsed: 4.911	Loglikelihood: -1.03215e+06	(delta): 33.4207
15 (QN/Block) 	Elapsed: 4.403	Loglikelihood: -1.03213e+06	(delta): 18.5822
16 (QN/Block) 	Elapsed: 4.397	Loglikelihood: -1.03212e+06	(delta): 8.66114
17 (QN/Block) 	Elapsed: 3.969	Loglikelihood: -1.03212e+06	(delta): 6.58414
18 (QN/Block) 	Elapsed: 3.941	Loglikelihood: -1.03211e+06	(delta): 3.09705
19 (QN/Block) 	Elapsed: 4.048	Loglikelihood: -1.03211e+06	(delta): 2.4738
20 (QN/Block) 	Elapsed: 3.923	Loglikelihood: -1.03211e+06	(delta): 1.82134
21 (QN/Block) 	Elapsed: 3.901	Loglikelihood: -1.03211e+06	(delta): 1.13429
22 (QN/Block) 	Elapsed: 4.384	Loglikelihood: -1.03211e+06	(delta): 0.788921
23 (QN/Block) 	Elapsed: 5.355	Loglikelihood: -1.03211e+06	(delta): 0.542934
24 (QN/Block) 	Elapsed: 4.493	Loglikelihood: -1.03211e+06	(delta): 0.455928
25 (QN/Block) 	Elapsed: 4.494	Loglikelihood: -1.0321e+06	(delta): 0.464837
26 (QN/Block) 	Elapsed: 5.053	Loglikelihood: -1.0321e+06	(delta): 0.506545
27 (QN/Block) 	Elapsed: 3.983	Loglikelihood: -1.0321e+06	(delta): 0.53971
28 (QN/Block) 	Elapsed: 3.974	Loglikelihood: -1.0321e+06	(delta): 0.365914
29 (QN/Block) 	Elapsed: 3.952	Loglikelihood: -1.0321e+06	(delta): 0.206562
30 (QN/Block) 	Elapsed: 3.895	Loglikelihood: -1.0321e+06	(delta): 0.0859184
31 (QN/Block) 	Elapsed: 3.91	Loglikelihood: -1.0321e+06	(delta): 0.0370156
32 (QN/Block) 	Elapsed: 4.417	Loglikelihood: -1.0321e+06	(delta): 0.0182852
33 (QN/Block) 	Elapsed: 3.949	Loglikelihood: -1.0321e+06	(delta): 0.00329841
34 (QN/Block) 	Elapsed: 3.907	Loglikelihood: -1.0321e+06	(delta): 0.00230498
35 (QN/Block) 	Elapsed: 3.905	Loglikelihood: -1.0321e+06	(delta): 0.00015953
36 (QN/Block) 	Elapsed: 4.264	Loglikelihood: -1.0321e+06	(delta): 7.90949e-06
Summary: 
Converged in 36 iterations (210.662 sec)
Loglikelihood: -1032102.850810
Fst divergences between estimated populations: 
	Pop0	Pop1	Pop2	Pop3	Pop4	Pop5	Pop6	Pop7	Pop8	Pop9	Pop10	Pop11	Pop12	Pop13	
Pop0	
Pop1	0.300	
Pop2	0.193	0.274	
Pop3	0.443	0.486	0.421	
Pop4	0.384	0.301	0.364	0.576	
Pop5	0.262	0.135	0.233	0.469	0.279	
Pop6	0.398	0.304	0.374	0.580	0.376	0.302	
Pop7	0.346	0.386	0.360	0.515	0.486	0.363	0.490	
Pop8	0.337	0.390	0.359	0.525	0.484	0.367	0.488	0.305	
Pop9	0.204	0.227	0.124	0.433	0.313	0.179	0.338	0.355	0.360	
Pop10	0.692	0.695	0.685	0.806	0.787	0.680	0.791	0.760	0.765	0.675	
Pop11	0.411	0.464	0.390	0.428	0.566	0.445	0.574	0.496	0.505	0.408	0.823	
Pop12	0.349	0.404	0.365	0.528	0.495	0.380	0.500	0.254	0.306	0.369	0.772	0.511	
Pop13	0.326	0.206	0.301	0.513	0.267	0.184	0.348	0.417	0.420	0.234	0.725	0.497	0.429	
Pop14	0.298	0.125	0.269	0.499	0.303	0.150	0.295	0.396	0.399	0.218	0.714	0.481	0.413	0.219	
CV error (K=15): 0.14331
Writing output files.
