****                   ADMIXTURE Version 1.3.0                  ****
****                    Copyright 2008-2015                     ****
****           David Alexander, Suyash Shringarpure,            ****
****                John  Novembre, Ken Lange                   ****
****                                                            ****
****                 Please cite our paper!                     ****
****   Information at www.genetics.ucla.edu/software/admixture  ****

Cross-validation will be performed.  Folds=10.
Parallel execution requested.  Will use 8 threads.
Random seed: 20262940
Point estimation method: Block relaxation algorithm
Convergence acceleration algorithm: QuasiNewton, 3 secant conditions
Point estimation will terminate when objective function delta < 0.0001
Estimation of standard errors disabled; will compute point estimates only.
Size of G: 380x17027
Performing five EM steps to prime main algorithm
1 (EM) 	Elapsed: 9.312	Loglikelihood: -2.0952e+06	(delta): 6.2278e+06
2 (EM) 	Elapsed: 9.337	Loglikelihood: -1.90771e+06	(delta): 187490
3 (EM) 	Elapsed: 9.262	Loglikelihood: -1.88301e+06	(delta): 24707.5
4 (EM) 	Elapsed: 9.248	Loglikelihood: -1.86818e+06	(delta): 14825.2
5 (EM) 	Elapsed: 9.299	Loglikelihood: -1.85508e+06	(delta): 13105
Initial loglikelihood: -1.85508e+06
Starting main algorithm
1 (QN/Block) 	Elapsed: 3.258	Loglikelihood: -1.34668e+06	(delta): 508394
2 (QN/Block) 	Elapsed: 3.299	Loglikelihood: -1.13234e+06	(delta): 214338
3 (QN/Block) 	Elapsed: 4.544	Loglikelihood: -1.07227e+06	(delta): 60071.3
4 (QN/Block) 	Elapsed: 6.23	Loglikelihood: -1.03969e+06	(delta): 32585
5 (QN/Block) 	Elapsed: 4.566	Loglikelihood: -1.02204e+06	(delta): 17651.2
6 (QN/Block) 	Elapsed: 6.144	Loglikelihood: -1.01394e+06	(delta): 8094.89
7 (QN/Block) 	Elapsed: 4.402	Loglikelihood: -1.01039e+06	(delta): 3554.63
8 (QN/Block) 	Elapsed: 4.34	Loglikelihood: -1.00829e+06	(delta): 2097.04
9 (QN/Block) 	Elapsed: 4.326	Loglikelihood: -1.00698e+06	(delta): 1313.95
10 (QN/Block) 	Elapsed: 4.353	Loglikelihood: -1.00653e+06	(delta): 442.837
11 (QN/Block) 	Elapsed: 5.934	Loglikelihood: -1.00637e+06	(delta): 161.588
12 (QN/Block) 	Elapsed: 4.378	Loglikelihood: -1.00631e+06	(delta): 66.0291
13 (QN/Block) 	Elapsed: 4.363	Loglikelihood: -1.00628e+06	(delta): 25.7014
14 (QN/Block) 	Elapsed: 4.395	Loglikelihood: -1.00628e+06	(delta): 2.92416
15 (QN/Block) 	Elapsed: 6.297	Loglikelihood: -1.00628e+06	(delta): 1.51643
16 (QN/Block) 	Elapsed: 4.607	Loglikelihood: -1.00628e+06	(delta): 0.116382
17 (QN/Block) 	Elapsed: 4.442	Loglikelihood: -1.00628e+06	(delta): 0.0192315
18 (QN/Block) 	Elapsed: 4.971	Loglikelihood: -1.00628e+06	(delta): 0.00133476
19 (QN/Block) 	Elapsed: 4.453	Loglikelihood: -1.00628e+06	(delta): 0.000648364
20 (QN/Block) 	Elapsed: 4.528	Loglikelihood: -1.00628e+06	(delta): 0.000251198
21 (QN/Block) 	Elapsed: 4.519	Loglikelihood: -1.00628e+06	(delta): 1.2076e-05
Summary: 
Converged in 21 iterations (160.024 sec)
Loglikelihood: -1006275.322865
Fst divergences between estimated populations: 
	Pop0	Pop1	Pop2	Pop3	Pop4	Pop5	Pop6	Pop7	Pop8	Pop9	Pop10	Pop11	Pop12	Pop13	Pop14	Pop15	
Pop0	
Pop1	0.348	
Pop2	0.501	0.336	
Pop3	0.498	0.314	0.405	
Pop4	0.420	0.218	0.330	0.251	
Pop5	0.461	0.386	0.519	0.516	0.430	
Pop6	0.433	0.360	0.490	0.491	0.403	0.277	
Pop7	0.327	0.124	0.370	0.364	0.285	0.382	0.363	
Pop8	0.433	0.356	0.478	0.478	0.396	0.307	0.278	0.355	
Pop9	0.455	0.264	0.386	0.319	0.147	0.472	0.444	0.321	0.437	
Pop10	0.743	0.677	0.796	0.788	0.708	0.792	0.763	0.686	0.759	0.743	
Pop11	0.526	0.360	0.277	0.398	0.344	0.545	0.517	0.396	0.506	0.404	0.815	
Pop12	0.399	0.209	0.268	0.289	0.163	0.413	0.380	0.257	0.372	0.232	0.691	0.307	
Pop13	0.390	0.179	0.298	0.280	0.160	0.397	0.366	0.232	0.361	0.220	0.680	0.323	0.119	
Pop14	0.460	0.379	0.510	0.507	0.423	0.362	0.347	0.377	0.186	0.463	0.786	0.535	0.399	0.387	
Pop15	0.535	0.575	0.739	0.728	0.635	0.713	0.680	0.570	0.678	0.675	0.972	0.763	0.613	0.602	0.707	
Pop16	0.351	0.205	0.394	0.386	0.310	0.367	0.350	0.194	0.342	0.347	0.694	0.421	0.285	0.263	0.354	0.593	
CV error (K=17): 0.14007
Writing output files.
