****                   ADMIXTURE Version 1.3.0                  ****
****                    Copyright 2008-2015                     ****
****           David Alexander, Suyash Shringarpure,            ****
****                John  Novembre, Ken Lange                   ****
****                                                            ****
****                 Please cite our paper!                     ****
****   Information at www.genetics.ucla.edu/software/admixture  ****

Cross-validation will be performed.  Folds=10.
Parallel execution requested.  Will use 8 threads.
Random seed: 20262941
Point estimation method: Block relaxation algorithm
Convergence acceleration algorithm: QuasiNewton, 3 secant conditions
Point estimation will terminate when objective function delta < 0.0001
Estimation of standard errors disabled; will compute point estimates only.
Size of G: 380x17027
Performing five EM steps to prime main algorithm
1 (EM) 	Elapsed: 10.555	Loglikelihood: -2.09439e+06	(delta): 6.23053e+06
2 (EM) 	Elapsed: 10.726	Loglikelihood: -1.90604e+06	(delta): 188348
3 (EM) 	Elapsed: 10.439	Loglikelihood: -1.88063e+06	(delta): 25406.3
4 (EM) 	Elapsed: 10.347	Loglikelihood: -1.86495e+06	(delta): 15678.8
5 (EM) 	Elapsed: 10.379	Loglikelihood: -1.85089e+06	(delta): 14060.8
Initial loglikelihood: -1.85089e+06
Starting main algorithm
1 (QN/Block) 	Elapsed: 3.428	Loglikelihood: -1.35045e+06	(delta): 500440
2 (QN/Block) 	Elapsed: 3.529	Loglikelihood: -1.13646e+06	(delta): 213989
3 (QN/Block) 	Elapsed: 5.388	Loglikelihood: -1.07141e+06	(delta): 65050.2
4 (QN/Block) 	Elapsed: 6.43	Loglikelihood: -1.03571e+06	(delta): 35699.5
5 (QN/Block) 	Elapsed: 4.741	Loglikelihood: -1.02049e+06	(delta): 15222.1
6 (QN/Block) 	Elapsed: 4.63	Loglikelihood: -1.01032e+06	(delta): 10173.6
7 (QN/Block) 	Elapsed: 4.805	Loglikelihood: -1.00575e+06	(delta): 4569.86
8 (QN/Block) 	Elapsed: 4.629	Loglikelihood: -1.00348e+06	(delta): 2266.45
9 (QN/Block) 	Elapsed: 4.701	Loglikelihood: -1.00274e+06	(delta): 743.501
10 (QN/Block) 	Elapsed: 4.807	Loglikelihood: -1.00244e+06	(delta): 303.58
11 (QN/Block) 	Elapsed: 6.097	Loglikelihood: -1.0021e+06	(delta): 339.656
12 (QN/Block) 	Elapsed: 5.323	Loglikelihood: -1.0019e+06	(delta): 196.766
13 (QN/Block) 	Elapsed: 5.841	Loglikelihood: -1.00178e+06	(delta): 123.513
14 (QN/Block) 	Elapsed: 4.723	Loglikelihood: -1.0017e+06	(delta): 73.5835
15 (QN/Block) 	Elapsed: 4.675	Loglikelihood: -1.00169e+06	(delta): 12.4796
16 (QN/Block) 	Elapsed: 6.586	Loglikelihood: -1.00169e+06	(delta): 4.16858
17 (QN/Block) 	Elapsed: 4.75	Loglikelihood: -1.00168e+06	(delta): 0.905721
18 (QN/Block) 	Elapsed: 6.006	Loglikelihood: -1.00168e+06	(delta): 0.455269
19 (QN/Block) 	Elapsed: 5.327	Loglikelihood: -1.00168e+06	(delta): 0.170644
20 (QN/Block) 	Elapsed: 4.757	Loglikelihood: -1.00168e+06	(delta): 0.104351
21 (QN/Block) 	Elapsed: 5.937	Loglikelihood: -1.00168e+06	(delta): 0.0591156
22 (QN/Block) 	Elapsed: 6.406	Loglikelihood: -1.00168e+06	(delta): 0.0601259
23 (QN/Block) 	Elapsed: 6.403	Loglikelihood: -1.00168e+06	(delta): 0.0463755
24 (QN/Block) 	Elapsed: 4.741	Loglikelihood: -1.00168e+06	(delta): 0.0114011
25 (QN/Block) 	Elapsed: 6.348	Loglikelihood: -1.00168e+06	(delta): 0.0037681
26 (QN/Block) 	Elapsed: 4.663	Loglikelihood: -1.00168e+06	(delta): 0.0022252
27 (QN/Block) 	Elapsed: 4.647	Loglikelihood: -1.00168e+06	(delta): 8.09147e-05
Summary: 
Converged in 27 iterations (212.461 sec)
Loglikelihood: -1001683.692923
Fst divergences between estimated populations: 
	Pop0	Pop1	Pop2	Pop3	Pop4	Pop5	Pop6	Pop7	Pop8	Pop9	Pop10	Pop11	Pop12	Pop13	Pop14	Pop15	Pop16	
Pop0	
Pop1	0.398	
Pop2	0.398	0.433	
Pop3	0.356	0.198	0.389	
Pop4	0.300	0.309	0.328	0.267	
Pop5	0.516	0.372	0.545	0.379	0.421	
Pop6	0.497	0.365	0.524	0.331	0.408	0.460	
Pop7	0.491	0.356	0.518	0.359	0.389	0.277	0.433	
Pop8	0.404	0.405	0.277	0.363	0.292	0.518	0.499	0.490	
Pop9	0.438	0.163	0.474	0.243	0.349	0.424	0.410	0.405	0.446	
Pop10	0.302	0.309	0.319	0.261	0.123	0.431	0.418	0.399	0.276	0.350	
Pop11	0.271	0.264	0.317	0.215	0.130	0.391	0.384	0.360	0.291	0.305	0.141	
Pop12	0.489	0.337	0.516	0.355	0.393	0.346	0.442	0.332	0.491	0.385	0.402	0.365	
Pop13	0.383	0.164	0.418	0.139	0.293	0.391	0.358	0.372	0.389	0.210	0.288	0.246	0.362	
Pop14	0.268	0.336	0.371	0.294	0.206	0.449	0.436	0.421	0.356	0.378	0.218	0.177	0.425	0.322	
Pop15	0.566	0.418	0.596	0.426	0.459	0.431	0.513	0.411	0.569	0.468	0.472	0.431	0.194	0.437	0.496	
Pop16	0.788	0.703	0.816	0.681	0.696	0.792	0.736	0.763	0.796	0.741	0.712	0.673	0.769	0.702	0.727	0.843	
Pop17	0.477	0.351	0.506	0.352	0.382	0.307	0.432	0.278	0.477	0.394	0.389	0.355	0.172	0.364	0.414	0.265	0.759	
CV error (K=18): 0.14192
Writing output files.
