****                   ADMIXTURE Version 1.3.0                  ****
****                    Copyright 2008-2015                     ****
****           David Alexander, Suyash Shringarpure,            ****
****                John  Novembre, Ken Lange                   ****
****                                                            ****
****                 Please cite our paper!                     ****
****   Information at www.genetics.ucla.edu/software/admixture  ****

Cross-validation will be performed.  Folds=10.
Parallel execution requested.  Will use 8 threads.
Random seed: 20262942
Point estimation method: Block relaxation algorithm
Convergence acceleration algorithm: QuasiNewton, 3 secant conditions
Point estimation will terminate when objective function delta < 0.0001
Estimation of standard errors disabled; will compute point estimates only.
Size of G: 380x17027
Performing five EM steps to prime main algorithm
1 (EM) 	Elapsed: 11.377	Loglikelihood: -2.09632e+06	(delta): 6.22508e+06
2 (EM) 	Elapsed: 11.366	Loglikelihood: -1.90573e+06	(delta): 190590
3 (EM) 	Elapsed: 11.713	Loglikelihood: -1.88112e+06	(delta): 24614.9
4 (EM) 	Elapsed: 11.373	Loglikelihood: -1.8658e+06	(delta): 15312.2
5 (EM) 	Elapsed: 11.671	Loglikelihood: -1.85124e+06	(delta): 14564.9
Initial loglikelihood: -1.85124e+06
Starting main algorithm
1 (QN/Block) 	Elapsed: 3.555	Loglikelihood: -1.32058e+06	(delta): 530657
2 (QN/Block) 	Elapsed: 3.658	Loglikelihood: -1.13558e+06	(delta): 185002
3 (QN/Block) 	Elapsed: 6.255	Loglikelihood: -1.05729e+06	(delta): 78288.5
4 (QN/Block) 	Elapsed: 6.783	Loglikelihood: -1.02315e+06	(delta): 34145.4
5 (QN/Block) 	Elapsed: 5.057	Loglikelihood: -1.00787e+06	(delta): 15282
6 (QN/Block) 	Elapsed: 5.179	Loglikelihood: -1.00029e+06	(delta): 7576.73
7 (QN/Block) 	Elapsed: 5.479	Loglikelihood: -993590	(delta): 6698.13
8 (QN/Block) 	Elapsed: 5.516	Loglikelihood: -990709	(delta): 2880.9
9 (QN/Block) 	Elapsed: 5.579	Loglikelihood: -989872	(delta): 837.621
10 (QN/Block) 	Elapsed: 4.859	Loglikelihood: -989640	(delta): 231.67
11 (QN/Block) 	Elapsed: 4.886	Loglikelihood: -989575	(delta): 64.9703
12 (QN/Block) 	Elapsed: 4.869	Loglikelihood: -989551	(delta): 24.43
13 (QN/Block) 	Elapsed: 4.878	Loglikelihood: -989545	(delta): 5.70141
14 (QN/Block) 	Elapsed: 4.988	Loglikelihood: -989544	(delta): 0.802467
15 (QN/Block) 	Elapsed: 5.484	Loglikelihood: -989544	(delta): 0.301116
16 (QN/Block) 	Elapsed: 6.704	Loglikelihood: -989544	(delta): 0.0499442
17 (QN/Block) 	Elapsed: 4.952	Loglikelihood: -989544	(delta): 0.00179644
18 (QN/Block) 	Elapsed: 4.871	Loglikelihood: -989544	(delta): 0.000146793
19 (QN/Block) 	Elapsed: 4.901	Loglikelihood: -989544	(delta): 2.43454e-05
Summary: 
Converged in 19 iterations (171.624 sec)
Loglikelihood: -989543.716851
Fst divergences between estimated populations: 
	Pop0	Pop1	Pop2	Pop3	Pop4	Pop5	Pop6	Pop7	Pop8	Pop9	Pop10	Pop11	Pop12	Pop13	Pop14	Pop15	Pop16	Pop17	
Pop0	
Pop1	0.297	
Pop2	0.304	0.137	
Pop3	0.347	0.398	0.396	
Pop4	0.377	0.433	0.424	0.332	
Pop5	0.318	0.208	0.207	0.415	0.446	
Pop6	0.325	0.403	0.399	0.171	0.368	0.417	
Pop7	0.190	0.274	0.284	0.363	0.394	0.300	0.358	
Pop8	0.375	0.427	0.423	0.287	0.293	0.439	0.342	0.391	
Pop9	0.261	0.157	0.147	0.368	0.397	0.181	0.371	0.237	0.392	
Pop10	0.345	0.256	0.256	0.444	0.475	0.154	0.445	0.324	0.468	0.226	
Pop11	0.397	0.298	0.314	0.487	0.526	0.340	0.490	0.377	0.516	0.306	0.383	
Pop12	0.409	0.477	0.469	0.264	0.452	0.491	0.196	0.432	0.428	0.441	0.520	0.570	
Pop13	0.692	0.718	0.705	0.764	0.794	0.722	0.766	0.688	0.791	0.682	0.744	0.792	0.844	
Pop14	0.384	0.308	0.314	0.483	0.522	0.262	0.486	0.367	0.513	0.284	0.320	0.377	0.566	0.788	
Pop15	0.353	0.421	0.415	0.437	0.460	0.431	0.439	0.334	0.459	0.392	0.456	0.502	0.512	0.735	0.496	
Pop16	0.199	0.223	0.238	0.361	0.388	0.232	0.359	0.126	0.386	0.183	0.267	0.340	0.431	0.677	0.315	0.350	
Pop17	0.152	0.353	0.357	0.399	0.435	0.375	0.381	0.251	0.433	0.315	0.398	0.450	0.468	0.742	0.438	0.409	0.260	
Pop18	0.364	0.435	0.431	0.317	0.325	0.444	0.344	0.385	0.285	0.400	0.474	0.521	0.432	0.791	0.516	0.459	0.387	0.424	
CV error (K=19): 0.14188
Writing output files.
