****                   ADMIXTURE Version 1.3.0                  ****
****                    Copyright 2008-2015                     ****
****           David Alexander, Suyash Shringarpure,            ****
****                John  Novembre, Ken Lange                   ****
****                                                            ****
****                 Please cite our paper!                     ****
****   Information at www.genetics.ucla.edu/software/admixture  ****

Cross-validation will be performed.  Folds=10.
Parallel execution requested.  Will use 8 threads.
Random seed: 20262943
Point estimation method: Block relaxation algorithm
Convergence acceleration algorithm: QuasiNewton, 3 secant conditions
Point estimation will terminate when objective function delta < 0.0001
Estimation of standard errors disabled; will compute point estimates only.
Size of G: 380x17027
Performing five EM steps to prime main algorithm
1 (EM) 	Elapsed: 12.832	Loglikelihood: -2.09677e+06	(delta): 6.20586e+06
2 (EM) 	Elapsed: 12.391	Loglikelihood: -1.90567e+06	(delta): 191099
3 (EM) 	Elapsed: 12.366	Loglikelihood: -1.88157e+06	(delta): 24100.6
4 (EM) 	Elapsed: 12.359	Loglikelihood: -1.86743e+06	(delta): 14143.8
5 (EM) 	Elapsed: 12.433	Loglikelihood: -1.85513e+06	(delta): 12296.6
Initial loglikelihood: -1.85513e+06
Starting main algorithm
1 (QN/Block) 	Elapsed: 3.659	Loglikelihood: -1.34726e+06	(delta): 507868
2 (QN/Block) 	Elapsed: 3.914	Loglikelihood: -1.12627e+06	(delta): 220998
3 (QN/Block) 	Elapsed: 7.184	Loglikelihood: -1.05896e+06	(delta): 67310.5
4 (QN/Block) 	Elapsed: 5.839	Loglikelihood: -1.0214e+06	(delta): 37555.1
5 (QN/Block) 	Elapsed: 6.425	Loglikelihood: -1.00106e+06	(delta): 20340.6
6 (QN/Block) 	Elapsed: 5.117	Loglikelihood: -991027	(delta): 10032.7
7 (QN/Block) 	Elapsed: 5.073	Loglikelihood: -984924	(delta): 6103.11
8 (QN/Block) 	Elapsed: 5.055	Loglikelihood: -980685	(delta): 4239.09
9 (QN/Block) 	Elapsed: 5.072	Loglikelihood: -977906	(delta): 2778.47
10 (QN/Block) 	Elapsed: 5.1	Loglikelihood: -975898	(delta): 2008.72
11 (QN/Block) 	Elapsed: 5.061	Loglikelihood: -973770	(delta): 2127.78
12 (QN/Block) 	Elapsed: 6.27	Loglikelihood: -970844	(delta): 2925.74
13 (QN/Block) 	Elapsed: 5.711	Loglikelihood: -970152	(delta): 692.142
14 (QN/Block) 	Elapsed: 6.955	Loglikelihood: -969870	(delta): 282.023
15 (QN/Block) 	Elapsed: 5.096	Loglikelihood: -969707	(delta): 163.34
16 (QN/Block) 	Elapsed: 5.085	Loglikelihood: -969620	(delta): 86.4928
17 (QN/Block) 	Elapsed: 5.094	Loglikelihood: -969582	(delta): 37.7028
18 (QN/Block) 	Elapsed: 6.951	Loglikelihood: -969573	(delta): 9.18657
19 (QN/Block) 	Elapsed: 5.119	Loglikelihood: -969572	(delta): 1.57477
20 (QN/Block) 	Elapsed: 6.293	Loglikelihood: -969571	(delta): 0.78294
21 (QN/Block) 	Elapsed: 6.914	Loglikelihood: -969571	(delta): 0.0871177
22 (QN/Block) 	Elapsed: 6.939	Loglikelihood: -969571	(delta): 0.0166311
23 (QN/Block) 	Elapsed: 5.692	Loglikelihood: -969571	(delta): 0.00192855
24 (QN/Block) 	Elapsed: 5.106	Loglikelihood: -969571	(delta): 0.00042837
25 (QN/Block) 	Elapsed: 5.103	Loglikelihood: -969571	(delta): 3.60068e-05
Summary: 
Converged in 25 iterations (222.108 sec)
Loglikelihood: -969570.830357
Fst divergences between estimated populations: 
	Pop0	Pop1	Pop2	Pop3	Pop4	Pop5	Pop6	Pop7	Pop8	Pop9	Pop10	Pop11	Pop12	Pop13	Pop14	Pop15	Pop16	Pop17	Pop18	
Pop0	
Pop1	0.388	
Pop2	0.649	0.717	
Pop3	0.415	0.287	0.743	
Pop4	0.124	0.395	0.670	0.423	
Pop5	0.349	0.398	0.677	0.433	0.350	
Pop6	0.617	0.680	0.960	0.710	0.635	0.651	
Pop7	0.292	0.483	0.765	0.514	0.276	0.445	0.736	
Pop8	0.227	0.360	0.609	0.384	0.218	0.259	0.571	0.335	
Pop9	0.301	0.483	0.754	0.512	0.302	0.437	0.725	0.404	0.313	
Pop10	0.135	0.366	0.635	0.390	0.149	0.313	0.598	0.299	0.179	0.279	
Pop11	0.696	0.764	0.987	0.791	0.712	0.741	0.972	0.796	0.676	0.788	0.680	
Pop12	0.416	0.332	0.748	0.293	0.429	0.435	0.715	0.521	0.386	0.521	0.395	0.794	
Pop13	0.206	0.419	0.684	0.443	0.217	0.377	0.652	0.355	0.234	0.267	0.184	0.726	0.450	
Pop14	0.422	0.317	0.744	0.284	0.432	0.423	0.709	0.518	0.386	0.515	0.398	0.791	0.325	0.448	
Pop15	0.329	0.512	0.787	0.540	0.319	0.473	0.761	0.276	0.359	0.397	0.324	0.816	0.550	0.370	0.545	
Pop16	0.297	0.345	0.616	0.374	0.294	0.153	0.585	0.391	0.199	0.383	0.258	0.691	0.376	0.323	0.362	0.419	
Pop17	0.413	0.187	0.746	0.363	0.423	0.412	0.710	0.514	0.382	0.511	0.391	0.790	0.389	0.445	0.367	0.539	0.355	
Pop18	0.464	0.504	0.744	0.532	0.479	0.468	0.622	0.571	0.407	0.566	0.445	0.823	0.533	0.497	0.531	0.598	0.406	0.533	
Pop19	0.277	0.362	0.606	0.390	0.271	0.250	0.569	0.373	0.126	0.366	0.235	0.687	0.394	0.303	0.385	0.399	0.190	0.383	0.392	
CV error (K=20): 0.13766
Writing output files.
