****                   ADMIXTURE Version 1.3.0                  ****
****                    Copyright 2008-2015                     ****
****           David Alexander, Suyash Shringarpure,            ****
****                John  Novembre, Ken Lange                   ****
****                                                            ****
****                 Please cite our paper!                     ****
****   Information at www.genetics.ucla.edu/software/admixture  ****

Cross-validation will be performed.  Folds=10.
Parallel execution requested.  Will use 8 threads.
Random seed: 20262945
Point estimation method: Block relaxation algorithm
Convergence acceleration algorithm: QuasiNewton, 3 secant conditions
Point estimation will terminate when objective function delta < 0.0001
Estimation of standard errors disabled; will compute point estimates only.
Size of G: 380x17027
Performing five EM steps to prime main algorithm
1 (EM) 	Elapsed: 14.752	Loglikelihood: -2.09538e+06	(delta): 6.1819e+06
2 (EM) 	Elapsed: 14.641	Loglikelihood: -1.90329e+06	(delta): 192089
3 (EM) 	Elapsed: 14.793	Loglikelihood: -1.87847e+06	(delta): 24823.8
4 (EM) 	Elapsed: 14.723	Loglikelihood: -1.86362e+06	(delta): 14851
5 (EM) 	Elapsed: 14.675	Loglikelihood: -1.85041e+06	(delta): 13211.4
Initial loglikelihood: -1.85041e+06
Starting main algorithm
1 (QN/Block) 	Elapsed: 3.96	Loglikelihood: -1.31021e+06	(delta): 540199
2 (QN/Block) 	Elapsed: 4.127	Loglikelihood: -1.10943e+06	(delta): 200783
3 (QN/Block) 	Elapsed: 6.475	Loglikelihood: -1.03675e+06	(delta): 72677.1
4 (QN/Block) 	Elapsed: 5.651	Loglikelihood: -997100	(delta): 39648.1
5 (QN/Block) 	Elapsed: 7.585	Loglikelihood: -981742	(delta): 15358
6 (QN/Block) 	Elapsed: 6.217	Loglikelihood: -974359	(delta): 7382.84
7 (QN/Block) 	Elapsed: 7.568	Loglikelihood: -970993	(delta): 3366.54
8 (QN/Block) 	Elapsed: 5.578	Loglikelihood: -969492	(delta): 1500.72
9 (QN/Block) 	Elapsed: 5.504	Loglikelihood: -968822	(delta): 670.053
10 (QN/Block) 	Elapsed: 5.506	Loglikelihood: -968441	(delta): 381.392
11 (QN/Block) 	Elapsed: 5.536	Loglikelihood: -968337	(delta): 103.767
12 (QN/Block) 	Elapsed: 5.555	Loglikelihood: -968313	(delta): 23.4136
13 (QN/Block) 	Elapsed: 5.544	Loglikelihood: -968308	(delta): 5.37708
14 (QN/Block) 	Elapsed: 6.212	Loglikelihood: -968307	(delta): 1.50771
15 (QN/Block) 	Elapsed: 5.572	Loglikelihood: -968306	(delta): 0.218884
16 (QN/Block) 	Elapsed: 6.201	Loglikelihood: -968306	(delta): 0.0684844
17 (QN/Block) 	Elapsed: 6.259	Loglikelihood: -968306	(delta): 0.00455914
18 (QN/Block) 	Elapsed: 5.558	Loglikelihood: -968306	(delta): 0.00256688
19 (QN/Block) 	Elapsed: 5.561	Loglikelihood: -968306	(delta): 0.00084136
20 (QN/Block) 	Elapsed: 5.562	Loglikelihood: -968306	(delta): 0.000329647
21 (QN/Block) 	Elapsed: 5.554	Loglikelihood: -968306	(delta): 0.000124159
22 (QN/Block) 	Elapsed: 5.565	Loglikelihood: -968306	(delta): 0.000430811
23 (QN/Block) 	Elapsed: 7.611	Loglikelihood: -968306	(delta): 0.00140246
24 (QN/Block) 	Elapsed: 7.647	Loglikelihood: -968306	(delta): 0.00412116
25 (QN/Block) 	Elapsed: 7.603	Loglikelihood: -968306	(delta): 0.019323
26 (QN/Block) 	Elapsed: 7.613	Loglikelihood: -968306	(delta): 0.17925
27 (QN/Block) 	Elapsed: 7.621	Loglikelihood: -968304	(delta): 2.07874
28 (QN/Block) 	Elapsed: 7.598	Loglikelihood: -968303	(delta): 1.32021
29 (QN/Block) 	Elapsed: 7.605	Loglikelihood: -968303	(delta): 0.0406742
30 (QN/Block) 	Elapsed: 5.588	Loglikelihood: -968303	(delta): 0.00581853
31 (QN/Block) 	Elapsed: 5.578	Loglikelihood: -968303	(delta): 0.00125058
32 (QN/Block) 	Elapsed: 5.601	Loglikelihood: -968303	(delta): 0.000735842
33 (QN/Block) 	Elapsed: 5.563	Loglikelihood: -968303	(delta): 4.01963e-05
Summary: 
Converged in 33 iterations (302.895 sec)
Loglikelihood: -968302.577280
Fst divergences between estimated populations: 
	Pop0	Pop1	Pop2	Pop3	Pop4	Pop5	Pop6	Pop7	Pop8	Pop9	Pop10	Pop11	Pop12	Pop13	Pop14	Pop15	Pop16	Pop17	Pop18	Pop19	Pop20	
Pop0	
Pop1	0.419	
Pop2	0.437	0.399	
Pop3	0.335	0.287	0.363	
Pop4	0.512	0.473	0.264	0.432	
Pop5	0.416	0.145	0.399	0.288	0.473	
Pop6	0.352	0.244	0.363	0.127	0.434	0.233	
Pop7	0.459	0.427	0.287	0.391	0.428	0.425	0.388	
Pop8	0.459	0.435	0.317	0.385	0.432	0.431	0.389	0.285	
Pop9	0.353	0.307	0.347	0.190	0.409	0.308	0.200	0.375	0.364	
Pop10	0.735	0.710	0.764	0.688	0.844	0.704	0.680	0.791	0.791	0.692	
Pop11	0.524	0.345	0.512	0.399	0.597	0.341	0.364	0.540	0.545	0.419	0.816	
Pop12	0.496	0.319	0.483	0.367	0.567	0.277	0.319	0.513	0.516	0.384	0.789	0.398	
Pop13	0.426	0.146	0.403	0.280	0.482	0.164	0.233	0.432	0.440	0.303	0.722	0.328	0.313	
Pop14	0.409	0.359	0.399	0.251	0.468	0.362	0.261	0.433	0.424	0.152	0.742	0.474	0.438	0.359	
Pop15	0.499	0.306	0.483	0.373	0.570	0.316	0.340	0.514	0.518	0.391	0.796	0.277	0.404	0.284	0.446	
Pop16	0.439	0.402	0.171	0.358	0.196	0.401	0.361	0.342	0.344	0.325	0.766	0.513	0.486	0.408	0.381	0.488	
Pop17	0.394	0.149	0.370	0.238	0.442	0.166	0.188	0.394	0.402	0.262	0.684	0.330	0.287	0.163	0.316	0.303	0.372	
Pop18	0.410	0.134	0.388	0.267	0.463	0.151	0.216	0.414	0.420	0.288	0.701	0.338	0.294	0.166	0.342	0.310	0.392	0.118	
Pop19	0.460	0.428	0.332	0.395	0.452	0.429	0.390	0.293	0.325	0.377	0.794	0.550	0.522	0.438	0.435	0.521	0.368	0.399	0.420	
Pop20	0.430	0.215	0.415	0.298	0.490	0.119	0.231	0.438	0.443	0.316	0.722	0.361	0.261	0.215	0.373	0.348	0.417	0.181	0.170	0.445	
Pop21	0.455	0.261	0.444	0.325	0.520	0.198	0.270	0.468	0.474	0.345	0.744	0.405	0.320	0.260	0.398	0.387	0.445	0.231	0.220	0.475	0.151	
CV error (K=22): 0.14525
Writing output files.
