****                   ADMIXTURE Version 1.3.0                  ****
****                    Copyright 2008-2015                     ****
****           David Alexander, Suyash Shringarpure,            ****
****                John  Novembre, Ken Lange                   ****
****                                                            ****
****                 Please cite our paper!                     ****
****   Information at www.genetics.ucla.edu/software/admixture  ****

Cross-validation will be performed.  Folds=10.
Parallel execution requested.  Will use 8 threads.
Random seed: 20262947
Point estimation method: Block relaxation algorithm
Convergence acceleration algorithm: QuasiNewton, 3 secant conditions
Point estimation will terminate when objective function delta < 0.0001
Estimation of standard errors disabled; will compute point estimates only.
Size of G: 380x17027
Performing five EM steps to prime main algorithm
1 (EM) 	Elapsed: 17.369	Loglikelihood: -2.09559e+06	(delta): 6.18346e+06
2 (EM) 	Elapsed: 17.289	Loglikelihood: -1.90018e+06	(delta): 195413
3 (EM) 	Elapsed: 17.29	Loglikelihood: -1.87398e+06	(delta): 26197.9
4 (EM) 	Elapsed: 17.265	Loglikelihood: -1.85701e+06	(delta): 16962.9
5 (EM) 	Elapsed: 17.265	Loglikelihood: -1.84101e+06	(delta): 16005.5
Initial loglikelihood: -1.84101e+06
Starting main algorithm
1 (QN/Block) 	Elapsed: 4.486	Loglikelihood: -1.28762e+06	(delta): 553388
2 (QN/Block) 	Elapsed: 4.742	Loglikelihood: -1.10944e+06	(delta): 178182
3 (QN/Block) 	Elapsed: 7.076	Loglikelihood: -1.02572e+06	(delta): 83716.2
4 (QN/Block) 	Elapsed: 7.748	Loglikelihood: -985759	(delta): 39964.3
5 (QN/Block) 	Elapsed: 6.512	Loglikelihood: -966912	(delta): 18846.8
6 (QN/Block) 	Elapsed: 8.145	Loglikelihood: -958485	(delta): 8427.19
7 (QN/Block) 	Elapsed: 6.049	Loglikelihood: -955482	(delta): 3003.06
8 (QN/Block) 	Elapsed: 6.019	Loglikelihood: -954401	(delta): 1081.45
9 (QN/Block) 	Elapsed: 6.041	Loglikelihood: -953985	(delta): 415.59
10 (QN/Block) 	Elapsed: 6.015	Loglikelihood: -953878	(delta): 107.142
11 (QN/Block) 	Elapsed: 6.039	Loglikelihood: -953852	(delta): 25.9825
12 (QN/Block) 	Elapsed: 6.059	Loglikelihood: -953837	(delta): 15.3265
13 (QN/Block) 	Elapsed: 6.07	Loglikelihood: -953827	(delta): 9.99634
14 (QN/Block) 	Elapsed: 6.819	Loglikelihood: -953819	(delta): 7.08141
15 (QN/Block) 	Elapsed: 6.094	Loglikelihood: -953812	(delta): 7.65082
16 (QN/Block) 	Elapsed: 6.81	Loglikelihood: -953796	(delta): 15.9428
17 (QN/Block) 	Elapsed: 6.084	Loglikelihood: -953774	(delta): 21.574
18 (QN/Block) 	Elapsed: 6.099	Loglikelihood: -953736	(delta): 38.3827
19 (QN/Block) 	Elapsed: 6.071	Loglikelihood: -953666	(delta): 69.5162
20 (QN/Block) 	Elapsed: 6.059	Loglikelihood: -953572	(delta): 94.2463
21 (QN/Block) 	Elapsed: 6.839	Loglikelihood: -953393	(delta): 179.328
22 (QN/Block) 	Elapsed: 7.607	Loglikelihood: -953099	(delta): 293.871
23 (QN/Block) 	Elapsed: 8.316	Loglikelihood: -952824	(delta): 274.588
24 (QN/Block) 	Elapsed: 6.803	Loglikelihood: -952662	(delta): 161.83
25 (QN/Block) 	Elapsed: 6.85	Loglikelihood: -952638	(delta): 24.0052
26 (QN/Block) 	Elapsed: 6.127	Loglikelihood: -952634	(delta): 4.5151
27 (QN/Block) 	Elapsed: 9.906	Loglikelihood: -952633	(delta): 0.927238
28 (QN/Block) 	Elapsed: 12.245	Loglikelihood: -952633	(delta): 0.257532
29 (QN/Block) 	Elapsed: 14.431	Loglikelihood: -952633	(delta): 0.0786342
30 (QN/Block) 	Elapsed: 15.704	Loglikelihood: -952633	(delta): 0.0270365
31 (QN/Block) 	Elapsed: 17.688	Loglikelihood: -952633	(delta): 0.0152235
32 (QN/Block) 	Elapsed: 14.099	Loglikelihood: -952633	(delta): 0.00806188
33 (QN/Block) 	Elapsed: 14.222	Loglikelihood: -952633	(delta): 0.000284808
34 (QN/Block) 	Elapsed: 881.964	Loglikelihood: -952633	(delta): 3.92069e-05
Summary: 
Converged in 34 iterations (1341.51 sec)
Loglikelihood: -952632.665225
Fst divergences between estimated populations: 
	Pop0	Pop1	Pop2	Pop3	Pop4	Pop5	Pop6	Pop7	Pop8	Pop9	Pop10	Pop11	Pop12	Pop13	Pop14	Pop15	Pop16	Pop17	Pop18	Pop19	Pop20	Pop21	Pop22	
Pop0	
Pop1	0.270	
Pop2	0.389	0.338	
Pop3	0.522	0.432	0.570	
Pop4	0.535	0.434	0.580	0.601	
Pop5	0.347	0.173	0.391	0.439	0.446	
Pop6	0.445	0.362	0.483	0.264	0.524	0.371	
Pop7	0.360	0.217	0.405	0.419	0.451	0.165	0.356	
Pop8	0.520	0.409	0.571	0.592	0.428	0.415	0.504	0.419	
Pop9	0.476	0.388	0.518	0.432	0.546	0.393	0.317	0.372	0.531	
Pop10	0.400	0.261	0.446	0.469	0.497	0.211	0.399	0.163	0.469	0.424	
Pop11	0.151	0.227	0.346	0.488	0.508	0.316	0.413	0.327	0.490	0.441	0.371	
Pop12	0.322	0.317	0.405	0.567	0.577	0.384	0.483	0.398	0.567	0.516	0.439	0.259	
Pop13	0.477	0.388	0.521	0.452	0.549	0.403	0.332	0.386	0.533	0.325	0.436	0.443	0.522	
Pop14	0.258	0.238	0.302	0.470	0.495	0.302	0.396	0.316	0.473	0.431	0.356	0.208	0.315	0.425	
Pop15	0.407	0.362	0.277	0.597	0.603	0.419	0.512	0.433	0.598	0.545	0.474	0.359	0.398	0.550	0.341	
Pop16	0.449	0.362	0.491	0.196	0.528	0.363	0.171	0.336	0.508	0.347	0.385	0.418	0.489	0.370	0.401	0.516	
Pop17	0.747	0.679	0.798	0.846	0.808	0.704	0.765	0.705	0.825	0.793	0.743	0.722	0.790	0.796	0.708	0.817	0.770	
Pop18	0.470	0.387	0.514	0.429	0.546	0.400	0.287	0.385	0.532	0.285	0.434	0.437	0.513	0.293	0.424	0.540	0.345	0.793	
Pop19	0.746	0.678	0.796	0.845	0.807	0.702	0.764	0.703	0.824	0.791	0.742	0.720	0.789	0.794	0.706	0.816	0.769	0.521	0.791	
Pop20	0.199	0.230	0.315	0.472	0.492	0.308	0.398	0.319	0.474	0.430	0.362	0.118	0.277	0.428	0.140	0.340	0.403	0.704	0.424	0.703	
Pop21	0.257	0.225	0.280	0.477	0.501	0.294	0.398	0.312	0.483	0.435	0.354	0.207	0.307	0.433	0.140	0.323	0.405	0.718	0.427	0.716	0.159	
Pop22	0.329	0.130	0.375	0.433	0.425	0.151	0.364	0.208	0.393	0.386	0.255	0.298	0.369	0.396	0.285	0.401	0.362	0.690	0.392	0.689	0.289	0.278	
Pop23	0.232	0.187	0.304	0.443	0.473	0.260	0.370	0.276	0.449	0.402	0.317	0.179	0.287	0.399	0.144	0.331	0.375	0.685	0.394	0.684	0.165	0.159	0.241	
CV error (K=24): 0.14345
Writing output files.
