****                   ADMIXTURE Version 1.3.0                  ****
****                    Copyright 2008-2015                     ****
****           David Alexander, Suyash Shringarpure,            ****
****                John  Novembre, Ken Lange                   ****
****                                                            ****
****                 Please cite our paper!                     ****
****   Information at www.genetics.ucla.edu/software/admixture  ****

Cross-validation will be performed.  Folds=10.
Parallel execution requested.  Will use 8 threads.
Random seed: 20261936
Point estimation method: Block relaxation algorithm
Convergence acceleration algorithm: QuasiNewton, 3 secant conditions
Point estimation will terminate when objective function delta < 0.0001
Estimation of standard errors disabled; will compute point estimates only.
Size of G: 380x17027
Performing five EM steps to prime main algorithm
1 (EM) 	Elapsed: 5.836	Loglikelihood: -2.09568e+06	(delta): 6.3139e+06
2 (EM) 	Elapsed: 5.784	Loglikelihood: -1.91045e+06	(delta): 185228
3 (EM) 	Elapsed: 5.807	Loglikelihood: -1.88493e+06	(delta): 25521.7
4 (EM) 	Elapsed: 5.785	Loglikelihood: -1.86938e+06	(delta): 15548.9
5 (EM) 	Elapsed: 5.808	Loglikelihood: -1.85569e+06	(delta): 13690.7
Initial loglikelihood: -1.85569e+06
Starting main algorithm
1 (QN/Block) 	Elapsed: 2.484	Loglikelihood: -1.36658e+06	(delta): 489107
2 (QN/Block) 	Elapsed: 2.513	Loglikelihood: -1.16179e+06	(delta): 204794
3 (QN/Block) 	Elapsed: 4.507	Loglikelihood: -1.1075e+06	(delta): 54289.7
4 (QN/Block) 	Elapsed: 3.479	Loglikelihood: -1.07864e+06	(delta): 28858.9
5 (QN/Block) 	Elapsed: 3.414	Loglikelihood: -1.06362e+06	(delta): 15017.1
6 (QN/Block) 	Elapsed: 3.401	Loglikelihood: -1.05591e+06	(delta): 7713.74
7 (QN/Block) 	Elapsed: 3.911	Loglikelihood: -1.05402e+06	(delta): 1893.42
8 (QN/Block) 	Elapsed: 4.749	Loglikelihood: -1.05341e+06	(delta): 604.799
9 (QN/Block) 	Elapsed: 3.468	Loglikelihood: -1.05326e+06	(delta): 155.135
10 (QN/Block) 	Elapsed: 4.846	Loglikelihood: -1.05319e+06	(delta): 61.3168
11 (QN/Block) 	Elapsed: 3.479	Loglikelihood: -1.05317e+06	(delta): 27.3232
12 (QN/Block) 	Elapsed: 3.939	Loglikelihood: -1.05316e+06	(delta): 4.63269
13 (QN/Block) 	Elapsed: 3.868	Loglikelihood: -1.05316e+06	(delta): 0.226271
14 (QN/Block) 	Elapsed: 3.441	Loglikelihood: -1.05316e+06	(delta): 0.0847287
15 (QN/Block) 	Elapsed: 3.426	Loglikelihood: -1.05316e+06	(delta): 0.0529371
16 (QN/Block) 	Elapsed: 3.475	Loglikelihood: -1.05316e+06	(delta): 0.0130011
17 (QN/Block) 	Elapsed: 3.52	Loglikelihood: -1.05316e+06	(delta): 0.0030071
18 (QN/Block) 	Elapsed: 4.742	Loglikelihood: -1.05316e+06	(delta): 0.000531118
19 (QN/Block) 	Elapsed: 3.487	Loglikelihood: -1.05316e+06	(delta): 2.02719e-05
Summary: 
Converged in 19 iterations (110.153 sec)
Loglikelihood: -1053161.544745
Fst divergences between estimated populations: 
	Pop0	Pop1	Pop2	Pop3	Pop4	Pop5	Pop6	Pop7	Pop8	Pop9	Pop10	Pop11	
Pop0	
Pop1	0.267	
Pop2	0.507	0.441	
Pop3	0.355	0.292	0.373	
Pop4	0.787	0.725	0.786	0.681	
Pop5	0.376	0.348	0.511	0.366	0.791	
Pop6	0.455	0.388	0.298	0.323	0.732	0.460	
Pop7	0.300	0.206	0.409	0.265	0.695	0.303	0.361	
Pop8	0.385	0.326	0.353	0.185	0.693	0.398	0.313	0.299	
Pop9	0.496	0.434	0.458	0.329	0.735	0.502	0.401	0.407	0.357	
Pop10	0.476	0.413	0.185	0.350	0.758	0.481	0.231	0.381	0.340	0.430	
Pop11	0.303	0.219	0.420	0.259	0.714	0.294	0.370	0.124	0.298	0.418	0.389	
Pop12	0.271	0.176	0.381	0.213	0.673	0.294	0.331	0.130	0.254	0.383	0.354	0.142	
CV error (K=13): 0.14324
Writing output files.
