****                   ADMIXTURE Version 1.3.0                  ****
****                    Copyright 2008-2015                     ****
****           David Alexander, Suyash Shringarpure,            ****
****                John  Novembre, Ken Lange                   ****
****                                                            ****
****                 Please cite our paper!                     ****
****   Information at www.genetics.ucla.edu/software/admixture  ****

Cross-validation will be performed.  Folds=10.
Parallel execution requested.  Will use 8 threads.
Random seed: 20261937
Point estimation method: Block relaxation algorithm
Convergence acceleration algorithm: QuasiNewton, 3 secant conditions
Point estimation will terminate when objective function delta < 0.0001
Estimation of standard errors disabled; will compute point estimates only.
Size of G: 380x17027
Performing five EM steps to prime main algorithm
1 (EM) 	Elapsed: 6.738	Loglikelihood: -2.09583e+06	(delta): 6.29652e+06
2 (EM) 	Elapsed: 6.644	Loglikelihood: -1.91049e+06	(delta): 185338
3 (EM) 	Elapsed: 6.662	Loglikelihood: -1.88616e+06	(delta): 24332.3
4 (EM) 	Elapsed: 6.967	Loglikelihood: -1.87218e+06	(delta): 13978.8
5 (EM) 	Elapsed: 6.659	Loglikelihood: -1.86028e+06	(delta): 11900.3
Initial loglikelihood: -1.86028e+06
Starting main algorithm
1 (QN/Block) 	Elapsed: 2.706	Loglikelihood: -1.38483e+06	(delta): 475448
2 (QN/Block) 	Elapsed: 2.941	Loglikelihood: -1.18549e+06	(delta): 199349
3 (QN/Block) 	Elapsed: 5.151	Loglikelihood: -1.11615e+06	(delta): 69333.5
4 (QN/Block) 	Elapsed: 4.258	Loglikelihood: -1.07737e+06	(delta): 38782.4
5 (QN/Block) 	Elapsed: 4.723	Loglikelihood: -1.05574e+06	(delta): 21632.3
6 (QN/Block) 	Elapsed: 3.74	Loglikelihood: -1.04609e+06	(delta): 9649.05
7 (QN/Block) 	Elapsed: 3.68	Loglikelihood: -1.04175e+06	(delta): 4338.17
8 (QN/Block) 	Elapsed: 3.765	Loglikelihood: -1.03995e+06	(delta): 1800.89
9 (QN/Block) 	Elapsed: 3.716	Loglikelihood: -1.03944e+06	(delta): 507.563
10 (QN/Block) 	Elapsed: 3.664	Loglikelihood: -1.0394e+06	(delta): 39.0445
11 (QN/Block) 	Elapsed: 3.688	Loglikelihood: -1.03939e+06	(delta): 12.0481
12 (QN/Block) 	Elapsed: 3.694	Loglikelihood: -1.03939e+06	(delta): 3.48318
13 (QN/Block) 	Elapsed: 3.685	Loglikelihood: -1.03939e+06	(delta): 0.682393
14 (QN/Block) 	Elapsed: 3.738	Loglikelihood: -1.03939e+06	(delta): 0.0143692
15 (QN/Block) 	Elapsed: 3.727	Loglikelihood: -1.03939e+06	(delta): 0.0121707
16 (QN/Block) 	Elapsed: 3.857	Loglikelihood: -1.03939e+06	(delta): 0.000177158
17 (QN/Block) 	Elapsed: 3.79	Loglikelihood: -1.03939e+06	(delta): 1.23215e-05
Summary: 
Converged in 17 iterations (109.506 sec)
Loglikelihood: -1039386.283205
Fst divergences between estimated populations: 
	Pop0	Pop1	Pop2	Pop3	Pop4	Pop5	Pop6	Pop7	Pop8	Pop9	Pop10	Pop11	Pop12	
Pop0	
Pop1	0.496	
Pop2	0.520	0.281	
Pop3	0.347	0.421	0.446	
Pop4	0.398	0.352	0.365	0.324	
Pop5	0.376	0.492	0.514	0.266	0.385	
Pop6	0.309	0.370	0.398	0.196	0.263	0.286	
Pop7	0.303	0.391	0.420	0.203	0.299	0.300	0.146	
Pop8	0.483	0.283	0.308	0.413	0.343	0.478	0.365	0.383	
Pop9	0.502	0.434	0.459	0.433	0.357	0.496	0.391	0.407	0.432	
Pop10	0.296	0.404	0.433	0.218	0.299	0.305	0.163	0.126	0.393	0.420	
Pop11	0.511	0.350	0.361	0.440	0.353	0.507	0.389	0.409	0.188	0.459	0.422	
Pop12	0.366	0.359	0.377	0.290	0.185	0.354	0.222	0.264	0.352	0.329	0.260	0.373	
Pop13	0.790	0.764	0.790	0.724	0.692	0.786	0.678	0.696	0.759	0.734	0.716	0.785	0.680	
CV error (K=14): 0.14153
Writing output files.
