****                   ADMIXTURE Version 1.3.0                  ****
****                    Copyright 2008-2015                     ****
****           David Alexander, Suyash Shringarpure,            ****
****                John  Novembre, Ken Lange                   ****
****                                                            ****
****                 Please cite our paper!                     ****
****   Information at www.genetics.ucla.edu/software/admixture  ****

Cross-validation will be performed.  Folds=10.
Parallel execution requested.  Will use 8 threads.
Random seed: 20261938
Point estimation method: Block relaxation algorithm
Convergence acceleration algorithm: QuasiNewton, 3 secant conditions
Point estimation will terminate when objective function delta < 0.0001
Estimation of standard errors disabled; will compute point estimates only.
Size of G: 380x17027
Performing five EM steps to prime main algorithm
1 (EM) 	Elapsed: 7.462	Loglikelihood: -2.09535e+06	(delta): 6.28098e+06
2 (EM) 	Elapsed: 7.404	Loglikelihood: -1.90934e+06	(delta): 186012
3 (EM) 	Elapsed: 7.386	Loglikelihood: -1.88454e+06	(delta): 24802.2
4 (EM) 	Elapsed: 7.367	Loglikelihood: -1.86957e+06	(delta): 14972.4
5 (EM) 	Elapsed: 7.398	Loglikelihood: -1.8563e+06	(delta): 13263.4
Initial loglikelihood: -1.8563e+06
Starting main algorithm
1 (QN/Block) 	Elapsed: 2.799	Loglikelihood: -1.35802e+06	(delta): 498283
2 (QN/Block) 	Elapsed: 2.893	Loglikelihood: -1.16084e+06	(delta): 197183
3 (QN/Block) 	Elapsed: 4.028	Loglikelihood: -1.10274e+06	(delta): 58102.1
4 (QN/Block) 	Elapsed: 5.374	Loglikelihood: -1.06619e+06	(delta): 36545
5 (QN/Block) 	Elapsed: 5.395	Loglikelihood: -1.04648e+06	(delta): 19706.1
6 (QN/Block) 	Elapsed: 4.225	Loglikelihood: -1.03656e+06	(delta): 9922.29
7 (QN/Block) 	Elapsed: 3.854	Loglikelihood: -1.03285e+06	(delta): 3710.34
8 (QN/Block) 	Elapsed: 3.857	Loglikelihood: -1.03098e+06	(delta): 1868.51
9 (QN/Block) 	Elapsed: 3.906	Loglikelihood: -1.03031e+06	(delta): 678.207
10 (QN/Block) 	Elapsed: 4.064	Loglikelihood: -1.03007e+06	(delta): 231.506
11 (QN/Block) 	Elapsed: 5.345	Loglikelihood: -1.02998e+06	(delta): 93.7128
12 (QN/Block) 	Elapsed: 3.865	Loglikelihood: -1.02991e+06	(delta): 71.751
13 (QN/Block) 	Elapsed: 4.24	Loglikelihood: -1.02989e+06	(delta): 16.6844
14 (QN/Block) 	Elapsed: 4.005	Loglikelihood: -1.02989e+06	(delta): 3.50738
15 (QN/Block) 	Elapsed: 4.513	Loglikelihood: -1.02989e+06	(delta): 0.550341
16 (QN/Block) 	Elapsed: 4.103	Loglikelihood: -1.02989e+06	(delta): 0.0413811
17 (QN/Block) 	Elapsed: 5.674	Loglikelihood: -1.02989e+06	(delta): 0.12745
18 (QN/Block) 	Elapsed: 5.534	Loglikelihood: -1.02989e+06	(delta): 0.724982
19 (QN/Block) 	Elapsed: 4.047	Loglikelihood: -1.02989e+06	(delta): 0.00442751
20 (QN/Block) 	Elapsed: 4.127	Loglikelihood: -1.02989e+06	(delta): 0.00043636
21 (QN/Block) 	Elapsed: 4.246	Loglikelihood: -1.02989e+06	(delta): 6.26779e-05
Summary: 
Converged in 21 iterations (140.86 sec)
Loglikelihood: -1029886.605342
Fst divergences between estimated populations: 
	Pop0	Pop1	Pop2	Pop3	Pop4	Pop5	Pop6	Pop7	Pop8	Pop9	Pop10	Pop11	Pop12	Pop13	
Pop0	
Pop1	0.271	
Pop2	0.385	0.254	
Pop3	0.507	0.381	0.353	
Pop4	0.302	0.141	0.298	0.419	
Pop5	0.490	0.360	0.349	0.347	0.399	
Pop6	0.496	0.383	0.357	0.458	0.418	0.432	
Pop7	0.787	0.673	0.693	0.786	0.711	0.763	0.735	
Pop8	0.515	0.390	0.366	0.362	0.431	0.277	0.459	0.792	
Pop9	0.404	0.291	0.392	0.509	0.275	0.489	0.498	0.796	0.518	
Pop10	0.300	0.130	0.299	0.409	0.123	0.389	0.407	0.695	0.421	0.292	
Pop11	0.397	0.316	0.420	0.535	0.319	0.518	0.523	0.815	0.545	0.276	0.328	
Pop12	0.267	0.176	0.326	0.441	0.217	0.421	0.434	0.726	0.448	0.356	0.206	0.370	
Pop13	0.477	0.355	0.341	0.186	0.389	0.278	0.431	0.759	0.307	0.478	0.382	0.506	0.414	
Pop14	0.355	0.213	0.185	0.373	0.259	0.358	0.329	0.681	0.378	0.362	0.265	0.388	0.292	0.351	
CV error (K=15): 0.14157
Writing output files.
