****                   ADMIXTURE Version 1.3.0                  ****
****                    Copyright 2008-2015                     ****
****           David Alexander, Suyash Shringarpure,            ****
****                John  Novembre, Ken Lange                   ****
****                                                            ****
****                 Please cite our paper!                     ****
****   Information at www.genetics.ucla.edu/software/admixture  ****

Cross-validation will be performed.  Folds=10.
Parallel execution requested.  Will use 8 threads.
Random seed: 20261941
Point estimation method: Block relaxation algorithm
Convergence acceleration algorithm: QuasiNewton, 3 secant conditions
Point estimation will terminate when objective function delta < 0.0001
Estimation of standard errors disabled; will compute point estimates only.
Size of G: 380x17027
Performing five EM steps to prime main algorithm
1 (EM) 	Elapsed: 10.357	Loglikelihood: -2.09638e+06	(delta): 6.25558e+06
2 (EM) 	Elapsed: 10.35	Loglikelihood: -1.90613e+06	(delta): 190249
3 (EM) 	Elapsed: 10.305	Loglikelihood: -1.88078e+06	(delta): 25354.2
4 (EM) 	Elapsed: 10.505	Loglikelihood: -1.86551e+06	(delta): 15266.5
5 (EM) 	Elapsed: 10.324	Loglikelihood: -1.85202e+06	(delta): 13490.8
Initial loglikelihood: -1.85202e+06
Starting main algorithm
1 (QN/Block) 	Elapsed: 3.336	Loglikelihood: -1.33063e+06	(delta): 521388
2 (QN/Block) 	Elapsed: 3.401	Loglikelihood: -1.15557e+06	(delta): 175064
3 (QN/Block) 	Elapsed: 5.328	Loglikelihood: -1.07338e+06	(delta): 82185.2
4 (QN/Block) 	Elapsed: 6.374	Loglikelihood: -1.01939e+06	(delta): 53990.4
5 (QN/Block) 	Elapsed: 4.644	Loglikelihood: -1.00203e+06	(delta): 17361.1
6 (QN/Block) 	Elapsed: 4.628	Loglikelihood: -995815	(delta): 6215.91
7 (QN/Block) 	Elapsed: 4.624	Loglikelihood: -993563	(delta): 2252.04
8 (QN/Block) 	Elapsed: 4.645	Loglikelihood: -992758	(delta): 805.095
9 (QN/Block) 	Elapsed: 6.349	Loglikelihood: -992459	(delta): 299.177
10 (QN/Block) 	Elapsed: 6.36	Loglikelihood: -992331	(delta): 127.672
11 (QN/Block) 	Elapsed: 6.385	Loglikelihood: -992231	(delta): 99.9544
12 (QN/Block) 	Elapsed: 4.974	Loglikelihood: -992070	(delta): 161.331
13 (QN/Block) 	Elapsed: 5.398	Loglikelihood: -991721	(delta): 348.703
14 (QN/Block) 	Elapsed: 4.814	Loglikelihood: -991583	(delta): 138.455
15 (QN/Block) 	Elapsed: 4.788	Loglikelihood: -991558	(delta): 24.5844
16 (QN/Block) 	Elapsed: 4.662	Loglikelihood: -991545	(delta): 13.1218
17 (QN/Block) 	Elapsed: 4.729	Loglikelihood: -991539	(delta): 5.96337
18 (QN/Block) 	Elapsed: 6.351	Loglikelihood: -991538	(delta): 1.01505
19 (QN/Block) 	Elapsed: 6.354	Loglikelihood: -991538	(delta): 0.182509
20 (QN/Block) 	Elapsed: 6.357	Loglikelihood: -991537	(delta): 0.156884
21 (QN/Block) 	Elapsed: 6.327	Loglikelihood: -991537	(delta): 0.0767843
22 (QN/Block) 	Elapsed: 5.212	Loglikelihood: -991537	(delta): 0.0299649
23 (QN/Block) 	Elapsed: 5.881	Loglikelihood: -991537	(delta): 0.0278005
24 (QN/Block) 	Elapsed: 6.493	Loglikelihood: -991537	(delta): 0.0141764
25 (QN/Block) 	Elapsed: 6.527	Loglikelihood: -991537	(delta): 0.0109004
26 (QN/Block) 	Elapsed: 6.4	Loglikelihood: -991537	(delta): 0.00166327
27 (QN/Block) 	Elapsed: 4.97	Loglikelihood: -991537	(delta): 0.00189085
28 (QN/Block) 	Elapsed: 5.013	Loglikelihood: -991537	(delta): 3.59844e-05
Summary: 
Converged in 28 iterations (223.194 sec)
Loglikelihood: -991537.324372
Fst divergences between estimated populations: 
	Pop0	Pop1	Pop2	Pop3	Pop4	Pop5	Pop6	Pop7	Pop8	Pop9	Pop10	Pop11	Pop12	Pop13	Pop14	Pop15	Pop16	
Pop0	
Pop1	0.385	
Pop2	0.301	0.511	
Pop3	0.364	0.347	0.494	
Pop4	0.359	0.186	0.482	0.278	
Pop5	0.634	0.743	0.761	0.713	0.712	
Pop6	0.258	0.353	0.399	0.350	0.342	0.622	
Pop7	0.598	0.709	0.735	0.680	0.679	0.960	0.594	
Pop8	0.443	0.530	0.575	0.502	0.500	0.747	0.413	0.629	
Pop9	0.223	0.463	0.382	0.444	0.436	0.704	0.346	0.675	0.518	
Pop10	0.395	0.362	0.520	0.277	0.307	0.746	0.366	0.714	0.532	0.472	
Pop11	0.677	0.786	0.792	0.763	0.759	0.987	0.693	0.972	0.823	0.742	0.792	
Pop12	0.151	0.423	0.298	0.404	0.393	0.679	0.302	0.645	0.484	0.255	0.435	0.718	
Pop13	0.160	0.420	0.318	0.400	0.393	0.660	0.311	0.628	0.476	0.197	0.429	0.703	0.158	
Pop14	0.172	0.434	0.338	0.414	0.408	0.681	0.318	0.650	0.492	0.149	0.441	0.720	0.210	0.119	
Pop15	0.139	0.416	0.314	0.396	0.390	0.662	0.305	0.630	0.473	0.254	0.430	0.705	0.138	0.138	0.208	
Pop16	0.280	0.507	0.377	0.491	0.478	0.757	0.386	0.729	0.568	0.319	0.516	0.788	0.308	0.277	0.259	0.314	
Pop17	0.217	0.373	0.367	0.358	0.352	0.604	0.186	0.566	0.387	0.313	0.379	0.681	0.263	0.277	0.285	0.271	0.356	
CV error (K=18): 0.13932
Writing output files.
