****                   ADMIXTURE Version 1.3.0                  ****
****                    Copyright 2008-2015                     ****
****           David Alexander, Suyash Shringarpure,            ****
****                John  Novembre, Ken Lange                   ****
****                                                            ****
****                 Please cite our paper!                     ****
****   Information at www.genetics.ucla.edu/software/admixture  ****

Cross-validation will be performed.  Folds=10.
Parallel execution requested.  Will use 8 threads.
Random seed: 20261942
Point estimation method: Block relaxation algorithm
Convergence acceleration algorithm: QuasiNewton, 3 secant conditions
Point estimation will terminate when objective function delta < 0.0001
Estimation of standard errors disabled; will compute point estimates only.
Size of G: 380x17027
Performing five EM steps to prime main algorithm
1 (EM) 	Elapsed: 11.287	Loglikelihood: -2.09418e+06	(delta): 6.23227e+06
2 (EM) 	Elapsed: 11.266	Loglikelihood: -1.90638e+06	(delta): 187802
3 (EM) 	Elapsed: 11.261	Loglikelihood: -1.88222e+06	(delta): 24162.1
4 (EM) 	Elapsed: 11.251	Loglikelihood: -1.86808e+06	(delta): 14140.2
5 (EM) 	Elapsed: 11.227	Loglikelihood: -1.85603e+06	(delta): 12050.3
Initial loglikelihood: -1.85603e+06
Starting main algorithm
1 (QN/Block) 	Elapsed: 3.457	Loglikelihood: -1.34403e+06	(delta): 512001
2 (QN/Block) 	Elapsed: 3.599	Loglikelihood: -1.12025e+06	(delta): 223778
3 (QN/Block) 	Elapsed: 5.607	Loglikelihood: -1.04885e+06	(delta): 71400.2
4 (QN/Block) 	Elapsed: 4.946	Loglikelihood: -1.01039e+06	(delta): 38463.2
5 (QN/Block) 	Elapsed: 6.662	Loglikelihood: -993744	(delta): 16643.6
6 (QN/Block) 	Elapsed: 4.884	Loglikelihood: -987586	(delta): 6157.82
7 (QN/Block) 	Elapsed: 4.855	Loglikelihood: -985459	(delta): 2127.79
8 (QN/Block) 	Elapsed: 4.853	Loglikelihood: -984107	(delta): 1351.79
9 (QN/Block) 	Elapsed: 4.861	Loglikelihood: -983126	(delta): 981.202
10 (QN/Block) 	Elapsed: 4.862	Loglikelihood: -982761	(delta): 364.528
11 (QN/Block) 	Elapsed: 5.467	Loglikelihood: -982655	(delta): 105.604
12 (QN/Block) 	Elapsed: 4.94	Loglikelihood: -982633	(delta): 22.1661
13 (QN/Block) 	Elapsed: 4.885	Loglikelihood: -982628	(delta): 4.92114
14 (QN/Block) 	Elapsed: 4.879	Loglikelihood: -982627	(delta): 1.15476
15 (QN/Block) 	Elapsed: 4.875	Loglikelihood: -982627	(delta): 0.131032
16 (QN/Block) 	Elapsed: 6.74	Loglikelihood: -982626	(delta): 0.731848
17 (QN/Block) 	Elapsed: 4.88	Loglikelihood: -982626	(delta): 0.171949
18 (QN/Block) 	Elapsed: 4.878	Loglikelihood: -982626	(delta): 0.0101398
19 (QN/Block) 	Elapsed: 6.669	Loglikelihood: -982626	(delta): 0.0266452
20 (QN/Block) 	Elapsed: 6.678	Loglikelihood: -982626	(delta): 0.0423562
21 (QN/Block) 	Elapsed: 6.803	Loglikelihood: -982626	(delta): 0.0414224
22 (QN/Block) 	Elapsed: 6.742	Loglikelihood: -982626	(delta): 0.0494226
23 (QN/Block) 	Elapsed: 6.666	Loglikelihood: -982626	(delta): 0.0224787
24 (QN/Block) 	Elapsed: 4.901	Loglikelihood: -982626	(delta): 0.0040915
25 (QN/Block) 	Elapsed: 6.729	Loglikelihood: -982626	(delta): 0.00220269
26 (QN/Block) 	Elapsed: 6.952	Loglikelihood: -982626	(delta): 0.00819715
27 (QN/Block) 	Elapsed: 6.771	Loglikelihood: -982626	(delta): 0.0374814
28 (QN/Block) 	Elapsed: 6.768	Loglikelihood: -982626	(delta): 0.05384
29 (QN/Block) 	Elapsed: 6.719	Loglikelihood: -982626	(delta): 0.0158904
30 (QN/Block) 	Elapsed: 4.945	Loglikelihood: -982626	(delta): 0.00673973
31 (QN/Block) 	Elapsed: 4.896	Loglikelihood: -982626	(delta): 0.00114774
32 (QN/Block) 	Elapsed: 4.982	Loglikelihood: -982626	(delta): 0.000341354
33 (QN/Block) 	Elapsed: 5.013	Loglikelihood: -982626	(delta): 0.000161587
34 (QN/Block) 	Elapsed: 6.784	Loglikelihood: -982626	(delta): 3.22026e-05
Summary: 
Converged in 34 iterations (270.236 sec)
Loglikelihood: -982625.867547
Fst divergences between estimated populations: 
	Pop0	Pop1	Pop2	Pop3	Pop4	Pop5	Pop6	Pop7	Pop8	Pop9	Pop10	Pop11	Pop12	Pop13	Pop14	Pop15	Pop16	Pop17	
Pop0	
Pop1	0.340	
Pop2	0.703	0.816	
Pop3	0.306	0.418	0.691	
Pop4	0.139	0.340	0.705	0.301	
Pop5	0.400	0.518	0.763	0.346	0.396	
Pop6	0.277	0.398	0.788	0.383	0.314	0.491	
Pop7	0.158	0.323	0.716	0.297	0.139	0.403	0.307	
Pop8	0.160	0.323	0.677	0.254	0.139	0.364	0.280	0.151	
Pop9	0.659	0.787	0.987	0.617	0.661	0.711	0.756	0.675	0.633	
Pop10	0.315	0.277	0.796	0.390	0.301	0.490	0.404	0.279	0.297	0.766	
Pop11	0.423	0.539	0.790	0.355	0.420	0.350	0.511	0.426	0.389	0.746	0.513	
Pop12	0.430	0.545	0.792	0.362	0.430	0.277	0.516	0.435	0.395	0.745	0.518	0.366	
Pop13	0.197	0.404	0.742	0.343	0.255	0.444	0.320	0.254	0.223	0.704	0.386	0.467	0.472	
Pop14	0.361	0.473	0.741	0.152	0.355	0.405	0.438	0.354	0.309	0.678	0.445	0.411	0.424	0.397	
Pop15	0.467	0.584	0.799	0.409	0.467	0.492	0.555	0.475	0.437	0.715	0.559	0.523	0.521	0.509	0.468	
Pop16	0.119	0.359	0.720	0.313	0.207	0.414	0.259	0.208	0.172	0.679	0.346	0.438	0.440	0.149	0.370	0.482	
Pop17	0.393	0.506	0.759	0.340	0.390	0.278	0.478	0.393	0.359	0.710	0.478	0.189	0.307	0.437	0.393	0.490	0.408	
Pop18	0.278	0.391	0.683	0.180	0.273	0.360	0.358	0.265	0.219	0.603	0.364	0.379	0.380	0.315	0.243	0.389	0.286	0.353	
CV error (K=19): 0.13950
Writing output files.
