****                   ADMIXTURE Version 1.3.0                  ****
****                    Copyright 2008-2015                     ****
****           David Alexander, Suyash Shringarpure,            ****
****                John  Novembre, Ken Lange                   ****
****                                                            ****
****                 Please cite our paper!                     ****
****   Information at www.genetics.ucla.edu/software/admixture  ****

Cross-validation will be performed.  Folds=10.
Parallel execution requested.  Will use 8 threads.
Random seed: 20261945
Point estimation method: Block relaxation algorithm
Convergence acceleration algorithm: QuasiNewton, 3 secant conditions
Point estimation will terminate when objective function delta < 0.0001
Estimation of standard errors disabled; will compute point estimates only.
Size of G: 380x17027
Performing five EM steps to prime main algorithm
1 (EM) 	Elapsed: 14.947	Loglikelihood: -2.09484e+06	(delta): 6.17622e+06
2 (EM) 	Elapsed: 14.758	Loglikelihood: -1.90212e+06	(delta): 192718
3 (EM) 	Elapsed: 17.74	Loglikelihood: -1.87699e+06	(delta): 25129.4
4 (EM) 	Elapsed: 19.151	Loglikelihood: -1.86139e+06	(delta): 15600.6
5 (EM) 	Elapsed: 14.891	Loglikelihood: -1.84688e+06	(delta): 14507.3
Initial loglikelihood: -1.84688e+06
Starting main algorithm
1 (QN/Block) 	Elapsed: 4.097	Loglikelihood: -1.30564e+06	(delta): 541240
2 (QN/Block) 	Elapsed: 4.387	Loglikelihood: -1.10813e+06	(delta): 197514
3 (QN/Block) 	Elapsed: 7.933	Loglikelihood: -1.03955e+06	(delta): 68575
4 (QN/Block) 	Elapsed: 5.717	Loglikelihood: -1.00318e+06	(delta): 36375.3
5 (QN/Block) 	Elapsed: 5.765	Loglikelihood: -985792	(delta): 17384.4
6 (QN/Block) 	Elapsed: 5.839	Loglikelihood: -975450	(delta): 10341.3
7 (QN/Block) 	Elapsed: 5.658	Loglikelihood: -967907	(delta): 7543.42
8 (QN/Block) 	Elapsed: 6.385	Loglikelihood: -963937	(delta): 3970.35
9 (QN/Block) 	Elapsed: 7.877	Loglikelihood: -962140	(delta): 1796.76
10 (QN/Block) 	Elapsed: 7.78	Loglikelihood: -961523	(delta): 617.153
11 (QN/Block) 	Elapsed: 8.06	Loglikelihood: -961282	(delta): 240.5
12 (QN/Block) 	Elapsed: 7.666	Loglikelihood: -961190	(delta): 92.5829
13 (QN/Block) 	Elapsed: 5.614	Loglikelihood: -961151	(delta): 38.4163
14 (QN/Block) 	Elapsed: 5.617	Loglikelihood: -961134	(delta): 17.5625
15 (QN/Block) 	Elapsed: 6.477	Loglikelihood: -961122	(delta): 11.3333
16 (QN/Block) 	Elapsed: 5.688	Loglikelihood: -961109	(delta): 13.6936
17 (QN/Block) 	Elapsed: 6.322	Loglikelihood: -961095	(delta): 13.1903
18 (QN/Block) 	Elapsed: 6.367	Loglikelihood: -961080	(delta): 15.522
19 (QN/Block) 	Elapsed: 6.327	Loglikelihood: -961061	(delta): 18.8443
20 (QN/Block) 	Elapsed: 5.674	Loglikelihood: -961042	(delta): 19.1897
21 (QN/Block) 	Elapsed: 5.659	Loglikelihood: -961008	(delta): 34.237
22 (QN/Block) 	Elapsed: 5.627	Loglikelihood: -960947	(delta): 60.2941
23 (QN/Block) 	Elapsed: 5.662	Loglikelihood: -960805	(delta): 142.259
24 (QN/Block) 	Elapsed: 7.679	Loglikelihood: -960654	(delta): 150.539
25 (QN/Block) 	Elapsed: 7.653	Loglikelihood: -960478	(delta): 176.444
26 (QN/Block) 	Elapsed: 6.3	Loglikelihood: -960253	(delta): 225.004
27 (QN/Block) 	Elapsed: 7.033	Loglikelihood: -959962	(delta): 291.028
28 (QN/Block) 	Elapsed: 7.71	Loglikelihood: -959844	(delta): 118.008
29 (QN/Block) 	Elapsed: 7.005	Loglikelihood: -959807	(delta): 37.2897
30 (QN/Block) 	Elapsed: 5.61	Loglikelihood: -959787	(delta): 19.5152
31 (QN/Block) 	Elapsed: 7.677	Loglikelihood: -959785	(delta): 2.18914
32 (QN/Block) 	Elapsed: 5.683	Loglikelihood: -959785	(delta): 0.155272
33 (QN/Block) 	Elapsed: 5.747	Loglikelihood: -959785	(delta): 0.0140932
34 (QN/Block) 	Elapsed: 5.627	Loglikelihood: -959785	(delta): 0.00567163
35 (QN/Block) 	Elapsed: 5.653	Loglikelihood: -959785	(delta): 0.00106672
36 (QN/Block) 	Elapsed: 5.648	Loglikelihood: -959785	(delta): 0.000195457
37 (QN/Block) 	Elapsed: 5.636	Loglikelihood: -959785	(delta): 8.6762e-06
Summary: 
Converged in 37 iterations (344.865 sec)
Loglikelihood: -959784.803120
Fst divergences between estimated populations: 
	Pop0	Pop1	Pop2	Pop3	Pop4	Pop5	Pop6	Pop7	Pop8	Pop9	Pop10	Pop11	Pop12	Pop13	Pop14	Pop15	Pop16	Pop17	Pop18	Pop19	Pop20	
Pop0	
Pop1	0.353	
Pop2	0.448	0.454	
Pop3	0.398	0.399	0.353	
Pop4	0.402	0.381	0.388	0.171	
Pop5	0.156	0.315	0.413	0.369	0.371	
Pop6	0.297	0.152	0.394	0.347	0.325	0.261	
Pop7	0.206	0.374	0.461	0.415	0.417	0.180	0.318	
Pop8	0.715	0.742	0.814	0.764	0.766	0.682	0.692	0.722	
Pop9	0.674	0.678	0.772	0.717	0.716	0.637	0.617	0.680	0.987	
Pop10	0.223	0.260	0.404	0.362	0.359	0.183	0.199	0.231	0.677	0.610	
Pop11	0.435	0.424	0.353	0.317	0.345	0.400	0.364	0.443	0.791	0.744	0.387	
Pop12	0.322	0.474	0.569	0.512	0.513	0.328	0.419	0.361	0.816	0.787	0.361	0.546	
Pop13	0.474	0.468	0.541	0.496	0.498	0.442	0.410	0.484	0.799	0.715	0.405	0.521	0.584	
Pop14	0.254	0.398	0.492	0.444	0.445	0.226	0.345	0.153	0.744	0.704	0.267	0.474	0.405	0.510	
Pop15	0.136	0.357	0.441	0.396	0.399	0.146	0.304	0.207	0.705	0.660	0.238	0.431	0.339	0.467	0.256	
Pop16	0.428	0.436	0.320	0.289	0.344	0.394	0.377	0.440	0.793	0.746	0.388	0.287	0.542	0.523	0.470	0.425	
Pop17	0.279	0.446	0.539	0.483	0.488	0.303	0.391	0.346	0.796	0.766	0.337	0.518	0.277	0.559	0.388	0.301	0.516	
Pop18	0.505	0.511	0.342	0.430	0.455	0.468	0.450	0.519	0.865	0.833	0.457	0.420	0.627	0.598	0.546	0.494	0.413	0.601	
Pop19	0.475	0.468	0.477	0.264	0.197	0.441	0.409	0.491	0.844	0.810	0.431	0.432	0.597	0.577	0.520	0.469	0.430	0.570	0.549	
Pop20	0.274	0.251	0.411	0.363	0.358	0.237	0.189	0.300	0.688	0.607	0.126	0.385	0.399	0.393	0.325	0.284	0.393	0.374	0.464	0.432	
Pop21	0.306	0.438	0.540	0.483	0.486	0.284	0.384	0.261	0.789	0.755	0.315	0.516	0.398	0.555	0.320	0.314	0.515	0.404	0.596	0.567	0.367	
CV error (K=22): 0.13927
Writing output files.
