****                   ADMIXTURE Version 1.3.0                  ****
****                    Copyright 2008-2015                     ****
****           David Alexander, Suyash Shringarpure,            ****
****                John  Novembre, Ken Lange                   ****
****                                                            ****
****                 Please cite our paper!                     ****
****   Information at www.genetics.ucla.edu/software/admixture  ****

Cross-validation will be performed.  Folds=10.
Parallel execution requested.  Will use 8 threads.
Random seed: 20260925
Point estimation method: Block relaxation algorithm
Convergence acceleration algorithm: QuasiNewton, 3 secant conditions
Point estimation will terminate when objective function delta < 1e-05
Estimation of standard errors disabled; will compute point estimates only.
Size of G: 380x17027
Performing five EM steps to prime main algorithm
1 (EM) 	Elapsed: 4.55	Loglikelihood: -2.09644e+06	(delta): 6.38031e+06
2 (EM) 	Elapsed: 4.372	Loglikelihood: -1.91465e+06	(delta): 181791
3 (EM) 	Elapsed: 4.5	Loglikelihood: -1.88915e+06	(delta): 25498.7
4 (EM) 	Elapsed: 5.011	Loglikelihood: -1.87372e+06	(delta): 15428.2
5 (EM) 	Elapsed: 5.013	Loglikelihood: -1.86019e+06	(delta): 13531.1
Initial loglikelihood: -1.86019e+06
Starting main algorithm
1 (QN/Block) 	Elapsed: 2.343	Loglikelihood: -1.42489e+06	(delta): 435296
2 (QN/Block) 	Elapsed: 2.278	Loglikelihood: -1.23028e+06	(delta): 194615
3 (QN/Block) 	Elapsed: 3.311	Loglikelihood: -1.146e+06	(delta): 84271.6
4 (QN/Block) 	Elapsed: 3.342	Loglikelihood: -1.10401e+06	(delta): 41998.5
5 (QN/Block) 	Elapsed: 3.188	Loglikelihood: -1.08856e+06	(delta): 15450
6 (QN/Block) 	Elapsed: 4.281	Loglikelihood: -1.084e+06	(delta): 4559.49
7 (QN/Block) 	Elapsed: 3.053	Loglikelihood: -1.08238e+06	(delta): 1618.34
8 (QN/Block) 	Elapsed: 4.11	Loglikelihood: -1.08205e+06	(delta): 327.515
9 (QN/Block) 	Elapsed: 3.096	Loglikelihood: -1.082e+06	(delta): 46.8967
10 (QN/Block) 	Elapsed: 3.069	Loglikelihood: -1.082e+06	(delta): 8.41242
11 (QN/Block) 	Elapsed: 3.049	Loglikelihood: -1.082e+06	(delta): 0.222632
12 (QN/Block) 	Elapsed: 3.079	Loglikelihood: -1.082e+06	(delta): 0.127039
13 (QN/Block) 	Elapsed: 3.021	Loglikelihood: -1.082e+06	(delta): 0.00344727
14 (QN/Block) 	Elapsed: 3.136	Loglikelihood: -1.082e+06	(delta): 0.000326536
15 (QN/Block) 	Elapsed: 3.088	Loglikelihood: -1.082e+06	(delta): 0.000129699
16 (QN/Block) 	Elapsed: 3.037	Loglikelihood: -1.082e+06	(delta): 3.97745e-06
Summary: 
Converged in 16 iterations (82.812 sec)
Loglikelihood: -1081995.516820
Fst divergences between estimated populations: 
	Pop0	Pop1	Pop2	Pop3	Pop4	Pop5	Pop6	Pop7	Pop8	Pop9	
Pop0	
Pop1	0.482	
Pop2	0.354	0.353	
Pop3	0.262	0.414	0.287	
Pop4	0.269	0.359	0.212	0.169	
Pop5	0.787	0.764	0.681	0.719	0.672	
Pop6	0.372	0.483	0.362	0.339	0.288	0.788	
Pop7	0.282	0.374	0.245	0.187	0.109	0.687	0.273	
Pop8	0.495	0.437	0.329	0.430	0.382	0.735	0.499	0.396	
Pop9	0.384	0.335	0.184	0.321	0.253	0.691	0.394	0.281	0.356	
Pop10	0.449	0.253	0.318	0.378	0.324	0.726	0.450	0.342	0.395	0.307	
CV error (K=11): 0.14450
Writing output files.
