****                   ADMIXTURE Version 1.3.0                  ****
****                    Copyright 2008-2015                     ****
****           David Alexander, Suyash Shringarpure,            ****
****                John  Novembre, Ken Lange                   ****
****                                                            ****
****                 Please cite our paper!                     ****
****   Information at www.genetics.ucla.edu/software/admixture  ****

Cross-validation will be performed.  Folds=10.
Parallel execution requested.  Will use 8 threads.
Random seed: 20260925
Point estimation method: Block relaxation algorithm
Convergence acceleration algorithm: QuasiNewton, 3 secant conditions
Point estimation will terminate when objective function delta < 1e-05
Estimation of standard errors disabled; will compute point estimates only.
Size of G: 380x17027
Performing five EM steps to prime main algorithm
1 (EM) 	Elapsed: 5.297	Loglikelihood: -2.09582e+06	(delta): 6.34885e+06
2 (EM) 	Elapsed: 5.089	Loglikelihood: -1.91474e+06	(delta): 181082
3 (EM) 	Elapsed: 5.094	Loglikelihood: -1.89075e+06	(delta): 23986.9
4 (EM) 	Elapsed: 5.15	Loglikelihood: -1.87711e+06	(delta): 13639.7
5 (EM) 	Elapsed: 5.187	Loglikelihood: -1.86582e+06	(delta): 11297
Initial loglikelihood: -1.86582e+06
Starting main algorithm
1 (QN/Block) 	Elapsed: 2.352	Loglikelihood: -1.41914e+06	(delta): 446681
2 (QN/Block) 	Elapsed: 2.426	Loglikelihood: -1.23011e+06	(delta): 189027
3 (QN/Block) 	Elapsed: 3.755	Loglikelihood: -1.14139e+06	(delta): 88724
4 (QN/Block) 	Elapsed: 4.474	Loglikelihood: -1.10248e+06	(delta): 38908.3
5 (QN/Block) 	Elapsed: 4.447	Loglikelihood: -1.08567e+06	(delta): 16806.9
6 (QN/Block) 	Elapsed: 4.333	Loglikelihood: -1.0784e+06	(delta): 7273.66
7 (QN/Block) 	Elapsed: 3.173	Loglikelihood: -1.07504e+06	(delta): 3360.09
8 (QN/Block) 	Elapsed: 3.355	Loglikelihood: -1.07236e+06	(delta): 2674.79
9 (QN/Block) 	Elapsed: 4.353	Loglikelihood: -1.07184e+06	(delta): 520.619
10 (QN/Block) 	Elapsed: 4.453	Loglikelihood: -1.07162e+06	(delta): 219.941
11 (QN/Block) 	Elapsed: 3.268	Loglikelihood: -1.0715e+06	(delta): 122.377
12 (QN/Block) 	Elapsed: 3.258	Loglikelihood: -1.07146e+06	(delta): 39.1871
13 (QN/Block) 	Elapsed: 3.189	Loglikelihood: -1.07145e+06	(delta): 5.8769
14 (QN/Block) 	Elapsed: 3.359	Loglikelihood: -1.07145e+06	(delta): 0.471572
15 (QN/Block) 	Elapsed: 3.2	Loglikelihood: -1.07145e+06	(delta): 0.19459
16 (QN/Block) 	Elapsed: 3.266	Loglikelihood: -1.07145e+06	(delta): 0.158488
17 (QN/Block) 	Elapsed: 3.252	Loglikelihood: -1.07145e+06	(delta): 0.103745
18 (QN/Block) 	Elapsed: 3.213	Loglikelihood: -1.07145e+06	(delta): 0.114736
19 (QN/Block) 	Elapsed: 4.412	Loglikelihood: -1.07145e+06	(delta): 0.0594443
20 (QN/Block) 	Elapsed: 3.702	Loglikelihood: -1.07145e+06	(delta): 0.0279779
21 (QN/Block) 	Elapsed: 4.455	Loglikelihood: -1.07145e+06	(delta): 0.028126
22 (QN/Block) 	Elapsed: 3.447	Loglikelihood: -1.07145e+06	(delta): 0.00315048
23 (QN/Block) 	Elapsed: 4.481	Loglikelihood: -1.07145e+06	(delta): 0.000879327
24 (QN/Block) 	Elapsed: 4.444	Loglikelihood: -1.07145e+06	(delta): 0.000734269
25 (QN/Block) 	Elapsed: 4.417	Loglikelihood: -1.07145e+06	(delta): 0.00022049
26 (QN/Block) 	Elapsed: 3.179	Loglikelihood: -1.07145e+06	(delta): 5.48433e-06
Summary: 
Converged in 26 iterations (134.675 sec)
Loglikelihood: -1071452.662233
Fst divergences between estimated populations: 
	Pop0	Pop1	Pop2	Pop3	Pop4	Pop5	Pop6	Pop7	Pop8	Pop9	Pop10	
Pop0	
Pop1	0.373	
Pop2	0.431	0.282	
Pop3	0.390	0.241	0.180	
Pop4	0.742	0.603	0.675	0.635	
Pop5	0.185	0.350	0.403	0.362	0.710	
Pop6	0.353	0.185	0.316	0.276	0.621	0.340	
Pop7	0.298	0.324	0.382	0.342	0.675	0.231	0.313	
Pop8	0.786	0.681	0.716	0.681	0.987	0.758	0.692	0.731	
Pop9	0.505	0.361	0.310	0.268	0.756	0.475	0.392	0.454	0.787	
Pop10	0.518	0.387	0.480	0.441	0.716	0.489	0.413	0.458	0.798	0.556	
Pop11	0.376	0.211	0.160	0.097	0.623	0.350	0.250	0.326	0.668	0.282	0.428	
CV error (K=12): 0.14208
Writing output files.
