****                   ADMIXTURE Version 1.3.0                  ****
****                    Copyright 2008-2015                     ****
****           David Alexander, Suyash Shringarpure,            ****
****                John  Novembre, Ken Lange                   ****
****                                                            ****
****                 Please cite our paper!                     ****
****   Information at www.genetics.ucla.edu/software/admixture  ****

Cross-validation will be performed.  Folds=10.
Parallel execution requested.  Will use 8 threads.
Random seed: 20260925
Point estimation method: Block relaxation algorithm
Convergence acceleration algorithm: QuasiNewton, 3 secant conditions
Point estimation will terminate when objective function delta < 1e-05
Estimation of standard errors disabled; will compute point estimates only.
Size of G: 380x17027
Performing five EM steps to prime main algorithm
1 (EM) 	Elapsed: 6.778	Loglikelihood: -2.0956e+06	(delta): 6.3015e+06
2 (EM) 	Elapsed: 6.623	Loglikelihood: -1.91055e+06	(delta): 185047
3 (EM) 	Elapsed: 6.611	Loglikelihood: -1.88536e+06	(delta): 25188.3
4 (EM) 	Elapsed: 6.54	Loglikelihood: -1.86988e+06	(delta): 15487.7
5 (EM) 	Elapsed: 6.615	Loglikelihood: -1.85576e+06	(delta): 14117.1
Initial loglikelihood: -1.85576e+06
Starting main algorithm
1 (QN/Block) 	Elapsed: 2.61	Loglikelihood: -1.37631e+06	(delta): 479447
2 (QN/Block) 	Elapsed: 2.732	Loglikelihood: -1.20846e+06	(delta): 167851
3 (QN/Block) 	Elapsed: 3.77	Loglikelihood: -1.14168e+06	(delta): 66785
4 (QN/Block) 	Elapsed: 4.325	Loglikelihood: -1.08194e+06	(delta): 59734.3
5 (QN/Block) 	Elapsed: 5.036	Loglikelihood: -1.05716e+06	(delta): 24778.6
6 (QN/Block) 	Elapsed: 3.663	Loglikelihood: -1.05014e+06	(delta): 7027.18
7 (QN/Block) 	Elapsed: 3.733	Loglikelihood: -1.04823e+06	(delta): 1905.98
8 (QN/Block) 	Elapsed: 3.822	Loglikelihood: -1.04765e+06	(delta): 584.063
9 (QN/Block) 	Elapsed: 3.682	Loglikelihood: -1.04738e+06	(delta): 261.628
10 (QN/Block) 	Elapsed: 5.163	Loglikelihood: -1.04698e+06	(delta): 408.371
11 (QN/Block) 	Elapsed: 4.979	Loglikelihood: -1.04582e+06	(delta): 1150.9
12 (QN/Block) 	Elapsed: 5.118	Loglikelihood: -1.04385e+06	(delta): 1977.56
13 (QN/Block) 	Elapsed: 5.004	Loglikelihood: -1.04253e+06	(delta): 1321.08
14 (QN/Block) 	Elapsed: 4.097	Loglikelihood: -1.04187e+06	(delta): 654.327
15 (QN/Block) 	Elapsed: 3.778	Loglikelihood: -1.04164e+06	(delta): 228.536
16 (QN/Block) 	Elapsed: 4.345	Loglikelihood: -1.04153e+06	(delta): 116.8
17 (QN/Block) 	Elapsed: 3.998	Loglikelihood: -1.0415e+06	(delta): 24.7401
18 (QN/Block) 	Elapsed: 4.006	Loglikelihood: -1.04149e+06	(delta): 8.56654
19 (QN/Block) 	Elapsed: 3.978	Loglikelihood: -1.04149e+06	(delta): 2.36876
20 (QN/Block) 	Elapsed: 4.005	Loglikelihood: -1.04149e+06	(delta): 0.633812
21 (QN/Block) 	Elapsed: 6.065	Loglikelihood: -1.04149e+06	(delta): 0.205462
22 (QN/Block) 	Elapsed: 229.068	Loglikelihood: -1.04149e+06	(delta): 0.0726019
23 (QN/Block) 	Elapsed: 12.82	Loglikelihood: -1.04149e+06	(delta): 0.0467778
24 (QN/Block) 	Elapsed: 9.921	Loglikelihood: -1.04149e+06	(delta): 0.0163943
25 (QN/Block) 	Elapsed: 9.608	Loglikelihood: -1.04149e+06	(delta): 0.00468784
26 (QN/Block) 	Elapsed: 6.781	Loglikelihood: -1.04149e+06	(delta): 0.00475051
27 (QN/Block) 	Elapsed: 30.319	Loglikelihood: -1.04149e+06	(delta): 0.00127802
28 (QN/Block) 	Elapsed: 8.175	Loglikelihood: -1.04149e+06	(delta): 9.55292e-06
Summary: 
Converged in 28 iterations (447.521 sec)
Loglikelihood: -1041489.879951
Fst divergences between estimated populations: 
	Pop0	Pop1	Pop2	Pop3	Pop4	Pop5	Pop6	Pop7	Pop8	Pop9	Pop10	Pop11	Pop12	
Pop0	
Pop1	0.214	
Pop2	0.742	0.673	
Pop3	0.454	0.384	0.735	
Pop4	0.232	0.115	0.691	0.399	
Pop5	0.343	0.250	0.690	0.351	0.280	
Pop6	0.412	0.331	0.731	0.401	0.350	0.308	
Pop7	0.467	0.385	0.790	0.462	0.402	0.355	0.302	
Pop8	0.378	0.292	0.789	0.500	0.277	0.393	0.457	0.511	
Pop9	0.147	0.156	0.710	0.421	0.168	0.307	0.374	0.429	0.323	
Pop10	0.436	0.355	0.758	0.430	0.370	0.339	0.231	0.188	0.478	0.398	
Pop11	0.313	0.215	0.682	0.331	0.248	0.180	0.325	0.378	0.365	0.279	0.351	
Pop12	0.397	0.305	0.741	0.409	0.334	0.152	0.367	0.411	0.446	0.363	0.392	0.242	
Pop13	0.319	0.273	0.788	0.496	0.288	0.383	0.456	0.511	0.373	0.252	0.477	0.356	0.438	
CV error (K=14): 0.14263
Writing output files.
