****                   ADMIXTURE Version 1.3.0                  ****
****                    Copyright 2008-2015                     ****
****           David Alexander, Suyash Shringarpure,            ****
****                John  Novembre, Ken Lange                   ****
****                                                            ****
****                 Please cite our paper!                     ****
****   Information at www.genetics.ucla.edu/software/admixture  ****

Cross-validation will be performed.  Folds=10.
Parallel execution requested.  Will use 8 threads.
Random seed: 20260925
Point estimation method: Block relaxation algorithm
Convergence acceleration algorithm: QuasiNewton, 3 secant conditions
Point estimation will terminate when objective function delta < 1e-05
Estimation of standard errors disabled; will compute point estimates only.
Size of G: 380x17027
Performing five EM steps to prime main algorithm
1 (EM) 	Elapsed: 7.441	Loglikelihood: -2.09614e+06	(delta): 6.28704e+06
2 (EM) 	Elapsed: 7.417	Loglikelihood: -1.91079e+06	(delta): 185348
3 (EM) 	Elapsed: 7.405	Loglikelihood: -1.88616e+06	(delta): 24635.4
4 (EM) 	Elapsed: 7.729	Loglikelihood: -1.87152e+06	(delta): 14642.4
5 (EM) 	Elapsed: 7.41	Loglikelihood: -1.85856e+06	(delta): 12960.4
Initial loglikelihood: -1.85856e+06
Starting main algorithm
1 (QN/Block) 	Elapsed: 2.762	Loglikelihood: -1.35559e+06	(delta): 502962
2 (QN/Block) 	Elapsed: 2.86	Loglikelihood: -1.15705e+06	(delta): 198543
3 (QN/Block) 	Elapsed: 3.951	Loglikelihood: -1.08592e+06	(delta): 71130.1
4 (QN/Block) 	Elapsed: 4.368	Loglikelihood: -1.0521e+06	(delta): 33823.6
5 (QN/Block) 	Elapsed: 3.886	Loglikelihood: -1.03936e+06	(delta): 12734.2
6 (QN/Block) 	Elapsed: 3.869	Loglikelihood: -1.03493e+06	(delta): 4433.6
7 (QN/Block) 	Elapsed: 4.309	Loglikelihood: -1.03392e+06	(delta): 1007.88
8 (QN/Block) 	Elapsed: 3.852	Loglikelihood: -1.03363e+06	(delta): 291.559
9 (QN/Block) 	Elapsed: 5.268	Loglikelihood: -1.03358e+06	(delta): 47.6172
10 (QN/Block) 	Elapsed: 5.284	Loglikelihood: -1.03357e+06	(delta): 7.25231
11 (QN/Block) 	Elapsed: 3.886	Loglikelihood: -1.03357e+06	(delta): 1.45365
12 (QN/Block) 	Elapsed: 3.867	Loglikelihood: -1.03357e+06	(delta): 0.381455
13 (QN/Block) 	Elapsed: 3.858	Loglikelihood: -1.03357e+06	(delta): 0.0137003
14 (QN/Block) 	Elapsed: 3.884	Loglikelihood: -1.03357e+06	(delta): 0.00147612
15 (QN/Block) 	Elapsed: 3.865	Loglikelihood: -1.03357e+06	(delta): 0.000437908
16 (QN/Block) 	Elapsed: 3.851	Loglikelihood: -1.03357e+06	(delta): 3.64376e-05
17 (QN/Block) 	Elapsed: 3.935	Loglikelihood: -1.03357e+06	(delta): 2.45601e-06
Summary: 
Converged in 17 iterations (116.343 sec)
Loglikelihood: -1033573.117040
Fst divergences between estimated populations: 
	Pop0	Pop1	Pop2	Pop3	Pop4	Pop5	Pop6	Pop7	Pop8	Pop9	Pop10	Pop11	Pop12	Pop13	
Pop0	
Pop1	0.390	
Pop2	0.545	0.315	
Pop3	0.409	0.110	0.305	
Pop4	0.334	0.349	0.501	0.365	
Pop5	0.518	0.288	0.277	0.265	0.474	
Pop6	0.369	0.256	0.423	0.285	0.311	0.394	
Pop7	0.278	0.360	0.518	0.377	0.322	0.489	0.353	
Pop8	0.431	0.430	0.596	0.447	0.207	0.568	0.414	0.411	
Pop9	0.443	0.170	0.364	0.187	0.404	0.347	0.324	0.416	0.489	
Pop10	0.515	0.270	0.398	0.283	0.473	0.402	0.387	0.491	0.565	0.262	
Pop11	0.459	0.383	0.524	0.397	0.426	0.497	0.360	0.432	0.512	0.429	0.496	
Pop12	0.378	0.213	0.389	0.246	0.336	0.360	0.188	0.358	0.425	0.287	0.355	0.329	
Pop13	0.308	0.355	0.507	0.369	0.176	0.477	0.346	0.280	0.265	0.409	0.478	0.432	0.352	
Pop14	0.792	0.673	0.816	0.687	0.753	0.795	0.695	0.764	0.843	0.720	0.788	0.735	0.682	0.759	
CV error (K=15): 0.14067
Writing output files.
