****                   ADMIXTURE Version 1.3.0                  ****
****                    Copyright 2008-2015                     ****
****           David Alexander, Suyash Shringarpure,            ****
****                John  Novembre, Ken Lange                   ****
****                                                            ****
****                 Please cite our paper!                     ****
****   Information at www.genetics.ucla.edu/software/admixture  ****

Cross-validation will be performed.  Folds=10.
Parallel execution requested.  Will use 8 threads.
Random seed: 20260925
Point estimation method: Block relaxation algorithm
Convergence acceleration algorithm: QuasiNewton, 3 secant conditions
Point estimation will terminate when objective function delta < 1e-05
Estimation of standard errors disabled; will compute point estimates only.
Size of G: 380x17027
Performing five EM steps to prime main algorithm
1 (EM) 	Elapsed: 8.418	Loglikelihood: -2.0985e+06	(delta): 6.2702e+06
2 (EM) 	Elapsed: 8.342	Loglikelihood: -1.91155e+06	(delta): 186943
3 (EM) 	Elapsed: 8.348	Loglikelihood: -1.88695e+06	(delta): 24608.5
4 (EM) 	Elapsed: 8.322	Loglikelihood: -1.87172e+06	(delta): 15227.5
5 (EM) 	Elapsed: 8.346	Loglikelihood: -1.85724e+06	(delta): 14479.2
Initial loglikelihood: -1.85724e+06
Starting main algorithm
1 (QN/Block) 	Elapsed: 2.941	Loglikelihood: -1.36284e+06	(delta): 494394
2 (QN/Block) 	Elapsed: 3.074	Loglikelihood: -1.16529e+06	(delta): 197555
3 (QN/Block) 	Elapsed: 4.225	Loglikelihood: -1.09929e+06	(delta): 65998.6
4 (QN/Block) 	Elapsed: 4.159	Loglikelihood: -1.06213e+06	(delta): 37156.2
5 (QN/Block) 	Elapsed: 4.61	Loglikelihood: -1.03256e+06	(delta): 29575.4
6 (QN/Block) 	Elapsed: 4.132	Loglikelihood: -1.02092e+06	(delta): 11643.4
7 (QN/Block) 	Elapsed: 4.08	Loglikelihood: -1.01778e+06	(delta): 3133.45
8 (QN/Block) 	Elapsed: 4.079	Loglikelihood: -1.0169e+06	(delta): 884.615
9 (QN/Block) 	Elapsed: 4.088	Loglikelihood: -1.01677e+06	(delta): 132.222
10 (QN/Block) 	Elapsed: 4.095	Loglikelihood: -1.01672e+06	(delta): 45.4544
11 (QN/Block) 	Elapsed: 4.09	Loglikelihood: -1.01669e+06	(delta): 30.3013
12 (QN/Block) 	Elapsed: 5.584	Loglikelihood: -1.01669e+06	(delta): 3.57841
13 (QN/Block) 	Elapsed: 4.108	Loglikelihood: -1.01669e+06	(delta): 0.0362954
14 (QN/Block) 	Elapsed: 4.116	Loglikelihood: -1.01669e+06	(delta): 0.0128278
15 (QN/Block) 	Elapsed: 4.125	Loglikelihood: -1.01669e+06	(delta): 0.00303117
16 (QN/Block) 	Elapsed: 4.25	Loglikelihood: -1.01669e+06	(delta): 0.000683103
17 (QN/Block) 	Elapsed: 4.163	Loglikelihood: -1.01669e+06	(delta): 9.51812e-05
18 (QN/Block) 	Elapsed: 4.101	Loglikelihood: -1.01669e+06	(delta): 3.91435e-06
Summary: 
Converged in 18 iterations (128.464 sec)
Loglikelihood: -1016686.186331
Fst divergences between estimated populations: 
	Pop0	Pop1	Pop2	Pop3	Pop4	Pop5	Pop6	Pop7	Pop8	Pop9	Pop10	Pop11	Pop12	Pop13	Pop14	
Pop0	
Pop1	0.545	
Pop2	0.328	0.421	
Pop3	0.390	0.380	0.267	
Pop4	0.316	0.391	0.130	0.215	
Pop5	0.276	0.518	0.292	0.363	0.291	
Pop6	0.517	0.277	0.389	0.359	0.360	0.489	
Pop7	0.506	0.308	0.382	0.352	0.355	0.478	0.278	
Pop8	0.815	0.792	0.696	0.682	0.673	0.796	0.763	0.759	
Pop9	0.539	0.366	0.412	0.378	0.384	0.513	0.350	0.189	0.790	
Pop10	0.417	0.361	0.295	0.180	0.249	0.390	0.345	0.339	0.690	0.354	
Pop11	0.319	0.431	0.123	0.260	0.141	0.276	0.399	0.389	0.712	0.422	0.293	
Pop12	0.523	0.460	0.407	0.331	0.383	0.499	0.432	0.431	0.735	0.462	0.351	0.418	
Pop13	0.397	0.515	0.300	0.356	0.271	0.404	0.490	0.477	0.787	0.510	0.382	0.302	0.496	
Pop14	0.473	0.424	0.348	0.242	0.304	0.445	0.404	0.393	0.741	0.411	0.152	0.350	0.409	0.437	
Pop15	0.370	0.448	0.206	0.293	0.176	0.356	0.420	0.414	0.726	0.444	0.321	0.217	0.434	0.267	0.377	
CV error (K=16): 0.14115
Writing output files.
