****                   ADMIXTURE Version 1.3.0                  ****
****                    Copyright 2008-2015                     ****
****           David Alexander, Suyash Shringarpure,            ****
****                John  Novembre, Ken Lange                   ****
****                                                            ****
****                 Please cite our paper!                     ****
****   Information at www.genetics.ucla.edu/software/admixture  ****

Cross-validation will be performed.  Folds=10.
Parallel execution requested.  Will use 8 threads.
Random seed: 20260925
Point estimation method: Block relaxation algorithm
Convergence acceleration algorithm: QuasiNewton, 3 secant conditions
Point estimation will terminate when objective function delta < 1e-05
Estimation of standard errors disabled; will compute point estimates only.
Size of G: 380x17027
Performing five EM steps to prime main algorithm
1 (EM) 	Elapsed: 11.234	Loglikelihood: -2.09319e+06	(delta): 6.22896e+06
2 (EM) 	Elapsed: 11.274	Loglikelihood: -1.90303e+06	(delta): 190160
3 (EM) 	Elapsed: 11.293	Loglikelihood: -1.87688e+06	(delta): 26147.5
4 (EM) 	Elapsed: 11.271	Loglikelihood: -1.86045e+06	(delta): 16433
5 (EM) 	Elapsed: 11.253	Loglikelihood: -1.8456e+06	(delta): 14846
Initial loglikelihood: -1.8456e+06
Starting main algorithm
1 (QN/Block) 	Elapsed: 3.593	Loglikelihood: -1.32788e+06	(delta): 517720
2 (QN/Block) 	Elapsed: 3.639	Loglikelihood: -1.14252e+06	(delta): 185367
3 (QN/Block) 	Elapsed: 5.595	Loglikelihood: -1.06034e+06	(delta): 82174.7
4 (QN/Block) 	Elapsed: 6.737	Loglikelihood: -1.02334e+06	(delta): 37002.9
5 (QN/Block) 	Elapsed: 5.46	Loglikelihood: -1.00719e+06	(delta): 16145.2
6 (QN/Block) 	Elapsed: 4.875	Loglikelihood: -996816	(delta): 10379.4
7 (QN/Block) 	Elapsed: 6.605	Loglikelihood: -991409	(delta): 5406.52
8 (QN/Block) 	Elapsed: 4.814	Loglikelihood: -988091	(delta): 3318.1
9 (QN/Block) 	Elapsed: 6.582	Loglikelihood: -987132	(delta): 958.453
10 (QN/Block) 	Elapsed: 5.473	Loglikelihood: -986947	(delta): 185.551
11 (QN/Block) 	Elapsed: 5.151	Loglikelihood: -986903	(delta): 43.9301
12 (QN/Block) 	Elapsed: 4.84	Loglikelihood: -986888	(delta): 15.2809
13 (QN/Block) 	Elapsed: 4.834	Loglikelihood: -986883	(delta): 4.89288
14 (QN/Block) 	Elapsed: 5.059	Loglikelihood: -986881	(delta): 1.96118
15 (QN/Block) 	Elapsed: 4.9	Loglikelihood: -986880	(delta): 0.593511
16 (QN/Block) 	Elapsed: 6.736	Loglikelihood: -986880	(delta): 0.171953
17 (QN/Block) 	Elapsed: 4.907	Loglikelihood: -986879	(delta): 0.594507
18 (QN/Block) 	Elapsed: 6.638	Loglikelihood: -986879	(delta): 0.0219503
19 (QN/Block) 	Elapsed: 4.871	Loglikelihood: -986879	(delta): 0.562393
20 (QN/Block) 	Elapsed: 5.476	Loglikelihood: -986879	(delta): 0.306339
21 (QN/Block) 	Elapsed: 6.644	Loglikelihood: -986879	(delta): 0.00497116
22 (QN/Block) 	Elapsed: 6.638	Loglikelihood: -986879	(delta): 0.00326485
23 (QN/Block) 	Elapsed: 5.502	Loglikelihood: -986879	(delta): 0.00161558
24 (QN/Block) 	Elapsed: 5.508	Loglikelihood: -986879	(delta): 0.000455148
25 (QN/Block) 	Elapsed: 6.073	Loglikelihood: -986879	(delta): 0.000141683
26 (QN/Block) 	Elapsed: 6.647	Loglikelihood: -986879	(delta): 7.82219e-05
27 (QN/Block) 	Elapsed: 6.665	Loglikelihood: -986879	(delta): 8.07885e-05
28 (QN/Block) 	Elapsed: 6.641	Loglikelihood: -986879	(delta): 0.000127715
29 (QN/Block) 	Elapsed: 6.654	Loglikelihood: -986879	(delta): 0.0002061
30 (QN/Block) 	Elapsed: 6.654	Loglikelihood: -986879	(delta): 0.000502499
31 (QN/Block) 	Elapsed: 6.651	Loglikelihood: -986879	(delta): 0.00169806
32 (QN/Block) 	Elapsed: 6.65	Loglikelihood: -986879	(delta): 0.00253154
33 (QN/Block) 	Elapsed: 4.886	Loglikelihood: -986879	(delta): 0.00177861
34 (QN/Block) 	Elapsed: 4.869	Loglikelihood: -986879	(delta): 0.000130567
35 (QN/Block) 	Elapsed: 4.901	Loglikelihood: -986879	(delta): 8.4918e-06
Summary: 
Converged in 35 iterations (279.547 sec)
Loglikelihood: -986878.578519
Fst divergences between estimated populations: 
	Pop0	Pop1	Pop2	Pop3	Pop4	Pop5	Pop6	Pop7	Pop8	Pop9	Pop10	Pop11	Pop12	Pop13	Pop14	Pop15	Pop16	Pop17	
Pop0	
Pop1	0.673	
Pop2	0.355	0.759	
Pop3	0.316	0.816	0.506	
Pop4	0.628	0.988	0.711	0.788	
Pop5	0.589	0.973	0.674	0.760	0.960	
Pop6	0.304	0.741	0.393	0.473	0.678	0.651	
Pop7	0.360	0.763	0.278	0.518	0.712	0.677	0.405	
Pop8	0.438	0.824	0.500	0.600	0.744	0.624	0.470	0.502	
Pop9	0.141	0.712	0.389	0.319	0.671	0.635	0.350	0.399	0.480	
Pop10	0.674	0.535	0.761	0.817	0.989	0.974	0.742	0.765	0.825	0.713	
Pop11	0.291	0.796	0.478	0.276	0.767	0.736	0.445	0.489	0.572	0.276	0.798	
Pop12	0.176	0.726	0.414	0.370	0.685	0.652	0.377	0.421	0.498	0.217	0.727	0.356	
Pop13	0.384	0.790	0.189	0.539	0.746	0.709	0.411	0.350	0.534	0.422	0.791	0.513	0.444	
Pop14	0.215	0.682	0.353	0.390	0.602	0.564	0.242	0.360	0.389	0.261	0.683	0.364	0.293	0.379	
Pop15	0.249	0.690	0.339	0.417	0.616	0.583	0.152	0.345	0.406	0.293	0.691	0.390	0.322	0.354	0.180	
Pop16	0.390	0.792	0.307	0.545	0.745	0.710	0.424	0.277	0.532	0.431	0.793	0.518	0.448	0.366	0.380	0.361	
Pop17	0.271	0.788	0.477	0.397	0.755	0.725	0.437	0.490	0.567	0.302	0.789	0.404	0.267	0.510	0.356	0.382	0.515	
Pop18	0.130	0.696	0.382	0.328	0.650	0.616	0.348	0.389	0.464	0.123	0.697	0.292	0.206	0.412	0.267	0.295	0.421	0.300	
CV error (K=19): 0.13617
Writing output files.
