****                   ADMIXTURE Version 1.3.0                  ****
****                    Copyright 2008-2015                     ****
****           David Alexander, Suyash Shringarpure,            ****
****                John  Novembre, Ken Lange                   ****
****                                                            ****
****                 Please cite our paper!                     ****
****   Information at www.genetics.ucla.edu/software/admixture  ****

Cross-validation will be performed.  Folds=10.
Parallel execution requested.  Will use 8 threads.
Random seed: 20260925
Point estimation method: Block relaxation algorithm
Convergence acceleration algorithm: QuasiNewton, 3 secant conditions
Point estimation will terminate when objective function delta < 1e-05
Estimation of standard errors disabled; will compute point estimates only.
Size of G: 380x17027
Performing five EM steps to prime main algorithm
1 (EM) 	Elapsed: 13.685	Loglikelihood: -2.09491e+06	(delta): 6.22076e+06
2 (EM) 	Elapsed: 13.583	Loglikelihood: -1.90415e+06	(delta): 190767
3 (EM) 	Elapsed: 13.57	Loglikelihood: -1.8789e+06	(delta): 25249.9
4 (EM) 	Elapsed: 13.607	Loglikelihood: -1.86266e+06	(delta): 16238.5
5 (EM) 	Elapsed: 13.606	Loglikelihood: -1.84696e+06	(delta): 15701.7
Initial loglikelihood: -1.84696e+06
Starting main algorithm
1 (QN/Block) 	Elapsed: 3.837	Loglikelihood: -1.29849e+06	(delta): 548467
2 (QN/Block) 	Elapsed: 4.045	Loglikelihood: -1.12215e+06	(delta): 176338
3 (QN/Block) 	Elapsed: 6.235	Loglikelihood: -1.04627e+06	(delta): 75886.2
4 (QN/Block) 	Elapsed: 7.471	Loglikelihood: -1.00742e+06	(delta): 38847.1
5 (QN/Block) 	Elapsed: 7.393	Loglikelihood: -988700	(delta): 18718.8
6 (QN/Block) 	Elapsed: 6.036	Loglikelihood: -977627	(delta): 11072.9
7 (QN/Block) 	Elapsed: 6.672	Loglikelihood: -972989	(delta): 4637.66
8 (QN/Block) 	Elapsed: 5.334	Loglikelihood: -971715	(delta): 1274.34
9 (QN/Block) 	Elapsed: 5.305	Loglikelihood: -971261	(delta): 454.121
10 (QN/Block) 	Elapsed: 6.588	Loglikelihood: -970999	(delta): 261.085
11 (QN/Block) 	Elapsed: 7.287	Loglikelihood: -970959	(delta): 40.9505
12 (QN/Block) 	Elapsed: 5.341	Loglikelihood: -970954	(delta): 4.49775
13 (QN/Block) 	Elapsed: 5.365	Loglikelihood: -970954	(delta): 0.237831
14 (QN/Block) 	Elapsed: 5.358	Loglikelihood: -970954	(delta): 0.0390336
15 (QN/Block) 	Elapsed: 5.368	Loglikelihood: -970954	(delta): 0.00474763
16 (QN/Block) 	Elapsed: 5.354	Loglikelihood: -970954	(delta): 0.000922045
17 (QN/Block) 	Elapsed: 5.337	Loglikelihood: -970954	(delta): 7.88308e-05
18 (QN/Block) 	Elapsed: 5.34	Loglikelihood: -970954	(delta): 1.53614e-05
19 (QN/Block) 	Elapsed: 5.379	Loglikelihood: -970954	(delta): 4.82891e-07
Summary: 
Converged in 19 iterations (194.088 sec)
Loglikelihood: -970953.723221
Fst divergences between estimated populations: 
	Pop0	Pop1	Pop2	Pop3	Pop4	Pop5	Pop6	Pop7	Pop8	Pop9	Pop10	Pop11	Pop12	Pop13	Pop14	Pop15	Pop16	Pop17	Pop18	Pop19	
Pop0	
Pop1	0.387	
Pop2	0.383	0.137	
Pop3	0.459	0.432	0.435	
Pop4	0.422	0.401	0.404	0.346	
Pop5	0.189	0.305	0.298	0.365	0.328	
Pop6	0.403	0.207	0.206	0.444	0.418	0.319	
Pop7	0.157	0.362	0.359	0.429	0.377	0.173	0.381	
Pop8	0.438	0.398	0.403	0.279	0.331	0.348	0.416	0.409	
Pop9	0.289	0.239	0.223	0.388	0.360	0.200	0.231	0.271	0.360	
Pop10	0.427	0.256	0.254	0.474	0.447	0.346	0.153	0.405	0.446	0.266	
Pop11	0.528	0.497	0.504	0.551	0.530	0.444	0.513	0.508	0.523	0.438	0.537	
Pop12	0.507	0.341	0.324	0.547	0.516	0.421	0.362	0.481	0.519	0.362	0.406	0.607	
Pop13	0.508	0.470	0.476	0.433	0.194	0.410	0.491	0.466	0.412	0.431	0.520	0.605	0.598	
Pop14	0.429	0.391	0.392	0.307	0.172	0.342	0.409	0.392	0.278	0.356	0.438	0.521	0.506	0.266	
Pop15	0.346	0.147	0.156	0.401	0.373	0.262	0.181	0.320	0.369	0.183	0.226	0.474	0.329	0.441	0.363	
Pop16	0.501	0.472	0.482	0.532	0.506	0.408	0.493	0.478	0.501	0.408	0.519	0.431	0.599	0.592	0.498	0.447	
Pop17	0.279	0.284	0.274	0.386	0.360	0.191	0.300	0.267	0.366	0.126	0.324	0.427	0.400	0.432	0.357	0.237	0.392	
Pop18	0.478	0.301	0.279	0.520	0.490	0.392	0.346	0.453	0.490	0.337	0.388	0.584	0.279	0.571	0.478	0.303	0.572	0.373	
Pop19	0.470	0.314	0.306	0.517	0.488	0.385	0.261	0.445	0.491	0.315	0.320	0.580	0.399	0.567	0.477	0.284	0.567	0.367	0.404	
Pop20	0.772	0.705	0.715	0.793	0.767	0.692	0.722	0.748	0.764	0.678	0.744	0.809	0.816	0.844	0.758	0.682	0.823	0.688	0.796	0.788	
CV error (K=21): 0.14072
Writing output files.
