****                   ADMIXTURE Version 1.3.0                  ****
****                    Copyright 2008-2015                     ****
****           David Alexander, Suyash Shringarpure,            ****
****                John  Novembre, Ken Lange                   ****
****                                                            ****
****                 Please cite our paper!                     ****
****   Information at www.genetics.ucla.edu/software/admixture  ****

Cross-validation will be performed.  Folds=10.
Parallel execution requested.  Will use 8 threads.
Random seed: 20260925
Point estimation method: Block relaxation algorithm
Convergence acceleration algorithm: QuasiNewton, 3 secant conditions
Point estimation will terminate when objective function delta < 1e-05
Estimation of standard errors disabled; will compute point estimates only.
Size of G: 380x17027
Performing five EM steps to prime main algorithm
1 (EM) 	Elapsed: 14.808	Loglikelihood: -2.09326e+06	(delta): 6.21295e+06
2 (EM) 	Elapsed: 14.759	Loglikelihood: -1.90141e+06	(delta): 191852
3 (EM) 	Elapsed: 14.762	Loglikelihood: -1.87608e+06	(delta): 25328.2
4 (EM) 	Elapsed: 14.751	Loglikelihood: -1.86002e+06	(delta): 16055.3
5 (EM) 	Elapsed: 14.756	Loglikelihood: -1.84486e+06	(delta): 15169
Initial loglikelihood: -1.84486e+06
Starting main algorithm
1 (QN/Block) 	Elapsed: 4.352	Loglikelihood: -1.28879e+06	(delta): 556062
2 (QN/Block) 	Elapsed: 4.187	Loglikelihood: -1.10852e+06	(delta): 180278
3 (QN/Block) 	Elapsed: 6.527	Loglikelihood: -1.04544e+06	(delta): 63079.6
4 (QN/Block) 	Elapsed: 5.74	Loglikelihood: -1.00883e+06	(delta): 36610.2
5 (QN/Block) 	Elapsed: 7.733	Loglikelihood: -989864	(delta): 18962.1
6 (QN/Block) 	Elapsed: 5.613	Loglikelihood: -977011	(delta): 12853.7
7 (QN/Block) 	Elapsed: 7.634	Loglikelihood: -969898	(delta): 7112.17
8 (QN/Block) 	Elapsed: 7.623	Loglikelihood: -968187	(delta): 1711.4
9 (QN/Block) 	Elapsed: 7.627	Loglikelihood: -967349	(delta): 838.01
10 (QN/Block) 	Elapsed: 5.611	Loglikelihood: -966723	(delta): 625.787
11 (QN/Block) 	Elapsed: 6.63	Loglikelihood: -966305	(delta): 418.248
12 (QN/Block) 	Elapsed: 6.311	Loglikelihood: -966161	(delta): 144.188
13 (QN/Block) 	Elapsed: 6.304	Loglikelihood: -966106	(delta): 55.0807
14 (QN/Block) 	Elapsed: 5.625	Loglikelihood: -966070	(delta): 35.9012
15 (QN/Block) 	Elapsed: 5.604	Loglikelihood: -966035	(delta): 34.91
16 (QN/Block) 	Elapsed: 6.304	Loglikelihood: -965983	(delta): 51.9101
17 (QN/Block) 	Elapsed: 7.677	Loglikelihood: -965931	(delta): 51.6815
18 (QN/Block) 	Elapsed: 7.635	Loglikelihood: -965844	(delta): 86.9915
19 (QN/Block) 	Elapsed: 7.677	Loglikelihood: -965712	(delta): 131.839
20 (QN/Block) 	Elapsed: 7.67	Loglikelihood: -965519	(delta): 193.671
21 (QN/Block) 	Elapsed: 6.973	Loglikelihood: -965160	(delta): 359.015
22 (QN/Block) 	Elapsed: 7.687	Loglikelihood: -964788	(delta): 371.362
23 (QN/Block) 	Elapsed: 7.675	Loglikelihood: -964610	(delta): 178.139
24 (QN/Block) 	Elapsed: 5.619	Loglikelihood: -964501	(delta): 109.095
25 (QN/Block) 	Elapsed: 5.62	Loglikelihood: -964442	(delta): 58.6965
26 (QN/Block) 	Elapsed: 5.642	Loglikelihood: -964422	(delta): 20.4066
27 (QN/Block) 	Elapsed: 5.646	Loglikelihood: -964412	(delta): 10.3337
28 (QN/Block) 	Elapsed: 7.699	Loglikelihood: -964401	(delta): 10.3148
29 (QN/Block) 	Elapsed: 7.684	Loglikelihood: -964388	(delta): 13.8251
30 (QN/Block) 	Elapsed: 7.655	Loglikelihood: -964376	(delta): 11.865
31 (QN/Block) 	Elapsed: 6.998	Loglikelihood: -964356	(delta): 19.6958
32 (QN/Block) 	Elapsed: 7.001	Loglikelihood: -964338	(delta): 18.124
33 (QN/Block) 	Elapsed: 5.651	Loglikelihood: -964319	(delta): 19.0688
34 (QN/Block) 	Elapsed: 5.621	Loglikelihood: -964280	(delta): 39.3158
35 (QN/Block) 	Elapsed: 5.658	Loglikelihood: -964220	(delta): 59.4473
36 (QN/Block) 	Elapsed: 5.642	Loglikelihood: -964094	(delta): 125.9
37 (QN/Block) 	Elapsed: 6.973	Loglikelihood: -963939	(delta): 155.43
38 (QN/Block) 	Elapsed: 7.036	Loglikelihood: -963632	(delta): 307.12
39 (QN/Block) 	Elapsed: 7.676	Loglikelihood: -963295	(delta): 336.341
40 (QN/Block) 	Elapsed: 7.682	Loglikelihood: -963115	(delta): 180.355
41 (QN/Block) 	Elapsed: 5.64	Loglikelihood: -963025	(delta): 89.6081
42 (QN/Block) 	Elapsed: 5.627	Loglikelihood: -962997	(delta): 28.254
43 (QN/Block) 	Elapsed: 5.636	Loglikelihood: -962986	(delta): 10.8254
44 (QN/Block) 	Elapsed: 5.639	Loglikelihood: -962985	(delta): 1.35189
45 (QN/Block) 	Elapsed: 5.661	Loglikelihood: -962985	(delta): 0.136206
46 (QN/Block) 	Elapsed: 5.633	Loglikelihood: -962985	(delta): 0.0350333
47 (QN/Block) 	Elapsed: 5.626	Loglikelihood: -962985	(delta): 0.00684712
48 (QN/Block) 	Elapsed: 5.603	Loglikelihood: -962985	(delta): 0.0136824
49 (QN/Block) 	Elapsed: 7.644	Loglikelihood: -962985	(delta): 0.00078246
50 (QN/Block) 	Elapsed: 5.622	Loglikelihood: -962985	(delta): 0.000118765
51 (QN/Block) 	Elapsed: 5.656	Loglikelihood: -962985	(delta): 1.64991e-05
52 (QN/Block) 	Elapsed: 5.646	Loglikelihood: -962985	(delta): 9.13779e-06
Summary: 
Converged in 52 iterations (447.421 sec)
Loglikelihood: -962984.698209
Fst divergences between estimated populations: 
	Pop0	Pop1	Pop2	Pop3	Pop4	Pop5	Pop6	Pop7	Pop8	Pop9	Pop10	Pop11	Pop12	Pop13	Pop14	Pop15	Pop16	Pop17	Pop18	Pop19	Pop20	
Pop0	
Pop1	0.408	
Pop2	0.260	0.468	
Pop3	0.572	0.622	0.651	
Pop4	0.126	0.392	0.251	0.569	
Pop5	0.362	0.598	0.474	0.761	0.399	
Pop6	0.387	0.532	0.424	0.711	0.385	0.545	
Pop7	0.240	0.473	0.358	0.628	0.285	0.340	0.432	
Pop8	0.383	0.533	0.411	0.710	0.383	0.539	0.366	0.422	
Pop9	0.315	0.567	0.438	0.726	0.367	0.398	0.516	0.315	0.511	
Pop10	0.252	0.510	0.379	0.672	0.302	0.360	0.464	0.160	0.455	0.342	
Pop11	0.678	0.824	0.742	0.973	0.688	0.816	0.793	0.707	0.791	0.789	0.744	
Pop12	0.610	0.744	0.677	0.960	0.606	0.787	0.745	0.661	0.746	0.755	0.706	0.988	
Pop13	0.200	0.407	0.154	0.585	0.190	0.419	0.363	0.305	0.356	0.384	0.323	0.692	0.617	
Pop14	0.360	0.500	0.405	0.677	0.365	0.517	0.277	0.398	0.350	0.491	0.430	0.764	0.711	0.347	
Pop15	0.224	0.480	0.353	0.637	0.272	0.322	0.432	0.143	0.424	0.305	0.108	0.714	0.671	0.297	0.402	
Pop16	0.185	0.448	0.317	0.601	0.239	0.331	0.401	0.150	0.395	0.287	0.191	0.683	0.638	0.263	0.370	0.163	
Pop17	0.677	0.824	0.742	0.975	0.687	0.817	0.793	0.706	0.791	0.789	0.744	0.647	0.991	0.692	0.764	0.713	0.683	
Pop18	0.233	0.495	0.377	0.650	0.302	0.364	0.446	0.211	0.443	0.264	0.237	0.725	0.683	0.321	0.418	0.211	0.185	0.725	
Pop19	0.337	0.571	0.445	0.736	0.373	0.277	0.518	0.302	0.513	0.404	0.319	0.797	0.765	0.391	0.489	0.278	0.306	0.797	0.349	
Pop20	0.265	0.517	0.397	0.672	0.323	0.404	0.472	0.256	0.467	0.319	0.286	0.743	0.703	0.344	0.444	0.251	0.226	0.743	0.154	0.386	
Pop21	0.356	0.499	0.393	0.674	0.357	0.506	0.308	0.392	0.189	0.478	0.421	0.760	0.710	0.341	0.278	0.391	0.365	0.760	0.412	0.478	0.437	
CV error (K=22): 0.14044
Writing output files.
