****                   ADMIXTURE Version 1.3.0                  ****
****                    Copyright 2008-2015                     ****
****           David Alexander, Suyash Shringarpure,            ****
****                John  Novembre, Ken Lange                   ****
****                                                            ****
****                 Please cite our paper!                     ****
****   Information at www.genetics.ucla.edu/software/admixture  ****

Cross-validation will be performed.  Folds=10.
Parallel execution requested.  Will use 8 threads.
Random seed: 20260925
Point estimation method: Block relaxation algorithm
Convergence acceleration algorithm: QuasiNewton, 3 secant conditions
Point estimation will terminate when objective function delta < 1e-05
Estimation of standard errors disabled; will compute point estimates only.
Size of G: 380x17027
Performing five EM steps to prime main algorithm
1 (EM) 	Elapsed: 17.431	Loglikelihood: -2.09375e+06	(delta): 6.1974e+06
2 (EM) 	Elapsed: 17.35	Loglikelihood: -1.90078e+06	(delta): 192979
3 (EM) 	Elapsed: 17.314	Loglikelihood: -1.87569e+06	(delta): 25081.4
4 (EM) 	Elapsed: 17.272	Loglikelihood: -1.85953e+06	(delta): 16164.2
5 (EM) 	Elapsed: 17.32	Loglikelihood: -1.8438e+06	(delta): 15725.1
Initial loglikelihood: -1.8438e+06
Starting main algorithm
1 (QN/Block) 	Elapsed: 4.438	Loglikelihood: -1.29176e+06	(delta): 552049
2 (QN/Block) 	Elapsed: 4.61	Loglikelihood: -1.0895e+06	(delta): 202252
3 (QN/Block) 	Elapsed: 7.132	Loglikelihood: -1.01273e+06	(delta): 76773.8
4 (QN/Block) 	Elapsed: 7.021	Loglikelihood: -976149	(delta): 36580.6
5 (QN/Block) 	Elapsed: 6.996	Loglikelihood: -958927	(delta): 17222.8
6 (QN/Block) 	Elapsed: 8.479	Loglikelihood: -952020	(delta): 6906.88
7 (QN/Block) 	Elapsed: 6.155	Loglikelihood: -947283	(delta): 4736.41
8 (QN/Block) 	Elapsed: 6.146	Loglikelihood: -943974	(delta): 3309.14
9 (QN/Block) 	Elapsed: 6.216	Loglikelihood: -942722	(delta): 1251.86
10 (QN/Block) 	Elapsed: 8.672	Loglikelihood: -942224	(delta): 498.708
11 (QN/Block) 	Elapsed: 6.15	Loglikelihood: -941865	(delta): 358.362
12 (QN/Block) 	Elapsed: 6.919	Loglikelihood: -941480	(delta): 384.791
13 (QN/Block) 	Elapsed: 6.923	Loglikelihood: -941016	(delta): 464.169
14 (QN/Block) 	Elapsed: 7.04	Loglikelihood: -940787	(delta): 228.752
15 (QN/Block) 	Elapsed: 6.082	Loglikelihood: -940726	(delta): 61.8851
16 (QN/Block) 	Elapsed: 6.067	Loglikelihood: -940709	(delta): 16.7298
17 (QN/Block) 	Elapsed: 6.115	Loglikelihood: -940705	(delta): 3.65168
18 (QN/Block) 	Elapsed: 6.086	Loglikelihood: -940705	(delta): 0.497833
19 (QN/Block) 	Elapsed: 6.076	Loglikelihood: -940705	(delta): 0.125057
20 (QN/Block) 	Elapsed: 6.086	Loglikelihood: -940705	(delta): 0.00737972
21 (QN/Block) 	Elapsed: 7.401	Loglikelihood: -940705	(delta): 0.00118271
22 (QN/Block) 	Elapsed: 6.148	Loglikelihood: -940705	(delta): 0.000343362
23 (QN/Block) 	Elapsed: 6.634	Loglikelihood: -940705	(delta): 0.000144675
24 (QN/Block) 	Elapsed: 6.123	Loglikelihood: -940705	(delta): 3.32668e-06
Summary: 
Converged in 24 iterations (265.676 sec)
Loglikelihood: -940704.601311
Fst divergences between estimated populations: 
	Pop0	Pop1	Pop2	Pop3	Pop4	Pop5	Pop6	Pop7	Pop8	Pop9	Pop10	Pop11	Pop12	Pop13	Pop14	Pop15	Pop16	Pop17	Pop18	Pop19	Pop20	Pop21	Pop22	
Pop0	
Pop1	0.802	
Pop2	0.682	0.312	
Pop3	0.744	0.385	0.226	
Pop4	0.721	0.341	0.180	0.153	
Pop5	0.972	0.745	0.600	0.674	0.647	
Pop6	0.792	0.528	0.394	0.470	0.440	0.711	
Pop7	0.791	0.533	0.401	0.474	0.443	0.710	0.288	
Pop8	0.715	0.307	0.156	0.254	0.205	0.639	0.428	0.435	
Pop9	0.823	0.584	0.447	0.519	0.492	0.622	0.534	0.531	0.481	
Pop10	0.692	0.406	0.261	0.345	0.318	0.586	0.377	0.364	0.297	0.407	
Pop11	0.742	0.460	0.315	0.398	0.374	0.652	0.435	0.425	0.353	0.469	0.152	
Pop12	0.796	0.263	0.303	0.388	0.347	0.736	0.515	0.518	0.280	0.570	0.391	0.445	
Pop13	0.688	0.386	0.237	0.325	0.300	0.571	0.393	0.386	0.274	0.392	0.190	0.251	0.373	
Pop14	0.844	0.582	0.440	0.520	0.490	0.776	0.432	0.433	0.475	0.592	0.409	0.468	0.569	0.432	
Pop15	0.677	0.346	0.183	0.267	0.231	0.573	0.388	0.387	0.223	0.408	0.199	0.260	0.337	0.126	0.431	
Pop16	0.987	0.771	0.637	0.704	0.680	0.960	0.745	0.744	0.674	0.744	0.617	0.678	0.765	0.607	0.810	0.610	
Pop17	0.823	0.566	0.432	0.508	0.479	0.756	0.386	0.413	0.463	0.575	0.416	0.470	0.552	0.428	0.400	0.424	0.789	
Pop18	0.794	0.536	0.397	0.476	0.445	0.715	0.293	0.325	0.432	0.533	0.377	0.435	0.521	0.395	0.452	0.388	0.748	0.416	
Pop19	0.788	0.376	0.284	0.320	0.261	0.726	0.515	0.516	0.306	0.567	0.384	0.438	0.405	0.367	0.566	0.315	0.755	0.550	0.522	
Pop20	0.882	0.222	0.399	0.481	0.439	0.838	0.609	0.611	0.400	0.666	0.480	0.538	0.374	0.461	0.668	0.427	0.862	0.648	0.616	0.484	
Pop21	0.766	0.501	0.371	0.446	0.417	0.680	0.348	0.348	0.403	0.505	0.325	0.381	0.488	0.358	0.198	0.359	0.717	0.301	0.369	0.487	0.578	
Pop22	0.772	0.503	0.372	0.448	0.418	0.689	0.290	0.317	0.402	0.510	0.349	0.402	0.488	0.366	0.263	0.365	0.725	0.230	0.337	0.488	0.583	0.174	
Pop23	0.705	0.321	0.146	0.256	0.206	0.627	0.425	0.431	0.136	0.472	0.304	0.357	0.301	0.284	0.469	0.239	0.660	0.460	0.425	0.314	0.414	0.399	0.400	
CV error (K=24): 0.13791
Writing output files.
