****                   ADMIXTURE Version 1.3.0                  ****
****                    Copyright 2008-2015                     ****
****           David Alexander, Suyash Shringarpure,            ****
****                John  Novembre, Ken Lange                   ****
****                                                            ****
****                 Please cite our paper!                     ****
****   Information at www.genetics.ucla.edu/software/admixture  ****

Cross-validation will be performed.  Folds=10.
Parallel execution requested.  Will use 8 threads.
Random seed: 20260925
Point estimation method: Block relaxation algorithm
Convergence acceleration algorithm: QuasiNewton, 3 secant conditions
Point estimation will terminate when objective function delta < 1e-05
Estimation of standard errors disabled; will compute point estimates only.
Size of G: 380x17027
Performing five EM steps to prime main algorithm
1 (EM) 	Elapsed: 18.636	Loglikelihood: -2.09372e+06	(delta): 6.19438e+06
2 (EM) 	Elapsed: 18.57	Loglikelihood: -1.9001e+06	(delta): 193614
3 (EM) 	Elapsed: 22.061	Loglikelihood: -1.87524e+06	(delta): 24857.1
4 (EM) 	Elapsed: 20.396	Loglikelihood: -1.8597e+06	(delta): 15547.3
5 (EM) 	Elapsed: 19.095	Loglikelihood: -1.84513e+06	(delta): 14564.4
Initial loglikelihood: -1.84513e+06
Starting main algorithm
1 (QN/Block) 	Elapsed: 4.691	Loglikelihood: -1.29825e+06	(delta): 546885
2 (QN/Block) 	Elapsed: 4.97	Loglikelihood: -1.0973e+06	(delta): 200952
3 (QN/Block) 	Elapsed: 7.8	Loglikelihood: -1.02815e+06	(delta): 69146
4 (QN/Block) 	Elapsed: 8.94	Loglikelihood: -987800	(delta): 40349.8
5 (QN/Block) 	Elapsed: 6.467	Loglikelihood: -969550	(delta): 18249.9
6 (QN/Block) 	Elapsed: 8.671	Loglikelihood: -962171	(delta): 7378.74
7 (QN/Block) 	Elapsed: 6.362	Loglikelihood: -957385	(delta): 4786.31
8 (QN/Block) 	Elapsed: 8.638	Loglikelihood: -954618	(delta): 2766.6
9 (QN/Block) 	Elapsed: 6.358	Loglikelihood: -953175	(delta): 1443.12
10 (QN/Block) 	Elapsed: 6.423	Loglikelihood: -952506	(delta): 668.817
11 (QN/Block) 	Elapsed: 6.388	Loglikelihood: -952049	(delta): 457.438
12 (QN/Block) 	Elapsed: 6.388	Loglikelihood: -951564	(delta): 485.158
13 (QN/Block) 	Elapsed: 8.664	Loglikelihood: -951236	(delta): 327.819
14 (QN/Block) 	Elapsed: 7.607	Loglikelihood: -951082	(delta): 153.915
15 (QN/Block) 	Elapsed: 6.359	Loglikelihood: -950990	(delta): 91.8725
16 (QN/Block) 	Elapsed: 8.604	Loglikelihood: -950944	(delta): 45.8682
17 (QN/Block) 	Elapsed: 7.827	Loglikelihood: -950934	(delta): 10.4077
18 (QN/Block) 	Elapsed: 8.597	Loglikelihood: -950917	(delta): 16.5872
19 (QN/Block) 	Elapsed: 7.878	Loglikelihood: -950901	(delta): 15.9478
20 (QN/Block) 	Elapsed: 7.092	Loglikelihood: -950890	(delta): 10.8047
21 (QN/Block) 	Elapsed: 7.12	Loglikelihood: -950880	(delta): 10.7958
22 (QN/Block) 	Elapsed: 6.378	Loglikelihood: -950870	(delta): 9.51169
23 (QN/Block) 	Elapsed: 7.128	Loglikelihood: -950859	(delta): 10.6554
24 (QN/Block) 	Elapsed: 8.598	Loglikelihood: -950843	(delta): 16.1191
25 (QN/Block) 	Elapsed: 7.101	Loglikelihood: -950819	(delta): 24.5265
26 (QN/Block) 	Elapsed: 7.262	Loglikelihood: -950768	(delta): 50.6115
27 (QN/Block) 	Elapsed: 8.588	Loglikelihood: -950705	(delta): 63.4513
28 (QN/Block) 	Elapsed: 8.61	Loglikelihood: -950567	(delta): 138.098
29 (QN/Block) 	Elapsed: 6.353	Loglikelihood: -950404	(delta): 162.822
30 (QN/Block) 	Elapsed: 6.361	Loglikelihood: -950169	(delta): 234.622
31 (QN/Block) 	Elapsed: 6.35	Loglikelihood: -949953	(delta): 216.498
32 (QN/Block) 	Elapsed: 6.344	Loglikelihood: -949706	(delta): 246.892
33 (QN/Block) 	Elapsed: 6.324	Loglikelihood: -949603	(delta): 102.511
34 (QN/Block) 	Elapsed: 7.709	Loglikelihood: -949555	(delta): 48.0149
35 (QN/Block) 	Elapsed: 6.411	Loglikelihood: -949547	(delta): 8.15459
36 (QN/Block) 	Elapsed: 6.493	Loglikelihood: -949546	(delta): 0.619976
37 (QN/Block) 	Elapsed: 6.389	Loglikelihood: -949546	(delta): 0.196748
38 (QN/Block) 	Elapsed: 6.372	Loglikelihood: -949546	(delta): 0.00373086
39 (QN/Block) 	Elapsed: 6.502	Loglikelihood: -949546	(delta): 0.000347781
40 (QN/Block) 	Elapsed: 6.502	Loglikelihood: -949546	(delta): 1.86155e-05
41 (QN/Block) 	Elapsed: 7.247	Loglikelihood: -949546	(delta): 3.30899e-06
Summary: 
Converged in 41 iterations (426.605 sec)
Loglikelihood: -949546.201351
Fst divergences between estimated populations: 
	Pop0	Pop1	Pop2	Pop3	Pop4	Pop5	Pop6	Pop7	Pop8	Pop9	Pop10	Pop11	Pop12	Pop13	Pop14	Pop15	Pop16	Pop17	Pop18	Pop19	Pop20	Pop21	Pop22	Pop23	
Pop0	
Pop1	0.807	
Pop2	0.601	0.845	
Pop3	0.428	0.824	0.593	
Pop4	0.576	0.789	0.567	0.567	
Pop5	0.425	0.690	0.434	0.393	0.369	
Pop6	0.590	0.802	0.583	0.584	0.376	0.388	
Pop7	0.434	0.679	0.432	0.409	0.317	0.127	0.347	
Pop8	0.492	0.704	0.473	0.474	0.277	0.288	0.322	0.230	
Pop9	0.495	0.707	0.470	0.473	0.315	0.284	0.323	0.238	0.140	
Pop10	0.534	0.745	0.521	0.519	0.321	0.326	0.386	0.269	0.198	0.257	
Pop11	0.523	0.764	0.268	0.503	0.483	0.364	0.497	0.361	0.398	0.396	0.444	
Pop12	0.537	0.777	0.196	0.517	0.496	0.372	0.510	0.372	0.410	0.408	0.456	0.157	
Pop13	0.664	0.882	0.669	0.666	0.484	0.462	0.222	0.428	0.415	0.416	0.482	0.575	0.588	
Pop14	0.808	0.651	0.846	0.825	0.789	0.689	0.802	0.678	0.703	0.707	0.745	0.764	0.777	0.884	
Pop15	0.579	0.797	0.570	0.570	0.405	0.374	0.263	0.338	0.315	0.302	0.388	0.482	0.497	0.374	0.797	
Pop16	0.507	0.721	0.489	0.490	0.259	0.297	0.338	0.227	0.117	0.208	0.150	0.412	0.425	0.437	0.720	0.346	
Pop17	0.473	0.685	0.443	0.449	0.287	0.240	0.315	0.187	0.165	0.144	0.231	0.370	0.383	0.401	0.684	0.305	0.179	
Pop18	0.549	0.795	0.453	0.533	0.522	0.396	0.536	0.388	0.429	0.425	0.476	0.331	0.372	0.616	0.796	0.521	0.443	0.399	
Pop19	0.488	0.735	0.246	0.466	0.449	0.308	0.465	0.309	0.366	0.364	0.409	0.215	0.150	0.540	0.734	0.451	0.378	0.333	0.353	
Pop20	0.497	0.743	0.470	0.470	0.439	0.254	0.460	0.261	0.362	0.357	0.400	0.399	0.398	0.539	0.743	0.445	0.371	0.318	0.436	0.316	
Pop21	0.501	0.717	0.477	0.483	0.307	0.276	0.307	0.225	0.159	0.140	0.256	0.398	0.413	0.401	0.717	0.281	0.207	0.159	0.433	0.365	0.355	
Pop22	0.546	0.792	0.433	0.531	0.516	0.386	0.532	0.388	0.430	0.432	0.474	0.316	0.349	0.611	0.792	0.518	0.441	0.402	0.325	0.334	0.425	0.435	
Pop23	0.546	0.792	0.430	0.533	0.513	0.392	0.527	0.387	0.424	0.424	0.469	0.287	0.344	0.608	0.793	0.514	0.437	0.394	0.293	0.338	0.435	0.428	0.285	
Pop24	0.437	0.689	0.408	0.404	0.382	0.188	0.404	0.196	0.305	0.302	0.344	0.345	0.341	0.477	0.689	0.389	0.312	0.261	0.375	0.249	0.151	0.296	0.362	0.374	
CV error (K=25): 0.14359
Writing output files.
