****                   ADMIXTURE Version 1.3.0                  ****
****                    Copyright 2008-2015                     ****
****           David Alexander, Suyash Shringarpure,            ****
****                John  Novembre, Ken Lange                   ****
****                                                            ****
****                 Please cite our paper!                     ****
****   Information at www.genetics.ucla.edu/software/admixture  ****

Cross-validation will be performed.  Folds=10.
Parallel execution requested.  Will use 8 threads.
Random seed: 20260927
Point estimation method: Block relaxation algorithm
Convergence acceleration algorithm: QuasiNewton, 3 secant conditions
Point estimation will terminate when objective function delta < 1e-05
Estimation of standard errors disabled; will compute point estimates only.
Size of G: 380x17027
Performing five EM steps to prime main algorithm
1 (EM) 	Elapsed: 3.814	Loglikelihood: -2.09673e+06	(delta): 6.40208e+06
2 (EM) 	Elapsed: 3.706	Loglikelihood: -1.9185e+06	(delta): 178225
3 (EM) 	Elapsed: 3.704	Loglikelihood: -1.89413e+06	(delta): 24375.4
4 (EM) 	Elapsed: 3.705	Loglikelihood: -1.88058e+06	(delta): 13544.6
5 (EM) 	Elapsed: 3.706	Loglikelihood: -1.86987e+06	(delta): 10709.4
Initial loglikelihood: -1.86987e+06
Starting main algorithm
1 (QN/Block) 	Elapsed: 1.98	Loglikelihood: -1.43355e+06	(delta): 436321
2 (QN/Block) 	Elapsed: 2.001	Loglikelihood: -1.23269e+06	(delta): 200860
3 (QN/Block) 	Elapsed: 3.079	Loglikelihood: -1.17141e+06	(delta): 61281.7
4 (QN/Block) 	Elapsed: 3.734	Loglikelihood: -1.13819e+06	(delta): 33226
5 (QN/Block) 	Elapsed: 3.702	Loglikelihood: -1.12395e+06	(delta): 14238.3
6 (QN/Block) 	Elapsed: 2.725	Loglikelihood: -1.11624e+06	(delta): 7702.99
7 (QN/Block) 	Elapsed: 2.694	Loglikelihood: -1.11171e+06	(delta): 4539.37
8 (QN/Block) 	Elapsed: 3.696	Loglikelihood: -1.10952e+06	(delta): 2183.27
9 (QN/Block) 	Elapsed: 2.731	Loglikelihood: -1.109e+06	(delta): 524.861
10 (QN/Block) 	Elapsed: 3.689	Loglikelihood: -1.10885e+06	(delta): 143.147
11 (QN/Block) 	Elapsed: 3.708	Loglikelihood: -1.1088e+06	(delta): 53.7439
12 (QN/Block) 	Elapsed: 2.743	Loglikelihood: -1.10877e+06	(delta): 27.1707
13 (QN/Block) 	Elapsed: 2.73	Loglikelihood: -1.10876e+06	(delta): 15.7801
14 (QN/Block) 	Elapsed: 2.73	Loglikelihood: -1.10875e+06	(delta): 3.78553
15 (QN/Block) 	Elapsed: 2.739	Loglikelihood: -1.10875e+06	(delta): 1.56319
16 (QN/Block) 	Elapsed: 2.733	Loglikelihood: -1.10875e+06	(delta): 0.814652
17 (QN/Block) 	Elapsed: 3.701	Loglikelihood: -1.10875e+06	(delta): 0.106323
18 (QN/Block) 	Elapsed: 3.366	Loglikelihood: -1.10875e+06	(delta): 0.047721
19 (QN/Block) 	Elapsed: 2.735	Loglikelihood: -1.10875e+06	(delta): 0.0230452
20 (QN/Block) 	Elapsed: 3.041	Loglikelihood: -1.10875e+06	(delta): 0.0052209
21 (QN/Block) 	Elapsed: 2.74	Loglikelihood: -1.10875e+06	(delta): 0.000215842
22 (QN/Block) 	Elapsed: 2.719	Loglikelihood: -1.10875e+06	(delta): 5.50738e-06
Summary: 
Converged in 22 iterations (93.794 sec)
Loglikelihood: -1108750.793116
Fst divergences between estimated populations: 
	Pop0	Pop1	Pop2	Pop3	Pop4	Pop5	Pop6	Pop7	Pop8	
Pop0	
Pop1	0.390	
Pop2	0.479	0.335	
Pop3	0.446	0.307	0.253	
Pop4	0.305	0.310	0.404	0.371	
Pop5	0.355	0.182	0.350	0.315	0.272	
Pop6	0.785	0.691	0.764	0.726	0.711	0.677	
Pop7	0.554	0.412	0.495	0.452	0.475	0.385	0.798	
Pop8	0.755	0.621	0.717	0.669	0.670	0.600	0.987	0.717	
Pop9	0.257	0.257	0.353	0.321	0.159	0.216	0.666	0.427	0.621	
CV error (K=10): 0.14462
Writing output files.
