****                   ADMIXTURE Version 1.3.0                  ****
****                    Copyright 2008-2015                     ****
****           David Alexander, Suyash Shringarpure,            ****
****                John  Novembre, Ken Lange                   ****
****                                                            ****
****                 Please cite our paper!                     ****
****   Information at www.genetics.ucla.edu/software/admixture  ****

Cross-validation will be performed.  Folds=10.
Parallel execution requested.  Will use 8 threads.
Random seed: 20260927
Point estimation method: Block relaxation algorithm
Convergence acceleration algorithm: QuasiNewton, 3 secant conditions
Point estimation will terminate when objective function delta < 1e-05
Estimation of standard errors disabled; will compute point estimates only.
Size of G: 380x17027
Performing five EM steps to prime main algorithm
1 (EM) 	Elapsed: 4.396	Loglikelihood: -2.09596e+06	(delta): 6.36366e+06
2 (EM) 	Elapsed: 4.36	Loglikelihood: -1.91465e+06	(delta): 181309
3 (EM) 	Elapsed: 4.348	Loglikelihood: -1.88917e+06	(delta): 25482.8
4 (EM) 	Elapsed: 4.385	Loglikelihood: -1.87399e+06	(delta): 15180
5 (EM) 	Elapsed: 4.385	Loglikelihood: -1.861e+06	(delta): 12991
Initial loglikelihood: -1.861e+06
Starting main algorithm
1 (QN/Block) 	Elapsed: 2.153	Loglikelihood: -1.4339e+06	(delta): 427094
2 (QN/Block) 	Elapsed: 2.179	Loglikelihood: -1.2878e+06	(delta): 146103
3 (QN/Block) 	Elapsed: 3.36	Loglikelihood: -1.17252e+06	(delta): 115278
4 (QN/Block) 	Elapsed: 3.385	Loglikelihood: -1.12008e+06	(delta): 52435.9
5 (QN/Block) 	Elapsed: 4.099	Loglikelihood: -1.09986e+06	(delta): 20224.8
6 (QN/Block) 	Elapsed: 4.052	Loglikelihood: -1.09121e+06	(delta): 8650.37
7 (QN/Block) 	Elapsed: 4.102	Loglikelihood: -1.08729e+06	(delta): 3919.68
8 (QN/Block) 	Elapsed: 3.058	Loglikelihood: -1.08516e+06	(delta): 2132.15
9 (QN/Block) 	Elapsed: 3.404	Loglikelihood: -1.08322e+06	(delta): 1940.41
10 (QN/Block) 	Elapsed: 4.128	Loglikelihood: -1.08234e+06	(delta): 880.318
11 (QN/Block) 	Elapsed: 3.054	Loglikelihood: -1.08206e+06	(delta): 275.351
12 (QN/Block) 	Elapsed: 3.048	Loglikelihood: -1.08201e+06	(delta): 54.548
13 (QN/Block) 	Elapsed: 4.125	Loglikelihood: -1.082e+06	(delta): 9.4513
14 (QN/Block) 	Elapsed: 3.052	Loglikelihood: -1.082e+06	(delta): 1.15917
15 (QN/Block) 	Elapsed: 3.053	Loglikelihood: -1.082e+06	(delta): 0.151852
16 (QN/Block) 	Elapsed: 3.04	Loglikelihood: -1.082e+06	(delta): 0.0213779
17 (QN/Block) 	Elapsed: 3.057	Loglikelihood: -1.082e+06	(delta): 0.00409282
18 (QN/Block) 	Elapsed: 3.041	Loglikelihood: -1.082e+06	(delta): 0.00100555
19 (QN/Block) 	Elapsed: 3.034	Loglikelihood: -1.082e+06	(delta): 4.63107e-05
20 (QN/Block) 	Elapsed: 3.041	Loglikelihood: -1.082e+06	(delta): 9.6655e-06
Summary: 
Converged in 20 iterations (97.19 sec)
Loglikelihood: -1081995.680777
Fst divergences between estimated populations: 
	Pop0	Pop1	Pop2	Pop3	Pop4	Pop5	Pop6	Pop7	Pop8	Pop9	
Pop0	
Pop1	0.273	
Pop2	0.109	0.288	
Pop3	0.187	0.339	0.169	
Pop4	0.281	0.394	0.253	0.321	
Pop5	0.245	0.362	0.212	0.287	0.184	
Pop6	0.687	0.788	0.672	0.719	0.692	0.681	
Pop7	0.374	0.483	0.359	0.414	0.335	0.353	0.764	
Pop8	0.396	0.499	0.382	0.430	0.356	0.329	0.735	0.437	
Pop9	0.282	0.372	0.269	0.262	0.384	0.354	0.787	0.482	0.495	
Pop10	0.342	0.450	0.324	0.378	0.307	0.318	0.726	0.253	0.395	0.449	
CV error (K=11): 0.14427
Writing output files.
