****                   ADMIXTURE Version 1.3.0                  ****
****                    Copyright 2008-2015                     ****
****           David Alexander, Suyash Shringarpure,            ****
****                John  Novembre, Ken Lange                   ****
****                                                            ****
****                 Please cite our paper!                     ****
****   Information at www.genetics.ucla.edu/software/admixture  ****

Cross-validation will be performed.  Folds=10.
Parallel execution requested.  Will use 8 threads.
Random seed: 20260927
Point estimation method: Block relaxation algorithm
Convergence acceleration algorithm: QuasiNewton, 3 secant conditions
Point estimation will terminate when objective function delta < 1e-05
Estimation of standard errors disabled; will compute point estimates only.
Size of G: 380x17027
Performing five EM steps to prime main algorithm
1 (EM) 	Elapsed: 5.084	Loglikelihood: -2.09583e+06	(delta): 6.34653e+06
2 (EM) 	Elapsed: 5.027	Loglikelihood: -1.91378e+06	(delta): 182042
3 (EM) 	Elapsed: 5.014	Loglikelihood: -1.88913e+06	(delta): 24651.4
4 (EM) 	Elapsed: 5.044	Loglikelihood: -1.87499e+06	(delta): 14143.5
5 (EM) 	Elapsed: 5.033	Loglikelihood: -1.86324e+06	(delta): 11744.9
Initial loglikelihood: -1.86324e+06
Starting main algorithm
1 (QN/Block) 	Elapsed: 2.286	Loglikelihood: -1.41025e+06	(delta): 452996
2 (QN/Block) 	Elapsed: 2.327	Loglikelihood: -1.19817e+06	(delta): 212076
3 (QN/Block) 	Elapsed: 3.195	Loglikelihood: -1.13114e+06	(delta): 67033.6
4 (QN/Block) 	Elapsed: 3.152	Loglikelihood: -1.09675e+06	(delta): 34393.2
5 (QN/Block) 	Elapsed: 3.157	Loglikelihood: -1.08225e+06	(delta): 14490.8
6 (QN/Block) 	Elapsed: 4.264	Loglikelihood: -1.078e+06	(delta): 4257.48
7 (QN/Block) 	Elapsed: 3.133	Loglikelihood: -1.07665e+06	(delta): 1346.23
8 (QN/Block) 	Elapsed: 3.534	Loglikelihood: -1.07641e+06	(delta): 240.073
9 (QN/Block) 	Elapsed: 3.52	Loglikelihood: -1.07636e+06	(delta): 52.5038
10 (QN/Block) 	Elapsed: 3.141	Loglikelihood: -1.07634e+06	(delta): 15.7981
11 (QN/Block) 	Elapsed: 3.937	Loglikelihood: -1.07633e+06	(delta): 9.1962
12 (QN/Block) 	Elapsed: 4.298	Loglikelihood: -1.07632e+06	(delta): 13.6506
13 (QN/Block) 	Elapsed: 3.547	Loglikelihood: -1.07631e+06	(delta): 13.9498
14 (QN/Block) 	Elapsed: 3.551	Loglikelihood: -1.0763e+06	(delta): 9.16407
15 (QN/Block) 	Elapsed: 3.527	Loglikelihood: -1.07629e+06	(delta): 6.94458
16 (QN/Block) 	Elapsed: 3.158	Loglikelihood: -1.07629e+06	(delta): 3.56315
17 (QN/Block) 	Elapsed: 3.15	Loglikelihood: -1.07628e+06	(delta): 2.48868
18 (QN/Block) 	Elapsed: 3.146	Loglikelihood: -1.07628e+06	(delta): 1.73655
19 (QN/Block) 	Elapsed: 3.212	Loglikelihood: -1.07628e+06	(delta): 1.31159
20 (QN/Block) 	Elapsed: 3.147	Loglikelihood: -1.07628e+06	(delta): 0.887024
21 (QN/Block) 	Elapsed: 3.147	Loglikelihood: -1.07628e+06	(delta): 0.633512
22 (QN/Block) 	Elapsed: 3.134	Loglikelihood: -1.07628e+06	(delta): 0.621554
23 (QN/Block) 	Elapsed: 3.144	Loglikelihood: -1.07628e+06	(delta): 0.430274
24 (QN/Block) 	Elapsed: 3.166	Loglikelihood: -1.07628e+06	(delta): 0.383189
25 (QN/Block) 	Elapsed: 3.143	Loglikelihood: -1.07628e+06	(delta): 0.346593
26 (QN/Block) 	Elapsed: 3.165	Loglikelihood: -1.07628e+06	(delta): 0.245159
27 (QN/Block) 	Elapsed: 3.163	Loglikelihood: -1.07628e+06	(delta): 0.125755
28 (QN/Block) 	Elapsed: 3.149	Loglikelihood: -1.07628e+06	(delta): 0.0609159
29 (QN/Block) 	Elapsed: 3.165	Loglikelihood: -1.07628e+06	(delta): 0.0508931
30 (QN/Block) 	Elapsed: 3.154	Loglikelihood: -1.07628e+06	(delta): 0.0113376
31 (QN/Block) 	Elapsed: 3.173	Loglikelihood: -1.07628e+06	(delta): 0.00212387
32 (QN/Block) 	Elapsed: 3.177	Loglikelihood: -1.07628e+06	(delta): 0.000391106
33 (QN/Block) 	Elapsed: 3.153	Loglikelihood: -1.07628e+06	(delta): 0.000183283
34 (QN/Block) 	Elapsed: 3.147	Loglikelihood: -1.07628e+06	(delta): 1.10122e-05
35 (QN/Block) 	Elapsed: 3.153	Loglikelihood: -1.07628e+06	(delta): 2.71481e-07
Summary: 
Converged in 35 iterations (154.965 sec)
Loglikelihood: -1076276.730387
Fst divergences between estimated populations: 
	Pop0	Pop1	Pop2	Pop3	Pop4	Pop5	Pop6	Pop7	Pop8	Pop9	Pop10	
Pop0	
Pop1	0.344	
Pop2	0.775	0.670	
Pop3	0.336	0.171	0.697	
Pop4	0.306	0.341	0.767	0.341	
Pop5	0.308	0.348	0.778	0.344	0.254	
Pop6	0.404	0.266	0.716	0.303	0.399	0.412	
Pop7	0.497	0.369	0.800	0.405	0.485	0.499	0.469	
Pop8	0.391	0.232	0.746	0.151	0.400	0.405	0.358	0.465	
Pop9	0.361	0.218	0.682	0.256	0.355	0.374	0.155	0.431	0.311	
Pop10	0.485	0.351	0.794	0.389	0.485	0.495	0.322	0.555	0.444	0.261	
Pop11	0.485	0.344	0.793	0.380	0.485	0.494	0.250	0.552	0.436	0.266	0.370	
CV error (K=12): 0.14393
Writing output files.
