****                   ADMIXTURE Version 1.3.0                  ****
****                    Copyright 2008-2015                     ****
****           David Alexander, Suyash Shringarpure,            ****
****                John  Novembre, Ken Lange                   ****
****                                                            ****
****                 Please cite our paper!                     ****
****   Information at www.genetics.ucla.edu/software/admixture  ****

Cross-validation will be performed.  Folds=10.
Parallel execution requested.  Will use 8 threads.
Random seed: 20260927
Point estimation method: Block relaxation algorithm
Convergence acceleration algorithm: QuasiNewton, 3 secant conditions
Point estimation will terminate when objective function delta < 1e-05
Estimation of standard errors disabled; will compute point estimates only.
Size of G: 380x17027
Performing five EM steps to prime main algorithm
1 (EM) 	Elapsed: 5.814	Loglikelihood: -2.09513e+06	(delta): 6.31569e+06
2 (EM) 	Elapsed: 5.783	Loglikelihood: -1.91052e+06	(delta): 184614
3 (EM) 	Elapsed: 5.772	Loglikelihood: -1.88488e+06	(delta): 25641.9
4 (EM) 	Elapsed: 5.758	Loglikelihood: -1.86899e+06	(delta): 15888.7
5 (EM) 	Elapsed: 5.972	Loglikelihood: -1.85441e+06	(delta): 14583.9
Initial loglikelihood: -1.85441e+06
Starting main algorithm
1 (QN/Block) 	Elapsed: 2.619	Loglikelihood: -1.38264e+06	(delta): 471770
2 (QN/Block) 	Elapsed: 2.69	Loglikelihood: -1.194e+06	(delta): 188634
3 (QN/Block) 	Elapsed: 4.218	Loglikelihood: -1.11956e+06	(delta): 74443
4 (QN/Block) 	Elapsed: 3.773	Loglikelihood: -1.08037e+06	(delta): 39193.1
5 (QN/Block) 	Elapsed: 3.663	Loglikelihood: -1.06146e+06	(delta): 18903
6 (QN/Block) 	Elapsed: 3.682	Loglikelihood: -1.05543e+06	(delta): 6035.21
7 (QN/Block) 	Elapsed: 5.084	Loglikelihood: -1.05332e+06	(delta): 2111.04
8 (QN/Block) 	Elapsed: 4.607	Loglikelihood: -1.05262e+06	(delta): 701.371
9 (QN/Block) 	Elapsed: 3.358	Loglikelihood: -1.05234e+06	(delta): 277.072
10 (QN/Block) 	Elapsed: 3.368	Loglikelihood: -1.05223e+06	(delta): 110.752
11 (QN/Block) 	Elapsed: 3.354	Loglikelihood: -1.05219e+06	(delta): 35.2618
12 (QN/Block) 	Elapsed: 3.354	Loglikelihood: -1.05219e+06	(delta): 1.50595
13 (QN/Block) 	Elapsed: 3.362	Loglikelihood: -1.05219e+06	(delta): 0.0380573
14 (QN/Block) 	Elapsed: 3.371	Loglikelihood: -1.05219e+06	(delta): 0.00482251
15 (QN/Block) 	Elapsed: 3.362	Loglikelihood: -1.05219e+06	(delta): 0.000987768
16 (QN/Block) 	Elapsed: 3.358	Loglikelihood: -1.05219e+06	(delta): 6.10461e-05
17 (QN/Block) 	Elapsed: 3.359	Loglikelihood: -1.05219e+06	(delta): 3.33879e-06
Summary: 
Converged in 17 iterations (100.069 sec)
Loglikelihood: -1052190.868969
Fst divergences between estimated populations: 
	Pop0	Pop1	Pop2	Pop3	Pop4	Pop5	Pop6	Pop7	Pop8	Pop9	Pop10	Pop11	
Pop0	
Pop1	0.170	
Pop2	0.187	0.109	
Pop3	0.378	0.324	0.342	
Pop4	0.416	0.361	0.376	0.255	
Pop5	0.679	0.627	0.641	0.667	0.718	
Pop6	0.289	0.214	0.246	0.320	0.357	0.603	
Pop7	0.373	0.303	0.330	0.361	0.390	0.678	0.242	
Pop8	0.263	0.269	0.281	0.449	0.484	0.755	0.356	0.436	
Pop9	0.339	0.288	0.273	0.450	0.485	0.758	0.364	0.445	0.372	
Pop10	0.318	0.249	0.277	0.303	0.335	0.615	0.181	0.153	0.382	0.392	
Pop11	0.483	0.432	0.448	0.452	0.497	0.716	0.389	0.467	0.553	0.558	0.408	
Pop12	0.725	0.677	0.693	0.733	0.772	0.987	0.686	0.744	0.791	0.792	0.695	0.803	
CV error (K=13): 0.14041
Writing output files.
