****                   ADMIXTURE Version 1.3.0                  ****
****                    Copyright 2008-2015                     ****
****           David Alexander, Suyash Shringarpure,            ****
****                John  Novembre, Ken Lange                   ****
****                                                            ****
****                 Please cite our paper!                     ****
****   Information at www.genetics.ucla.edu/software/admixture  ****

Cross-validation will be performed.  Folds=10.
Parallel execution requested.  Will use 8 threads.
Random seed: 20260927
Point estimation method: Block relaxation algorithm
Convergence acceleration algorithm: QuasiNewton, 3 secant conditions
Point estimation will terminate when objective function delta < 1e-05
Estimation of standard errors disabled; will compute point estimates only.
Size of G: 380x17027
Performing five EM steps to prime main algorithm
1 (EM) 	Elapsed: 6.575	Loglikelihood: -2.09845e+06	(delta): 6.29307e+06
2 (EM) 	Elapsed: 6.602	Loglikelihood: -1.91272e+06	(delta): 185731
3 (EM) 	Elapsed: 6.557	Loglikelihood: -1.88882e+06	(delta): 23891.4
4 (EM) 	Elapsed: 6.582	Loglikelihood: -1.87554e+06	(delta): 13289.5
5 (EM) 	Elapsed: 6.567	Loglikelihood: -1.86467e+06	(delta): 10862.5
Initial loglikelihood: -1.86467e+06
Starting main algorithm
1 (QN/Block) 	Elapsed: 2.579	Loglikelihood: -1.38892e+06	(delta): 475756
2 (QN/Block) 	Elapsed: 2.658	Loglikelihood: -1.18856e+06	(delta): 200357
3 (QN/Block) 	Elapsed: 4.165	Loglikelihood: -1.12994e+06	(delta): 58619
4 (QN/Block) 	Elapsed: 3.682	Loglikelihood: -1.08333e+06	(delta): 46613.2
5 (QN/Block) 	Elapsed: 3.652	Loglikelihood: -1.05975e+06	(delta): 23573.2
6 (QN/Block) 	Elapsed: 3.614	Loglikelihood: -1.05232e+06	(delta): 7438.18
7 (QN/Block) 	Elapsed: 3.652	Loglikelihood: -1.04771e+06	(delta): 4608.19
8 (QN/Block) 	Elapsed: 3.584	Loglikelihood: -1.04537e+06	(delta): 2333.38
9 (QN/Block) 	Elapsed: 4.023	Loglikelihood: -1.04186e+06	(delta): 3512.7
10 (QN/Block) 	Elapsed: 4.955	Loglikelihood: -1.04095e+06	(delta): 916.064
11 (QN/Block) 	Elapsed: 4.042	Loglikelihood: -1.04066e+06	(delta): 290.686
12 (QN/Block) 	Elapsed: 4.472	Loglikelihood: -1.04049e+06	(delta): 162.302
13 (QN/Block) 	Elapsed: 4.911	Loglikelihood: -1.04031e+06	(delta): 178.194
14 (QN/Block) 	Elapsed: 4.934	Loglikelihood: -1.04029e+06	(delta): 28.1016
15 (QN/Block) 	Elapsed: 3.605	Loglikelihood: -1.04028e+06	(delta): 6.55002
16 (QN/Block) 	Elapsed: 4.922	Loglikelihood: -1.04028e+06	(delta): 1.32615
17 (QN/Block) 	Elapsed: 5.235	Loglikelihood: -1.04028e+06	(delta): 0.0116962
18 (QN/Block) 	Elapsed: 3.62	Loglikelihood: -1.04028e+06	(delta): 0.00131143
19 (QN/Block) 	Elapsed: 3.614	Loglikelihood: -1.04028e+06	(delta): 8.25477e-05
20 (QN/Block) 	Elapsed: 3.601	Loglikelihood: -1.04028e+06	(delta): 2.7807e-06
Summary: 
Converged in 20 iterations (124.432 sec)
Loglikelihood: -1040278.732431
Fst divergences between estimated populations: 
	Pop0	Pop1	Pop2	Pop3	Pop4	Pop5	Pop6	Pop7	Pop8	Pop9	Pop10	Pop11	Pop12	
Pop0	
Pop1	0.478	
Pop2	0.307	0.516	
Pop3	0.351	0.355	0.378	
Pop4	0.342	0.385	0.366	0.185	
Pop5	0.399	0.252	0.432	0.277	0.312	
Pop6	0.436	0.319	0.472	0.312	0.346	0.147	
Pop7	0.479	0.373	0.517	0.363	0.395	0.323	0.378	
Pop8	0.759	0.788	0.792	0.681	0.693	0.710	0.742	0.789	
Pop9	0.355	0.273	0.391	0.213	0.255	0.156	0.214	0.291	0.673	
Pop10	0.371	0.288	0.412	0.247	0.284	0.168	0.231	0.277	0.691	0.115	
Pop11	0.278	0.491	0.277	0.358	0.350	0.405	0.444	0.491	0.763	0.360	0.379	
Pop12	0.431	0.496	0.459	0.329	0.357	0.420	0.454	0.499	0.735	0.384	0.399	0.432	
Pop13	0.186	0.507	0.362	0.373	0.353	0.425	0.463	0.508	0.786	0.381	0.399	0.347	0.458	
CV error (K=14): 0.14165
Writing output files.
