****                   ADMIXTURE Version 1.3.0                  ****
****                    Copyright 2008-2015                     ****
****           David Alexander, Suyash Shringarpure,            ****
****                John  Novembre, Ken Lange                   ****
****                                                            ****
****                 Please cite our paper!                     ****
****   Information at www.genetics.ucla.edu/software/admixture  ****

Cross-validation will be performed.  Folds=10.
Parallel execution requested.  Will use 8 threads.
Random seed: 20260927
Point estimation method: Block relaxation algorithm
Convergence acceleration algorithm: QuasiNewton, 3 secant conditions
Point estimation will terminate when objective function delta < 1e-05
Estimation of standard errors disabled; will compute point estimates only.
Size of G: 380x17027
Performing five EM steps to prime main algorithm
1 (EM) 	Elapsed: 7.502	Loglikelihood: -2.09588e+06	(delta): 6.27764e+06
2 (EM) 	Elapsed: 7.384	Loglikelihood: -1.90676e+06	(delta): 189115
3 (EM) 	Elapsed: 7.385	Loglikelihood: -1.87906e+06	(delta): 27702.4
4 (EM) 	Elapsed: 7.451	Loglikelihood: -1.86108e+06	(delta): 17980.3
5 (EM) 	Elapsed: 7.46	Loglikelihood: -1.84458e+06	(delta): 16495.5
Initial loglikelihood: -1.84458e+06
Starting main algorithm
1 (QN/Block) 	Elapsed: 2.774	Loglikelihood: -1.33506e+06	(delta): 509528
2 (QN/Block) 	Elapsed: 2.819	Loglikelihood: -1.16639e+06	(delta): 168662
3 (QN/Block) 	Elapsed: 4.405	Loglikelihood: -1.10127e+06	(delta): 65123
4 (QN/Block) 	Elapsed: 4.371	Loglikelihood: -1.06819e+06	(delta): 33085.2
5 (QN/Block) 	Elapsed: 3.878	Loglikelihood: -1.05303e+06	(delta): 15153.5
6 (QN/Block) 	Elapsed: 5.28	Loglikelihood: -1.04352e+06	(delta): 9516.29
7 (QN/Block) 	Elapsed: 3.841	Loglikelihood: -1.0354e+06	(delta): 8117.73
8 (QN/Block) 	Elapsed: 3.823	Loglikelihood: -1.03246e+06	(delta): 2941.45
9 (QN/Block) 	Elapsed: 5.223	Loglikelihood: -1.03161e+06	(delta): 842.582
10 (QN/Block) 	Elapsed: 4.297	Loglikelihood: -1.03136e+06	(delta): 256.422
11 (QN/Block) 	Elapsed: 3.866	Loglikelihood: -1.03126e+06	(delta): 101.7
12 (QN/Block) 	Elapsed: 5.254	Loglikelihood: -1.03119e+06	(delta): 67.9214
13 (QN/Block) 	Elapsed: 4.319	Loglikelihood: -1.03116e+06	(delta): 29.845
14 (QN/Block) 	Elapsed: 3.848	Loglikelihood: -1.03115e+06	(delta): 10.5211
15 (QN/Block) 	Elapsed: 5.231	Loglikelihood: -1.03114e+06	(delta): 6.95689
16 (QN/Block) 	Elapsed: 3.875	Loglikelihood: -1.03114e+06	(delta): 2.05764
17 (QN/Block) 	Elapsed: 3.834	Loglikelihood: -1.03114e+06	(delta): 0.188751
18 (QN/Block) 	Elapsed: 3.859	Loglikelihood: -1.03114e+06	(delta): 0.0115301
19 (QN/Block) 	Elapsed: 3.858	Loglikelihood: -1.03114e+06	(delta): 0.000892571
20 (QN/Block) 	Elapsed: 3.837	Loglikelihood: -1.03114e+06	(delta): 3.26869e-05
21 (QN/Block) 	Elapsed: 3.844	Loglikelihood: -1.03114e+06	(delta): 7.567e-07
Summary: 
Converged in 21 iterations (136.893 sec)
Loglikelihood: -1031138.080162
Fst divergences between estimated populations: 
	Pop0	Pop1	Pop2	Pop3	Pop4	Pop5	Pop6	Pop7	Pop8	Pop9	Pop10	Pop11	Pop12	Pop13	
Pop0	
Pop1	0.380	
Pop2	0.432	0.400	
Pop3	0.347	0.400	0.458	
Pop4	0.491	0.289	0.496	0.507	
Pop5	0.277	0.413	0.459	0.362	0.516	
Pop6	0.359	0.209	0.350	0.379	0.314	0.386	
Pop7	0.491	0.278	0.499	0.508	0.374	0.518	0.335	
Pop8	0.444	0.233	0.454	0.463	0.319	0.472	0.264	0.378	
Pop9	0.350	0.285	0.358	0.354	0.386	0.367	0.205	0.396	0.347	
Pop10	0.403	0.164	0.419	0.423	0.251	0.430	0.218	0.320	0.147	0.311	
Pop11	0.366	0.119	0.390	0.387	0.280	0.398	0.179	0.298	0.220	0.263	0.160	
Pop12	0.763	0.692	0.735	0.786	0.788	0.792	0.677	0.789	0.742	0.694	0.707	0.680	
Pop13	0.278	0.372	0.431	0.186	0.478	0.307	0.356	0.479	0.437	0.342	0.397	0.361	0.759	
Pop14	0.363	0.257	0.332	0.377	0.364	0.382	0.124	0.371	0.321	0.194	0.285	0.232	0.685	0.355	
CV error (K=15): 0.14329
Writing output files.
