****                   ADMIXTURE Version 1.3.0                  ****
****                    Copyright 2008-2015                     ****
****           David Alexander, Suyash Shringarpure,            ****
****                John  Novembre, Ken Lange                   ****
****                                                            ****
****                 Please cite our paper!                     ****
****   Information at www.genetics.ucla.edu/software/admixture  ****

Cross-validation will be performed.  Folds=10.
Parallel execution requested.  Will use 8 threads.
Random seed: 20260927
Point estimation method: Block relaxation algorithm
Convergence acceleration algorithm: QuasiNewton, 3 secant conditions
Point estimation will terminate when objective function delta < 1e-05
Estimation of standard errors disabled; will compute point estimates only.
Size of G: 380x17027
Performing five EM steps to prime main algorithm
1 (EM) 	Elapsed: 8.396	Loglikelihood: -2.0952e+06	(delta): 6.25736e+06
2 (EM) 	Elapsed: 8.349	Loglikelihood: -1.90786e+06	(delta): 187342
3 (EM) 	Elapsed: 8.343	Loglikelihood: -1.88308e+06	(delta): 24775.9
4 (EM) 	Elapsed: 8.323	Loglikelihood: -1.86838e+06	(delta): 14709.5
5 (EM) 	Elapsed: 8.333	Loglikelihood: -1.85551e+06	(delta): 12866.5
Initial loglikelihood: -1.85551e+06
Starting main algorithm
1 (QN/Block) 	Elapsed: 2.923	Loglikelihood: -1.35242e+06	(delta): 503087
2 (QN/Block) 	Elapsed: 3.038	Loglikelihood: -1.16161e+06	(delta): 190812
3 (QN/Block) 	Elapsed: 4.718	Loglikelihood: -1.08822e+06	(delta): 73385.9
4 (QN/Block) 	Elapsed: 5.621	Loglikelihood: -1.05254e+06	(delta): 35682.3
5 (QN/Block) 	Elapsed: 4.075	Loglikelihood: -1.03405e+06	(delta): 18490.4
6 (QN/Block) 	Elapsed: 4.101	Loglikelihood: -1.02789e+06	(delta): 6159.41
7 (QN/Block) 	Elapsed: 4.523	Loglikelihood: -1.02547e+06	(delta): 2425.48
8 (QN/Block) 	Elapsed: 4.545	Loglikelihood: -1.02408e+06	(delta): 1391.55
9 (QN/Block) 	Elapsed: 4.6	Loglikelihood: -1.0214e+06	(delta): 2674.11
10 (QN/Block) 	Elapsed: 4.574	Loglikelihood: -1.02017e+06	(delta): 1233.43
11 (QN/Block) 	Elapsed: 5.605	Loglikelihood: -1.01967e+06	(delta): 499.61
12 (QN/Block) 	Elapsed: 4.073	Loglikelihood: -1.01917e+06	(delta): 499.808
13 (QN/Block) 	Elapsed: 4.072	Loglikelihood: -1.01835e+06	(delta): 821.153
14 (QN/Block) 	Elapsed: 4.575	Loglikelihood: -1.01693e+06	(delta): 1413.85
15 (QN/Block) 	Elapsed: 4.078	Loglikelihood: -1.01636e+06	(delta): 576.483
16 (QN/Block) 	Elapsed: 4.575	Loglikelihood: -1.01626e+06	(delta): 100.789
17 (QN/Block) 	Elapsed: 4.1	Loglikelihood: -1.01624e+06	(delta): 19.2381
18 (QN/Block) 	Elapsed: 4.073	Loglikelihood: -1.01623e+06	(delta): 3.55747
19 (QN/Block) 	Elapsed: 4.566	Loglikelihood: -1.01623e+06	(delta): 0.916881
20 (QN/Block) 	Elapsed: 5.574	Loglikelihood: -1.01623e+06	(delta): 0.0465204
21 (QN/Block) 	Elapsed: 5.549	Loglikelihood: -1.01623e+06	(delta): 0.00525491
22 (QN/Block) 	Elapsed: 5.567	Loglikelihood: -1.01623e+06	(delta): 0.00275631
23 (QN/Block) 	Elapsed: 5.568	Loglikelihood: -1.01623e+06	(delta): 0.00172158
24 (QN/Block) 	Elapsed: 5.61	Loglikelihood: -1.01623e+06	(delta): 0.00140878
25 (QN/Block) 	Elapsed: 5.574	Loglikelihood: -1.01623e+06	(delta): 0.00100396
26 (QN/Block) 	Elapsed: 5.569	Loglikelihood: -1.01623e+06	(delta): 0.000470648
27 (QN/Block) 	Elapsed: 5.558	Loglikelihood: -1.01623e+06	(delta): 0.000573926
28 (QN/Block) 	Elapsed: 4.096	Loglikelihood: -1.01623e+06	(delta): 0.00121463
29 (QN/Block) 	Elapsed: 5.556	Loglikelihood: -1.01623e+06	(delta): 0.00118069
30 (QN/Block) 	Elapsed: 4.062	Loglikelihood: -1.01623e+06	(delta): 0.000127244
31 (QN/Block) 	Elapsed: 4.077	Loglikelihood: -1.01623e+06	(delta): 2.36369e-05
32 (QN/Block) 	Elapsed: 4.111	Loglikelihood: -1.01623e+06	(delta): 3.35707e-06
Summary: 
Converged in 32 iterations (210.229 sec)
Loglikelihood: -1016232.296824
Fst divergences between estimated populations: 
	Pop0	Pop1	Pop2	Pop3	Pop4	Pop5	Pop6	Pop7	Pop8	Pop9	Pop10	Pop11	Pop12	Pop13	Pop14	
Pop0	
Pop1	0.321	
Pop2	0.396	0.231	
Pop3	0.506	0.360	0.355	
Pop4	0.303	0.115	0.255	0.369	
Pop5	0.517	0.365	0.363	0.278	0.376	
Pop6	0.815	0.680	0.686	0.759	0.687	0.763	
Pop7	0.788	0.637	0.607	0.712	0.642	0.712	0.987	
Pop8	0.363	0.176	0.296	0.408	0.186	0.415	0.719	0.679	
Pop9	0.358	0.177	0.124	0.355	0.204	0.359	0.676	0.611	0.228	
Pop10	0.545	0.396	0.383	0.307	0.409	0.277	0.791	0.747	0.442	0.385	
Pop11	0.584	0.439	0.390	0.490	0.447	0.491	0.798	0.717	0.482	0.403	0.521	
Pop12	0.277	0.296	0.371	0.478	0.265	0.490	0.796	0.767	0.349	0.334	0.519	0.558	
Pop13	0.421	0.261	0.194	0.342	0.282	0.350	0.693	0.622	0.322	0.204	0.367	0.414	0.393	
Pop14	0.535	0.386	0.377	0.186	0.396	0.347	0.786	0.743	0.435	0.378	0.362	0.518	0.510	0.354	
Pop15	0.397	0.277	0.364	0.477	0.282	0.490	0.787	0.756	0.262	0.312	0.515	0.553	0.404	0.385	0.507	
CV error (K=16): 0.13972
Writing output files.
