****                   ADMIXTURE Version 1.3.0                  ****
****                    Copyright 2008-2015                     ****
****           David Alexander, Suyash Shringarpure,            ****
****                John  Novembre, Ken Lange                   ****
****                                                            ****
****                 Please cite our paper!                     ****
****   Information at www.genetics.ucla.edu/software/admixture  ****

Cross-validation will be performed.  Folds=10.
Parallel execution requested.  Will use 8 threads.
Random seed: 20260927
Point estimation method: Block relaxation algorithm
Convergence acceleration algorithm: QuasiNewton, 3 secant conditions
Point estimation will terminate when objective function delta < 1e-05
Estimation of standard errors disabled; will compute point estimates only.
Size of G: 380x17027
Performing five EM steps to prime main algorithm
1 (EM) 	Elapsed: 10.382	Loglikelihood: -2.09643e+06	(delta): 6.23583e+06
2 (EM) 	Elapsed: 10.24	Loglikelihood: -1.90693e+06	(delta): 189500
3 (EM) 	Elapsed: 10.227	Loglikelihood: -1.88244e+06	(delta): 24493.4
4 (EM) 	Elapsed: 10.227	Loglikelihood: -1.86716e+06	(delta): 15279.2
5 (EM) 	Elapsed: 10.271	Loglikelihood: -1.85231e+06	(delta): 14847.3
Initial loglikelihood: -1.85231e+06
Starting main algorithm
1 (QN/Block) 	Elapsed: 3.275	Loglikelihood: -1.32394e+06	(delta): 528373
2 (QN/Block) 	Elapsed: 3.386	Loglikelihood: -1.13676e+06	(delta): 187183
3 (QN/Block) 	Elapsed: 5.238	Loglikelihood: -1.06462e+06	(delta): 72136.4
4 (QN/Block) 	Elapsed: 5.822	Loglikelihood: -1.02796e+06	(delta): 36662.8
5 (QN/Block) 	Elapsed: 4.616	Loglikelihood: -1.01107e+06	(delta): 16886.8
6 (QN/Block) 	Elapsed: 4.513	Loglikelihood: -1.00486e+06	(delta): 6209.29
7 (QN/Block) 	Elapsed: 4.503	Loglikelihood: -1.00226e+06	(delta): 2598.63
8 (QN/Block) 	Elapsed: 4.503	Loglikelihood: -1.00173e+06	(delta): 536.292
9 (QN/Block) 	Elapsed: 6.163	Loglikelihood: -1.00152e+06	(delta): 207.57
10 (QN/Block) 	Elapsed: 4.532	Loglikelihood: -1.00142e+06	(delta): 97.8782
11 (QN/Block) 	Elapsed: 4.532	Loglikelihood: -1.00138e+06	(delta): 46.4543
12 (QN/Block) 	Elapsed: 4.546	Loglikelihood: -1.00135e+06	(delta): 26.5751
13 (QN/Block) 	Elapsed: 5.087	Loglikelihood: -1.00135e+06	(delta): 2.26968
14 (QN/Block) 	Elapsed: 4.541	Loglikelihood: -1.00135e+06	(delta): 0.555103
15 (QN/Block) 	Elapsed: 4.536	Loglikelihood: -1.00135e+06	(delta): 1.13906
16 (QN/Block) 	Elapsed: 6.203	Loglikelihood: -1.00135e+06	(delta): 0.12075
17 (QN/Block) 	Elapsed: 6.207	Loglikelihood: -1.00135e+06	(delta): 0.175265
18 (QN/Block) 	Elapsed: 4.57	Loglikelihood: -1.00135e+06	(delta): 0.0321515
19 (QN/Block) 	Elapsed: 4.555	Loglikelihood: -1.00135e+06	(delta): 0.00336471
20 (QN/Block) 	Elapsed: 4.538	Loglikelihood: -1.00135e+06	(delta): 0.00111358
21 (QN/Block) 	Elapsed: 4.538	Loglikelihood: -1.00135e+06	(delta): 0.000148219
22 (QN/Block) 	Elapsed: 4.574	Loglikelihood: -1.00135e+06	(delta): 1.39783e-05
23 (QN/Block) 	Elapsed: 4.537	Loglikelihood: -1.00135e+06	(delta): 2.74857e-07
Summary: 
Converged in 23 iterations (177.546 sec)
Loglikelihood: -1001345.827989
Fst divergences between estimated populations: 
	Pop0	Pop1	Pop2	Pop3	Pop4	Pop5	Pop6	Pop7	Pop8	Pop9	Pop10	Pop11	Pop12	Pop13	Pop14	Pop15	Pop16	
Pop0	
Pop1	0.340	
Pop2	0.398	0.277	
Pop3	0.323	0.158	0.307	
Pop4	0.340	0.139	0.314	0.139	
Pop5	0.277	0.315	0.404	0.279	0.301	
Pop6	0.473	0.361	0.438	0.354	0.355	0.445	
Pop7	0.506	0.393	0.478	0.393	0.390	0.478	0.393	
Pop8	0.404	0.197	0.319	0.254	0.255	0.386	0.397	0.437	
Pop9	0.539	0.423	0.511	0.426	0.420	0.513	0.411	0.189	0.467	
Pop10	0.816	0.703	0.788	0.715	0.705	0.796	0.741	0.759	0.742	0.790	
Pop11	0.322	0.159	0.279	0.150	0.139	0.296	0.307	0.358	0.222	0.388	0.676	
Pop12	0.584	0.466	0.554	0.474	0.466	0.558	0.467	0.489	0.508	0.522	0.797	0.436	
Pop13	0.380	0.271	0.348	0.259	0.267	0.354	0.235	0.340	0.307	0.365	0.663	0.214	0.371	
Pop14	0.517	0.400	0.491	0.403	0.396	0.489	0.404	0.278	0.444	0.350	0.763	0.363	0.490	0.346	
Pop15	0.417	0.305	0.382	0.296	0.300	0.389	0.152	0.339	0.342	0.354	0.690	0.251	0.407	0.173	0.345	
Pop16	0.359	0.119	0.259	0.208	0.207	0.346	0.369	0.407	0.149	0.437	0.720	0.170	0.481	0.278	0.413	0.311	
Pop17	0.545	0.430	0.516	0.435	0.430	0.518	0.424	0.308	0.472	0.366	0.792	0.395	0.520	0.366	0.277	0.361	0.440	
CV error (K=18): 0.14266
Writing output files.
