****                   ADMIXTURE Version 1.3.0                  ****
****                    Copyright 2008-2015                     ****
****           David Alexander, Suyash Shringarpure,            ****
****                John  Novembre, Ken Lange                   ****
****                                                            ****
****                 Please cite our paper!                     ****
****   Information at www.genetics.ucla.edu/software/admixture  ****

Cross-validation will be performed.  Folds=10.
Parallel execution requested.  Will use 8 threads.
Random seed: 20260927
Point estimation method: Block relaxation algorithm
Convergence acceleration algorithm: QuasiNewton, 3 secant conditions
Point estimation will terminate when objective function delta < 1e-05
Estimation of standard errors disabled; will compute point estimates only.
Size of G: 380x17027
Performing five EM steps to prime main algorithm
1 (EM) 	Elapsed: 13.576	Loglikelihood: -2.09492e+06	(delta): 6.20102e+06
2 (EM) 	Elapsed: 13.55	Loglikelihood: -1.90396e+06	(delta): 190959
3 (EM) 	Elapsed: 13.411	Loglikelihood: -1.87935e+06	(delta): 24610.9
4 (EM) 	Elapsed: 13.365	Loglikelihood: -1.86447e+06	(delta): 14876.1
5 (EM) 	Elapsed: 13.472	Loglikelihood: -1.85109e+06	(delta): 13385.4
Initial loglikelihood: -1.85109e+06
Starting main algorithm
1 (QN/Block) 	Elapsed: 3.959	Loglikelihood: -1.31883e+06	(delta): 532260
2 (QN/Block) 	Elapsed: 3.965	Loglikelihood: -1.12623e+06	(delta): 192596
3 (QN/Block) 	Elapsed: 6.129	Loglikelihood: -1.05874e+06	(delta): 67486.5
4 (QN/Block) 	Elapsed: 5.447	Loglikelihood: -1.01966e+06	(delta): 39083
5 (QN/Block) 	Elapsed: 5.281	Loglikelihood: -1.00106e+06	(delta): 18597.4
6 (QN/Block) 	Elapsed: 6.531	Loglikelihood: -993282	(delta): 7780.09
7 (QN/Block) 	Elapsed: 7.247	Loglikelihood: -989829	(delta): 3453.69
8 (QN/Block) 	Elapsed: 7.162	Loglikelihood: -987958	(delta): 1870.86
9 (QN/Block) 	Elapsed: 5.27	Loglikelihood: -987015	(delta): 942.894
10 (QN/Block) 	Elapsed: 5.272	Loglikelihood: -986555	(delta): 459.387
11 (QN/Block) 	Elapsed: 5.25	Loglikelihood: -986194	(delta): 361.759
12 (QN/Block) 	Elapsed: 5.252	Loglikelihood: -985933	(delta): 260.363
13 (QN/Block) 	Elapsed: 5.256	Loglikelihood: -985763	(delta): 170.731
14 (QN/Block) 	Elapsed: 5.931	Loglikelihood: -985456	(delta): 306.664
15 (QN/Block) 	Elapsed: 5.28	Loglikelihood: -985005	(delta): 451.115
16 (QN/Block) 	Elapsed: 5.253	Loglikelihood: -984674	(delta): 330.554
17 (QN/Block) 	Elapsed: 7.181	Loglikelihood: -984454	(delta): 220.371
18 (QN/Block) 	Elapsed: 5.269	Loglikelihood: -984377	(delta): 76.8004
19 (QN/Block) 	Elapsed: 5.26	Loglikelihood: -984346	(delta): 30.948
20 (QN/Block) 	Elapsed: 7.167	Loglikelihood: -984330	(delta): 15.7568
21 (QN/Block) 	Elapsed: 5.257	Loglikelihood: -984325	(delta): 5.73561
22 (QN/Block) 	Elapsed: 5.256	Loglikelihood: -984323	(delta): 1.74006
23 (QN/Block) 	Elapsed: 5.272	Loglikelihood: -984322	(delta): 1.27096
24 (QN/Block) 	Elapsed: 7.203	Loglikelihood: -984320	(delta): 2.06208
25 (QN/Block) 	Elapsed: 6.561	Loglikelihood: -984316	(delta): 3.33161
26 (QN/Block) 	Elapsed: 6.589	Loglikelihood: -984311	(delta): 4.91917
27 (QN/Block) 	Elapsed: 6.572	Loglikelihood: -984307	(delta): 4.55735
28 (QN/Block) 	Elapsed: 5.29	Loglikelihood: -984306	(delta): 0.835573
29 (QN/Block) 	Elapsed: 5.275	Loglikelihood: -984306	(delta): 0.170437
30 (QN/Block) 	Elapsed: 5.268	Loglikelihood: -984306	(delta): 0.07072
31 (QN/Block) 	Elapsed: 5.267	Loglikelihood: -984306	(delta): 0.0204279
32 (QN/Block) 	Elapsed: 5.308	Loglikelihood: -984306	(delta): 0.0125349
33 (QN/Block) 	Elapsed: 5.321	Loglikelihood: -984306	(delta): 0.00771439
34 (QN/Block) 	Elapsed: 5.27	Loglikelihood: -984306	(delta): 0.00456698
35 (QN/Block) 	Elapsed: 5.279	Loglikelihood: -984306	(delta): 0.0151744
36 (QN/Block) 	Elapsed: 5.247	Loglikelihood: -984306	(delta): 0.00398827
37 (QN/Block) 	Elapsed: 5.248	Loglikelihood: -984306	(delta): 0.00248963
38 (QN/Block) 	Elapsed: 5.264	Loglikelihood: -984306	(delta): 0.000630992
39 (QN/Block) 	Elapsed: 5.274	Loglikelihood: -984306	(delta): 0.00434463
40 (QN/Block) 	Elapsed: 7.143	Loglikelihood: -984306	(delta): 0.000734466
41 (QN/Block) 	Elapsed: 7.195	Loglikelihood: -984306	(delta): 0.000301147
42 (QN/Block) 	Elapsed: 6.553	Loglikelihood: -984306	(delta): 0.000330923
43 (QN/Block) 	Elapsed: 7.329	Loglikelihood: -984306	(delta): 0.000415129
44 (QN/Block) 	Elapsed: 7.5	Loglikelihood: -984306	(delta): 2.31648e-05
45 (QN/Block) 	Elapsed: 6.072	Loglikelihood: -984306	(delta): 2.30381e-05
46 (QN/Block) 	Elapsed: 5.629	Loglikelihood: -984306	(delta): 2.46451e-07
Summary: 
Converged in 46 iterations (368.448 sec)
Loglikelihood: -984305.614546
Fst divergences between estimated populations: 
	Pop0	Pop1	Pop2	Pop3	Pop4	Pop5	Pop6	Pop7	Pop8	Pop9	Pop10	Pop11	Pop12	Pop13	Pop14	Pop15	Pop16	Pop17	Pop18	Pop19	
Pop0	
Pop1	0.695	
Pop2	0.303	0.717	
Pop3	0.386	0.789	0.308	
Pop4	0.694	0.656	0.717	0.789	
Pop5	0.408	0.802	0.308	0.376	0.802	
Pop6	0.354	0.787	0.424	0.507	0.787	0.522	
Pop7	0.482	0.882	0.401	0.484	0.883	0.222	0.601	
Pop8	0.286	0.699	0.180	0.299	0.699	0.327	0.410	0.419	
Pop9	0.392	0.797	0.281	0.405	0.797	0.263	0.509	0.374	0.321	
Pop10	0.317	0.713	0.144	0.324	0.713	0.329	0.426	0.422	0.163	0.308	
Pop11	0.350	0.764	0.404	0.491	0.764	0.504	0.347	0.581	0.389	0.489	0.405	
Pop12	0.367	0.792	0.436	0.516	0.793	0.532	0.362	0.611	0.418	0.517	0.439	0.277	
Pop13	0.206	0.680	0.230	0.319	0.680	0.350	0.382	0.431	0.212	0.341	0.252	0.362	0.389	
Pop14	0.620	0.988	0.675	0.755	0.991	0.771	0.741	0.863	0.655	0.765	0.667	0.711	0.745	0.612	
Pop15	0.414	0.799	0.475	0.554	0.800	0.571	0.518	0.647	0.459	0.558	0.474	0.491	0.521	0.406	0.715	
Pop16	0.346	0.742	0.254	0.319	0.742	0.383	0.463	0.479	0.227	0.386	0.265	0.444	0.471	0.268	0.702	0.508	
Pop17	0.194	0.687	0.273	0.365	0.686	0.384	0.377	0.458	0.258	0.370	0.291	0.364	0.382	0.125	0.604	0.390	0.320	
Pop18	0.273	0.693	0.159	0.293	0.693	0.320	0.399	0.407	0.117	0.309	0.173	0.378	0.410	0.195	0.649	0.452	0.238	0.242	
Pop19	0.326	0.727	0.214	0.265	0.726	0.346	0.441	0.445	0.184	0.352	0.223	0.420	0.447	0.238	0.685	0.488	0.154	0.301	0.198	
Pop20	0.342	0.760	0.394	0.478	0.760	0.492	0.186	0.570	0.382	0.477	0.399	0.278	0.307	0.359	0.710	0.490	0.436	0.355	0.372	0.414	
CV error (K=21): 0.14281
Writing output files.
