****                   ADMIXTURE Version 1.3.0                  ****
****                    Copyright 2008-2015                     ****
****           David Alexander, Suyash Shringarpure,            ****
****                John  Novembre, Ken Lange                   ****
****                                                            ****
****                 Please cite our paper!                     ****
****   Information at www.genetics.ucla.edu/software/admixture  ****

Cross-validation will be performed.  Folds=10.
Parallel execution requested.  Will use 8 threads.
Random seed: 20260927
Point estimation method: Block relaxation algorithm
Convergence acceleration algorithm: QuasiNewton, 3 secant conditions
Point estimation will terminate when objective function delta < 1e-05
Estimation of standard errors disabled; will compute point estimates only.
Size of G: 380x17027
Performing five EM steps to prime main algorithm
1 (EM) 	Elapsed: 14.758	Loglikelihood: -2.09418e+06	(delta): 6.19586e+06
2 (EM) 	Elapsed: 14.766	Loglikelihood: -1.90086e+06	(delta): 193316
3 (EM) 	Elapsed: 14.775	Loglikelihood: -1.87517e+06	(delta): 25689.6
4 (EM) 	Elapsed: 14.75	Loglikelihood: -1.85881e+06	(delta): 16364.7
5 (EM) 	Elapsed: 14.683	Loglikelihood: -1.84349e+06	(delta): 15315.9
Initial loglikelihood: -1.84349e+06
Starting main algorithm
1 (QN/Block) 	Elapsed: 3.943	Loglikelihood: -1.3006e+06	(delta): 542889
2 (QN/Block) 	Elapsed: 4.179	Loglikelihood: -1.09851e+06	(delta): 202089
3 (QN/Block) 	Elapsed: 6.425	Loglikelihood: -1.03293e+06	(delta): 65584.2
4 (QN/Block) 	Elapsed: 7.781	Loglikelihood: -998278	(delta): 34650.1
5 (QN/Block) 	Elapsed: 6.277	Loglikelihood: -975256	(delta): 23022.5
6 (QN/Block) 	Elapsed: 7.581	Loglikelihood: -962076	(delta): 13179.6
7 (QN/Block) 	Elapsed: 7.559	Loglikelihood: -958108	(delta): 3967.73
8 (QN/Block) 	Elapsed: 5.535	Loglikelihood: -956878	(delta): 1230.08
9 (QN/Block) 	Elapsed: 7.578	Loglikelihood: -956487	(delta): 391.006
10 (QN/Block) 	Elapsed: 5.584	Loglikelihood: -956331	(delta): 156.522
11 (QN/Block) 	Elapsed: 5.577	Loglikelihood: -956229	(delta): 101.874
12 (QN/Block) 	Elapsed: 7.551	Loglikelihood: -956190	(delta): 39.2169
13 (QN/Block) 	Elapsed: 5.551	Loglikelihood: -956183	(delta): 6.2577
14 (QN/Block) 	Elapsed: 5.531	Loglikelihood: -956182	(delta): 1.26838
15 (QN/Block) 	Elapsed: 6.257	Loglikelihood: -956182	(delta): 0.393345
16 (QN/Block) 	Elapsed: 6.887	Loglikelihood: -956182	(delta): 0.237731
17 (QN/Block) 	Elapsed: 7.562	Loglikelihood: -956181	(delta): 0.0716057
18 (QN/Block) 	Elapsed: 7.563	Loglikelihood: -956181	(delta): 0.00427453
19 (QN/Block) 	Elapsed: 5.538	Loglikelihood: -956181	(delta): 0.0016633
20 (QN/Block) 	Elapsed: 5.549	Loglikelihood: -956181	(delta): 0.000513712
21 (QN/Block) 	Elapsed: 5.553	Loglikelihood: -956181	(delta): 6.61822e-05
22 (QN/Block) 	Elapsed: 5.577	Loglikelihood: -956181	(delta): 3.58664e-06
Summary: 
Converged in 22 iterations (230.539 sec)
Loglikelihood: -956181.471256
Fst divergences between estimated populations: 
	Pop0	Pop1	Pop2	Pop3	Pop4	Pop5	Pop6	Pop7	Pop8	Pop9	Pop10	Pop11	Pop12	Pop13	Pop14	Pop15	Pop16	Pop17	Pop18	Pop19	Pop20	
Pop0	
Pop1	0.151	
Pop2	0.375	0.318	
Pop3	0.398	0.345	0.153	
Pop4	0.468	0.408	0.492	0.520	
Pop5	0.444	0.390	0.349	0.388	0.569	
Pop6	0.652	0.584	0.649	0.674	0.776	0.736	
Pop7	0.459	0.405	0.342	0.385	0.582	0.263	0.745	
Pop8	0.438	0.383	0.262	0.320	0.566	0.405	0.726	0.376	
Pop9	0.424	0.363	0.444	0.474	0.432	0.518	0.709	0.532	0.516	
Pop10	0.353	0.296	0.208	0.254	0.475	0.280	0.638	0.306	0.306	0.434	
Pop11	0.399	0.346	0.416	0.444	0.264	0.482	0.680	0.498	0.483	0.317	0.397	
Pop12	0.470	0.407	0.495	0.520	0.593	0.571	0.624	0.586	0.568	0.532	0.483	0.505	
Pop13	0.355	0.302	0.207	0.254	0.468	0.299	0.625	0.319	0.312	0.429	0.134	0.394	0.472	
Pop14	0.742	0.691	0.723	0.744	0.844	0.796	0.972	0.801	0.788	0.791	0.715	0.764	0.823	0.703	
Pop15	0.307	0.252	0.175	0.220	0.434	0.296	0.592	0.305	0.277	0.394	0.149	0.362	0.441	0.142	0.675	
Pop16	0.433	0.374	0.440	0.468	0.428	0.513	0.710	0.526	0.513	0.285	0.426	0.287	0.533	0.422	0.791	0.386	
Pop17	0.435	0.376	0.446	0.475	0.452	0.521	0.715	0.536	0.522	0.325	0.431	0.332	0.534	0.423	0.794	0.391	0.293	
Pop18	0.677	0.616	0.682	0.704	0.810	0.765	0.960	0.772	0.755	0.744	0.673	0.716	0.744	0.658	0.987	0.630	0.744	0.748	
Pop19	0.380	0.324	0.418	0.445	0.197	0.487	0.680	0.500	0.486	0.344	0.402	0.171	0.506	0.397	0.766	0.365	0.342	0.367	0.716	
Pop20	0.538	0.479	0.441	0.481	0.668	0.374	0.838	0.222	0.484	0.611	0.399	0.576	0.667	0.412	0.882	0.391	0.608	0.616	0.863	0.577	
Pop21	0.243	0.180	0.291	0.315	0.427	0.363	0.565	0.377	0.357	0.380	0.263	0.358	0.389	0.274	0.682	0.217	0.385	0.388	0.602	0.352	0.452	
CV error (K=22): 0.13583
Writing output files.
