****                   ADMIXTURE Version 1.3.0                  ****
****                    Copyright 2008-2015                     ****
****           David Alexander, Suyash Shringarpure,            ****
****                John  Novembre, Ken Lange                   ****
****                                                            ****
****                 Please cite our paper!                     ****
****   Information at www.genetics.ucla.edu/software/admixture  ****

Cross-validation will be performed.  Folds=10.
Parallel execution requested.  Will use 8 threads.
Random seed: 20260927
Point estimation method: Block relaxation algorithm
Convergence acceleration algorithm: QuasiNewton, 3 secant conditions
Point estimation will terminate when objective function delta < 1e-05
Estimation of standard errors disabled; will compute point estimates only.
Size of G: 380x17027
Performing five EM steps to prime main algorithm
1 (EM) 	Elapsed: 15.998	Loglikelihood: -2.094e+06	(delta): 6.18928e+06
2 (EM) 	Elapsed: 15.928	Loglikelihood: -1.90041e+06	(delta): 193589
3 (EM) 	Elapsed: 15.991	Loglikelihood: -1.87505e+06	(delta): 25363.1
4 (EM) 	Elapsed: 15.995	Loglikelihood: -1.85942e+06	(delta): 15622.8
5 (EM) 	Elapsed: 16.389	Loglikelihood: -1.84537e+06	(delta): 14049.2
Initial loglikelihood: -1.84537e+06
Starting main algorithm
1 (QN/Block) 	Elapsed: 4.14	Loglikelihood: -1.2936e+06	(delta): 551775
2 (QN/Block) 	Elapsed: 4.36	Loglikelihood: -1.09974e+06	(delta): 193860
3 (QN/Block) 	Elapsed: 6.849	Loglikelihood: -1.03798e+06	(delta): 61760.2
4 (QN/Block) 	Elapsed: 7.334	Loglikelihood: -1.00407e+06	(delta): 33905.1
5 (QN/Block) 	Elapsed: 5.877	Loglikelihood: -985745	(delta): 18329.1
6 (QN/Block) 	Elapsed: 6.442	Loglikelihood: -965029	(delta): 20716.5
7 (QN/Block) 	Elapsed: 5.777	Loglikelihood: -958694	(delta): 6334.77
8 (QN/Block) 	Elapsed: 7.856	Loglikelihood: -956756	(delta): 1937.92
9 (QN/Block) 	Elapsed: 7.914	Loglikelihood: -956236	(delta): 519.498
10 (QN/Block) 	Elapsed: 5.828	Loglikelihood: -956070	(delta): 166.234
11 (QN/Block) 	Elapsed: 5.802	Loglikelihood: -955978	(delta): 91.8094
12 (QN/Block) 	Elapsed: 5.763	Loglikelihood: -955902	(delta): 76.0666
13 (QN/Block) 	Elapsed: 5.788	Loglikelihood: -955774	(delta): 128.285
14 (QN/Block) 	Elapsed: 5.772	Loglikelihood: -955537	(delta): 236.616
15 (QN/Block) 	Elapsed: 5.858	Loglikelihood: -955202	(delta): 335.494
16 (QN/Block) 	Elapsed: 7.864	Loglikelihood: -954631	(delta): 570.882
17 (QN/Block) 	Elapsed: 5.793	Loglikelihood: -954419	(delta): 212.338
18 (QN/Block) 	Elapsed: 5.747	Loglikelihood: -954324	(delta): 94.8703
19 (QN/Block) 	Elapsed: 7.846	Loglikelihood: -954284	(delta): 40.1983
20 (QN/Block) 	Elapsed: 5.773	Loglikelihood: -954270	(delta): 14.0737
21 (QN/Block) 	Elapsed: 5.782	Loglikelihood: -954266	(delta): 3.80391
22 (QN/Block) 	Elapsed: 5.79	Loglikelihood: -954265	(delta): 1.00266
23 (QN/Block) 	Elapsed: 6.492	Loglikelihood: -954265	(delta): 0.0546766
24 (QN/Block) 	Elapsed: 5.822	Loglikelihood: -954265	(delta): 0.0103819
25 (QN/Block) 	Elapsed: 5.78	Loglikelihood: -954265	(delta): 0.00574333
26 (QN/Block) 	Elapsed: 5.806	Loglikelihood: -954265	(delta): 0.00138716
27 (QN/Block) 	Elapsed: 5.781	Loglikelihood: -954265	(delta): 0.000114969
28 (QN/Block) 	Elapsed: 5.784	Loglikelihood: -954265	(delta): 1.03468e-05
29 (QN/Block) 	Elapsed: 5.78	Loglikelihood: -954265	(delta): 6.96979e-07
Summary: 
Converged in 29 iterations (282.698 sec)
Loglikelihood: -954264.631794
Fst divergences between estimated populations: 
	Pop0	Pop1	Pop2	Pop3	Pop4	Pop5	Pop6	Pop7	Pop8	Pop9	Pop10	Pop11	Pop12	Pop13	Pop14	Pop15	Pop16	Pop17	Pop18	Pop19	Pop20	Pop21	
Pop0	
Pop1	0.399	
Pop2	0.174	0.400	
Pop3	0.403	0.136	0.402	
Pop4	0.301	0.460	0.230	0.463	
Pop5	0.527	0.357	0.528	0.352	0.592	
Pop6	0.381	0.357	0.402	0.353	0.470	0.479	
Pop7	0.359	0.238	0.365	0.223	0.424	0.357	0.260	
Pop8	0.325	0.304	0.349	0.297	0.416	0.422	0.152	0.199	
Pop9	0.198	0.469	0.263	0.476	0.400	0.610	0.468	0.431	0.410	
Pop10	0.371	0.146	0.372	0.156	0.432	0.327	0.315	0.183	0.261	0.440	
Pop11	0.514	0.340	0.518	0.323	0.581	0.452	0.474	0.362	0.420	0.597	0.329	
Pop12	0.358	0.284	0.366	0.274	0.428	0.406	0.251	0.126	0.189	0.432	0.237	0.400	
Pop13	0.348	0.425	0.290	0.428	0.386	0.555	0.435	0.388	0.377	0.432	0.394	0.543	0.393	
Pop14	0.494	0.324	0.497	0.317	0.559	0.185	0.446	0.324	0.391	0.575	0.295	0.410	0.375	0.523	
Pop15	0.348	0.431	0.317	0.435	0.413	0.556	0.425	0.387	0.364	0.434	0.401	0.546	0.385	0.288	0.525	
Pop16	0.417	0.207	0.419	0.205	0.480	0.309	0.374	0.231	0.318	0.491	0.180	0.362	0.300	0.440	0.272	0.444	
Pop17	0.716	0.660	0.725	0.674	0.789	0.799	0.677	0.610	0.617	0.810	0.637	0.787	0.607	0.745	0.764	0.744	0.680	
Pop18	0.766	0.705	0.772	0.715	0.823	0.826	0.742	0.677	0.692	0.844	0.682	0.816	0.688	0.792	0.796	0.791	0.722	0.987	
Pop19	0.498	0.467	0.501	0.474	0.562	0.591	0.468	0.405	0.410	0.577	0.442	0.585	0.393	0.522	0.563	0.521	0.484	0.715	0.799	
Pop20	0.369	0.425	0.337	0.432	0.416	0.562	0.435	0.388	0.377	0.453	0.397	0.551	0.395	0.293	0.531	0.325	0.445	0.748	0.794	0.522	
Pop21	0.489	0.301	0.489	0.279	0.553	0.457	0.446	0.337	0.392	0.570	0.303	0.277	0.374	0.516	0.414	0.519	0.347	0.766	0.796	0.559	0.522	
Pop22	0.447	0.257	0.449	0.255	0.509	0.360	0.399	0.267	0.346	0.521	0.226	0.407	0.325	0.471	0.335	0.475	0.154	0.705	0.745	0.511	0.476	0.389	
CV error (K=23): 0.14011
Writing output files.
