****                   ADMIXTURE Version 1.3.0                  ****
****                    Copyright 2008-2015                     ****
****           David Alexander, Suyash Shringarpure,            ****
****                John  Novembre, Ken Lange                   ****
****                                                            ****
****                 Please cite our paper!                     ****
****   Information at www.genetics.ucla.edu/software/admixture  ****

Cross-validation will be performed.  Folds=10.
Parallel execution requested.  Will use 8 threads.
Random seed: 20260927
Point estimation method: Block relaxation algorithm
Convergence acceleration algorithm: QuasiNewton, 3 secant conditions
Point estimation will terminate when objective function delta < 1e-05
Estimation of standard errors disabled; will compute point estimates only.
Size of G: 380x17027
Performing five EM steps to prime main algorithm
1 (EM) 	Elapsed: 17.433	Loglikelihood: -2.09587e+06	(delta): 6.18195e+06
2 (EM) 	Elapsed: 17.316	Loglikelihood: -1.9024e+06	(delta): 193478
3 (EM) 	Elapsed: 17.274	Loglikelihood: -1.87824e+06	(delta): 24160.8
4 (EM) 	Elapsed: 17.3	Loglikelihood: -1.86398e+06	(delta): 14260.2
5 (EM) 	Elapsed: 17.309	Loglikelihood: -1.85125e+06	(delta): 12726.1
Initial loglikelihood: -1.85125e+06
Starting main algorithm
1 (QN/Block) 	Elapsed: 4.599	Loglikelihood: -1.3093e+06	(delta): 541946
2 (QN/Block) 	Elapsed: 4.551	Loglikelihood: -1.10567e+06	(delta): 203633
3 (QN/Block) 	Elapsed: 8.587	Loglikelihood: -1.0229e+06	(delta): 82774.1
4 (QN/Block) 	Elapsed: 6.201	Loglikelihood: -984635	(delta): 38262.2
5 (QN/Block) 	Elapsed: 6.053	Loglikelihood: -965518	(delta): 19116.9
6 (QN/Block) 	Elapsed: 5.991	Loglikelihood: -958290	(delta): 7227.39
7 (QN/Block) 	Elapsed: 5.952	Loglikelihood: -955368	(delta): 2922.02
8 (QN/Block) 	Elapsed: 6.688	Loglikelihood: -953827	(delta): 1541.25
9 (QN/Block) 	Elapsed: 6.807	Loglikelihood: -952816	(delta): 1011.05
10 (QN/Block) 	Elapsed: 8.313	Loglikelihood: -951555	(delta): 1260.87
11 (QN/Block) 	Elapsed: 6.816	Loglikelihood: -950881	(delta): 674.339
12 (QN/Block) 	Elapsed: 6.081	Loglikelihood: -950530	(delta): 350.625
13 (QN/Block) 	Elapsed: 6.054	Loglikelihood: -950271	(delta): 259.222
14 (QN/Block) 	Elapsed: 6.045	Loglikelihood: -950143	(delta): 127.791
15 (QN/Block) 	Elapsed: 6.076	Loglikelihood: -950070	(delta): 73.4256
16 (QN/Block) 	Elapsed: 6.073	Loglikelihood: -950033	(delta): 36.8925
17 (QN/Block) 	Elapsed: 6.093	Loglikelihood: -950017	(delta): 16.1997
18 (QN/Block) 	Elapsed: 6.402	Loglikelihood: -950012	(delta): 4.68739
19 (QN/Block) 	Elapsed: 6.796	Loglikelihood: -950011	(delta): 1.19691
20 (QN/Block) 	Elapsed: 6.788	Loglikelihood: -950010	(delta): 0.526096
21 (QN/Block) 	Elapsed: 6.816	Loglikelihood: -950010	(delta): 0.0593269
22 (QN/Block) 	Elapsed: 6.079	Loglikelihood: -950010	(delta): 0.0261826
23 (QN/Block) 	Elapsed: 6.055	Loglikelihood: -950010	(delta): 0.0130218
24 (QN/Block) 	Elapsed: 6.127	Loglikelihood: -950010	(delta): 0.0046862
25 (QN/Block) 	Elapsed: 6.12	Loglikelihood: -950010	(delta): 0.00220887
26 (QN/Block) 	Elapsed: 6.105	Loglikelihood: -950010	(delta): 0.00151084
27 (QN/Block) 	Elapsed: 6.084	Loglikelihood: -950010	(delta): 0.000616205
28 (QN/Block) 	Elapsed: 7.51	Loglikelihood: -950010	(delta): 0.000446739
29 (QN/Block) 	Elapsed: 6.071	Loglikelihood: -950010	(delta): 0.00102982
30 (QN/Block) 	Elapsed: 7.514	Loglikelihood: -950010	(delta): 0.000727853
31 (QN/Block) 	Elapsed: 6.804	Loglikelihood: -950010	(delta): 0.000663726
32 (QN/Block) 	Elapsed: 8.265	Loglikelihood: -950010	(delta): 0.00111945
33 (QN/Block) 	Elapsed: 8.35	Loglikelihood: -950010	(delta): 0.000657044
34 (QN/Block) 	Elapsed: 8.287	Loglikelihood: -950010	(delta): 0.000874098
35 (QN/Block) 	Elapsed: 8.276	Loglikelihood: -950010	(delta): 0.00117384
36 (QN/Block) 	Elapsed: 8.254	Loglikelihood: -950010	(delta): 0.00157603
37 (QN/Block) 	Elapsed: 8.253	Loglikelihood: -950010	(delta): 0.00211384
38 (QN/Block) 	Elapsed: 8.253	Loglikelihood: -950010	(delta): 0.00261045
39 (QN/Block) 	Elapsed: 8.306	Loglikelihood: -950010	(delta): 0.00228707
40 (QN/Block) 	Elapsed: 8.337	Loglikelihood: -950010	(delta): 0.00187902
41 (QN/Block) 	Elapsed: 8.274	Loglikelihood: -950010	(delta): 0.00297991
42 (QN/Block) 	Elapsed: 8.293	Loglikelihood: -950010	(delta): 0.00786841
43 (QN/Block) 	Elapsed: 8.276	Loglikelihood: -950010	(delta): 0.0329599
44 (QN/Block) 	Elapsed: 8.285	Loglikelihood: -950010	(delta): 0.126415
45 (QN/Block) 	Elapsed: 8.268	Loglikelihood: -950010	(delta): 0.243601
46 (QN/Block) 	Elapsed: 8.312	Loglikelihood: -950009	(delta): 0.177949
47 (QN/Block) 	Elapsed: 8.276	Loglikelihood: -950009	(delta): 0.14606
48 (QN/Block) 	Elapsed: 8.329	Loglikelihood: -950009	(delta): 0.131452
49 (QN/Block) 	Elapsed: 6.851	Loglikelihood: -950009	(delta): 0.0968901
50 (QN/Block) 	Elapsed: 8.297	Loglikelihood: -950009	(delta): 0.0988152
51 (QN/Block) 	Elapsed: 8.29	Loglikelihood: -950009	(delta): 0.226533
52 (QN/Block) 	Elapsed: 8.275	Loglikelihood: -950008	(delta): 0.946891
53 (QN/Block) 	Elapsed: 8.292	Loglikelihood: -950007	(delta): 0.493257
54 (QN/Block) 	Elapsed: 6.07	Loglikelihood: -950007	(delta): 0.111001
55 (QN/Block) 	Elapsed: 6.088	Loglikelihood: -950007	(delta): 0.0354708
56 (QN/Block) 	Elapsed: 6.079	Loglikelihood: -950007	(delta): 0.0129627
57 (QN/Block) 	Elapsed: 6.05	Loglikelihood: -950007	(delta): 0.00472803
58 (QN/Block) 	Elapsed: 6.067	Loglikelihood: -950007	(delta): 0.00163488
59 (QN/Block) 	Elapsed: 6.073	Loglikelihood: -950007	(delta): 0.00011183
60 (QN/Block) 	Elapsed: 6.079	Loglikelihood: -950007	(delta): 1.49149e-05
61 (QN/Block) 	Elapsed: 6.06	Loglikelihood: -950007	(delta): 4.35952e-06
Summary: 
Converged in 61 iterations (563.896 sec)
Loglikelihood: -950007.168556
Fst divergences between estimated populations: 
	Pop0	Pop1	Pop2	Pop3	Pop4	Pop5	Pop6	Pop7	Pop8	Pop9	Pop10	Pop11	Pop12	Pop13	Pop14	Pop15	Pop16	Pop17	Pop18	Pop19	Pop20	Pop21	Pop22	
Pop0	
Pop1	0.305	
Pop2	0.345	0.208	
Pop3	0.545	0.442	0.426	
Pop4	0.447	0.349	0.278	0.514	
Pop5	0.468	0.377	0.353	0.434	0.446	
Pop6	0.208	0.283	0.326	0.531	0.425	0.458	
Pop7	0.598	0.495	0.481	0.532	0.571	0.469	0.586	
Pop8	0.817	0.725	0.714	0.791	0.796	0.742	0.808	0.823	
Pop9	0.521	0.422	0.404	0.345	0.491	0.385	0.506	0.508	0.769	
Pop10	0.363	0.249	0.242	0.398	0.354	0.268	0.351	0.418	0.691	0.372	
Pop11	0.445	0.365	0.323	0.541	0.278	0.475	0.420	0.599	0.817	0.517	0.379	
Pop12	0.604	0.512	0.500	0.546	0.580	0.497	0.594	0.428	0.806	0.528	0.444	0.604	
Pop13	0.360	0.156	0.256	0.471	0.390	0.401	0.344	0.521	0.747	0.450	0.284	0.409	0.536	
Pop14	0.514	0.417	0.397	0.287	0.483	0.399	0.502	0.504	0.764	0.172	0.373	0.512	0.524	0.446	
Pop15	0.334	0.190	0.174	0.400	0.315	0.327	0.313	0.456	0.689	0.383	0.215	0.342	0.479	0.236	0.377	
Pop16	0.345	0.213	0.167	0.420	0.322	0.336	0.326	0.471	0.706	0.397	0.217	0.349	0.493	0.257	0.393	0.140	
Pop17	0.553	0.448	0.431	0.293	0.521	0.435	0.541	0.533	0.794	0.370	0.399	0.551	0.549	0.478	0.332	0.406	0.423	
Pop18	0.427	0.333	0.311	0.385	0.405	0.163	0.415	0.419	0.703	0.336	0.223	0.434	0.451	0.361	0.356	0.287	0.293	0.386	
Pop19	0.413	0.322	0.292	0.399	0.391	0.211	0.404	0.415	0.702	0.363	0.178	0.420	0.446	0.347	0.371	0.272	0.274	0.403	0.165	
Pop20	0.356	0.212	0.137	0.426	0.303	0.360	0.334	0.474	0.707	0.404	0.257	0.343	0.496	0.261	0.399	0.151	0.200	0.427	0.320	0.306	
Pop21	0.548	0.446	0.434	0.285	0.518	0.424	0.535	0.531	0.791	0.347	0.398	0.546	0.546	0.476	0.317	0.408	0.427	0.325	0.372	0.393	0.434	
Pop22	0.601	0.494	0.475	0.429	0.570	0.469	0.587	0.592	0.845	0.196	0.444	0.598	0.601	0.522	0.264	0.449	0.468	0.453	0.419	0.439	0.472	0.432	
Pop23	0.398	0.304	0.277	0.392	0.376	0.255	0.389	0.394	0.689	0.362	0.134	0.402	0.425	0.329	0.364	0.253	0.255	0.396	0.208	0.152	0.290	0.387	0.434	
CV error (K=24): 0.14358
Writing output files.
