****                   ADMIXTURE Version 1.3.0                  ****
****                    Copyright 2008-2015                     ****
****           David Alexander, Suyash Shringarpure,            ****
****                John  Novembre, Ken Lange                   ****
****                                                            ****
****                 Please cite our paper!                     ****
****   Information at www.genetics.ucla.edu/software/admixture  ****

Cross-validation will be performed.  Folds=10.
Parallel execution requested.  Will use 8 threads.
Random seed: 20260932
Point estimation method: Block relaxation algorithm
Convergence acceleration algorithm: QuasiNewton, 3 secant conditions
Point estimation will terminate when objective function delta < 1e-05
Estimation of standard errors disabled; will compute point estimates only.
Size of G: 380x17027
Performing five EM steps to prime main algorithm
1 (EM) 	Elapsed: 3.808	Loglikelihood: -2.09714e+06	(delta): 6.43383e+06
2 (EM) 	Elapsed: 3.756	Loglikelihood: -1.91547e+06	(delta): 181664
3 (EM) 	Elapsed: 3.791	Loglikelihood: -1.89011e+06	(delta): 25363.4
4 (EM) 	Elapsed: 3.763	Loglikelihood: -1.87514e+06	(delta): 14971
5 (EM) 	Elapsed: 3.756	Loglikelihood: -1.86227e+06	(delta): 12870.5
Initial loglikelihood: -1.86227e+06
Starting main algorithm
1 (QN/Block) 	Elapsed: 2.005	Loglikelihood: -1.43373e+06	(delta): 428536
2 (QN/Block) 	Elapsed: 2.035	Loglikelihood: -1.24555e+06	(delta): 188182
3 (QN/Block) 	Elapsed: 3.129	Loglikelihood: -1.17471e+06	(delta): 70841.9
4 (QN/Block) 	Elapsed: 3.785	Loglikelihood: -1.13697e+06	(delta): 37739.3
5 (QN/Block) 	Elapsed: 3.784	Loglikelihood: -1.11839e+06	(delta): 18580.5
6 (QN/Block) 	Elapsed: 2.782	Loglikelihood: -1.11156e+06	(delta): 6833.03
7 (QN/Block) 	Elapsed: 3.725	Loglikelihood: -1.10947e+06	(delta): 2089.68
8 (QN/Block) 	Elapsed: 3.76	Loglikelihood: -1.10888e+06	(delta): 591.79
9 (QN/Block) 	Elapsed: 2.764	Loglikelihood: -1.10863e+06	(delta): 248.828
10 (QN/Block) 	Elapsed: 2.763	Loglikelihood: -1.10858e+06	(delta): 49.6739
11 (QN/Block) 	Elapsed: 2.763	Loglikelihood: -1.10856e+06	(delta): 13.0687
12 (QN/Block) 	Elapsed: 3.09	Loglikelihood: -1.10856e+06	(delta): 2.6724
13 (QN/Block) 	Elapsed: 2.772	Loglikelihood: -1.10856e+06	(delta): 0.783541
14 (QN/Block) 	Elapsed: 2.765	Loglikelihood: -1.10856e+06	(delta): 0.0538488
15 (QN/Block) 	Elapsed: 2.775	Loglikelihood: -1.10856e+06	(delta): 0.00208533
16 (QN/Block) 	Elapsed: 2.777	Loglikelihood: -1.10856e+06	(delta): 6.74673e-05
17 (QN/Block) 	Elapsed: 2.782	Loglikelihood: -1.10856e+06	(delta): 7.93999e-06
Summary: 
Converged in 17 iterations (77.054 sec)
Loglikelihood: -1108559.967337
Fst divergences between estimated populations: 
	Pop0	Pop1	Pop2	Pop3	Pop4	Pop5	Pop6	Pop7	Pop8	
Pop0	
Pop1	0.185	
Pop2	0.298	0.231	
Pop3	0.374	0.347	0.327	
Pop4	0.503	0.473	0.453	0.257	
Pop5	0.792	0.765	0.738	0.673	0.790	
Pop6	0.353	0.340	0.312	0.258	0.390	0.698	
Pop7	0.458	0.430	0.401	0.378	0.496	0.741	0.357	
Pop8	0.426	0.398	0.377	0.159	0.305	0.717	0.311	0.423	
Pop9	0.369	0.346	0.320	0.216	0.355	0.683	0.182	0.327	0.272	
CV error (K=10): 0.14618
Writing output files.
