****                   ADMIXTURE Version 1.3.0                  ****
****                    Copyright 2008-2015                     ****
****           David Alexander, Suyash Shringarpure,            ****
****                John  Novembre, Ken Lange                   ****
****                                                            ****
****                 Please cite our paper!                     ****
****   Information at www.genetics.ucla.edu/software/admixture  ****

Cross-validation will be performed.  Folds=10.
Parallel execution requested.  Will use 8 threads.
Random seed: 20260932
Point estimation method: Block relaxation algorithm
Convergence acceleration algorithm: QuasiNewton, 3 secant conditions
Point estimation will terminate when objective function delta < 1e-05
Estimation of standard errors disabled; will compute point estimates only.
Size of G: 380x17027
Performing five EM steps to prime main algorithm
1 (EM) 	Elapsed: 4.432	Loglikelihood: -2.09826e+06	(delta): 6.38762e+06
2 (EM) 	Elapsed: 4.398	Loglikelihood: -1.91561e+06	(delta): 182648
3 (EM) 	Elapsed: 4.395	Loglikelihood: -1.89106e+06	(delta): 24543.8
4 (EM) 	Elapsed: 4.382	Loglikelihood: -1.87707e+06	(delta): 13989.3
5 (EM) 	Elapsed: 4.398	Loglikelihood: -1.86565e+06	(delta): 11420.5
Initial loglikelihood: -1.86565e+06
Starting main algorithm
1 (QN/Block) 	Elapsed: 2.143	Loglikelihood: -1.44583e+06	(delta): 419828
2 (QN/Block) 	Elapsed: 2.183	Loglikelihood: -1.23532e+06	(delta): 210508
3 (QN/Block) 	Elapsed: 3.381	Loglikelihood: -1.16741e+06	(delta): 67902.8
4 (QN/Block) 	Elapsed: 4.103	Loglikelihood: -1.13157e+06	(delta): 35849.3
5 (QN/Block) 	Elapsed: 4.09	Loglikelihood: -1.11734e+06	(delta): 14224.6
6 (QN/Block) 	Elapsed: 4.057	Loglikelihood: -1.11076e+06	(delta): 6584.83
7 (QN/Block) 	Elapsed: 2.979	Loglikelihood: -1.10476e+06	(delta): 5991.58
8 (QN/Block) 	Elapsed: 3.318	Loglikelihood: -1.09256e+06	(delta): 12199.7
9 (QN/Block) 	Elapsed: 3.329	Loglikelihood: -1.08839e+06	(delta): 4170.39
10 (QN/Block) 	Elapsed: 3.325	Loglikelihood: -1.0874e+06	(delta): 995.107
11 (QN/Block) 	Elapsed: 2.976	Loglikelihood: -1.08717e+06	(delta): 227.634
12 (QN/Block) 	Elapsed: 2.974	Loglikelihood: -1.08709e+06	(delta): 86.2628
13 (QN/Block) 	Elapsed: 2.964	Loglikelihood: -1.08706e+06	(delta): 26.1584
14 (QN/Block) 	Elapsed: 4.032	Loglikelihood: -1.08706e+06	(delta): 2.31017
15 (QN/Block) 	Elapsed: 3.324	Loglikelihood: -1.08706e+06	(delta): 0.0452309
16 (QN/Block) 	Elapsed: 3.688	Loglikelihood: -1.08706e+06	(delta): 0.0293871
17 (QN/Block) 	Elapsed: 3.677	Loglikelihood: -1.08706e+06	(delta): 0.00564864
18 (QN/Block) 	Elapsed: 2.984	Loglikelihood: -1.08706e+06	(delta): 0.00195693
19 (QN/Block) 	Elapsed: 4.033	Loglikelihood: -1.08706e+06	(delta): 0.00050027
20 (QN/Block) 	Elapsed: 2.98	Loglikelihood: -1.08706e+06	(delta): 0.000132183
21 (QN/Block) 	Elapsed: 2.993	Loglikelihood: -1.08706e+06	(delta): 5.64412e-05
22 (QN/Block) 	Elapsed: 2.981	Loglikelihood: -1.08706e+06	(delta): 5.89457e-06
Summary: 
Converged in 22 iterations (104.984 sec)
Loglikelihood: -1087056.747790
Fst divergences between estimated populations: 
	Pop0	Pop1	Pop2	Pop3	Pop4	Pop5	Pop6	Pop7	Pop8	Pop9	
Pop0	
Pop1	0.507	
Pop2	0.419	0.250	
Pop3	0.375	0.266	0.156	
Pop4	0.370	0.351	0.271	0.221	
Pop5	0.342	0.490	0.409	0.365	0.358	
Pop6	0.365	0.384	0.308	0.262	0.182	0.343	
Pop7	0.447	0.495	0.418	0.383	0.328	0.445	0.356	
Pop8	0.242	0.465	0.384	0.346	0.333	0.275	0.325	0.414	
Pop9	0.506	0.370	0.323	0.261	0.358	0.490	0.393	0.498	0.466	
Pop10	0.786	0.791	0.713	0.680	0.685	0.779	0.699	0.742	0.753	0.793	
CV error (K=11): 0.14441
Writing output files.
