****                   ADMIXTURE Version 1.3.0                  ****
****                    Copyright 2008-2015                     ****
****           David Alexander, Suyash Shringarpure,            ****
****                John  Novembre, Ken Lange                   ****
****                                                            ****
****                 Please cite our paper!                     ****
****   Information at www.genetics.ucla.edu/software/admixture  ****

Cross-validation will be performed.  Folds=10.
Parallel execution requested.  Will use 8 threads.
Random seed: 20260932
Point estimation method: Block relaxation algorithm
Convergence acceleration algorithm: QuasiNewton, 3 secant conditions
Point estimation will terminate when objective function delta < 1e-05
Estimation of standard errors disabled; will compute point estimates only.
Size of G: 380x17027
Performing five EM steps to prime main algorithm
1 (EM) 	Elapsed: 5.131	Loglikelihood: -2.09771e+06	(delta): 6.35855e+06
2 (EM) 	Elapsed: 5.1	Loglikelihood: -1.9132e+06	(delta): 184507
3 (EM) 	Elapsed: 5.109	Loglikelihood: -1.8881e+06	(delta): 25096.3
4 (EM) 	Elapsed: 5.089	Loglikelihood: -1.87359e+06	(delta): 14517.3
5 (EM) 	Elapsed: 5.08	Loglikelihood: -1.86128e+06	(delta): 12304.9
Initial loglikelihood: -1.86128e+06
Starting main algorithm
1 (QN/Block) 	Elapsed: 2.275	Loglikelihood: -1.40943e+06	(delta): 451850
2 (QN/Block) 	Elapsed: 2.326	Loglikelihood: -1.20417e+06	(delta): 205263
3 (QN/Block) 	Elapsed: 3.638	Loglikelihood: -1.13827e+06	(delta): 65899.4
4 (QN/Block) 	Elapsed: 3.215	Loglikelihood: -1.09911e+06	(delta): 39156.8
5 (QN/Block) 	Elapsed: 4.354	Loglikelihood: -1.08005e+06	(delta): 19067
6 (QN/Block) 	Elapsed: 3.215	Loglikelihood: -1.07059e+06	(delta): 9457.07
7 (QN/Block) 	Elapsed: 3.92	Loglikelihood: -1.06844e+06	(delta): 2148.37
8 (QN/Block) 	Elapsed: 4.334	Loglikelihood: -1.06784e+06	(delta): 601.614
9 (QN/Block) 	Elapsed: 4.334	Loglikelihood: -1.06765e+06	(delta): 186.78
10 (QN/Block) 	Elapsed: 3.185	Loglikelihood: -1.06759e+06	(delta): 66.1765
11 (QN/Block) 	Elapsed: 3.18	Loglikelihood: -1.06757e+06	(delta): 14.6052
12 (QN/Block) 	Elapsed: 3.185	Loglikelihood: -1.06757e+06	(delta): 0.774275
13 (QN/Block) 	Elapsed: 3.19	Loglikelihood: -1.06757e+06	(delta): 0.287258
14 (QN/Block) 	Elapsed: 3.188	Loglikelihood: -1.06757e+06	(delta): 0.0264135
15 (QN/Block) 	Elapsed: 3.186	Loglikelihood: -1.06757e+06	(delta): 0.0247352
16 (QN/Block) 	Elapsed: 3.607	Loglikelihood: -1.06757e+06	(delta): 9.0336e-05
17 (QN/Block) 	Elapsed: 3.191	Loglikelihood: -1.06757e+06	(delta): 8.92254e-06
Summary: 
Converged in 17 iterations (92.398 sec)
Loglikelihood: -1067571.121881
Fst divergences between estimated populations: 
	Pop0	Pop1	Pop2	Pop3	Pop4	Pop5	Pop6	Pop7	Pop8	Pop9	Pop10	
Pop0	
Pop1	0.367	
Pop2	0.279	0.339	
Pop3	0.187	0.408	0.319	
Pop4	0.282	0.476	0.382	0.263	
Pop5	0.396	0.185	0.351	0.436	0.507	
Pop6	0.273	0.477	0.392	0.339	0.372	0.507	
Pop7	0.447	0.487	0.411	0.482	0.552	0.517	0.557	
Pop8	0.109	0.352	0.249	0.169	0.268	0.379	0.288	0.431	
Pop9	0.347	0.231	0.311	0.384	0.455	0.298	0.456	0.456	0.329	
Pop10	0.696	0.766	0.699	0.729	0.794	0.793	0.795	0.800	0.682	0.739	
Pop11	0.241	0.338	0.176	0.281	0.346	0.360	0.354	0.370	0.209	0.312	0.670	
CV error (K=12): 0.14268
Writing output files.
