****                   ADMIXTURE Version 1.3.0                  ****
****                    Copyright 2008-2015                     ****
****           David Alexander, Suyash Shringarpure,            ****
****                John  Novembre, Ken Lange                   ****
****                                                            ****
****                 Please cite our paper!                     ****
****   Information at www.genetics.ucla.edu/software/admixture  ****

Cross-validation will be performed.  Folds=10.
Parallel execution requested.  Will use 8 threads.
Random seed: 20260932
Point estimation method: Block relaxation algorithm
Convergence acceleration algorithm: QuasiNewton, 3 secant conditions
Point estimation will terminate when objective function delta < 1e-05
Estimation of standard errors disabled; will compute point estimates only.
Size of G: 380x17027
Performing five EM steps to prime main algorithm
1 (EM) 	Elapsed: 5.861	Loglikelihood: -2.096e+06	(delta): 6.33387e+06
2 (EM) 	Elapsed: 5.809	Loglikelihood: -1.90928e+06	(delta): 186722
3 (EM) 	Elapsed: 5.819	Loglikelihood: -1.88239e+06	(delta): 26881.8
4 (EM) 	Elapsed: 5.838	Loglikelihood: -1.86531e+06	(delta): 17082.8
5 (EM) 	Elapsed: 5.818	Loglikelihood: -1.84969e+06	(delta): 15617.6
Initial loglikelihood: -1.84969e+06
Starting main algorithm
1 (QN/Block) 	Elapsed: 2.436	Loglikelihood: -1.38525e+06	(delta): 464446
2 (QN/Block) 	Elapsed: 2.49	Loglikelihood: -1.1963e+06	(delta): 188951
3 (QN/Block) 	Elapsed: 3.899	Loglikelihood: -1.12535e+06	(delta): 70948.6
4 (QN/Block) 	Elapsed: 4.709	Loglikelihood: -1.08979e+06	(delta): 35558.4
5 (QN/Block) 	Elapsed: 3.423	Loglikelihood: -1.07641e+06	(delta): 13380.6
6 (QN/Block) 	Elapsed: 4.63	Loglikelihood: -1.07204e+06	(delta): 4366.18
7 (QN/Block) 	Elapsed: 3.412	Loglikelihood: -1.07048e+06	(delta): 1558.9
8 (QN/Block) 	Elapsed: 3.407	Loglikelihood: -1.06988e+06	(delta): 606.635
9 (QN/Block) 	Elapsed: 3.408	Loglikelihood: -1.06932e+06	(delta): 555.117
10 (QN/Block) 	Elapsed: 4.639	Loglikelihood: -1.0675e+06	(delta): 1820.3
11 (QN/Block) 	Elapsed: 3.416	Loglikelihood: -1.06597e+06	(delta): 1530.51
12 (QN/Block) 	Elapsed: 4.667	Loglikelihood: -1.06516e+06	(delta): 813.189
13 (QN/Block) 	Elapsed: 3.466	Loglikelihood: -1.06493e+06	(delta): 225.55
14 (QN/Block) 	Elapsed: 3.434	Loglikelihood: -1.06484e+06	(delta): 88.7321
15 (QN/Block) 	Elapsed: 3.423	Loglikelihood: -1.06483e+06	(delta): 10.0535
16 (QN/Block) 	Elapsed: 3.419	Loglikelihood: -1.06483e+06	(delta): 2.56695
17 (QN/Block) 	Elapsed: 3.442	Loglikelihood: -1.06483e+06	(delta): 0.337714
18 (QN/Block) 	Elapsed: 3.427	Loglikelihood: -1.06483e+06	(delta): 0.133234
19 (QN/Block) 	Elapsed: 3.42	Loglikelihood: -1.06483e+06	(delta): 0.0357283
20 (QN/Block) 	Elapsed: 3.423	Loglikelihood: -1.06483e+06	(delta): 0.030719
21 (QN/Block) 	Elapsed: 3.418	Loglikelihood: -1.06483e+06	(delta): 0.0109622
22 (QN/Block) 	Elapsed: 3.416	Loglikelihood: -1.06483e+06	(delta): 0.00607419
23 (QN/Block) 	Elapsed: 4.664	Loglikelihood: -1.06483e+06	(delta): 0.000114233
24 (QN/Block) 	Elapsed: 3.428	Loglikelihood: -1.06483e+06	(delta): 0.00547112
25 (QN/Block) 	Elapsed: 4.675	Loglikelihood: -1.06483e+06	(delta): 2.25464e-05
26 (QN/Block) 	Elapsed: 3.44	Loglikelihood: -1.06483e+06	(delta): 2.11876e-07
Summary: 
Converged in 26 iterations (137.981 sec)
Loglikelihood: -1064830.320782
Fst divergences between estimated populations: 
	Pop0	Pop1	Pop2	Pop3	Pop4	Pop5	Pop6	Pop7	Pop8	Pop9	Pop10	Pop11	
Pop0	
Pop1	0.351	
Pop2	0.668	0.758	
Pop3	0.282	0.476	0.787	
Pop4	0.252	0.343	0.694	0.394	
Pop5	0.379	0.431	0.735	0.497	0.359	
Pop6	0.386	0.307	0.792	0.515	0.368	0.459	
Pop7	0.160	0.404	0.716	0.310	0.317	0.428	0.439	
Pop8	0.098	0.363	0.681	0.268	0.277	0.391	0.402	0.180	
Pop9	0.211	0.351	0.681	0.361	0.186	0.329	0.378	0.282	0.240	
Pop10	0.355	0.278	0.763	0.489	0.351	0.432	0.277	0.414	0.370	0.358	
Pop11	0.350	0.170	0.757	0.476	0.317	0.431	0.337	0.404	0.364	0.342	0.324	
Pop12	0.425	0.263	0.842	0.563	0.411	0.511	0.430	0.485	0.439	0.424	0.410	0.197	
CV error (K=13): 0.14344
Writing output files.
