****                   ADMIXTURE Version 1.3.0                  ****
****                    Copyright 2008-2015                     ****
****           David Alexander, Suyash Shringarpure,            ****
****                John  Novembre, Ken Lange                   ****
****                                                            ****
****                 Please cite our paper!                     ****
****   Information at www.genetics.ucla.edu/software/admixture  ****

Cross-validation will be performed.  Folds=10.
Parallel execution requested.  Will use 8 threads.
Random seed: 20260932
Point estimation method: Block relaxation algorithm
Convergence acceleration algorithm: QuasiNewton, 3 secant conditions
Point estimation will terminate when objective function delta < 1e-05
Estimation of standard errors disabled; will compute point estimates only.
Size of G: 380x17027
Performing five EM steps to prime main algorithm
1 (EM) 	Elapsed: 6.633	Loglikelihood: -2.09662e+06	(delta): 6.30754e+06
2 (EM) 	Elapsed: 6.614	Loglikelihood: -1.90958e+06	(delta): 187040
3 (EM) 	Elapsed: 6.597	Loglikelihood: -1.8835e+06	(delta): 26077
4 (EM) 	Elapsed: 6.614	Loglikelihood: -1.86756e+06	(delta): 15941.1
5 (EM) 	Elapsed: 6.609	Loglikelihood: -1.8535e+06	(delta): 14055.9
Initial loglikelihood: -1.8535e+06
Starting main algorithm
1 (QN/Block) 	Elapsed: 2.593	Loglikelihood: -1.36017e+06	(delta): 493338
2 (QN/Block) 	Elapsed: 2.665	Loglikelihood: -1.18363e+06	(delta): 176538
3 (QN/Block) 	Elapsed: 3.742	Loglikelihood: -1.11689e+06	(delta): 66733.9
4 (QN/Block) 	Elapsed: 3.68	Loglikelihood: -1.06907e+06	(delta): 47823.9
5 (QN/Block) 	Elapsed: 3.643	Loglikelihood: -1.05246e+06	(delta): 16607.5
6 (QN/Block) 	Elapsed: 3.624	Loglikelihood: -1.04705e+06	(delta): 5414.26
7 (QN/Block) 	Elapsed: 4.936	Loglikelihood: -1.04557e+06	(delta): 1476.25
8 (QN/Block) 	Elapsed: 4.94	Loglikelihood: -1.0452e+06	(delta): 369.366
9 (QN/Block) 	Elapsed: 3.641	Loglikelihood: -1.0451e+06	(delta): 102.61
10 (QN/Block) 	Elapsed: 3.647	Loglikelihood: -1.04507e+06	(delta): 26.6271
11 (QN/Block) 	Elapsed: 4.514	Loglikelihood: -1.04507e+06	(delta): 8.2151
12 (QN/Block) 	Elapsed: 5.013	Loglikelihood: -1.0441e+06	(delta): 968.562
13 (QN/Block) 	Elapsed: 5.347	Loglikelihood: -1.04274e+06	(delta): 1362.07
14 (QN/Block) 	Elapsed: 4.995	Loglikelihood: -1.04246e+06	(delta): 275.244
15 (QN/Block) 	Elapsed: 3.659	Loglikelihood: -1.04231e+06	(delta): 148.701
16 (QN/Block) 	Elapsed: 4.581	Loglikelihood: -1.04222e+06	(delta): 92.4043
17 (QN/Block) 	Elapsed: 4.101	Loglikelihood: -1.04217e+06	(delta): 45.9534
18 (QN/Block) 	Elapsed: 4.089	Loglikelihood: -1.04216e+06	(delta): 11.5339
19 (QN/Block) 	Elapsed: 3.659	Loglikelihood: -1.04216e+06	(delta): 2.30294
20 (QN/Block) 	Elapsed: 4.09	Loglikelihood: -1.04216e+06	(delta): 0.395876
21 (QN/Block) 	Elapsed: 4.116	Loglikelihood: -1.04216e+06	(delta): 0.0494733
22 (QN/Block) 	Elapsed: 3.657	Loglikelihood: -1.04216e+06	(delta): 0.00366657
23 (QN/Block) 	Elapsed: 3.65	Loglikelihood: -1.04216e+06	(delta): 0.000736047
24 (QN/Block) 	Elapsed: 3.65	Loglikelihood: -1.04216e+06	(delta): 4.33038e-05
25 (QN/Block) 	Elapsed: 3.646	Loglikelihood: -1.04216e+06	(delta): 7.87771e-06
Summary: 
Converged in 25 iterations (147.574 sec)
Loglikelihood: -1042158.595371
Fst divergences between estimated populations: 
	Pop0	Pop1	Pop2	Pop3	Pop4	Pop5	Pop6	Pop7	Pop8	Pop9	Pop10	Pop11	Pop12	
Pop0	
Pop1	0.351	
Pop2	0.409	0.287	
Pop3	0.477	0.355	0.263	
Pop4	0.263	0.424	0.489	0.565	
Pop5	0.368	0.245	0.187	0.282	0.446	
Pop6	0.278	0.358	0.416	0.490	0.410	0.376	
Pop7	0.170	0.341	0.409	0.477	0.198	0.369	0.324	
Pop8	0.354	0.213	0.170	0.269	0.429	0.109	0.359	0.353	
Pop9	0.758	0.681	0.720	0.787	0.842	0.687	0.763	0.757	0.672	
Pop10	0.478	0.363	0.339	0.372	0.565	0.273	0.491	0.478	0.288	0.788	
Pop11	0.431	0.329	0.430	0.496	0.511	0.396	0.432	0.431	0.383	0.735	0.499	
Pop12	0.307	0.378	0.443	0.515	0.431	0.408	0.277	0.337	0.390	0.792	0.517	0.459	
Pop13	0.344	0.186	0.323	0.386	0.411	0.283	0.351	0.317	0.255	0.694	0.396	0.359	0.368	
CV error (K=14): 0.14122
Writing output files.
