****                   ADMIXTURE Version 1.3.0                  ****
****                    Copyright 2008-2015                     ****
****           David Alexander, Suyash Shringarpure,            ****
****                John  Novembre, Ken Lange                   ****
****                                                            ****
****                 Please cite our paper!                     ****
****   Information at www.genetics.ucla.edu/software/admixture  ****

Cross-validation will be performed.  Folds=10.
Parallel execution requested.  Will use 8 threads.
Random seed: 20260932
Point estimation method: Block relaxation algorithm
Convergence acceleration algorithm: QuasiNewton, 3 secant conditions
Point estimation will terminate when objective function delta < 1e-05
Estimation of standard errors disabled; will compute point estimates only.
Size of G: 380x17027
Performing five EM steps to prime main algorithm
1 (EM) 	Elapsed: 7.465	Loglikelihood: -2.09805e+06	(delta): 6.28305e+06
2 (EM) 	Elapsed: 7.413	Loglikelihood: -1.91031e+06	(delta): 187739
3 (EM) 	Elapsed: 7.416	Loglikelihood: -1.885e+06	(delta): 25304.5
4 (EM) 	Elapsed: 7.411	Loglikelihood: -1.86985e+06	(delta): 15154.4
5 (EM) 	Elapsed: 7.417	Loglikelihood: -1.85634e+06	(delta): 13504.7
Initial loglikelihood: -1.85634e+06
Starting main algorithm
1 (QN/Block) 	Elapsed: 2.738	Loglikelihood: -1.34931e+06	(delta): 507033
2 (QN/Block) 	Elapsed: 2.817	Loglikelihood: -1.17928e+06	(delta): 170030
3 (QN/Block) 	Elapsed: 4.424	Loglikelihood: -1.11085e+06	(delta): 68432.5
4 (QN/Block) 	Elapsed: 3.889	Loglikelihood: -1.06781e+06	(delta): 43034.8
5 (QN/Block) 	Elapsed: 4.326	Loglikelihood: -1.04066e+06	(delta): 27152.1
6 (QN/Block) 	Elapsed: 5.263	Loglikelihood: -1.02959e+06	(delta): 11073.3
7 (QN/Block) 	Elapsed: 3.843	Loglikelihood: -1.02664e+06	(delta): 2948.63
8 (QN/Block) 	Elapsed: 5.211	Loglikelihood: -1.02588e+06	(delta): 760.5
9 (QN/Block) 	Elapsed: 3.832	Loglikelihood: -1.02563e+06	(delta): 242.381
10 (QN/Block) 	Elapsed: 4.271	Loglikelihood: -1.02559e+06	(delta): 43.8336
11 (QN/Block) 	Elapsed: 4.749	Loglikelihood: -1.02558e+06	(delta): 6.20872
12 (QN/Block) 	Elapsed: 4.29	Loglikelihood: -1.02558e+06	(delta): 1.12879
13 (QN/Block) 	Elapsed: 4.754	Loglikelihood: -1.02558e+06	(delta): 0.111936
14 (QN/Block) 	Elapsed: 4.297	Loglikelihood: -1.02558e+06	(delta): 0.0524354
15 (QN/Block) 	Elapsed: 4.316	Loglikelihood: -1.02558e+06	(delta): 0.0357009
16 (QN/Block) 	Elapsed: 4.32	Loglikelihood: -1.02558e+06	(delta): 0.0118984
17 (QN/Block) 	Elapsed: 3.853	Loglikelihood: -1.02558e+06	(delta): 0.00615954
18 (QN/Block) 	Elapsed: 3.846	Loglikelihood: -1.02558e+06	(delta): 0.00261128
19 (QN/Block) 	Elapsed: 3.828	Loglikelihood: -1.02558e+06	(delta): 0.00163694
20 (QN/Block) 	Elapsed: 3.836	Loglikelihood: -1.02558e+06	(delta): 0.0012024
21 (QN/Block) 	Elapsed: 3.825	Loglikelihood: -1.02558e+06	(delta): 2.54113e-05
22 (QN/Block) 	Elapsed: 3.83	Loglikelihood: -1.02558e+06	(delta): 1.47836e-06
Summary: 
Converged in 22 iterations (141.202 sec)
Loglikelihood: -1025583.555665
Fst divergences between estimated populations: 
	Pop0	Pop1	Pop2	Pop3	Pop4	Pop5	Pop6	Pop7	Pop8	Pop9	Pop10	Pop11	Pop12	Pop13	
Pop0	
Pop1	0.294	
Pop2	0.423	0.354	
Pop3	0.303	0.382	0.510	
Pop4	0.124	0.295	0.412	0.300	
Pop5	0.432	0.361	0.366	0.515	0.421	
Pop6	0.261	0.180	0.378	0.356	0.267	0.380	
Pop7	0.350	0.152	0.411	0.437	0.348	0.424	0.242	
Pop8	0.400	0.345	0.350	0.490	0.389	0.277	0.359	0.405	
Pop9	0.142	0.249	0.384	0.271	0.130	0.390	0.215	0.304	0.360	
Pop10	0.418	0.351	0.462	0.496	0.407	0.459	0.331	0.409	0.432	0.383	
Pop11	0.390	0.339	0.189	0.477	0.382	0.307	0.352	0.393	0.278	0.355	0.431	
Pop12	0.714	0.690	0.790	0.787	0.695	0.792	0.682	0.741	0.763	0.672	0.735	0.759	
Pop13	0.294	0.395	0.514	0.376	0.303	0.520	0.368	0.449	0.494	0.294	0.502	0.482	0.791	
Pop14	0.219	0.321	0.444	0.267	0.206	0.448	0.293	0.377	0.421	0.176	0.434	0.414	0.726	0.348	
CV error (K=15): 0.14143
Writing output files.
