****                   ADMIXTURE Version 1.3.0                  ****
****                    Copyright 2008-2015                     ****
****           David Alexander, Suyash Shringarpure,            ****
****                John  Novembre, Ken Lange                   ****
****                                                            ****
****                 Please cite our paper!                     ****
****   Information at www.genetics.ucla.edu/software/admixture  ****

Cross-validation will be performed.  Folds=10.
Parallel execution requested.  Will use 8 threads.
Random seed: 20260932
Point estimation method: Block relaxation algorithm
Convergence acceleration algorithm: QuasiNewton, 3 secant conditions
Point estimation will terminate when objective function delta < 1e-05
Estimation of standard errors disabled; will compute point estimates only.
Size of G: 380x17027
Performing five EM steps to prime main algorithm
1 (EM) 	Elapsed: 8.387	Loglikelihood: -2.09625e+06	(delta): 6.26714e+06
2 (EM) 	Elapsed: 8.318	Loglikelihood: -1.90773e+06	(delta): 188517
3 (EM) 	Elapsed: 8.327	Loglikelihood: -1.88253e+06	(delta): 25204.8
4 (EM) 	Elapsed: 8.327	Loglikelihood: -1.86779e+06	(delta): 14735.7
5 (EM) 	Elapsed: 8.324	Loglikelihood: -1.85513e+06	(delta): 12662.1
Initial loglikelihood: -1.85513e+06
Starting main algorithm
1 (QN/Block) 	Elapsed: 2.888	Loglikelihood: -1.35168e+06	(delta): 503452
2 (QN/Block) 	Elapsed: 3.004	Loglikelihood: -1.14072e+06	(delta): 210959
3 (QN/Block) 	Elapsed: 4.214	Loglikelihood: -1.06964e+06	(delta): 71073.3
4 (QN/Block) 	Elapsed: 5.588	Loglikelihood: -1.03508e+06	(delta): 34568.7
5 (QN/Block) 	Elapsed: 5.604	Loglikelihood: -1.02202e+06	(delta): 13053.1
6 (QN/Block) 	Elapsed: 4.56	Loglikelihood: -1.01596e+06	(delta): 6067.08
7 (QN/Block) 	Elapsed: 5.548	Loglikelihood: -1.01369e+06	(delta): 2268.06
8 (QN/Block) 	Elapsed: 5.583	Loglikelihood: -1.01293e+06	(delta): 753.21
9 (QN/Block) 	Elapsed: 5.564	Loglikelihood: -1.01275e+06	(delta): 185.068
10 (QN/Block) 	Elapsed: 4.071	Loglikelihood: -1.01271e+06	(delta): 36.0582
11 (QN/Block) 	Elapsed: 4.087	Loglikelihood: -1.01271e+06	(delta): 5.60722
12 (QN/Block) 	Elapsed: 4.088	Loglikelihood: -1.01271e+06	(delta): 1.96943
13 (QN/Block) 	Elapsed: 4.085	Loglikelihood: -1.0127e+06	(delta): 0.894933
14 (QN/Block) 	Elapsed: 4.072	Loglikelihood: -1.0127e+06	(delta): 0.561719
15 (QN/Block) 	Elapsed: 4.065	Loglikelihood: -1.0127e+06	(delta): 0.0131693
16 (QN/Block) 	Elapsed: 4.077	Loglikelihood: -1.0127e+06	(delta): 0.00217275
17 (QN/Block) 	Elapsed: 4.079	Loglikelihood: -1.0127e+06	(delta): 5.39258e-05
18 (QN/Block) 	Elapsed: 4.08	Loglikelihood: -1.0127e+06	(delta): 3.02435e-06
Summary: 
Converged in 18 iterations (133.58 sec)
Loglikelihood: -1012703.874306
Fst divergences between estimated populations: 
	Pop0	Pop1	Pop2	Pop3	Pop4	Pop5	Pop6	Pop7	Pop8	Pop9	Pop10	Pop11	Pop12	Pop13	Pop14	
Pop0	
Pop1	0.263	
Pop2	0.416	0.491	
Pop3	0.339	0.372	0.491	
Pop4	0.443	0.515	0.277	0.517	
Pop5	0.417	0.485	0.330	0.486	0.344	
Pop6	0.373	0.437	0.405	0.446	0.424	0.381	
Pop7	0.409	0.477	0.278	0.478	0.307	0.171	0.393	
Pop8	0.483	0.554	0.492	0.558	0.521	0.498	0.468	0.490	
Pop9	0.187	0.282	0.376	0.273	0.409	0.377	0.331	0.368	0.448	
Pop10	0.289	0.357	0.360	0.364	0.380	0.353	0.242	0.353	0.389	0.247	
Pop11	0.720	0.788	0.763	0.789	0.792	0.766	0.741	0.758	0.799	0.687	0.682	
Pop12	0.317	0.382	0.346	0.392	0.363	0.324	0.151	0.341	0.409	0.277	0.179	0.690	
Pop13	0.678	0.755	0.712	0.757	0.745	0.717	0.678	0.710	0.715	0.641	0.602	0.987	0.617	
Pop14	0.169	0.270	0.359	0.288	0.390	0.361	0.304	0.354	0.432	0.109	0.214	0.672	0.248	0.627	
Pop15	0.489	0.565	0.411	0.566	0.431	0.195	0.467	0.265	0.577	0.446	0.426	0.843	0.408	0.809	0.430	
CV error (K=16): 0.13727
Writing output files.
