****                   ADMIXTURE Version 1.3.0                  ****
****                    Copyright 2008-2015                     ****
****           David Alexander, Suyash Shringarpure,            ****
****                John  Novembre, Ken Lange                   ****
****                                                            ****
****                 Please cite our paper!                     ****
****   Information at www.genetics.ucla.edu/software/admixture  ****

Cross-validation will be performed.  Folds=10.
Parallel execution requested.  Will use 8 threads.
Random seed: 20260932
Point estimation method: Block relaxation algorithm
Convergence acceleration algorithm: QuasiNewton, 3 secant conditions
Point estimation will terminate when objective function delta < 1e-05
Estimation of standard errors disabled; will compute point estimates only.
Size of G: 380x17027
Performing five EM steps to prime main algorithm
1 (EM) 	Elapsed: 9.299	Loglikelihood: -2.09657e+06	(delta): 6.24845e+06
2 (EM) 	Elapsed: 9.238	Loglikelihood: -1.9079e+06	(delta): 188666
3 (EM) 	Elapsed: 9.211	Loglikelihood: -1.8828e+06	(delta): 25100.2
4 (EM) 	Elapsed: 9.197	Loglikelihood: -1.86784e+06	(delta): 14967.7
5 (EM) 	Elapsed: 9.211	Loglikelihood: -1.8547e+06	(delta): 13134.6
Initial loglikelihood: -1.8547e+06
Starting main algorithm
1 (QN/Block) 	Elapsed: 3.047	Loglikelihood: -1.3454e+06	(delta): 509299
2 (QN/Block) 	Elapsed: 3.198	Loglikelihood: -1.1655e+06	(delta): 179901
3 (QN/Block) 	Elapsed: 5.53	Loglikelihood: -1.09752e+06	(delta): 67983.3
4 (QN/Block) 	Elapsed: 4.921	Loglikelihood: -1.05693e+06	(delta): 40588.3
5 (QN/Block) 	Elapsed: 4.365	Loglikelihood: -1.0382e+06	(delta): 18733
6 (QN/Block) 	Elapsed: 4.859	Loglikelihood: -1.02617e+06	(delta): 12027.9
7 (QN/Block) 	Elapsed: 4.346	Loglikelihood: -1.01764e+06	(delta): 8528.6
8 (QN/Block) 	Elapsed: 4.802	Loglikelihood: -1.01207e+06	(delta): 5572.1
9 (QN/Block) 	Elapsed: 4.286	Loglikelihood: -1.0098e+06	(delta): 2266.1
10 (QN/Block) 	Elapsed: 4.271	Loglikelihood: -1.00909e+06	(delta): 715.81
11 (QN/Block) 	Elapsed: 4.269	Loglikelihood: -1.0088e+06	(delta): 287.632
12 (QN/Block) 	Elapsed: 4.302	Loglikelihood: -1.00866e+06	(delta): 141.952
13 (QN/Block) 	Elapsed: 5.881	Loglikelihood: -1.00857e+06	(delta): 85.5341
14 (QN/Block) 	Elapsed: 5.879	Loglikelihood: -1.00855e+06	(delta): 25.9643
15 (QN/Block) 	Elapsed: 4.338	Loglikelihood: -1.00849e+06	(delta): 56.1404
16 (QN/Block) 	Elapsed: 5.455	Loglikelihood: -1.00801e+06	(delta): 483.451
17 (QN/Block) 	Elapsed: 5.9	Loglikelihood: -1.0063e+06	(delta): 1701.58
18 (QN/Block) 	Elapsed: 4.857	Loglikelihood: -1.00434e+06	(delta): 1962.14
19 (QN/Block) 	Elapsed: 4.847	Loglikelihood: -1.00341e+06	(delta): 935.385
20 (QN/Block) 	Elapsed: 4.891	Loglikelihood: -1.00321e+06	(delta): 196.918
21 (QN/Block) 	Elapsed: 5.912	Loglikelihood: -1.00318e+06	(delta): 30.4811
22 (QN/Block) 	Elapsed: 4.308	Loglikelihood: -1.00317e+06	(delta): 12.1921
23 (QN/Block) 	Elapsed: 4.305	Loglikelihood: -1.00316e+06	(delta): 3.6063
24 (QN/Block) 	Elapsed: 4.34	Loglikelihood: -1.00316e+06	(delta): 0.61098
25 (QN/Block) 	Elapsed: 4.324	Loglikelihood: -1.00316e+06	(delta): 0.00334101
26 (QN/Block) 	Elapsed: 4.332	Loglikelihood: -1.00316e+06	(delta): 0.000662879
27 (QN/Block) 	Elapsed: 4.846	Loglikelihood: -1.00316e+06	(delta): 9.85672e-05
28 (QN/Block) 	Elapsed: 4.343	Loglikelihood: -1.00316e+06	(delta): 7.48595e-05
29 (QN/Block) 	Elapsed: 4.306	Loglikelihood: -1.00316e+06	(delta): 4.9565e-06
Summary: 
Converged in 29 iterations (200.52 sec)
Loglikelihood: -1003163.268643
Fst divergences between estimated populations: 
	Pop0	Pop1	Pop2	Pop3	Pop4	Pop5	Pop6	Pop7	Pop8	Pop9	Pop10	Pop11	Pop12	Pop13	Pop14	Pop15	
Pop0	
Pop1	0.517	
Pop2	0.417	0.363	
Pop3	0.347	0.535	0.438	
Pop4	0.489	0.277	0.349	0.510	
Pop5	0.711	0.788	0.683	0.741	0.767	
Pop6	0.491	0.398	0.262	0.507	0.404	0.756	
Pop7	0.444	0.403	0.153	0.463	0.386	0.703	0.319	
Pop8	0.491	0.584	0.485	0.518	0.558	0.715	0.554	0.508	
Pop9	0.402	0.322	0.208	0.421	0.278	0.674	0.306	0.252	0.473	
Pop10	0.277	0.545	0.444	0.362	0.518	0.745	0.516	0.472	0.521	0.434	
Pop11	0.358	0.389	0.289	0.373	0.362	0.601	0.355	0.312	0.387	0.261	0.378	
Pop12	0.763	0.816	0.724	0.786	0.796	0.987	0.788	0.742	0.798	0.715	0.792	0.681	
Pop13	0.362	0.321	0.175	0.383	0.295	0.630	0.277	0.219	0.435	0.149	0.393	0.215	0.675	
Pop14	0.350	0.421	0.323	0.353	0.393	0.621	0.386	0.346	0.414	0.301	0.366	0.185	0.693	0.257	
Pop15	0.396	0.337	0.207	0.416	0.299	0.658	0.312	0.252	0.465	0.134	0.429	0.272	0.703	0.142	0.306	
Pop16	0.278	0.506	0.411	0.186	0.478	0.710	0.478	0.436	0.490	0.392	0.307	0.351	0.759	0.357	0.342	0.389	
CV error (K=17): 0.13867
Writing output files.
