****                   ADMIXTURE Version 1.3.0                  ****
****                    Copyright 2008-2015                     ****
****           David Alexander, Suyash Shringarpure,            ****
****                John  Novembre, Ken Lange                   ****
****                                                            ****
****                 Please cite our paper!                     ****
****   Information at www.genetics.ucla.edu/software/admixture  ****

Cross-validation will be performed.  Folds=10.
Parallel execution requested.  Will use 8 threads.
Random seed: 20260932
Point estimation method: Block relaxation algorithm
Convergence acceleration algorithm: QuasiNewton, 3 secant conditions
Point estimation will terminate when objective function delta < 1e-05
Estimation of standard errors disabled; will compute point estimates only.
Size of G: 380x17027
Performing five EM steps to prime main algorithm
1 (EM) 	Elapsed: 11.296	Loglikelihood: -2.09512e+06	(delta): 6.22911e+06
2 (EM) 	Elapsed: 11.28	Loglikelihood: -1.90306e+06	(delta): 192052
3 (EM) 	Elapsed: 11.264	Loglikelihood: -1.87699e+06	(delta): 26074.7
4 (EM) 	Elapsed: 11.279	Loglikelihood: -1.86064e+06	(delta): 16352.1
5 (EM) 	Elapsed: 11.235	Loglikelihood: -1.84544e+06	(delta): 15195.4
Initial loglikelihood: -1.84544e+06
Starting main algorithm
1 (QN/Block) 	Elapsed: 3.434	Loglikelihood: -1.31074e+06	(delta): 534703
2 (QN/Block) 	Elapsed: 3.565	Loglikelihood: -1.13714e+06	(delta): 173594
3 (QN/Block) 	Elapsed: 5.542	Loglikelihood: -1.06701e+06	(delta): 70132.4
4 (QN/Block) 	Elapsed: 5.488	Loglikelihood: -1.02252e+06	(delta): 44493.1
5 (QN/Block) 	Elapsed: 4.844	Loglikelihood: -1.00536e+06	(delta): 17157.5
6 (QN/Block) 	Elapsed: 5.363	Loglikelihood: -996263	(delta): 9098.14
7 (QN/Block) 	Elapsed: 5.368	Loglikelihood: -992775	(delta): 3487.83
8 (QN/Block) 	Elapsed: 5.378	Loglikelihood: -991661	(delta): 1114.6
9 (QN/Block) 	Elapsed: 4.815	Loglikelihood: -991217	(delta): 443.945
10 (QN/Block) 	Elapsed: 4.78	Loglikelihood: -991080	(delta): 136.941
11 (QN/Block) 	Elapsed: 6.54	Loglikelihood: -991021	(delta): 59.0829
12 (QN/Block) 	Elapsed: 5.961	Loglikelihood: -990985	(delta): 35.8923
13 (QN/Block) 	Elapsed: 6.543	Loglikelihood: -990944	(delta): 40.7781
14 (QN/Block) 	Elapsed: 6.625	Loglikelihood: -990913	(delta): 31.0839
15 (QN/Block) 	Elapsed: 6.028	Loglikelihood: -990890	(delta): 23.2904
16 (QN/Block) 	Elapsed: 6.021	Loglikelihood: -990826	(delta): 63.5927
17 (QN/Block) 	Elapsed: 5.975	Loglikelihood: -990765	(delta): 60.7436
18 (QN/Block) 	Elapsed: 4.802	Loglikelihood: -990747	(delta): 18.1326
19 (QN/Block) 	Elapsed: 4.816	Loglikelihood: -990744	(delta): 3.09864
20 (QN/Block) 	Elapsed: 4.814	Loglikelihood: -990743	(delta): 1.2992
21 (QN/Block) 	Elapsed: 5.995	Loglikelihood: -990742	(delta): 0.785617
22 (QN/Block) 	Elapsed: 4.81	Loglikelihood: -990742	(delta): 0.216857
23 (QN/Block) 	Elapsed: 4.797	Loglikelihood: -990742	(delta): 0.0613626
24 (QN/Block) 	Elapsed: 4.848	Loglikelihood: -990742	(delta): 0.0153762
25 (QN/Block) 	Elapsed: 4.798	Loglikelihood: -990742	(delta): 0.00309156
26 (QN/Block) 	Elapsed: 4.786	Loglikelihood: -990742	(delta): 0.000910902
27 (QN/Block) 	Elapsed: 4.8	Loglikelihood: -990742	(delta): 0.000172011
28 (QN/Block) 	Elapsed: 4.814	Loglikelihood: -990742	(delta): 2.4506e-05
29 (QN/Block) 	Elapsed: 4.812	Loglikelihood: -990742	(delta): 4.24427e-06
Summary: 
Converged in 29 iterations (228.706 sec)
Loglikelihood: -990741.622702
Fst divergences between estimated populations: 
	Pop0	Pop1	Pop2	Pop3	Pop4	Pop5	Pop6	Pop7	Pop8	Pop9	Pop10	Pop11	Pop12	Pop13	Pop14	Pop15	Pop16	Pop17	
Pop0	
Pop1	0.154	
Pop2	0.374	0.433	
Pop3	0.692	0.742	0.791	
Pop4	0.397	0.450	0.516	0.791	
Pop5	0.363	0.424	0.284	0.791	0.521	
Pop6	0.344	0.397	0.466	0.742	0.382	0.472	
Pop7	0.303	0.356	0.423	0.706	0.315	0.431	0.256	
Pop8	0.298	0.354	0.428	0.718	0.298	0.436	0.255	0.139	
Pop9	0.200	0.260	0.386	0.678	0.341	0.388	0.267	0.238	0.225	
Pop10	0.353	0.409	0.459	0.735	0.502	0.459	0.454	0.416	0.422	0.351	
Pop11	0.376	0.435	0.293	0.794	0.525	0.325	0.474	0.425	0.433	0.388	0.460	
Pop12	0.384	0.438	0.513	0.788	0.377	0.516	0.319	0.315	0.308	0.317	0.496	0.522	
Pop13	0.315	0.371	0.437	0.720	0.338	0.441	0.149	0.208	0.209	0.228	0.429	0.444	0.260	
Pop14	0.190	0.250	0.390	0.687	0.377	0.384	0.323	0.282	0.274	0.126	0.334	0.394	0.366	0.296	
Pop15	0.346	0.398	0.287	0.764	0.487	0.317	0.442	0.396	0.399	0.362	0.437	0.332	0.483	0.413	0.362	
Pop16	0.356	0.411	0.363	0.790	0.515	0.367	0.467	0.421	0.427	0.384	0.462	0.389	0.511	0.438	0.383	0.187	
Pop17	0.263	0.317	0.394	0.684	0.308	0.402	0.229	0.144	0.159	0.187	0.394	0.399	0.287	0.180	0.238	0.370	0.395	
Pop18	0.307	0.361	0.424	0.703	0.318	0.430	0.197	0.140	0.159	0.230	0.415	0.428	0.277	0.118	0.286	0.398	0.424	0.166	
CV error (K=19): 0.14422
Writing output files.
