****                   ADMIXTURE Version 1.3.0                  ****
****                    Copyright 2008-2015                     ****
****           David Alexander, Suyash Shringarpure,            ****
****                John  Novembre, Ken Lange                   ****
****                                                            ****
****                 Please cite our paper!                     ****
****   Information at www.genetics.ucla.edu/software/admixture  ****

Cross-validation will be performed.  Folds=10.
Parallel execution requested.  Will use 8 threads.
Random seed: 20260932
Point estimation method: Block relaxation algorithm
Convergence acceleration algorithm: QuasiNewton, 3 secant conditions
Point estimation will terminate when objective function delta < 1e-05
Estimation of standard errors disabled; will compute point estimates only.
Size of G: 380x17027
Performing five EM steps to prime main algorithm
1 (EM) 	Elapsed: 12.431	Loglikelihood: -2.09428e+06	(delta): 6.21535e+06
2 (EM) 	Elapsed: 12.371	Loglikelihood: -1.90249e+06	(delta): 191783
3 (EM) 	Elapsed: 12.374	Loglikelihood: -1.87607e+06	(delta): 26422
4 (EM) 	Elapsed: 12.369	Loglikelihood: -1.859e+06	(delta): 17073.7
5 (EM) 	Elapsed: 12.321	Loglikelihood: -1.84292e+06	(delta): 16074.2
Initial loglikelihood: -1.84292e+06
Starting main algorithm
1 (QN/Block) 	Elapsed: 3.564	Loglikelihood: -1.3048e+06	(delta): 538119
2 (QN/Block) 	Elapsed: 3.751	Loglikelihood: -1.13181e+06	(delta): 172999
3 (QN/Block) 	Elapsed: 7.107	Loglikelihood: -1.0663e+06	(delta): 65502.5
4 (QN/Block) 	Elapsed: 5.744	Loglikelihood: -1.02498e+06	(delta): 41320.9
5 (QN/Block) 	Elapsed: 5.093	Loglikelihood: -1.00566e+06	(delta): 19324
6 (QN/Block) 	Elapsed: 6.898	Loglikelihood: -997762	(delta): 7895.93
7 (QN/Block) 	Elapsed: 5.087	Loglikelihood: -993948	(delta): 3813.76
8 (QN/Block) 	Elapsed: 6.045	Loglikelihood: -988616	(delta): 5331.76
9 (QN/Block) 	Elapsed: 5.083	Loglikelihood: -984011	(delta): 4605.35
10 (QN/Block) 	Elapsed: 6.915	Loglikelihood: -982381	(delta): 1630.41
11 (QN/Block) 	Elapsed: 5.05	Loglikelihood: -981878	(delta): 502.538
12 (QN/Block) 	Elapsed: 5.036	Loglikelihood: -981771	(delta): 106.905
13 (QN/Block) 	Elapsed: 5.045	Loglikelihood: -981742	(delta): 28.9035
14 (QN/Block) 	Elapsed: 6.881	Loglikelihood: -981736	(delta): 6.66975
15 (QN/Block) 	Elapsed: 5.048	Loglikelihood: -981733	(delta): 3.01277
16 (QN/Block) 	Elapsed: 5.059	Loglikelihood: -981731	(delta): 1.61558
17 (QN/Block) 	Elapsed: 5.062	Loglikelihood: -981730	(delta): 1.01875
18 (QN/Block) 	Elapsed: 5.058	Loglikelihood: -981730	(delta): 0.481919
19 (QN/Block) 	Elapsed: 5.055	Loglikelihood: -981729	(delta): 0.253772
20 (QN/Block) 	Elapsed: 5.056	Loglikelihood: -981729	(delta): 0.12226
21 (QN/Block) 	Elapsed: 5.687	Loglikelihood: -981729	(delta): 0.112293
22 (QN/Block) 	Elapsed: 6.29	Loglikelihood: -981729	(delta): 0.0522783
23 (QN/Block) 	Elapsed: 5.063	Loglikelihood: -981729	(delta): 0.0411224
24 (QN/Block) 	Elapsed: 5.045	Loglikelihood: -981729	(delta): 0.0333403
25 (QN/Block) 	Elapsed: 5.03	Loglikelihood: -981729	(delta): 0.00598005
26 (QN/Block) 	Elapsed: 5.048	Loglikelihood: -981729	(delta): 0.000761915
27 (QN/Block) 	Elapsed: 5.043	Loglikelihood: -981729	(delta): 5.60313e-05
28 (QN/Block) 	Elapsed: 5.061	Loglikelihood: -981729	(delta): 2.82109e-05
29 (QN/Block) 	Elapsed: 5.061	Loglikelihood: -981729	(delta): 1.88232e-06
Summary: 
Converged in 29 iterations (239.084 sec)
Loglikelihood: -981728.908154
Fst divergences between estimated populations: 
	Pop0	Pop1	Pop2	Pop3	Pop4	Pop5	Pop6	Pop7	Pop8	Pop9	Pop10	Pop11	Pop12	Pop13	Pop14	Pop15	Pop16	Pop17	Pop18	
Pop0	
Pop1	0.520	
Pop2	0.491	0.148	
Pop3	0.528	0.149	0.142	
Pop4	0.532	0.154	0.151	0.142	
Pop5	0.856	0.655	0.636	0.663	0.674	
Pop6	0.468	0.393	0.365	0.397	0.398	0.712	
Pop7	0.568	0.468	0.438	0.471	0.475	0.810	0.200	
Pop8	0.471	0.309	0.266	0.311	0.303	0.623	0.327	0.417	
Pop9	0.549	0.141	0.189	0.229	0.228	0.687	0.422	0.498	0.333	
Pop10	0.484	0.283	0.236	0.285	0.274	0.607	0.355	0.433	0.198	0.307	
Pop11	0.621	0.313	0.302	0.317	0.296	0.760	0.486	0.570	0.404	0.354	0.378	
Pop12	0.310	0.426	0.398	0.434	0.434	0.751	0.343	0.434	0.374	0.453	0.387	0.522	
Pop13	0.617	0.267	0.279	0.317	0.305	0.755	0.482	0.566	0.391	0.277	0.368	0.377	0.518	
Pop14	0.483	0.224	0.183	0.241	0.224	0.612	0.357	0.433	0.208	0.243	0.128	0.342	0.390	0.318	
Pop15	0.446	0.390	0.362	0.394	0.393	0.711	0.173	0.264	0.351	0.419	0.360	0.483	0.310	0.479	0.359	
Pop16	0.527	0.356	0.313	0.357	0.352	0.679	0.377	0.469	0.177	0.380	0.251	0.450	0.427	0.438	0.260	0.396	
Pop17	0.623	0.463	0.440	0.469	0.474	0.715	0.494	0.577	0.415	0.491	0.394	0.561	0.524	0.554	0.406	0.491	0.468	
Pop18	0.424	0.399	0.369	0.401	0.404	0.713	0.331	0.413	0.357	0.427	0.369	0.496	0.285	0.493	0.364	0.283	0.408	0.494	
Pop19	0.883	0.701	0.681	0.708	0.716	0.987	0.762	0.843	0.696	0.728	0.689	0.792	0.797	0.788	0.679	0.760	0.742	0.799	0.765	
CV error (K=20): 0.14058
Writing output files.
