****                   ADMIXTURE Version 1.3.0                  ****
****                    Copyright 2008-2015                     ****
****           David Alexander, Suyash Shringarpure,            ****
****                John  Novembre, Ken Lange                   ****
****                                                            ****
****                 Please cite our paper!                     ****
****   Information at www.genetics.ucla.edu/software/admixture  ****

Cross-validation will be performed.  Folds=10.
Parallel execution requested.  Will use 8 threads.
Random seed: 20260932
Point estimation method: Block relaxation algorithm
Convergence acceleration algorithm: QuasiNewton, 3 secant conditions
Point estimation will terminate when objective function delta < 1e-05
Estimation of standard errors disabled; will compute point estimates only.
Size of G: 380x17027
Performing five EM steps to prime main algorithm
1 (EM) 	Elapsed: 13.587	Loglikelihood: -2.09541e+06	(delta): 6.20274e+06
2 (EM) 	Elapsed: 13.532	Loglikelihood: -1.90453e+06	(delta): 190886
3 (EM) 	Elapsed: 13.581	Loglikelihood: -1.88004e+06	(delta): 24490.2
4 (EM) 	Elapsed: 13.598	Loglikelihood: -1.86524e+06	(delta): 14796.6
5 (EM) 	Elapsed: 13.48	Loglikelihood: -1.85191e+06	(delta): 13330.1
Initial loglikelihood: -1.85191e+06
Starting main algorithm
1 (QN/Block) 	Elapsed: 3.761	Loglikelihood: -1.307e+06	(delta): 544906
2 (QN/Block) 	Elapsed: 4.084	Loglikelihood: -1.1185e+06	(delta): 188502
3 (QN/Block) 	Elapsed: 6.792	Loglikelihood: -1.04792e+06	(delta): 70578.7
4 (QN/Block) 	Elapsed: 5.37	Loglikelihood: -1.00964e+06	(delta): 38288.3
5 (QN/Block) 	Elapsed: 5.287	Loglikelihood: -983467	(delta): 26168.1
6 (QN/Block) 	Elapsed: 5.261	Loglikelihood: -972882	(delta): 10585
7 (QN/Block) 	Elapsed: 7.133	Loglikelihood: -969580	(delta): 3301.88
8 (QN/Block) 	Elapsed: 5.252	Loglikelihood: -968245	(delta): 1335.69
9 (QN/Block) 	Elapsed: 5.231	Loglikelihood: -967660	(delta): 584.353
10 (QN/Block) 	Elapsed: 5.224	Loglikelihood: -967443	(delta): 217.741
11 (QN/Block) 	Elapsed: 5.243	Loglikelihood: -967393	(delta): 49.6169
12 (QN/Block) 	Elapsed: 5.295	Loglikelihood: -967374	(delta): 19.0278
13 (QN/Block) 	Elapsed: 5.259	Loglikelihood: -967369	(delta): 4.56844
14 (QN/Block) 	Elapsed: 5.281	Loglikelihood: -967368	(delta): 1.21565
15 (QN/Block) 	Elapsed: 5.262	Loglikelihood: -967368	(delta): 0.0977563
16 (QN/Block) 	Elapsed: 5.272	Loglikelihood: -967368	(delta): 0.0167879
17 (QN/Block) 	Elapsed: 5.273	Loglikelihood: -967368	(delta): 0.00557785
18 (QN/Block) 	Elapsed: 5.265	Loglikelihood: -967368	(delta): 0.00172648
19 (QN/Block) 	Elapsed: 5.888	Loglikelihood: -967368	(delta): 0.000223475
20 (QN/Block) 	Elapsed: 5.365	Loglikelihood: -967368	(delta): 8.55431e-06
Summary: 
Converged in 20 iterations (192.031 sec)
Loglikelihood: -967368.096498
Fst divergences between estimated populations: 
	Pop0	Pop1	Pop2	Pop3	Pop4	Pop5	Pop6	Pop7	Pop8	Pop9	Pop10	Pop11	Pop12	Pop13	Pop14	Pop15	Pop16	Pop17	Pop18	Pop19	
Pop0	
Pop1	0.653	
Pop2	0.713	0.440	
Pop3	0.596	0.176	0.386	
Pop4	0.567	0.291	0.384	0.218	
Pop5	0.628	0.207	0.422	0.142	0.274	
Pop6	0.654	0.376	0.434	0.308	0.244	0.356	
Pop7	0.717	0.447	0.293	0.391	0.387	0.423	0.436	
Pop8	0.642	0.208	0.426	0.149	0.263	0.134	0.353	0.431	
Pop9	0.739	0.349	0.514	0.295	0.364	0.299	0.446	0.521	0.278	
Pop10	0.972	0.724	0.791	0.675	0.681	0.703	0.742	0.794	0.715	0.796	
Pop11	0.712	0.445	0.285	0.394	0.380	0.429	0.424	0.325	0.434	0.518	0.791	
Pop12	0.602	0.331	0.385	0.266	0.198	0.316	0.163	0.386	0.311	0.405	0.704	0.372	
Pop13	0.598	0.320	0.399	0.250	0.140	0.301	0.211	0.403	0.292	0.391	0.702	0.393	0.165	
Pop14	0.683	0.416	0.287	0.363	0.357	0.394	0.399	0.332	0.397	0.483	0.764	0.317	0.356	0.371	
Pop15	0.536	0.434	0.461	0.386	0.326	0.414	0.404	0.462	0.422	0.501	0.743	0.461	0.357	0.353	0.438	
Pop16	0.763	0.363	0.540	0.321	0.390	0.337	0.474	0.550	0.322	0.277	0.816	0.545	0.433	0.419	0.512	0.527	
Pop17	0.679	0.154	0.470	0.221	0.317	0.255	0.400	0.477	0.255	0.389	0.746	0.475	0.360	0.347	0.445	0.458	0.407	
Pop18	0.778	0.492	0.429	0.434	0.426	0.468	0.469	0.452	0.475	0.570	0.844	0.432	0.419	0.439	0.264	0.517	0.597	0.521	
Pop19	0.729	0.262	0.513	0.277	0.357	0.312	0.439	0.522	0.306	0.404	0.788	0.516	0.398	0.384	0.483	0.499	0.398	0.321	0.567	
Pop20	0.686	0.421	0.344	0.367	0.355	0.400	0.385	0.370	0.404	0.491	0.769	0.347	0.336	0.363	0.171	0.442	0.516	0.449	0.196	0.489	
CV error (K=21): 0.13958
Writing output files.
