****                   ADMIXTURE Version 1.3.0                  ****
****                    Copyright 2008-2015                     ****
****           David Alexander, Suyash Shringarpure,            ****
****                John  Novembre, Ken Lange                   ****
****                                                            ****
****                 Please cite our paper!                     ****
****   Information at www.genetics.ucla.edu/software/admixture  ****

Cross-validation will be performed.  Folds=10.
Parallel execution requested.  Will use 8 threads.
Random seed: 20260932
Point estimation method: Block relaxation algorithm
Convergence acceleration algorithm: QuasiNewton, 3 secant conditions
Point estimation will terminate when objective function delta < 1e-05
Estimation of standard errors disabled; will compute point estimates only.
Size of G: 380x17027
Performing five EM steps to prime main algorithm
1 (EM) 	Elapsed: 14.762	Loglikelihood: -2.09422e+06	(delta): 6.19556e+06
2 (EM) 	Elapsed: 14.629	Loglikelihood: -1.90193e+06	(delta): 192290
3 (EM) 	Elapsed: 14.702	Loglikelihood: -1.87658e+06	(delta): 25351.6
4 (EM) 	Elapsed: 14.678	Loglikelihood: -1.86034e+06	(delta): 16239.7
5 (EM) 	Elapsed: 14.687	Loglikelihood: -1.84469e+06	(delta): 15649.4
Initial loglikelihood: -1.84469e+06
Starting main algorithm
1 (QN/Block) 	Elapsed: 3.958	Loglikelihood: -1.2821e+06	(delta): 562593
2 (QN/Block) 	Elapsed: 4.124	Loglikelihood: -1.11307e+06	(delta): 169031
3 (QN/Block) 	Elapsed: 7.191	Loglikelihood: -1.03026e+06	(delta): 82805
4 (QN/Block) 	Elapsed: 7.71	Loglikelihood: -992095	(delta): 38168.6
5 (QN/Block) 	Elapsed: 5.578	Loglikelihood: -973006	(delta): 19089.6
6 (QN/Block) 	Elapsed: 5.517	Loglikelihood: -962069	(delta): 10936.9
7 (QN/Block) 	Elapsed: 7.511	Loglikelihood: -956489	(delta): 5579.86
8 (QN/Block) 	Elapsed: 7.511	Loglikelihood: -954126	(delta): 2362.82
9 (QN/Block) 	Elapsed: 5.547	Loglikelihood: -953366	(delta): 759.874
10 (QN/Block) 	Elapsed: 5.511	Loglikelihood: -953095	(delta): 270.869
11 (QN/Block) 	Elapsed: 5.505	Loglikelihood: -952997	(delta): 98.6315
12 (QN/Block) 	Elapsed: 5.52	Loglikelihood: -952944	(delta): 52.6738
13 (QN/Block) 	Elapsed: 5.518	Loglikelihood: -952927	(delta): 16.5891
14 (QN/Block) 	Elapsed: 7.575	Loglikelihood: -952925	(delta): 2.23012
15 (QN/Block) 	Elapsed: 7.566	Loglikelihood: -952924	(delta): 1.47638
16 (QN/Block) 	Elapsed: 6.2	Loglikelihood: -952923	(delta): 0.86235
17 (QN/Block) 	Elapsed: 6.202	Loglikelihood: -952922	(delta): 0.315091
18 (QN/Block) 	Elapsed: 7.561	Loglikelihood: -952922	(delta): 0.116523
19 (QN/Block) 	Elapsed: 5.56	Loglikelihood: -952922	(delta): 0.0123935
20 (QN/Block) 	Elapsed: 5.546	Loglikelihood: -952922	(delta): 0.00205223
21 (QN/Block) 	Elapsed: 5.525	Loglikelihood: -952922	(delta): 0.00103535
22 (QN/Block) 	Elapsed: 5.546	Loglikelihood: -952922	(delta): 3.21219e-05
23 (QN/Block) 	Elapsed: 5.542	Loglikelihood: -952922	(delta): 7.63056e-06
Summary: 
Converged in 23 iterations (233.172 sec)
Loglikelihood: -952922.358990
Fst divergences between estimated populations: 
	Pop0	Pop1	Pop2	Pop3	Pop4	Pop5	Pop6	Pop7	Pop8	Pop9	Pop10	Pop11	Pop12	Pop13	Pop14	Pop15	Pop16	Pop17	Pop18	Pop19	Pop20	
Pop0	
Pop1	0.387	
Pop2	0.424	0.260	
Pop3	0.531	0.408	0.469	
Pop4	0.400	0.183	0.315	0.447	
Pop5	0.791	0.677	0.742	0.823	0.682	
Pop6	0.371	0.219	0.166	0.419	0.275	0.703	
Pop7	0.516	0.315	0.438	0.567	0.284	0.788	0.398	
Pop8	0.368	0.385	0.413	0.534	0.395	0.792	0.365	0.513	
Pop9	0.434	0.223	0.353	0.481	0.156	0.715	0.312	0.306	0.427	
Pop10	0.317	0.361	0.398	0.504	0.368	0.764	0.353	0.483	0.188	0.397	
Pop11	0.518	0.337	0.446	0.571	0.303	0.796	0.405	0.404	0.515	0.279	0.483	
Pop12	0.284	0.386	0.433	0.532	0.392	0.791	0.383	0.513	0.365	0.426	0.287	0.514	
Pop13	0.738	0.604	0.673	0.738	0.632	0.987	0.624	0.751	0.742	0.668	0.711	0.762	0.738	
Pop14	0.431	0.238	0.357	0.472	0.146	0.705	0.317	0.314	0.423	0.136	0.396	0.301	0.423	0.654	
Pop15	0.545	0.361	0.474	0.598	0.328	0.816	0.433	0.398	0.541	0.322	0.512	0.277	0.540	0.784	0.339	
Pop16	0.325	0.388	0.435	0.533	0.397	0.794	0.385	0.522	0.391	0.432	0.332	0.521	0.293	0.743	0.424	0.550	
Pop17	0.709	0.572	0.652	0.622	0.600	0.972	0.600	0.726	0.712	0.639	0.681	0.736	0.710	0.959	0.627	0.761	0.715	
Pop18	0.386	0.130	0.254	0.393	0.239	0.689	0.210	0.369	0.386	0.276	0.364	0.375	0.392	0.602	0.286	0.401	0.396	0.571	
Pop19	0.443	0.231	0.375	0.493	0.180	0.722	0.331	0.261	0.442	0.206	0.415	0.346	0.439	0.675	0.207	0.361	0.445	0.647	0.302	
Pop20	0.390	0.171	0.207	0.413	0.256	0.700	0.164	0.382	0.387	0.291	0.369	0.389	0.397	0.622	0.301	0.417	0.400	0.592	0.150	0.318	
Pop21	0.474	0.268	0.399	0.519	0.226	0.744	0.359	0.320	0.470	0.254	0.443	0.388	0.468	0.700	0.256	0.405	0.475	0.674	0.328	0.153	0.344	
CV error (K=22): 0.13890
Writing output files.
