****                   ADMIXTURE Version 1.3.0                  ****
****                    Copyright 2008-2015                     ****
****           David Alexander, Suyash Shringarpure,            ****
****                John  Novembre, Ken Lange                   ****
****                                                            ****
****                 Please cite our paper!                     ****
****   Information at www.genetics.ucla.edu/software/admixture  ****

Cross-validation will be performed.  Folds=10.
Parallel execution requested.  Will use 8 threads.
Random seed: 20260932
Point estimation method: Block relaxation algorithm
Convergence acceleration algorithm: QuasiNewton, 3 secant conditions
Point estimation will terminate when objective function delta < 1e-05
Estimation of standard errors disabled; will compute point estimates only.
Size of G: 380x17027
Performing five EM steps to prime main algorithm
1 (EM) 	Elapsed: 16.219	Loglikelihood: -2.09385e+06	(delta): 6.18479e+06
2 (EM) 	Elapsed: 16.057	Loglikelihood: -1.9016e+06	(delta): 192256
3 (EM) 	Elapsed: 16.078	Loglikelihood: -1.87667e+06	(delta): 24924.1
4 (EM) 	Elapsed: 16.13	Loglikelihood: -1.86142e+06	(delta): 15253.2
5 (EM) 	Elapsed: 16.063	Loglikelihood: -1.84768e+06	(delta): 13736.6
Initial loglikelihood: -1.84768e+06
Starting main algorithm
1 (QN/Block) 	Elapsed: 4.298	Loglikelihood: -1.30994e+06	(delta): 537745
2 (QN/Block) 	Elapsed: 4.393	Loglikelihood: -1.0978e+06	(delta): 212142
3 (QN/Block) 	Elapsed: 6.075	Loglikelihood: -1.02341e+06	(delta): 74390.9
4 (QN/Block) 	Elapsed: 8.086	Loglikelihood: -986460	(delta): 36946.7
5 (QN/Block) 	Elapsed: 5.884	Loglikelihood: -969530	(delta): 16929.7
6 (QN/Block) 	Elapsed: 7.928	Loglikelihood: -962323	(delta): 7207.55
7 (QN/Block) 	Elapsed: 5.852	Loglikelihood: -959747	(delta): 2575.81
8 (QN/Block) 	Elapsed: 5.779	Loglikelihood: -958996	(delta): 750.328
9 (QN/Block) 	Elapsed: 5.871	Loglikelihood: -958834	(delta): 162.405
10 (QN/Block) 	Elapsed: 5.837	Loglikelihood: -958800	(delta): 34.0164
11 (QN/Block) 	Elapsed: 6.21	Loglikelihood: -958792	(delta): 7.6859
12 (QN/Block) 	Elapsed: 6.579	Loglikelihood: -958789	(delta): 3.3495
13 (QN/Block) 	Elapsed: 6.554	Loglikelihood: -958788	(delta): 0.823126
14 (QN/Block) 	Elapsed: 7.977	Loglikelihood: -958788	(delta): 0.450449
15 (QN/Block) 	Elapsed: 5.888	Loglikelihood: -958787	(delta): 0.925476
16 (QN/Block) 	Elapsed: 5.888	Loglikelihood: -958787	(delta): 0.25013
17 (QN/Block) 	Elapsed: 5.881	Loglikelihood: -958786	(delta): 0.0962791
18 (QN/Block) 	Elapsed: 5.876	Loglikelihood: -958786	(delta): 0.0387701
19 (QN/Block) 	Elapsed: 5.87	Loglikelihood: -958786	(delta): 0.025285
20 (QN/Block) 	Elapsed: 5.864	Loglikelihood: -958786	(delta): 0.0128804
21 (QN/Block) 	Elapsed: 5.867	Loglikelihood: -958786	(delta): 0.00297372
22 (QN/Block) 	Elapsed: 5.879	Loglikelihood: -958786	(delta): 0.000883969
23 (QN/Block) 	Elapsed: 5.884	Loglikelihood: -958786	(delta): 0.000103572
24 (QN/Block) 	Elapsed: 5.921	Loglikelihood: -958786	(delta): 0.000186715
25 (QN/Block) 	Elapsed: 5.863	Loglikelihood: -958786	(delta): 2.87276e-05
26 (QN/Block) 	Elapsed: 5.919	Loglikelihood: -958786	(delta): 3.34112e-07
Summary: 
Converged in 26 iterations (261.706 sec)
Loglikelihood: -958786.399676
Fst divergences between estimated populations: 
	Pop0	Pop1	Pop2	Pop3	Pop4	Pop5	Pop6	Pop7	Pop8	Pop9	Pop10	Pop11	Pop12	Pop13	Pop14	Pop15	Pop16	Pop17	Pop18	Pop19	Pop20	Pop21	
Pop0	
Pop1	0.502	
Pop2	0.517	0.585	
Pop3	0.362	0.395	0.401	
Pop4	0.402	0.469	0.341	0.286	
Pop5	0.489	0.555	0.398	0.369	0.316	
Pop6	0.770	0.800	0.817	0.689	0.707	0.789	
Pop7	0.376	0.445	0.331	0.241	0.144	0.288	0.685	
Pop8	0.346	0.522	0.545	0.386	0.431	0.516	0.793	0.402	
Pop9	0.386	0.469	0.474	0.255	0.357	0.439	0.742	0.317	0.424	
Pop10	0.491	0.560	0.277	0.375	0.302	0.405	0.797	0.304	0.518	0.446	
Pop11	0.770	0.800	0.817	0.689	0.707	0.789	0.642	0.684	0.793	0.742	0.797	
Pop12	0.195	0.578	0.597	0.434	0.470	0.567	0.845	0.443	0.432	0.469	0.570	0.846	
Pop13	0.172	0.491	0.506	0.359	0.391	0.478	0.759	0.365	0.307	0.394	0.477	0.759	0.266	
Pop14	0.406	0.476	0.323	0.278	0.140	0.307	0.717	0.159	0.435	0.354	0.280	0.716	0.477	0.393	
Pop15	0.418	0.483	0.359	0.298	0.208	0.259	0.721	0.180	0.441	0.371	0.346	0.720	0.489	0.408	0.208	
Pop16	0.363	0.406	0.363	0.130	0.238	0.317	0.679	0.187	0.388	0.261	0.338	0.678	0.432	0.357	0.225	0.228	
Pop17	0.339	0.424	0.435	0.211	0.318	0.400	0.705	0.278	0.374	0.165	0.407	0.705	0.420	0.352	0.314	0.329	0.220	
Pop18	0.360	0.415	0.417	0.149	0.299	0.382	0.702	0.257	0.389	0.206	0.389	0.701	0.436	0.362	0.291	0.313	0.170	0.162	
Pop19	0.404	0.468	0.341	0.289	0.141	0.277	0.704	0.166	0.430	0.362	0.316	0.703	0.473	0.393	0.159	0.118	0.230	0.321	0.305	
Pop20	0.333	0.492	0.518	0.367	0.398	0.491	0.764	0.371	0.277	0.406	0.490	0.764	0.411	0.278	0.404	0.414	0.361	0.358	0.370	0.401	
Pop21	0.450	0.513	0.407	0.329	0.259	0.322	0.746	0.232	0.475	0.400	0.389	0.746	0.522	0.440	0.257	0.151	0.271	0.362	0.344	0.199	0.448	
Pop22	0.715	0.711	0.784	0.602	0.658	0.752	0.988	0.635	0.741	0.674	0.763	0.991	0.807	0.704	0.670	0.674	0.605	0.627	0.623	0.654	0.707	0.702	
CV error (K=23): 0.14336
Writing output files.
