****                   ADMIXTURE Version 1.3.0                  ****
****                    Copyright 2008-2015                     ****
****           David Alexander, Suyash Shringarpure,            ****
****                John  Novembre, Ken Lange                   ****
****                                                            ****
****                 Please cite our paper!                     ****
****   Information at www.genetics.ucla.edu/software/admixture  ****

Cross-validation will be performed.  Folds=10.
Parallel execution requested.  Will use 8 threads.
Random seed: 20260932
Point estimation method: Block relaxation algorithm
Convergence acceleration algorithm: QuasiNewton, 3 secant conditions
Point estimation will terminate when objective function delta < 1e-05
Estimation of standard errors disabled; will compute point estimates only.
Size of G: 380x17027
Performing five EM steps to prime main algorithm
1 (EM) 	Elapsed: 17.555	Loglikelihood: -2.09435e+06	(delta): 6.17764e+06
2 (EM) 	Elapsed: 17.442	Loglikelihood: -1.90102e+06	(delta): 193331
3 (EM) 	Elapsed: 17.475	Loglikelihood: -1.8754e+06	(delta): 25620.6
4 (EM) 	Elapsed: 17.424	Loglikelihood: -1.85909e+06	(delta): 16306.7
5 (EM) 	Elapsed: 17.458	Loglikelihood: -1.84396e+06	(delta): 15137.7
Initial loglikelihood: -1.84396e+06
Starting main algorithm
1 (QN/Block) 	Elapsed: 4.436	Loglikelihood: -1.29414e+06	(delta): 549818
2 (QN/Block) 	Elapsed: 4.701	Loglikelihood: -1.09385e+06	(delta): 200288
3 (QN/Block) 	Elapsed: 7.203	Loglikelihood: -1.02594e+06	(delta): 67912.1
4 (QN/Block) 	Elapsed: 6.305	Loglikelihood: -989965	(delta): 35973.4
5 (QN/Block) 	Elapsed: 8.392	Loglikelihood: -967218	(delta): 22746.5
6 (QN/Block) 	Elapsed: 6.158	Loglikelihood: -956036	(delta): 11182.5
7 (QN/Block) 	Elapsed: 6.13	Loglikelihood: -950456	(delta): 5579.9
8 (QN/Block) 	Elapsed: 6.071	Loglikelihood: -948620	(delta): 1835.86
9 (QN/Block) 	Elapsed: 6.061	Loglikelihood: -948100	(delta): 519.577
10 (QN/Block) 	Elapsed: 6.06	Loglikelihood: -947910	(delta): 190.021
11 (QN/Block) 	Elapsed: 6.827	Loglikelihood: -947826	(delta): 84.6312
12 (QN/Block) 	Elapsed: 6.155	Loglikelihood: -947774	(delta): 51.8156
13 (QN/Block) 	Elapsed: 6.87	Loglikelihood: -947745	(delta): 28.9918
14 (QN/Block) 	Elapsed: 6.139	Loglikelihood: -947733	(delta): 12.2537
15 (QN/Block) 	Elapsed: 8.362	Loglikelihood: -947721	(delta): 11.9647
16 (QN/Block) 	Elapsed: 8.345	Loglikelihood: -947720	(delta): 1.25748
17 (QN/Block) 	Elapsed: 8.355	Loglikelihood: -947718	(delta): 1.3505
18 (QN/Block) 	Elapsed: 8.368	Loglikelihood: -947716	(delta): 2.08234
19 (QN/Block) 	Elapsed: 8.354	Loglikelihood: -947713	(delta): 2.87786
20 (QN/Block) 	Elapsed: 8.344	Loglikelihood: -947710	(delta): 3.00972
21 (QN/Block) 	Elapsed: 6.895	Loglikelihood: -947708	(delta): 2.40622
22 (QN/Block) 	Elapsed: 8.364	Loglikelihood: -947707	(delta): 0.748409
23 (QN/Block) 	Elapsed: 8.344	Loglikelihood: -947707	(delta): 0.0864245
24 (QN/Block) 	Elapsed: 6.18	Loglikelihood: -947707	(delta): 0.0761281
25 (QN/Block) 	Elapsed: 6.141	Loglikelihood: -947707	(delta): 0.0196028
26 (QN/Block) 	Elapsed: 6.153	Loglikelihood: -947707	(delta): 0.0273814
27 (QN/Block) 	Elapsed: 6.198	Loglikelihood: -947707	(delta): 0.0175167
28 (QN/Block) 	Elapsed: 6.193	Loglikelihood: -947707	(delta): 0.012098
29 (QN/Block) 	Elapsed: 6.147	Loglikelihood: -947707	(delta): 0.0115376
30 (QN/Block) 	Elapsed: 6.116	Loglikelihood: -947707	(delta): 0.00455399
31 (QN/Block) 	Elapsed: 6.134	Loglikelihood: -947707	(delta): 0.00338429
32 (QN/Block) 	Elapsed: 6.161	Loglikelihood: -947707	(delta): 0.00236456
33 (QN/Block) 	Elapsed: 6.143	Loglikelihood: -947707	(delta): 0.0155137
34 (QN/Block) 	Elapsed: 6.144	Loglikelihood: -947707	(delta): 0.074333
35 (QN/Block) 	Elapsed: 8.318	Loglikelihood: -947707	(delta): 0.140458
36 (QN/Block) 	Elapsed: 8.401	Loglikelihood: -947706	(delta): 0.229583
37 (QN/Block) 	Elapsed: 8.366	Loglikelihood: -947706	(delta): 0.501268
38 (QN/Block) 	Elapsed: 8.369	Loglikelihood: -947705	(delta): 1.07885
39 (QN/Block) 	Elapsed: 8.37	Loglikelihood: -947703	(delta): 1.59897
40 (QN/Block) 	Elapsed: 8.387	Loglikelihood: -947703	(delta): 0.0377931
41 (QN/Block) 	Elapsed: 6.174	Loglikelihood: -947703	(delta): 0.0114598
42 (QN/Block) 	Elapsed: 6.199	Loglikelihood: -947703	(delta): 0.00149605
43 (QN/Block) 	Elapsed: 6.177	Loglikelihood: -947703	(delta): 0.000193966
44 (QN/Block) 	Elapsed: 6.175	Loglikelihood: -947703	(delta): 3.75301e-05
45 (QN/Block) 	Elapsed: 6.171	Loglikelihood: -947703	(delta): 2.93448e-05
46 (QN/Block) 	Elapsed: 6.166	Loglikelihood: -947703	(delta): 1.89933e-05
47 (QN/Block) 	Elapsed: 6.155	Loglikelihood: -947703	(delta): 4.96837e-06
Summary: 
Converged in 47 iterations (449.653 sec)
Loglikelihood: -947703.093295
Fst divergences between estimated populations: 
	Pop0	Pop1	Pop2	Pop3	Pop4	Pop5	Pop6	Pop7	Pop8	Pop9	Pop10	Pop11	Pop12	Pop13	Pop14	Pop15	Pop16	Pop17	Pop18	Pop19	Pop20	Pop21	Pop22	
Pop0	
Pop1	0.400	
Pop2	0.214	0.356	
Pop3	0.689	0.743	0.691	
Pop4	0.408	0.461	0.398	0.791	
Pop5	0.139	0.413	0.217	0.706	0.427	
Pop6	0.340	0.526	0.378	0.816	0.545	0.348	
Pop7	0.149	0.416	0.256	0.707	0.433	0.199	0.341	
Pop8	0.173	0.421	0.242	0.714	0.434	0.167	0.322	0.136	
Pop9	0.270	0.341	0.162	0.702	0.401	0.277	0.419	0.306	0.295	
Pop10	0.344	0.404	0.322	0.736	0.335	0.356	0.481	0.368	0.367	0.325	
Pop11	0.449	0.516	0.445	0.844	0.433	0.468	0.598	0.472	0.475	0.449	0.245	
Pop12	0.315	0.501	0.354	0.796	0.518	0.322	0.277	0.303	0.278	0.394	0.455	0.571	
Pop13	0.190	0.434	0.249	0.725	0.446	0.213	0.364	0.211	0.208	0.322	0.386	0.494	0.349	
Pop14	0.280	0.351	0.213	0.697	0.368	0.285	0.426	0.312	0.303	0.218	0.258	0.415	0.398	0.326	
Pop15	0.400	0.461	0.398	0.791	0.285	0.420	0.541	0.426	0.426	0.405	0.339	0.430	0.515	0.442	0.380	
Pop16	0.406	0.462	0.399	0.794	0.325	0.423	0.550	0.426	0.431	0.409	0.355	0.453	0.521	0.448	0.381	0.293	
Pop17	0.234	0.456	0.281	0.744	0.474	0.255	0.405	0.259	0.253	0.343	0.411	0.520	0.387	0.155	0.352	0.469	0.475	
Pop18	0.328	0.404	0.269	0.743	0.425	0.337	0.475	0.360	0.354	0.277	0.321	0.470	0.447	0.378	0.157	0.435	0.437	0.399	
Pop19	0.296	0.498	0.332	0.789	0.516	0.307	0.398	0.317	0.306	0.388	0.451	0.567	0.405	0.264	0.390	0.513	0.522	0.320	0.439	
Pop20	0.611	0.533	0.589	0.972	0.712	0.630	0.762	0.632	0.640	0.589	0.644	0.778	0.738	0.653	0.594	0.713	0.716	0.676	0.654	0.728	
Pop21	0.261	0.348	0.137	0.700	0.399	0.260	0.411	0.297	0.283	0.108	0.324	0.447	0.384	0.313	0.204	0.407	0.410	0.335	0.256	0.378	0.591	
Pop22	0.390	0.451	0.383	0.776	0.349	0.405	0.524	0.411	0.411	0.386	0.149	0.196	0.498	0.429	0.347	0.344	0.373	0.456	0.398	0.496	0.696	0.386	
Pop23	0.376	0.437	0.372	0.763	0.316	0.392	0.511	0.397	0.396	0.377	0.216	0.268	0.482	0.417	0.351	0.287	0.331	0.443	0.400	0.483	0.682	0.377	0.157	
CV error (K=24): 0.14344
Writing output files.
